###############################################################################
#
# IAR ELF Linker V7.80.4.12462/W32 for ARM                24/Jul/2017  12:57:42
# Copyright 2007-2017 IAR Systems AB.
#
#    Output file  =  
#        D:\m1899\Documents\项目与比赛\2017NXP智能车\控制程序\第一版20170202\Prj\IAR\FN15_Release\Exe\vcan_Kinetis.out
#    Map file     =  
#        D:\m1899\Documents\项目与比赛\2017NXP智能车\控制程序\第一版20170202\Prj\IAR\FN15_Release\List\vcan_Kinetis.map
#    Command line =  
#        D:\m1899\Documents\项目与比赛\2017NXP智能车\控制程序\第一版20170202\Prj\IAR\FN15_Release\Obj\Car_System.o
#        D:\m1899\Documents\项目与比赛\2017NXP智能车\控制程序\第一版20170202\Prj\IAR\FN15_Release\Obj\data.o
#        D:\m1899\Documents\项目与比赛\2017NXP智能车\控制程序\第一版20170202\Prj\IAR\FN15_Release\Obj\diskio.o
#        D:\m1899\Documents\项目与比赛\2017NXP智能车\控制程序\第一版20170202\Prj\IAR\FN15_Release\Obj\ff.o
#        D:\m1899\Documents\项目与比赛\2017NXP智能车\控制程序\第一版20170202\Prj\IAR\FN15_Release\Obj\inductance.o
#        D:\m1899\Documents\项目与比赛\2017NXP智能车\控制程序\第一版20170202\Prj\IAR\FN15_Release\Obj\misc.o
#        D:\m1899\Documents\项目与比赛\2017NXP智能车\控制程序\第一版20170202\Prj\IAR\FN15_Release\Obj\MK60_adc.o
#        D:\m1899\Documents\项目与比赛\2017NXP智能车\控制程序\第一版20170202\Prj\IAR\FN15_Release\Obj\MK60_can.o
#        D:\m1899\Documents\项目与比赛\2017NXP智能车\控制程序\第一版20170202\Prj\IAR\FN15_Release\Obj\MK60_conf.o
#        D:\m1899\Documents\项目与比赛\2017NXP智能车\控制程序\第一版20170202\Prj\IAR\FN15_Release\Obj\MK60_dac.o
#        D:\m1899\Documents\项目与比赛\2017NXP智能车\控制程序\第一版20170202\Prj\IAR\FN15_Release\Obj\MK60_dma.o
#        D:\m1899\Documents\项目与比赛\2017NXP智能车\控制程序\第一版20170202\Prj\IAR\FN15_Release\Obj\MK60_DWT.o
#        D:\m1899\Documents\项目与比赛\2017NXP智能车\控制程序\第一版20170202\Prj\IAR\FN15_Release\Obj\MK60_flexbus.o
#        D:\m1899\Documents\项目与比赛\2017NXP智能车\控制程序\第一版20170202\Prj\IAR\FN15_Release\Obj\MK60_ftm.o
#        D:\m1899\Documents\项目与比赛\2017NXP智能车\控制程序\第一版20170202\Prj\IAR\FN15_Release\Obj\MK60_gpio.o
#        D:\m1899\Documents\项目与比赛\2017NXP智能车\控制程序\第一版20170202\Prj\IAR\FN15_Release\Obj\MK60_i2c.o
#        D:\m1899\Documents\项目与比赛\2017NXP智能车\控制程序\第一版20170202\Prj\IAR\FN15_Release\Obj\MK60_it.o
#        D:\m1899\Documents\项目与比赛\2017NXP智能车\控制程序\第一版20170202\Prj\IAR\FN15_Release\Obj\MK60_lptmr.o
#        D:\m1899\Documents\项目与比赛\2017NXP智能车\控制程序\第一版20170202\Prj\IAR\FN15_Release\Obj\MK60_mcg.o
#        D:\m1899\Documents\项目与比赛\2017NXP智能车\控制程序\第一版20170202\Prj\IAR\FN15_Release\Obj\MK60_PIT.o
#        D:\m1899\Documents\项目与比赛\2017NXP智能车\控制程序\第一版20170202\Prj\IAR\FN15_Release\Obj\MK60_port.o
#        D:\m1899\Documents\项目与比赛\2017NXP智能车\控制程序\第一版20170202\Prj\IAR\FN15_Release\Obj\MK60_rtc.o
#        D:\m1899\Documents\项目与比赛\2017NXP智能车\控制程序\第一版20170202\Prj\IAR\FN15_Release\Obj\MK60_sdhc.o
#        D:\m1899\Documents\项目与比赛\2017NXP智能车\控制程序\第一版20170202\Prj\IAR\FN15_Release\Obj\MK60_spi.o
#        D:\m1899\Documents\项目与比赛\2017NXP智能车\控制程序\第一版20170202\Prj\IAR\FN15_Release\Obj\MK60_SysTick.o
#        D:\m1899\Documents\项目与比赛\2017NXP智能车\控制程序\第一版20170202\Prj\IAR\FN15_Release\Obj\MK60_uart.o
#        D:\m1899\Documents\项目与比赛\2017NXP智能车\控制程序\第一版20170202\Prj\IAR\FN15_Release\Obj\MK60_usb.o
#        D:\m1899\Documents\项目与比赛\2017NXP智能车\控制程序\第一版20170202\Prj\IAR\FN15_Release\Obj\MK60_wdog.o
#        D:\m1899\Documents\项目与比赛\2017NXP智能车\控制程序\第一版20170202\Prj\IAR\FN15_Release\Obj\motor.o
#        D:\m1899\Documents\项目与比赛\2017NXP智能车\控制程序\第一版20170202\Prj\IAR\FN15_Release\Obj\OLED.o
#        D:\m1899\Documents\项目与比赛\2017NXP智能车\控制程序\第一版20170202\Prj\IAR\FN15_Release\Obj\peripheral.o
#        D:\m1899\Documents\项目与比赛\2017NXP智能车\控制程序\第一版20170202\Prj\IAR\FN15_Release\Obj\startup_MK60DZ10.o
#        D:\m1899\Documents\项目与比赛\2017NXP智能车\控制程序\第一版20170202\Prj\IAR\FN15_Release\Obj\system_MK60DZ10.o
#        D:\m1899\Documents\项目与比赛\2017NXP智能车\控制程序\第一版20170202\Prj\IAR\FN15_Release\Obj\USB.o
#        D:\m1899\Documents\项目与比赛\2017NXP智能车\控制程序\第一版20170202\Prj\IAR\FN15_Release\Obj\USB_CDC.o
#        D:\m1899\Documents\项目与比赛\2017NXP智能车\控制程序\第一版20170202\Prj\IAR\FN15_Release\Obj\VCAN_ASCII.o
#        D:\m1899\Documents\项目与比赛\2017NXP智能车\控制程序\第一版20170202\Prj\IAR\FN15_Release\Obj\VCAN_BMP.o
#        D:\m1899\Documents\项目与比赛\2017NXP智能车\控制程序\第一版20170202\Prj\IAR\FN15_Release\Obj\VCAN_camera.o
#        D:\m1899\Documents\项目与比赛\2017NXP智能车\控制程序\第一版20170202\Prj\IAR\FN15_Release\Obj\VCAN_computer.o
#        D:\m1899\Documents\项目与比赛\2017NXP智能车\控制程序\第一版20170202\Prj\IAR\FN15_Release\Obj\vcan_img2sd.o
#        D:\m1899\Documents\项目与比赛\2017NXP智能车\控制程序\第一版20170202\Prj\IAR\FN15_Release\Obj\VCAN_key.o
#        D:\m1899\Documents\项目与比赛\2017NXP智能车\控制程序\第一版20170202\Prj\IAR\FN15_Release\Obj\VCAN_key_event.o
#        D:\m1899\Documents\项目与比赛\2017NXP智能车\控制程序\第一版20170202\Prj\IAR\FN15_Release\Obj\VCAN_LCD.o
#        D:\m1899\Documents\项目与比赛\2017NXP智能车\控制程序\第一版20170202\Prj\IAR\FN15_Release\Obj\VCAN_LCD_CH.o
#        D:\m1899\Documents\项目与比赛\2017NXP智能车\控制程序\第一版20170202\Prj\IAR\FN15_Release\Obj\VCAN_LCD_ILI9325.o
#        D:\m1899\Documents\项目与比赛\2017NXP智能车\控制程序\第一版20170202\Prj\IAR\FN15_Release\Obj\VCAN_LCD_ILI9341.o
#        D:\m1899\Documents\项目与比赛\2017NXP智能车\控制程序\第一版20170202\Prj\IAR\FN15_Release\Obj\VCAN_LCD_ST7735R.o
#        D:\m1899\Documents\项目与比赛\2017NXP智能车\控制程序\第一版20170202\Prj\IAR\FN15_Release\Obj\VCAN_LCD_ST7735S.o
#        D:\m1899\Documents\项目与比赛\2017NXP智能车\控制程序\第一版20170202\Prj\IAR\FN15_Release\Obj\VCAN_LED.o
#        D:\m1899\Documents\项目与比赛\2017NXP智能车\控制程序\第一版20170202\Prj\IAR\FN15_Release\Obj\VCAN_MMA7455.o
#        D:\m1899\Documents\项目与比赛\2017NXP智能车\控制程序\第一版20170202\Prj\IAR\FN15_Release\Obj\VCAN_NRF24L0.o
#        D:\m1899\Documents\项目与比赛\2017NXP智能车\控制程序\第一版20170202\Prj\IAR\FN15_Release\Obj\VCAN_NRF24L0_MSG.o
#        D:\m1899\Documents\项目与比赛\2017NXP智能车\控制程序\第一版20170202\Prj\IAR\FN15_Release\Obj\VCAN_OV7725_Eagle.o
#        D:\m1899\Documents\项目与比赛\2017NXP智能车\控制程序\第一版20170202\Prj\IAR\FN15_Release\Obj\VCAN_OV7725_Wolf.o
#        D:\m1899\Documents\项目与比赛\2017NXP智能车\控制程序\第一版20170202\Prj\IAR\FN15_Release\Obj\VCAN_RTC_count.o
#        D:\m1899\Documents\项目与比赛\2017NXP智能车\控制程序\第一版20170202\Prj\IAR\FN15_Release\Obj\VCAN_SCCB.o
#        D:\m1899\Documents\项目与比赛\2017NXP智能车\控制程序\第一版20170202\Prj\IAR\FN15_Release\Obj\vcan_sd_app.o
#        D:\m1899\Documents\项目与比赛\2017NXP智能车\控制程序\第一版20170202\Prj\IAR\FN15_Release\Obj\Vcan_touch.o
#        D:\m1899\Documents\项目与比赛\2017NXP智能车\控制程序\第一版20170202\Prj\IAR\FN15_Release\Obj\VCAN_TSL1401.o
#        D:\m1899\Documents\项目与比赛\2017NXP智能车\控制程序\第一版20170202\Prj\IAR\FN15_Release\Obj\VCAN_UI_VAR.o
#        D:\m1899\Documents\项目与比赛\2017NXP智能车\控制程序\第一版20170202\Prj\IAR\FN15_Release\Obj\vectors.o
#        -o
#        D:\m1899\Documents\项目与比赛\2017NXP智能车\控制程序\第一版20170202\Prj\IAR\FN15_Release\Exe\vcan_Kinetis.out
#        --map
#        D:\m1899\Documents\项目与比赛\2017NXP智能车\控制程序\第一版20170202\Prj\IAR\FN15_Release\List\vcan_Kinetis.map
#        --config
#        "D:\m1899\Documents\项目与比赛\2017NXP智能车\控制程序\第一版20170202\Prj\IAR\config
#        files\vcan_ROM_K60N1M.icf"
#        D:\m1899\Documents\项目与比赛\2017NXP智能车\控制程序\第一版20170202\Prj\IAR\..\..\Lib\CMSIS\iar_cortexM4l_math.a
#        --entry __iar_program_start --redirect __write=__write_buffered
#        --inline --vfe
#
###############################################################################

*******************************************************************************
*** RUNTIME MODEL ATTRIBUTES
***

CppFlavor       = *
__SystemLibrary = DLib


*******************************************************************************
*** PLACEMENT SUMMARY
***

"A0":  place at 0x00008000 { ro section .intvec };
"A1":  place at 0x00008410 { ro section .noinit };
"P1":  place in [from 0x00008000 to 0x00080000] { ro, block CodeRelocate };
"P2":  place in [from 0x1fff0410 to 0x20010000] {
          rw, block CodeRelocateRam, block CSTACK, block HEAP };
initialize manually with packing = copy, complex ranges { section .data };
initialize manually with packing = copy, complex ranges { section .textrw };

  Section              Kind        Address    Size  Object
  -------              ----        -------    ----  ------
"A0":                                        0x410
  .intvec              const    0x00008000   0x410  vectors.o [1]
                              - 0x00008410   0x410

"A1":                                          0x8
  .noinit              ro code  0x00008410     0x8  startup_MK60DZ10.o [1]
                              - 0x00008418     0x8

"P1":                                       0x404c
  .text                ro code  0x00008418  0x12b4  OLED.o [1]
  .text                ro code  0x000096cc    0x98  MK60_gpio.o [1]
  .text                ro code  0x00009764    0x40  MK60_port.o [1]
  .text                ro code  0x000097a4   0x818  peripheral.o [1]
  .text                ro code  0x00009fbc    0x46  VCAN_computer.o [1]
  .text                ro code  0x0000a004   0x1d0  MK60_uart.o [1]
  .text                ro code  0x0000a1d4    0x9c  VCAN_LED.o [1]
  .text                ro code  0x0000a270    0x2e  strstr.o [3]
  .text                ro code  0x0000a2a0    0x84  FltAdd.o [4]
  .text                ro code  0x0000a324    0x4e  FltToDbl.o [4]
  .text                ro code  0x0000a374    0xe8  DblAdd.o [4]
  .text                ro code  0x0000a45c    0x90  DblToFlt.o [4]
  .text                ro code  0x0000a4ec    0x34  MK60_SysTick.o [1]
  .text                ro code  0x0000a520   0x26c  motor.o [1]
  .text                ro code  0x0000a78c    0x16  strchr.o [5]
  .text                ro code  0x0000a7a4    0xd6  FltSub.o [4]
  .text                ro code  0x0000a87c   0x16c  DblSub.o [4]
  .text                ro code  0x0000a9e8   0x268  MK60_ftm.o [1]
  .text                ro code  0x0000ac50    0x2e  I32ToFlt.o [4]
  .text                ro code  0x0000ac80    0xd8  FltMul.o [4]
  .text                ro code  0x0000ad58    0x44  FltToS32.o [4]
  .text                ro code  0x0000ad9c   0x46c  inductance.o [1]
  .text                ro code  0x0000b208   0x128  MK60_adc.o [1]
  .text                ro code  0x0000b330    0x2c  I32ToDbl.o [4]
  .text                ro code  0x0000b35c   0x1a2  DblMul.o [4]
  .text                ro code  0x0000b500    0x4c  DblToI32.o [4]
  .text                ro code  0x0000b54c   0x424  VCAN_LCD_ILI9325.o [1]
  .text                ro code  0x0000b970    0xfc  MK60_flexbus.o [1]
  Veneer               ro code  0x0000ba6c     0x8  - Linker created -
  .text                ro code  0x0000ba74   0x1fc  MK60_mcg.o [1]
  .text                ro code  0x0000bc70   0x160  Car_System.o [1]
  .text                ro code  0x0000bdd0    0x28  MK60_lptmr.o [1]
  .text                ro code  0x0000bdf8    0x18  misc.o [1]
  .text                ro code  0x0000be10   0x150  VCAN_LCD_CH.o [1]
  .text                ro code  0x0000bf60    0xc0  VCAN_LCD.o [1]
  .text                ro code  0x0000c020    0xe0  system_MK60DZ10.o [1]
  .text                ro code  0x0000c100    0x2c  MK60_wdog.o [1]
  .text                ro code  0x0000c12c    0x76  ABImemcpy_unaligned.o [5]
  .text                ro code  0x0000c1a4     0x6  ABImemclr.o [5]
  .text                ro code  0x0000c1ac    0x5e  ABImemset.o [5]
  .data_init                    0x0000c20c    0xd0  <Block>
    Initializer bytes  const    0x0000c20c    0xd0  <for .data-1>
  .text                ro code  0x0000c2dc    0x84  MK60_conf.o [1]
  CodeRelocate                  0x0000c360    0x48  <Block>
    Initializer bytes  const    0x0000c360    0x48  <for CodeRelocateRam-1>
  .text                ro code  0x0000c3a8    0x40  zero_init3.o [5]
  .text                ro code  0x0000c3e8    0x28  data_init.o [5]
  .iar.init_table      const    0x0000c410    0x10  - Linker created -
  .text                ro code  0x0000c420    0x1a  cmain.o [5]
  .text                ro code  0x0000c43a     0x4  exit.o [3]
  .text                ro code  0x0000c440     0xa  cexit.o [5]
  .text                ro code  0x0000c44c     0xc  XXexit.o [5]
  .text                ro code  0x0000c458     0xc  cstartup_M.o [5]
  .rodata              const    0x0000c464     0x0  zero_init3.o [5]
                              - 0x0000c464  0x404c

"P2", part 1 of 2:                           0x118
  .data                         0x1fff0410    0xd0  <Block>
    .data-1                     0x1fff0410    0xce  <Init block>
      .data            inited   0x1fff0410     0x8  MK60_adc.o [1]
      .data            inited   0x1fff0418    0x20  MK60_ftm.o [1]
      .data            inited   0x1fff0438    0x14  MK60_gpio.o [1]
      .data            inited   0x1fff044c    0x58  MK60_mcg.o [1]
      .data            inited   0x1fff04a4     0x4  MK60_mcg.o [1]
      .data            inited   0x1fff04a8    0x14  MK60_port.o [1]
      .data            inited   0x1fff04bc    0x18  MK60_uart.o [1]
      .data            inited   0x1fff04d4     0x4  VCAN_LED.o [1]
      .data            inited   0x1fff04d8     0x6  VCAN_LCD_ILI9325.o [1]
  CodeRelocateRam               0x1fff04e0    0x48  <Block>
    CodeRelocateRam-1           0x1fff04e0    0x48  <Init block>
      .textrw          inited   0x1fff04e0    0x48  MK60_mcg.o [1]
                              - 0x1fff0528   0x118

"P2", part 2 of 2:                           0x10c
  .bss                          0x1fff0528   0x10c  <Block>
    .bss               zero     0x1fff0528     0x8  Car_System.o [1]
    .bss               zero     0x1fff0530    0x28  data.o [1]
    .bss               zero     0x1fff0558    0x68  data.o [1]
    .bss               zero     0x1fff05c0    0x24  data.o [1]
    .bss               zero     0x1fff05e4    0x40  data.o [1]
    .bss               zero     0x1fff0624     0xc  system_MK60DZ10.o [1]
    .bss               zero     0x1fff0630     0x2  data.o [1]
    .bss               zero     0x1fff0632     0x2  inductance.o [1]
                              - 0x1fff0634   0x10c


*******************************************************************************
*** INIT TABLE
***

          Address     Size
          -------     ----
Zero (__iar_zero_init3)
    1 destination range, total size 0x10c:
          0x1fff0528  0x10c



*******************************************************************************
*** MODULE SUMMARY
***

    Module                 ro code  rw code  ro data  rw data
    ------                 -------  -------  -------  -------
D:\m1899\Documents\项目与比赛\2017NXP智能车\控制程序\第一版20170202\Prj\IAR\FN15_Release\Obj: [1]
    Car_System.o               352                          8
    MK60_SysTick.o              52
    MK60_adc.o                 296                 8        8
    MK60_conf.o                132
    MK60_flexbus.o             252
    MK60_ftm.o                 616                32       32
    MK60_gpio.o                152                20       20
    MK60_lptmr.o                40
    MK60_mcg.o                 508       72      164       92
    MK60_port.o                 64                20       20
    MK60_uart.o                464                24       24
    MK60_wdog.o                 44
    OLED.o                   4 788
    VCAN_LCD.o                 192
    VCAN_LCD_CH.o              336
    VCAN_LCD_ILI9325.o       1 060                 6        6
    VCAN_LED.o                 156                 4        4
    VCAN_computer.o             70
    data.o                                                246
    inductance.o             1 132                          2
    misc.o                      24
    motor.o                    620
    peripheral.o             2 072
    startup_MK60DZ10.o           8
    system_MK60DZ10.o          224                         12
    vectors.o                                  1 040
    ---------------------------------------------------------
    Total:                  13 654       72    1 318      474

command line: [2]
    ---------------------------------------------------------
    Total:

dl7M_tln.a: [3]
    exit.o                       4
    strstr.o                    46
    ---------------------------------------------------------
    Total:                      50

m7M_tl.a: [4]
    DblAdd.o                   232
    DblMul.o                   418
    DblSub.o                   364
    DblToFlt.o                 144
    DblToI32.o                  76
    FltAdd.o                   132
    FltMul.o                   216
    FltSub.o                   214
    FltToDbl.o                  78
    FltToS32.o                  68
    I32ToDbl.o                  44
    I32ToFlt.o                  46
    ---------------------------------------------------------
    Total:                   2 032

rt7M_tl.a: [5]
    ABImemclr.o                  6
    ABImemcpy_unaligned.o      118
    ABImemset.o                 94
    XXexit.o                    12
    cexit.o                     10
    cmain.o                     26
    cstartup_M.o                12
    data_init.o                 40
    strchr.o                    22
    zero_init3.o                64
    ---------------------------------------------------------
    Total:                     404

    Gaps                        22
    Linker created               8                18
-------------------------------------------------------------
    Grand Total:            16 170       72    1 336      474


*******************************************************************************
*** ENTRY LIST
***

Entry                      Address   Size  Type      Object
-----                      -------   ----  ----      ------
.bss$$Base              0x1fff0528          --   Gb  - Linker created -
.bss$$Limit             0x1fff0634          --   Gb  - Linker created -
.data$$Base             0x1fff0410          --   Gb  - Linker created -
.data$$Limit            0x1fff04e0          --   Gb  - Linker created -
.data_init$$Base        0x0000c20c          --   Gb  - Linker created -
.data_init$$Limit       0x0000c2dc          --   Gb  - Linker created -
.iar.init_table$$Base   0x0000c410          --   Gb  - Linker created -
.iar.init_table$$Limit  0x0000c420          --   Gb  - Linker created -
?main                   0x0000c421         Code  Gb  cmain.o [5]
ADCN                    0x1fff0410    0x8  Data  Gb  MK60_adc.o [1]
ADC_Init                0x0000ad9d   0x1e  Code  Gb  inductance.o [1]
CodeRelocate$$Base      0x0000c360          --   Gb  - Linker created -
CodeRelocate$$Limit     0x0000c3a8          --   Gb  - Linker created -
CodeRelocateRam$$Base   0x1fff04e0          --   Gb  - Linker created -
CodeRelocateRam$$Limit  0x1fff0528          --   Gb  - Linker created -
DeBug_Interface         0x00009af7  0x1ac  Code  Gb  peripheral.o [1]
Direction               0x1fff05c0   0x24  Data  Gb  data.o [1]
Direction_Calculate     0x0000aee7  0x1ae  Code  Gb  inductance.o [1]
Direction_Control       0x0000adbb   0x32  Code  Gb  inductance.o [1]
Direction_PID           0x0000b095   0x4a  Code  Gb  inductance.o [1]
F14x16                  0x000088a8  0x834  Data  Gb  OLED.o [1]
F14x16_Idx              0x00008810   0x98  Data  Gb  OLED.o [1]
F8X16                   0x000090dc  0x5f0  Data  Gb  OLED.o [1]
FTMN                    0x1fff0418   0x10  Data  Gb  MK60_ftm.o [1]
FTM_port_mux            0x0000a9e9  0x10e  Code  Lc  MK60_ftm.o [1]
GPIOX                   0x1fff0438   0x14  Data  Gb  MK60_gpio.o [1]
Get_AD_Value            0x0000aded   0xfa  Code  Gb  inductance.o [1]
Get_Motor_Speed         0x0000a6d7   0x3a  Code  Gb  motor.o [1]
Get_Motor_Speed_Init    0x0000a6c5   0x12  Code  Gb  motor.o [1]
Get_System_Ready        0x0000bcf1   0x20  Code  Gb  Car_System.o [1]
ILI9325_get_h           0x0000b959    0x6  Code  Gb  VCAN_LCD_ILI9325.o [1]
ILI9325_get_w           0x0000b95f    0x6  Code  Gb  VCAN_LCD_ILI9325.o [1]
Init_Key                0x00009971   0x2e  Code  Gb  peripheral.o [1]
Init_System             0x0000bc71   0x48  Code  Gb  Car_System.o [1]
LCD_Char_CH             0x0000be11   0x64  Code  Gb  VCAN_LCD_CH.o [1]
LCD_ILI9325_init        0x0000b54d  0x2d0  Code  Gb  VCAN_LCD_ILI9325.o [1]
LCD_ILI9325_ptlon       0x0000b81d  0x13c  Code  Gb  VCAN_LCD_ILI9325.o [1]
LCD_Str_ENCH            0x0000be7d   0xde  Code  Gb  VCAN_LCD_CH.o [1]
LCD_char                0x0000bf89   0x90  Code  Gb  VCAN_LCD.o [1]
LCD_rectangle           0x0000bf61   0x28  Code  Gb  VCAN_LCD.o [1]
LED_Interface           0x00009d89   0x38  Code  Gb  peripheral.o [1]
LED_PTxn                0x1fff04d4    0x4  Data  Gb  VCAN_LED.o [1]
LPTMR_IRQHandler        0x0000bd11   0x5a  Code  Gb  Car_System.o [1]
LPTMR_IRQHandler::flag  0x1fff0528    0x1  Data  Lc  Car_System.o [1]
Motor_Control           0x0000a57f   0x72  Code  Gb  motor.o [1]
Motor_Init              0x0000a545   0x3a  Code  Gb  motor.o [1]
Motor_PID               0x0000a60d   0xb8  Code  Gb  motor.o [1]
Motor_PID_Init          0x0000a5f1   0x1c  Code  Gb  motor.o [1]
OLED_CLS                0x000084b3   0x2e  Code  Gb  OLED.o [1]
OLED_Fill               0x00008483   0x30  Code  Gb  OLED.o [1]
OLED_Init               0x000084e1   0xf8  Code  Gb  OLED.o [1]
OLED_Interface          0x0000999f  0x158  Code  Gb  peripheral.o [1]
OLED_P14x16Str          0x000086a7  0x110  Code  Gb  OLED.o [1]
OLED_P8x16Str           0x000085d9   0xce  Code  Gb  OLED.o [1]
OLED_Print              0x000087b7   0x50  Code  Gb  OLED.o [1]
OLED_WrCmd              0x00008451   0x32  Code  Gb  OLED.o [1]
OLED_WrDat              0x00008419   0x38  Code  Gb  OLED.o [1]
PORTX                   0x1fff04a8   0x14  Data  Gb  MK60_port.o [1]
Receive_Data            0x000097f7  0x17a  Code  Gb  peripheral.o [1]
Region$$Table$$Base     0x0000c410          --   Gb  - Linker created -
Region$$Table$$Limit    0x0000c420          --   Gb  - Linker created -
Reset_Handler           0x00008411         Code  Gb  startup_MK60DZ10.o [1]
Road_Data               0x1fff0558   0x68  Data  Gb  data.o [1]
Send_Data               0x000097c3   0x34  Code  Gb  peripheral.o [1]
Service                 0x1fff05e4   0x40  Data  Gb  data.o [1]
Set_User_Information    0x0000bcb9   0x38  Code  Gb  Car_System.o [1]
Speed                   0x1fff0530   0x28  Data  Gb  data.o [1]
Speed_Chack             0x0000a711   0x68  Code  Gb  motor.o [1]
Speed_Control           0x0000a521   0x24  Code  Gb  motor.o [1]
Stop_Car                0x000097af   0x14  Code  Gb  peripheral.o [1]
Stop_Car_Init           0x000097a5    0xa  Code  Gb  peripheral.o [1]
System_Error            0x00009ca9   0xe0  Code  Gb  peripheral.o [1]
TempSpeed               0x1fff0630    0x2  Data  Gb  data.o [1]
UARTN                   0x1fff04bc   0x18  Data  Gb  MK60_uart.o [1]
__BOOT_STACK_ADDRESS {Abs}
                        0x2000fff8         Data  Gb  command line/config [2]
__VECTOR_RAM {Abs}      0x1fff0000         Data  Gb  command line/config [2]
__VECTOR_TABLE {Abs}    0x00008000         Data  Gb  command line/config [2]
__aeabi_d2f             0x0000a45d         Code  Gb  DblToFlt.o [4]
__aeabi_d2iz            0x0000b501         Code  Gb  DblToI32.o [4]
__aeabi_dadd            0x0000a375         Code  Gb  DblAdd.o [4]
__aeabi_dmul            0x0000b35d         Code  Gb  DblMul.o [4]
__aeabi_f2d             0x0000a325         Code  Gb  FltToDbl.o [4]
__aeabi_f2iz            0x0000ad59         Code  Gb  FltToS32.o [4]
__aeabi_fadd            0x0000a2a1         Code  Gb  FltAdd.o [4]
__aeabi_fmul            0x0000ac81         Code  Gb  FltMul.o [4]
__aeabi_i2d             0x0000b331         Code  Gb  I32ToDbl.o [4]
__aeabi_i2f             0x0000ac51         Code  Gb  I32ToFlt.o [4]
__aeabi_memclr          0x0000c1a5         Code  Gb  ABImemclr.o [5]
__cmain                 0x0000c421         Code  Gb  cmain.o [5]
__code_start__ {Abs}    0x00008410         Data  Gb  command line/config [2]
__exit                  0x0000c44d         Code  Gb  XXexit.o [5]
__iar_Memset_word       0x0000c1ad         Code  Gb  ABImemset.o [5]
__iar_Strchr            0x0000a78d         Code  Gb  strchr.o [5]
__iar_Strstr            0x0000a271   0x2e  Code  Gb  strstr.o [3]
__iar_d2uiz             0x0000b52d         Code  Gb  DblToI32.o [4]
__iar_dadd              0x0000a389         Code  Gb  DblAdd.o [4]
__iar_data_init3        0x0000c3e9   0x28  Code  Gb  data_init.o [5]
__iar_dsub              0x0000a87d         Code  Gb  DblSub.o [4]
__iar_dsubStart         0x0000a88f         Code  Gb  DblSub.o [4]
__iar_fadd              0x0000a2b1         Code  Gb  FltAdd.o [4]
__iar_fsub              0x0000a7a5         Code  Gb  FltSub.o [4]
__iar_fsubStart         0x0000a7b5         Code  Gb  FltSub.o [4]
__iar_program_start     0x0000c459         Code  Gb  cstartup_M.o [5]
__iar_ui2d              0x0000b345         Code  Gb  I32ToDbl.o [4]
__iar_ui2f              0x0000ac65         Code  Gb  I32ToFlt.o [4]
__iar_unaligned___aeabi_memcpy
                        0x0000c12d         Code  Gb  ABImemcpy_unaligned.o [5]
__iar_unaligned___aeabi_memcpy4
                        0x0000c14d         Code  Gb  ABImemcpy_unaligned.o [5]
__iar_unaligned___aeabi_memcpy8
                        0x0000c14d         Code  Gb  ABImemcpy_unaligned.o [5]
__iar_zero_init3        0x0000c3a9   0x40  Code  Gb  zero_init3.o [5]
__vector_table          0x00008000  0x410  Data  Gb  vectors.o [1]
_call_main              0x0000c42d         Code  Gb  cmain.o [5]
_exit                   0x0000c441         Code  Gb  cexit.o [5]
_main                   0x0000c437         Code  Gb  cmain.o [5]
adc_init                0x0000b209   0xea  Code  Gb  MK60_adc.o [1]
adc_once                0x0000b2f3   0x36  Code  Gb  MK60_adc.o [1]
bus_clk_khz             0x1fff062c    0x4  Data  Gb  system_MK60DZ10.o [1]
common_startup          0x0000c085   0x44  Code  Gb  system_MK60DZ10.o [1]
core_clk_khz            0x1fff0624    0x4  Data  Gb  system_MK60DZ10.o [1]
core_clk_mhz            0x1fff0628    0x4  Data  Gb  system_MK60DZ10.o [1]
default_isr             0x0000c2ed   0x66  Code  Gb  MK60_conf.o [1]
enter_fputc             0x0000c2dd   0x10  Code  Gb  MK60_conf.o [1]
exit                    0x0000c43b    0x4  Code  Gb  exit.o [3]
flag                    0x1fff0632    0x1  Data  Gb  inductance.o [1]
flexbus_8080_init       0x0000b971   0xfc  Code  Gb  MK60_flexbus.o [1]
ftm_mod                 0x1fff0428   0x10  Data  Lc  MK60_ftm.o [1]
ftm_pwm_duty            0x0000ab75   0x2a  Code  Gb  MK60_ftm.o [1]
ftm_pwm_init            0x0000aaf7   0x7e  Code  Gb  MK60_ftm.o [1]
ftm_quad_clean          0x0000ac31    0x2  Code  Gb  MK60_ftm.o [1]
ftm_quad_get            0x0000ac25    0xc  Code  Gb  MK60_ftm.o [1]
ftm_quad_init           0x0000ab9f   0x86  Code  Gb  MK60_ftm.o [1]
gpio_get                0x00009747   0x16  Code  Gb  MK60_gpio.o [1]
gpio_init               0x000096cd   0x42  Code  Gb  MK60_gpio.o [1]
gpio_set                0x0000970f   0x22  Code  Gb  MK60_gpio.o [1]
gpio_turn               0x00009731   0x16  Code  Gb  MK60_gpio.o [1]
hardfault_isr           0x0000c359    0x2  Code  Gb  MK60_conf.o [1]
hasToroid               0x0000b0df   0xc2  Code  Gb  inductance.o [1]
hasToroid::stopcheck    0x1fff0633    0x1  Data  Lc  inductance.o [1]
ili9325_dir             0x1fff04d8    0x1  Data  Gb  VCAN_LCD_ILI9325.o [1]
ili9325_h               0x1fff04da    0x2  Data  Gb  VCAN_LCD_ILI9325.o [1]
ili9325_w               0x1fff04dc    0x2  Data  Gb  VCAN_LCD_ILI9325.o [1]
led                     0x0000a211   0x32  Code  Gb  VCAN_LED.o [1]
led_init                0x0000a1d5   0x3c  Code  Gb  VCAN_LED.o [1]
led_turn                0x0000a243   0x28  Code  Gb  VCAN_LED.o [1]
lptmr_timing_ms         0x0000bdd1   0x20  Code  Gb  MK60_lptmr.o [1]
mcg_cfg                 0x1fff044c   0x58  Data  Gb  MK60_mcg.o [1]
mcg_div                 0x1fff04a4    0x4  Data  Gb  MK60_mcg.o [1]
mcg_div_count           0x0000ba75  0x176  Code  Gb  MK60_mcg.o [1]
pll_init                0x0000bbeb   0x7a  Code  Gb  MK60_mcg.o [1]
port_init               0x00009765   0x2e  Code  Gb  MK60_port.o [1]
set_sys_dividers        0x1fff04e1   0x48  Code  Gb  MK60_mcg.o [1]
set_vector_handler      0x0000bdff    0x8  Code  Gb  misc.o [1]
start                   0x0000c021   0x30  Code  Gb  system_MK60DZ10.o [1]
stopflag                0x1fff052c    0x4  Data  Gb  Car_System.o [1]
strchr                  0x0000a78d         Code  Gb  strchr.o [5]
sysinit                 0x0000c051   0x34  Code  Gb  system_MK60DZ10.o [1]
system_RunTime_Update   0x0000bd6b   0x44  Code  Gb  Car_System.o [1]
systick_delay_ms        0x0000a4ed   0x2a  Code  Gb  MK60_SysTick.o [1]
uart_init               0x0000a005  0x148  Code  Gb  MK60_uart.o [1]
uart_putbuff            0x0000a1a1   0x24  Code  Gb  MK60_uart.o [1]
uart_putchar            0x0000a191   0x10  Code  Gb  MK60_uart.o [1]
uart_querystr           0x0000a14d   0x44  Code  Gb  MK60_uart.o [1]
vcan_sendware           0x00009fe5   0x16  Code  Gb  VCAN_computer.o [1]
wdog_disable            0x0000c101   0x26  Code  Gb  MK60_wdog.o [1]
write_vtor              0x0000bdf9    0x6  Code  Gb  misc.o [1]


[1] = D:\m1899\Documents\项目与比赛\2017NXP智能车\控制程序\第一版20170202\Prj\IAR\FN15_Release\Obj
[2] = command line
[3] = dl7M_tln.a
[4] = m7M_tl.a
[5] = rt7M_tl.a

  16 170 bytes of readonly  code memory
      72 bytes of readwrite code memory
   1 336 bytes of readonly  data memory
     474 bytes of readwrite data memory

Errors: none
Warnings: none
