###############################################################################
#
# IAR ELF Linker V7.80.3.12102/W32 for ARM                22/Sep/2017  18:43:57
# Copyright 2007-2016 IAR Systems AB.
#
#    Output file  =  
#        D:\m1899\Documents\项目与比赛\2017NXP智能车\控制程序\第一版20170202\Prj\IAR\FN15_Debug\Exe\vcan_Kinetis.out
#    Map file     =  
#        D:\m1899\Documents\项目与比赛\2017NXP智能车\控制程序\第一版20170202\Prj\IAR\FN15_Debug\List\vcan_Kinetis.map
#    Command line =  
#        D:\m1899\Documents\项目与比赛\2017NXP智能车\控制程序\第一版20170202\Prj\IAR\FN15_Debug\Obj\Car_System.o
#        D:\m1899\Documents\项目与比赛\2017NXP智能车\控制程序\第一版20170202\Prj\IAR\FN15_Debug\Obj\data.o
#        D:\m1899\Documents\项目与比赛\2017NXP智能车\控制程序\第一版20170202\Prj\IAR\FN15_Debug\Obj\diskio.o
#        D:\m1899\Documents\项目与比赛\2017NXP智能车\控制程序\第一版20170202\Prj\IAR\FN15_Debug\Obj\ff.o
#        D:\m1899\Documents\项目与比赛\2017NXP智能车\控制程序\第一版20170202\Prj\IAR\FN15_Debug\Obj\inductance.o
#        D:\m1899\Documents\项目与比赛\2017NXP智能车\控制程序\第一版20170202\Prj\IAR\FN15_Debug\Obj\misc.o
#        D:\m1899\Documents\项目与比赛\2017NXP智能车\控制程序\第一版20170202\Prj\IAR\FN15_Debug\Obj\MK60_adc.o
#        D:\m1899\Documents\项目与比赛\2017NXP智能车\控制程序\第一版20170202\Prj\IAR\FN15_Debug\Obj\MK60_can.o
#        D:\m1899\Documents\项目与比赛\2017NXP智能车\控制程序\第一版20170202\Prj\IAR\FN15_Debug\Obj\MK60_conf.o
#        D:\m1899\Documents\项目与比赛\2017NXP智能车\控制程序\第一版20170202\Prj\IAR\FN15_Debug\Obj\MK60_dac.o
#        D:\m1899\Documents\项目与比赛\2017NXP智能车\控制程序\第一版20170202\Prj\IAR\FN15_Debug\Obj\MK60_dma.o
#        D:\m1899\Documents\项目与比赛\2017NXP智能车\控制程序\第一版20170202\Prj\IAR\FN15_Debug\Obj\MK60_DWT.o
#        D:\m1899\Documents\项目与比赛\2017NXP智能车\控制程序\第一版20170202\Prj\IAR\FN15_Debug\Obj\MK60_flexbus.o
#        D:\m1899\Documents\项目与比赛\2017NXP智能车\控制程序\第一版20170202\Prj\IAR\FN15_Debug\Obj\MK60_ftm.o
#        D:\m1899\Documents\项目与比赛\2017NXP智能车\控制程序\第一版20170202\Prj\IAR\FN15_Debug\Obj\MK60_gpio.o
#        D:\m1899\Documents\项目与比赛\2017NXP智能车\控制程序\第一版20170202\Prj\IAR\FN15_Debug\Obj\MK60_i2c.o
#        D:\m1899\Documents\项目与比赛\2017NXP智能车\控制程序\第一版20170202\Prj\IAR\FN15_Debug\Obj\MK60_it.o
#        D:\m1899\Documents\项目与比赛\2017NXP智能车\控制程序\第一版20170202\Prj\IAR\FN15_Debug\Obj\MK60_lptmr.o
#        D:\m1899\Documents\项目与比赛\2017NXP智能车\控制程序\第一版20170202\Prj\IAR\FN15_Debug\Obj\MK60_mcg.o
#        D:\m1899\Documents\项目与比赛\2017NXP智能车\控制程序\第一版20170202\Prj\IAR\FN15_Debug\Obj\MK60_PIT.o
#        D:\m1899\Documents\项目与比赛\2017NXP智能车\控制程序\第一版20170202\Prj\IAR\FN15_Debug\Obj\MK60_port.o
#        D:\m1899\Documents\项目与比赛\2017NXP智能车\控制程序\第一版20170202\Prj\IAR\FN15_Debug\Obj\MK60_rtc.o
#        D:\m1899\Documents\项目与比赛\2017NXP智能车\控制程序\第一版20170202\Prj\IAR\FN15_Debug\Obj\MK60_sdhc.o
#        D:\m1899\Documents\项目与比赛\2017NXP智能车\控制程序\第一版20170202\Prj\IAR\FN15_Debug\Obj\MK60_spi.o
#        D:\m1899\Documents\项目与比赛\2017NXP智能车\控制程序\第一版20170202\Prj\IAR\FN15_Debug\Obj\MK60_SysTick.o
#        D:\m1899\Documents\项目与比赛\2017NXP智能车\控制程序\第一版20170202\Prj\IAR\FN15_Debug\Obj\MK60_uart.o
#        D:\m1899\Documents\项目与比赛\2017NXP智能车\控制程序\第一版20170202\Prj\IAR\FN15_Debug\Obj\MK60_usb.o
#        D:\m1899\Documents\项目与比赛\2017NXP智能车\控制程序\第一版20170202\Prj\IAR\FN15_Debug\Obj\MK60_wdog.o
#        D:\m1899\Documents\项目与比赛\2017NXP智能车\控制程序\第一版20170202\Prj\IAR\FN15_Debug\Obj\motor.o
#        D:\m1899\Documents\项目与比赛\2017NXP智能车\控制程序\第一版20170202\Prj\IAR\FN15_Debug\Obj\OLED.o
#        D:\m1899\Documents\项目与比赛\2017NXP智能车\控制程序\第一版20170202\Prj\IAR\FN15_Debug\Obj\peripheral.o
#        D:\m1899\Documents\项目与比赛\2017NXP智能车\控制程序\第一版20170202\Prj\IAR\FN15_Debug\Obj\startup_MK60DZ10.o
#        D:\m1899\Documents\项目与比赛\2017NXP智能车\控制程序\第一版20170202\Prj\IAR\FN15_Debug\Obj\system_MK60DZ10.o
#        D:\m1899\Documents\项目与比赛\2017NXP智能车\控制程序\第一版20170202\Prj\IAR\FN15_Debug\Obj\USB.o
#        D:\m1899\Documents\项目与比赛\2017NXP智能车\控制程序\第一版20170202\Prj\IAR\FN15_Debug\Obj\USB_CDC.o
#        D:\m1899\Documents\项目与比赛\2017NXP智能车\控制程序\第一版20170202\Prj\IAR\FN15_Debug\Obj\VCAN_ASCII.o
#        D:\m1899\Documents\项目与比赛\2017NXP智能车\控制程序\第一版20170202\Prj\IAR\FN15_Debug\Obj\VCAN_BMP.o
#        D:\m1899\Documents\项目与比赛\2017NXP智能车\控制程序\第一版20170202\Prj\IAR\FN15_Debug\Obj\VCAN_camera.o
#        D:\m1899\Documents\项目与比赛\2017NXP智能车\控制程序\第一版20170202\Prj\IAR\FN15_Debug\Obj\VCAN_computer.o
#        D:\m1899\Documents\项目与比赛\2017NXP智能车\控制程序\第一版20170202\Prj\IAR\FN15_Debug\Obj\vcan_img2sd.o
#        D:\m1899\Documents\项目与比赛\2017NXP智能车\控制程序\第一版20170202\Prj\IAR\FN15_Debug\Obj\VCAN_key.o
#        D:\m1899\Documents\项目与比赛\2017NXP智能车\控制程序\第一版20170202\Prj\IAR\FN15_Debug\Obj\VCAN_key_event.o
#        D:\m1899\Documents\项目与比赛\2017NXP智能车\控制程序\第一版20170202\Prj\IAR\FN15_Debug\Obj\VCAN_LCD.o
#        D:\m1899\Documents\项目与比赛\2017NXP智能车\控制程序\第一版20170202\Prj\IAR\FN15_Debug\Obj\VCAN_LCD_CH.o
#        D:\m1899\Documents\项目与比赛\2017NXP智能车\控制程序\第一版20170202\Prj\IAR\FN15_Debug\Obj\VCAN_LCD_ILI9325.o
#        D:\m1899\Documents\项目与比赛\2017NXP智能车\控制程序\第一版20170202\Prj\IAR\FN15_Debug\Obj\VCAN_LCD_ILI9341.o
#        D:\m1899\Documents\项目与比赛\2017NXP智能车\控制程序\第一版20170202\Prj\IAR\FN15_Debug\Obj\VCAN_LCD_ST7735R.o
#        D:\m1899\Documents\项目与比赛\2017NXP智能车\控制程序\第一版20170202\Prj\IAR\FN15_Debug\Obj\VCAN_LCD_ST7735S.o
#        D:\m1899\Documents\项目与比赛\2017NXP智能车\控制程序\第一版20170202\Prj\IAR\FN15_Debug\Obj\VCAN_LED.o
#        D:\m1899\Documents\项目与比赛\2017NXP智能车\控制程序\第一版20170202\Prj\IAR\FN15_Debug\Obj\VCAN_MMA7455.o
#        D:\m1899\Documents\项目与比赛\2017NXP智能车\控制程序\第一版20170202\Prj\IAR\FN15_Debug\Obj\VCAN_NRF24L0.o
#        D:\m1899\Documents\项目与比赛\2017NXP智能车\控制程序\第一版20170202\Prj\IAR\FN15_Debug\Obj\VCAN_NRF24L0_MSG.o
#        D:\m1899\Documents\项目与比赛\2017NXP智能车\控制程序\第一版20170202\Prj\IAR\FN15_Debug\Obj\VCAN_OV7725_Eagle.o
#        D:\m1899\Documents\项目与比赛\2017NXP智能车\控制程序\第一版20170202\Prj\IAR\FN15_Debug\Obj\VCAN_OV7725_Wolf.o
#        D:\m1899\Documents\项目与比赛\2017NXP智能车\控制程序\第一版20170202\Prj\IAR\FN15_Debug\Obj\VCAN_RTC_count.o
#        D:\m1899\Documents\项目与比赛\2017NXP智能车\控制程序\第一版20170202\Prj\IAR\FN15_Debug\Obj\VCAN_SCCB.o
#        D:\m1899\Documents\项目与比赛\2017NXP智能车\控制程序\第一版20170202\Prj\IAR\FN15_Debug\Obj\vcan_sd_app.o
#        D:\m1899\Documents\项目与比赛\2017NXP智能车\控制程序\第一版20170202\Prj\IAR\FN15_Debug\Obj\Vcan_touch.o
#        D:\m1899\Documents\项目与比赛\2017NXP智能车\控制程序\第一版20170202\Prj\IAR\FN15_Debug\Obj\VCAN_TSL1401.o
#        D:\m1899\Documents\项目与比赛\2017NXP智能车\控制程序\第一版20170202\Prj\IAR\FN15_Debug\Obj\VCAN_UI_VAR.o
#        D:\m1899\Documents\项目与比赛\2017NXP智能车\控制程序\第一版20170202\Prj\IAR\FN15_Debug\Obj\vectors.o
#        -o
#        D:\m1899\Documents\项目与比赛\2017NXP智能车\控制程序\第一版20170202\Prj\IAR\FN15_Debug\Exe\vcan_Kinetis.out
#        --map
#        D:\m1899\Documents\项目与比赛\2017NXP智能车\控制程序\第一版20170202\Prj\IAR\FN15_Debug\List\vcan_Kinetis.map
#        --config "C:\Program Files (x86)\IAR Systems\Embedded Workbench
#        7.5\arm\config\linker\NXP\MK60xX512_15.icf"
#        D:\m1899\Documents\项目与比赛\2017NXP智能车\控制程序\第一版20170202\Prj\IAR\..\..\Lib\CMSIS\iar_cortexM4l_math.a
#        --entry __iar_program_start --vfe
#
###############################################################################

*******************************************************************************
*** MESSAGES
***

Error[Li005]: no definition for "__VECTOR_RAM" [referenced from D:\m1899\Docume
          nts\项目与比赛\2017NXP智能车\控制程序\第一版20170202\Prj\IAR\FN15_Deb
          ug\Obj\misc.o]
Error[Li005]: no definition for "__VECTOR_TABLE" [referenced from D:\m1899\Docu
          ments\项目与比赛\2017NXP智能车\控制程序\第一版20170202\Prj\IAR\FN15_D
          ebug\Obj\system_MK60DZ10.o]
Error[Li005]: no definition for "__BOOT_STACK_ADDRESS" [referenced from D:\m189
          9\Documents\项目与比赛\2017NXP智能车\控制程序\第一版20170202\Prj\IAR\
          FN15_Debug\Obj\vectors.o]


*******************************************************************************
*** RUNTIME MODEL ATTRIBUTES
***

CppFlavor       = *
__SystemLibrary = DLib


*******************************************************************************
*** PLACEMENT SUMMARY
***

"A0":  place at 0x00000000 { ro section .intvec };
"P2":  place in [from 0x00000000 to 0x000003ff] |
                [from 0x00000410 to 0x0007ffff] |
                [from 0x10000000 to 0x1007ffff] { ro };
"P3":  place in [from 0x1fff0000 to 0x1fffffff repeat 2] {
          rw, block CSTACK, block HEAP };
initialize by copy { rw };

  Section              Kind        Address    Size  Object
  -------              ----        -------    ----  ------
"A0":                                        0x410
  .intvec              const    0x00000000   0x410  vectors.o [1]
                              - 0x00000410   0x410

"P2":                                       0x5698
  .text                ro code  0x00000410   0x8fc  peripheral.o [1]
  .text                ro code  0x00000d0c   0x19c  MK60_gpio.o [1]
  .text                ro code  0x00000ea8    0x40  VCAN_computer.o [1]
  .text                ro code  0x00000ee8   0x2f4  MK60_uart.o [1]
  .text                ro code  0x000011dc    0xac  VCAN_LED.o [1]
  .text                ro code  0x00001288    0x10  peripheral.o [1]
  .text                ro code  0x00001298    0x4e  FltToDbl.o [4]
  .rodata              const    0x000012e6     0x2  VCAN_computer.o [1]
  .text                ro code  0x000012e8    0xe8  DblAdd.o [4]
  .text                ro code  0x000013d0    0x90  DblToFlt.o [4]
  .text                ro code  0x00001460   0x4bc  OLED.o [1]
  .text                ro code  0x0000191c    0x64  MK60_SysTick.o [1]
  .text                ro code  0x00001980   0x3a0  motor.o [1]
  .text                ro code  0x00001d20    0x50  MK60_port.o [1]
  .text                ro code  0x00001d70   0x134  MK60_conf.o [1]
  .text                ro code  0x00001ea4    0x2e  strstr.o [3]
  .rodata              const    0x00001ed2     0x2  VCAN_computer.o [1]
  .text                ro code  0x00001ed4   0x16c  DblSub.o [4]
  .text                ro code  0x00002040   0x5d8  MK60_ftm.o [1]
  .text                ro code  0x00002618   0x7a8  VCAN_LCD_ILI9325.o [1]
  .text                ro code  0x00002dc0    0xfc  VCAN_LCD.o [1]
  .text                ro code  0x00002ebc   0x1d8  VCAN_LCD_CH.o [1]
  .text                ro code  0x00003094    0x16  strchr.o [5]
  .text                ro code  0x000030ac   0x114  MK60_flexbus.o [1]
  .rodata              const    0x000031c0   0x834  OLED.o [1]
  .text                ro code  0x000039f4   0x6fc  inductance.o [1]
  .text                ro code  0x000040f0   0x2b8  MK60_adc.o [1]
  .text                ro code  0x000043a8    0x2c  I32ToDbl.o [4]
  .text                ro code  0x000043d4   0x1a2  DblMul.o [4]
  .text                ro code  0x00004578    0x4c  DblToI32.o [4]
  .rodata              const    0x000045c4   0x5f0  OLED.o [1]
  Veneer               ro code  0x00004bb4     0x8  - Linker created -
  .text                ro code  0x00004bbc   0x3d4  MK60_mcg.o [1]
  .text                ro code  0x00004f90   0x1f8  Car_System.o [1]
  .text                ro code  0x00005188    0x3c  MK60_lptmr.o [1]
  .text                ro code  0x000051c4    0x50  misc.o [1]
  .text                ro code  0x00005214   0x144  system_MK60DZ10.o [1]
  .text                ro code  0x00005358    0x40  MK60_wdog.o [1]
  .data_init                    0x00005398    0xc0  <Block>
    Initializer bytes  const    0x00005398    0xc0  <for .data-1> (used: 0x0)
  .rodata              const    0x00005458    0x98  OLED.o [1]
  .rodata              const    0x000054f0    0x5c  MK60_gpio.o [1]
  .rodata              const    0x0000554c    0x5c  MK60_SysTick.o [1]
  .rodata              const    0x000055a8    0x5c  MK60_uart.o [1]
  .rodata              const    0x00005604    0x58  MK60_adc.o [1]
  .rodata              const    0x0000565c    0x58  MK60_ftm.o [1]
  .rodata              const    0x000056b4    0x54  misc.o [1]
  .text                ro code  0x00005708    0x40  zero_init3.o [5]
  .rodata              const    0x00005748    0x3c  MK60_conf.o [1]
  .text                ro code  0x00005784    0x2c  copy_init3.o [5]
  .text                ro code  0x000057b0    0x28  data_init.o [5]
  .text                ro code  0x000057d8    0x22  fpinit_M.o [4]
  .iar.init_table      const    0x000057fc    0x38  - Linker created -
  .text                ro code  0x00005834    0x1a  cmain.o [5]
  .text                ro code  0x0000584e     0x4  low_level_init.o [3]
  .text                ro code  0x00005852     0x4  exit.o [3]
  .text                ro code  0x00005858     0xa  cexit.o [5]
  .text                ro code  0x00005864     0xc  XXexit.o [5]
  .rodata              const    0x00005870    0x18  peripheral.o [1]
  .rodata              const    0x00005888    0x18  peripheral.o [1]
  .rodata              const    0x000058a0    0x14  peripheral.o [1]
  .rodata              const    0x000058b4    0x10  peripheral.o [1]
  .rodata              const    0x000058c4    0x10  peripheral.o [1]
  .rodata              const    0x000058d4    0x10  peripheral.o [1]
  .rodata              const    0x000058e4    0x10  peripheral.o [1]
  .rodata              const    0x000058f4    0x10  peripheral.o [1]
  .rodata              const    0x00005904    0x10  peripheral.o [1]
  .rodata              const    0x00005914    0x10  peripheral.o [1]
  .rodata              const    0x00005924     0xc  peripheral.o [1]
  .rodata              const    0x00005930     0xc  peripheral.o [1]
  .rodata              const    0x0000593c     0xc  peripheral.o [1]
  .rodata              const    0x00005948     0xc  peripheral.o [1]
  .rodata              const    0x00005954     0xc  peripheral.o [1]
  .rodata              const    0x00005960     0xc  peripheral.o [1]
  .rodata              const    0x0000596c     0xc  peripheral.o [1]
  .rodata              const    0x00005978     0xc  peripheral.o [1]
  .rodata              const    0x00005984     0xc  peripheral.o [1]
  .rodata              const    0x00005990     0xc  peripheral.o [1]
  .rodata              const    0x0000599c     0xc  peripheral.o [1]
  .rodata              const    0x000059a8     0xc  peripheral.o [1]
  .rodata              const    0x000059b4     0xc  peripheral.o [1]
  .text                ro code  0x000059c0     0xc  cstartup_M.o [5]
  .noinit              ro code  0x000059cc     0x8  startup_MK60DZ10.o [1]
  .rodata              const    0x000059d4     0x8  MK60_conf.o [1]
  .rodata              const    0x000059dc     0x8  peripheral.o [1]
  .rodata              const    0x000059e4     0x8  peripheral.o [1]
  .rodata              const    0x000059ec     0x8  peripheral.o [1]
  .rodata              const    0x000059f4     0x8  peripheral.o [1]
  .rodata              const    0x000059fc     0x8  peripheral.o [1]
  .rodata              const    0x00005a04     0x8  peripheral.o [1]
  .rodata              const    0x00005a0c     0x8  peripheral.o [1]
  .rodata              const    0x00005a14     0x8  peripheral.o [1]
  .rodata              const    0x00005a1c     0x8  peripheral.o [1]
  .rodata              const    0x00005a24     0x8  peripheral.o [1]
  .rodata              const    0x00005a2c     0x8  peripheral.o [1]
  .rodata              const    0x00005a34     0x8  peripheral.o [1]
  .rodata              const    0x00005a3c     0x8  peripheral.o [1]
  .rodata              const    0x00005a44     0x8  peripheral.o [1]
  .rodata              const    0x00005a4c     0x4  MK60_conf.o [1]
  .rodata              const    0x00005a50     0x4  VCAN_LCD.o [1]
  .rodata              const    0x00005a54     0x4  VCAN_LCD_CH.o [1]
  .rodata              const    0x00005a58     0x0  zero_init3.o [5]
  .rodata              const    0x00005a58     0x0  copy_init3.o [5]
  Initializer bytes    const    0x00005a58    0x50  <for P3 s0> (used: 0x0)
                              - 0x00005aa8  0x5698

"P3", part 1 of 3:                            0xc0
  .data                         0x1fff0000    0xc0  <Block>
    .data-1                     0x1fff0000    0xbd  <Init block>
      .data            inited   0x1fff0000     0x8  MK60_adc.o [1]
      .data            inited   0x1fff0008    0x10  MK60_ftm.o [1]
      .data            inited   0x1fff0018    0x14  MK60_gpio.o [1]
      .data            inited   0x1fff002c    0x58  MK60_mcg.o [1]
      .data            inited   0x1fff0084     0x4  MK60_mcg.o [1]
      .data            inited   0x1fff0088    0x14  MK60_port.o [1]
      .data            inited   0x1fff009c    0x18  MK60_uart.o [1]
      .data            inited   0x1fff00b4     0x4  VCAN_LED.o [1]
      .data            inited   0x1fff00b8     0x2  VCAN_LCD_ILI9325.o [1]
      .data            inited   0x1fff00ba     0x2  VCAN_LCD_ILI9325.o [1]
      .data            inited   0x1fff00bc     0x1  VCAN_LCD_ILI9325.o [1]
                              - 0x1fff00c0    0xc0

"P3", part 2 of 3:                           0x11c
  .bss                          0x1fff00c0   0x11c  <Block>
    .bss               zero     0x1fff00c0     0x4  Car_System.o [1]
    .bss               zero     0x1fff00c4    0x28  data.o [1]
    .bss               zero     0x1fff00ec    0x68  data.o [1]
    .bss               zero     0x1fff0154    0x24  data.o [1]
    .bss               zero     0x1fff0178    0x40  data.o [1]
    .bss               zero     0x1fff01b8    0x10  MK60_ftm.o [1]
    .bss               zero     0x1fff01c8     0x4  system_MK60DZ10.o [1]
    .bss               zero     0x1fff01cc     0x4  system_MK60DZ10.o [1]
    .bss               zero     0x1fff01d0     0x4  system_MK60DZ10.o [1]
    .bss               zero     0x1fff01d4     0x2  data.o [1]
    .bss               zero     0x1fff01d6     0x1  Car_System.o [1]
    .bss               zero     0x1fff01d7     0x1  inductance.o [1]
    .bss               zero     0x1fff01d8     0x1  inductance.o [1]
                              - 0x1fff01dc   0x11c

"P3", part 3 of 3:                            0x50
  P3 s0                         0x1fff01dc    0x50  <Init block>
    .textrw            inited   0x1fff01dc    0x50  MK60_mcg.o [1]
                              - 0x1fff022c    0x50


*******************************************************************************
*** INIT TABLE
***

          Address     Size
          -------     ----
Zero (__iar_zero_init3)
    1 destination range, total size 0x119:
          0x1fff00c0  0x119

Copy (__iar_copy_init3)
    1 source range, total size 0xc0 (101% of destination):
          0x00005398   0xc0
    1 destination range, total size 0xbd:
          0x1fff0000   0xbd

Copy (__iar_copy_init3)
    1 source range, total size 0x50:
          0x00005a58   0x50
    1 destination range, total size 0x50:
          0x1fff01dc   0x50



*******************************************************************************
*** MODULE SUMMARY
***

    Module              ro code  rw code  ro data  rw data
    ------              -------  -------  -------  -------
D:\m1899\Documents\项目与比赛\2017NXP智能车\控制程序\第一版20170202\Prj\IAR\FN15_Debug\Obj: [1]
    Car_System.o            504                          5
    MK60_SysTick.o          100                92
    MK60_adc.o              696                96        8
    MK60_conf.o             308                72
    MK60_flexbus.o          276
    MK60_ftm.o            1 496               104       32
    MK60_gpio.o             412               112       20
    MK60_lptmr.o             60
    MK60_mcg.o              980       80      172       92
    MK60_port.o              80                20       20
    MK60_uart.o             756               116       24
    MK60_wdog.o              64
    OLED.o                1 212             3 772
    VCAN_LCD.o              252                 4
    VCAN_LCD_CH.o           472                 4
    VCAN_LCD_ILI9325.o    1 960                 5        5
    VCAN_LED.o              172                 4        4
    VCAN_computer.o          64                 4
    data.o                                             246
    inductance.o          1 788                          2
    misc.o                   80                84
    motor.o                 928
    peripheral.o          2 316               448
    startup_MK60DZ10.o        8
    system_MK60DZ10.o       324                         12
    vectors.o                               1 040
    ------------------------------------------------------
    Total:               15 308       80    6 149      470

command line: [2]
    ------------------------------------------------------
    Total:

dl7M_tln.a: [3]
    exit.o                    4
    low_level_init.o          4
    strstr.o                 46
    ------------------------------------------------------
    Total:                   54

m7M_tls.a: [4]
    DblAdd.o                232
    DblMul.o                418
    DblSub.o                364
    DblToFlt.o              144
    DblToI32.o               76
    FltToDbl.o               78
    I32ToDbl.o               44
    fpinit_M.o               34
    ------------------------------------------------------
    Total:                1 390

rt7M_tl.a: [5]
    XXexit.o                 12
    cexit.o                  10
    cmain.o                  26
    copy_init3.o             44
    cstartup_M.o             12
    data_init.o              40
    strchr.o                 22
    zero_init3.o             64
    ------------------------------------------------------
    Total:                  230

    Gaps                      8                 2
    Linker created            8                59
----------------------------------------------------------
    Grand Total:         16 998       80    6 210      470


*******************************************************************************
*** ENTRY LIST
***

Entry                      Address   Size  Type      Object
-----                      -------   ----  ----      ------
.bss$$Base              0x1fff00c0          --   Gb  - Linker created -
.bss$$Limit             0x1fff01dc          --   Gb  - Linker created -
.data$$Base             0x1fff0000          --   Gb  - Linker created -
.data$$Limit            0x1fff00c0          --   Gb  - Linker created -
.data_init$$Base        0x00005398          --   Gb  - Linker created -
.data_init$$Limit       0x00005458          --   Gb  - Linker created -
.iar.init_table$$Base   0x000057fc          --   Gb  - Linker created -
.iar.init_table$$Limit  0x00005834          --   Gb  - Linker created -
?main                   0x00005835         Code  Gb  cmain.o [5]
ADCN                    0x1fff0000    0x8  Data  Gb  MK60_adc.o [1]
ADC_Init                0x000039f5   0x1c  Code  Gb  inductance.o [1]
ASSERT_FAILED_STR       0x00005748   0x3c  Data  Gb  MK60_conf.o [1]
CodeRelocate$$Base      0x00000000          --   Gb  - Linker created -
CodeRelocate$$Limit     0x00000000          --   Gb  - Linker created -
CodeRelocateRam$$Base   0x00000000          --   Gb  - Linker created -
DeBug_Interface         0x000008a9  0x204  Code  Gb  peripheral.o [1]
Debug_Init              0x00000aad   0x24  Code  Gb  peripheral.o [1]
Direction               0x1fff0154   0x24  Data  Gb  data.o [1]
Direction_Calculate     0x00003bcd  0x2fe  Code  Gb  inductance.o [1]
Direction_Control       0x00003a11   0x34  Code  Gb  inductance.o [1]
Direction_PID           0x00003ecb   0x7a  Code  Gb  inductance.o [1]
F14x16                  0x000031c0  0x834  Data  Gb  OLED.o [1]
F14x16_Idx              0x00005458   0x98  Data  Gb  OLED.o [1]
F8X16                   0x000045c4  0x5f0  Data  Gb  OLED.o [1]
FTMN                    0x1fff0008   0x10  Data  Gb  MK60_ftm.o [1]
FTM_port_mux            0x00002041  0x1ac  Code  Lc  MK60_ftm.o [1]
GPIOX                   0x1fff0018   0x14  Data  Gb  MK60_gpio.o [1]
Get_AD_Value            0x00003a45  0x188  Code  Gb  inductance.o [1]
Get_Motor_Speed         0x00001c0d   0x48  Code  Gb  motor.o [1]
Get_Motor_Speed_Init    0x00001bfd   0x10  Code  Gb  motor.o [1]
Get_System_Ready        0x0000508f   0x1e  Code  Gb  Car_System.o [1]
ILI9325_get_h           0x00002d9f    0x6  Code  Gb  VCAN_LCD_ILI9325.o [1]
ILI9325_get_w           0x00002da5    0x6  Code  Gb  VCAN_LCD_ILI9325.o [1]
Init_Key                0x0000070b   0x2c  Code  Gb  peripheral.o [1]
Init_System             0x00004fb9   0x46  Code  Gb  Car_System.o [1]
LCD_Char_CH             0x00002ebd   0xbc  Code  Gb  VCAN_LCD_CH.o [1]
LCD_ILI9325_dir         0x00002acf   0xf4  Code  Gb  VCAN_LCD_ILI9325.o [1]
LCD_ILI9325_init        0x00002619  0x4b6  Code  Gb  VCAN_LCD_ILI9325.o [1]
LCD_ILI9325_ptlon       0x00002bc3  0x1dc  Code  Gb  VCAN_LCD_ILI9325.o [1]
LCD_Str_ENCH            0x00002f79  0x114  Code  Gb  VCAN_LCD_CH.o [1]
LCD_char                0x00002df7   0xba  Code  Gb  VCAN_LCD.o [1]
LCD_rectangle           0x00002dc1   0x36  Code  Gb  VCAN_LCD.o [1]
LED_Interface           0x00000bf7   0x46  Code  Gb  peripheral.o [1]
LED_PTxn                0x1fff00b4    0x4  Data  Gb  VCAN_LED.o [1]
LPTMR_IRQHandler        0x000050ad   0x72  Code  Gb  Car_System.o [1]
LPTMR_IRQHandler::flag  0x1fff01d6    0x1  Data  Lc  Car_System.o [1]
Motor_Control           0x000019d1   0xa4  Code  Gb  motor.o [1]
Motor_Init              0x00001995   0x3c  Code  Gb  motor.o [1]
Motor_PID               0x00001ab1  0x12e  Code  Gb  motor.o [1]
Motor_PID_Init          0x00001a75   0x3c  Code  Gb  motor.o [1]
NVIC_DisableIRQ         0x00004fa5   0x14  Code  Lc  Car_System.o [1]
NVIC_DisableIRQ         0x00000427   0x16  Code  Lc  peripheral.o [1]
NVIC_EnableIRQ          0x00004f91   0x14  Code  Lc  Car_System.o [1]
NVIC_EnableIRQ          0x00000411   0x16  Code  Lc  peripheral.o [1]
OLED_CLS                0x00001565   0x3c  Code  Gb  OLED.o [1]
OLED_DLY_ms             0x000015a1   0x18  Code  Gb  OLED.o [1]
OLED_Fill               0x00001525   0x40  Code  Gb  OLED.o [1]
OLED_Init               0x000015b9   0xf8  Code  Gb  OLED.o [1]
OLED_Interface          0x00000737  0x16c  Code  Gb  peripheral.o [1]
OLED_P14x16Str          0x0000175f  0x134  Code  Gb  OLED.o [1]
OLED_P8x16Str           0x000016b1   0xae  Code  Gb  OLED.o [1]
OLED_Print              0x00001893   0x6c  Code  Gb  OLED.o [1]
OLED_Set_Pos            0x000014fb   0x2a  Code  Gb  OLED.o [1]
OLED_WrCmd              0x000014b1   0x4a  Code  Gb  OLED.o [1]
OLED_WrDat              0x00001461   0x4e  Code  Gb  OLED.o [1]
PORTX                   0x1fff0088   0x14  Data  Gb  MK60_port.o [1]
Receive_Data            0x0000049f  0x26c  Code  Gb  peripheral.o [1]
Region$$Table$$Base     0x000057fc          --   Gb  - Linker created -
Region$$Table$$Limit    0x00005834          --   Gb  - Linker created -
Reset_Handler           0x000059cd         Code  Gb  startup_MK60DZ10.o [1]
Road_Data               0x1fff00ec   0x68  Data  Gb  data.o [1]
Send_Data               0x0000045f   0x40  Code  Gb  peripheral.o [1]
Service                 0x1fff0178   0x40  Data  Gb  data.o [1]
Set_User_Information    0x00004fff   0x90  Code  Gb  Car_System.o [1]
Speed                   0x1fff00c4   0x28  Data  Gb  data.o [1]
Speed_Chack             0x00001c55   0xba  Code  Gb  motor.o [1]
Speed_Comput            0x00001bdf   0x1e  Code  Gb  motor.o [1]
Speed_Control           0x00001981   0x14  Code  Gb  motor.o [1]
Stop_Car                0x0000044b   0x14  Code  Gb  peripheral.o [1]
Stop_Car_Init           0x0000043d    0xe  Code  Gb  peripheral.o [1]
System_Error            0x00000ad9  0x102  Code  Gb  peripheral.o [1]
TempSpeed               0x1fff01d4    0x2  Data  Gb  data.o [1]
UARTN                   0x1fff009c   0x18  Data  Gb  MK60_uart.o [1]
__aeabi_d2f             0x000013d1         Code  Gb  DblToFlt.o [4]
__aeabi_d2iz            0x00004579         Code  Gb  DblToI32.o [4]
__aeabi_dadd            0x000012e9         Code  Gb  DblAdd.o [4]
__aeabi_dmul            0x000043d5         Code  Gb  DblMul.o [4]
__aeabi_f2d             0x00001299         Code  Gb  FltToDbl.o [4]
__aeabi_i2d             0x000043a9         Code  Gb  I32ToDbl.o [4]
__cmain                 0x00005835         Code  Gb  cmain.o [5]
__exit                  0x00005865         Code  Gb  XXexit.o [5]
__iar_Strchr            0x00003095         Code  Gb  strchr.o [5]
__iar_Strstr            0x00001ea5   0x2e  Code  Gb  strstr.o [3]
__iar_copy_init3        0x00005785   0x2c  Code  Gb  copy_init3.o [5]
__iar_d2uiz             0x000045a5         Code  Gb  DblToI32.o [4]
__iar_dadd              0x000012fd         Code  Gb  DblAdd.o [4]
__iar_data_init3        0x000057b1   0x28  Code  Gb  data_init.o [5]
__iar_dsub              0x00001ed5         Code  Gb  DblSub.o [4]
__iar_dsubStart         0x00001ee7         Code  Gb  DblSub.o [4]
__iar_init_vfp          0x000057d9         Code  Gb  fpinit_M.o [4]
__iar_program_start     0x000059c1         Code  Gb  cstartup_M.o [5]
__iar_ui2d              0x000043bd         Code  Gb  I32ToDbl.o [4]
__iar_zero_init3        0x00005709   0x40  Code  Gb  zero_init3.o [5]
__low_level_init        0x0000584f    0x4  Code  Gb  low_level_init.o [3]
__vector_table          0x00000000  0x410  Data  Gb  vectors.o [1]
_call_main              0x00005841         Code  Gb  cmain.o [5]
_exit                   0x00005859         Code  Gb  cexit.o [5]
_main                   0x0000584b         Code  Gb  cmain.o [5]
adc_init                0x000040f1  0x20e  Code  Gb  MK60_adc.o [1]
adc_once                0x000042ff   0x50  Code  Gb  MK60_adc.o [1]
adc_start               0x0000434f   0x44  Code  Lc  MK60_adc.o [1]
assert_failed           0x00001d71   0x7e  Code  Gb  MK60_conf.o [1]
bus_clk_khz             0x1fff01d0    0x4  Data  Gb  system_MK60DZ10.o [1]
common_startup          0x00005285   0x98  Code  Gb  system_MK60DZ10.o [1]
core_clk_khz            0x1fff01c8    0x4  Data  Gb  system_MK60DZ10.o [1]
core_clk_mhz            0x1fff01cc    0x4  Data  Gb  system_MK60DZ10.o [1]
default_isr             0x00001e05   0x70  Code  Gb  MK60_conf.o [1]
enter_fputc             0x00001df1   0x14  Code  Gb  MK60_conf.o [1]
exit                    0x00005853    0x4  Code  Gb  exit.o [3]
flag                    0x1fff01d7    0x1  Data  Gb  inductance.o [1]
flexbus_8080_init       0x000030ad  0x114  Code  Gb  MK60_flexbus.o [1]
ftm_mod                 0x1fff01b8   0x10  Data  Lc  MK60_ftm.o [1]
ftm_pwm_duty            0x00002397  0x10e  Code  Gb  MK60_ftm.o [1]
ftm_pwm_init            0x000021ed  0x1aa  Code  Gb  MK60_ftm.o [1]
ftm_quad_clean          0x000025d7   0x28  Code  Gb  MK60_ftm.o [1]
ftm_quad_get            0x000025ab   0x2c  Code  Gb  MK60_ftm.o [1]
ftm_quad_init           0x000024a5  0x106  Code  Gb  MK60_ftm.o [1]
gpio_get                0x00000e65   0x3a  Code  Gb  MK60_gpio.o [1]
gpio_init               0x00000d0d   0xae  Code  Gb  MK60_gpio.o [1]
gpio_set                0x00000dbb   0x72  Code  Gb  MK60_gpio.o [1]
gpio_turn               0x00000e2d   0x38  Code  Gb  MK60_gpio.o [1]
hardfault_isr           0x00001e9d    0x8  Code  Gb  MK60_conf.o [1]
hasToroid               0x00003f45  0x146  Code  Gb  inductance.o [1]
hasToroid::stopcheck    0x1fff01d8    0x1  Data  Lc  inductance.o [1]
ili9325_dir             0x1fff00bc    0x1  Data  Gb  VCAN_LCD_ILI9325.o [1]
ili9325_h               0x1fff00b8    0x2  Data  Gb  VCAN_LCD_ILI9325.o [1]
ili9325_w               0x1fff00ba    0x2  Data  Gb  VCAN_LCD_ILI9325.o [1]
init_LED                0x00000bdb   0x1c  Code  Gb  peripheral.o [1]
led                     0x00001217   0x3c  Code  Gb  VCAN_LED.o [1]
led_init                0x000011dd   0x3a  Code  Gb  VCAN_LED.o [1]
led_turn                0x00001253   0x32  Code  Gb  VCAN_LED.o [1]
lptmr_timing_ms         0x00005189   0x2c  Code  Gb  MK60_lptmr.o [1]
main                    0x00005215    0x2  Code  Gb  system_MK60DZ10.o [1]
mcg_cfg                 0x1fff002c   0x58  Data  Gb  MK60_mcg.o [1]
mcg_div                 0x1fff0084    0x4  Data  Gb  MK60_mcg.o [1]
mcg_div_count           0x00004bbd  0x304  Code  Gb  MK60_mcg.o [1]
pll_init                0x00004ec1   0xb2  Code  Gb  MK60_mcg.o [1]
port_init               0x00001d21   0x48  Code  Gb  MK60_port.o [1]
set_sys_dividers        0x1fff01dd   0x50  Code  Gb  MK60_mcg.o [1]
set_vector_handler      0x000051e7   0x22  Code  Gb  misc.o [1]
start                   0x00005217   0x32  Code  Gb  system_MK60DZ10.o [1]
stopflag                0x1fff00c0    0x4  Data  Gb  Car_System.o [1]
strchr                  0x00003095         Code  Gb  strchr.o [5]
strstr                  0x00001289   0x10  Code  Gb  peripheral.o [1]
sysinit                 0x00005249   0x3c  Code  Gb  system_MK60DZ10.o [1]
system_RunTime_Update   0x0000511f   0x46  Code  Gb  Car_System.o [1]
systick_delay           0x0000191d   0x36  Code  Gb  MK60_SysTick.o [1]
systick_delay_ms        0x00001953   0x18  Code  Gb  MK60_SysTick.o [1]
uart_init               0x00000ee9  0x214  Code  Gb  MK60_uart.o [1]
uart_putbuff            0x0000119d   0x26  Code  Gb  MK60_uart.o [1]
uart_putchar            0x00001183   0x1a  Code  Gb  MK60_uart.o [1]
uart_querychar          0x000010fd   0x2a  Code  Gb  MK60_uart.o [1]
uart_querystr           0x00001127   0x5c  Code  Gb  MK60_uart.o [1]
vcan_sendware           0x00000ea9   0x38  Code  Gb  VCAN_computer.o [1]
wdog_disable            0x00005359   0x16  Code  Gb  MK60_wdog.o [1]
wdog_unlock             0x0000536f   0x20  Code  Lc  MK60_wdog.o [1]
write_vtor              0x000051c5   0x22  Code  Gb  misc.o [1]


[1] = D:\m1899\Documents\项目与比赛\2017NXP智能车\控制程序\第一版20170202\Prj\IAR\FN15_Debug\Obj
[2] = command line
[3] = dl7M_tln.a
[4] = m7M_tls.a
[5] = rt7M_tl.a

  16 998 bytes of readonly  code memory
      80 bytes of readwrite code memory
   6 210 bytes of readonly  data memory
     470 bytes of readwrite data memory

Errors: 3
Warnings: none
