###############################################################################
#
# IAR ELF Linker V7.80.4.12462/W32 for ARM                16/Feb/2017  16:34:12
# Copyright 2007-2017 IAR Systems AB.
#
#    Output file  =  
#        D:\Administrator\Documents\单片机学习\Powered by
#        ZZS\2017赛季\控制程序\第一版20170202\Prj\IAR\FN15_Debug\Exe\vcan_Kinetis.out
#    Map file     =  
#        D:\Administrator\Documents\单片机学习\Powered by
#        ZZS\2017赛季\控制程序\第一版20170202\Prj\IAR\FN15_Debug\List\vcan_Kinetis.map
#    Command line =  
#        "D:\Administrator\Documents\单片机学习\Powered by
#        ZZS\2017赛季\控制程序\第一版20170202\Prj\IAR\FN15_Debug\Obj\Car_System.o"
#        "D:\Administrator\Documents\单片机学习\Powered by
#        ZZS\2017赛季\控制程序\第一版20170202\Prj\IAR\FN15_Debug\Obj\data.o"
#        "D:\Administrator\Documents\单片机学习\Powered by
#        ZZS\2017赛季\控制程序\第一版20170202\Prj\IAR\FN15_Debug\Obj\diskio.o"
#        "D:\Administrator\Documents\单片机学习\Powered by
#        ZZS\2017赛季\控制程序\第一版20170202\Prj\IAR\FN15_Debug\Obj\ff.o"
#        "D:\Administrator\Documents\单片机学习\Powered by
#        ZZS\2017赛季\控制程序\第一版20170202\Prj\IAR\FN15_Debug\Obj\inductance.o"
#        "D:\Administrator\Documents\单片机学习\Powered by
#        ZZS\2017赛季\控制程序\第一版20170202\Prj\IAR\FN15_Debug\Obj\main.o"
#        "D:\Administrator\Documents\单片机学习\Powered by
#        ZZS\2017赛季\控制程序\第一版20170202\Prj\IAR\FN15_Debug\Obj\misc.o"
#        "D:\Administrator\Documents\单片机学习\Powered by
#        ZZS\2017赛季\控制程序\第一版20170202\Prj\IAR\FN15_Debug\Obj\MK60_adc.o"
#        "D:\Administrator\Documents\单片机学习\Powered by
#        ZZS\2017赛季\控制程序\第一版20170202\Prj\IAR\FN15_Debug\Obj\MK60_can.o"
#        "D:\Administrator\Documents\单片机学习\Powered by
#        ZZS\2017赛季\控制程序\第一版20170202\Prj\IAR\FN15_Debug\Obj\MK60_conf.o"
#        "D:\Administrator\Documents\单片机学习\Powered by
#        ZZS\2017赛季\控制程序\第一版20170202\Prj\IAR\FN15_Debug\Obj\MK60_dac.o"
#        "D:\Administrator\Documents\单片机学习\Powered by
#        ZZS\2017赛季\控制程序\第一版20170202\Prj\IAR\FN15_Debug\Obj\MK60_dma.o"
#        "D:\Administrator\Documents\单片机学习\Powered by
#        ZZS\2017赛季\控制程序\第一版20170202\Prj\IAR\FN15_Debug\Obj\MK60_DWT.o"
#        "D:\Administrator\Documents\单片机学习\Powered by
#        ZZS\2017赛季\控制程序\第一版20170202\Prj\IAR\FN15_Debug\Obj\MK60_flexbus.o"
#        "D:\Administrator\Documents\单片机学习\Powered by
#        ZZS\2017赛季\控制程序\第一版20170202\Prj\IAR\FN15_Debug\Obj\MK60_ftm.o"
#        "D:\Administrator\Documents\单片机学习\Powered by
#        ZZS\2017赛季\控制程序\第一版20170202\Prj\IAR\FN15_Debug\Obj\MK60_gpio.o"
#        "D:\Administrator\Documents\单片机学习\Powered by
#        ZZS\2017赛季\控制程序\第一版20170202\Prj\IAR\FN15_Debug\Obj\MK60_i2c.o"
#        "D:\Administrator\Documents\单片机学习\Powered by
#        ZZS\2017赛季\控制程序\第一版20170202\Prj\IAR\FN15_Debug\Obj\MK60_it.o"
#        "D:\Administrator\Documents\单片机学习\Powered by
#        ZZS\2017赛季\控制程序\第一版20170202\Prj\IAR\FN15_Debug\Obj\MK60_lptmr.o"
#        "D:\Administrator\Documents\单片机学习\Powered by
#        ZZS\2017赛季\控制程序\第一版20170202\Prj\IAR\FN15_Debug\Obj\MK60_mcg.o"
#        "D:\Administrator\Documents\单片机学习\Powered by
#        ZZS\2017赛季\控制程序\第一版20170202\Prj\IAR\FN15_Debug\Obj\MK60_PIT.o"
#        "D:\Administrator\Documents\单片机学习\Powered by
#        ZZS\2017赛季\控制程序\第一版20170202\Prj\IAR\FN15_Debug\Obj\MK60_port.o"
#        "D:\Administrator\Documents\单片机学习\Powered by
#        ZZS\2017赛季\控制程序\第一版20170202\Prj\IAR\FN15_Debug\Obj\MK60_rtc.o"
#        "D:\Administrator\Documents\单片机学习\Powered by
#        ZZS\2017赛季\控制程序\第一版20170202\Prj\IAR\FN15_Debug\Obj\MK60_sdhc.o"
#        "D:\Administrator\Documents\单片机学习\Powered by
#        ZZS\2017赛季\控制程序\第一版20170202\Prj\IAR\FN15_Debug\Obj\MK60_spi.o"
#        "D:\Administrator\Documents\单片机学习\Powered by
#        ZZS\2017赛季\控制程序\第一版20170202\Prj\IAR\FN15_Debug\Obj\MK60_SysTick.o"
#        "D:\Administrator\Documents\单片机学习\Powered by
#        ZZS\2017赛季\控制程序\第一版20170202\Prj\IAR\FN15_Debug\Obj\MK60_uart.o"
#        "D:\Administrator\Documents\单片机学习\Powered by
#        ZZS\2017赛季\控制程序\第一版20170202\Prj\IAR\FN15_Debug\Obj\MK60_usb.o"
#        "D:\Administrator\Documents\单片机学习\Powered by
#        ZZS\2017赛季\控制程序\第一版20170202\Prj\IAR\FN15_Debug\Obj\MK60_wdog.o"
#        "D:\Administrator\Documents\单片机学习\Powered by
#        ZZS\2017赛季\控制程序\第一版20170202\Prj\IAR\FN15_Debug\Obj\motor.o"
#        "D:\Administrator\Documents\单片机学习\Powered by
#        ZZS\2017赛季\控制程序\第一版20170202\Prj\IAR\FN15_Debug\Obj\OLED.o"
#        "D:\Administrator\Documents\单片机学习\Powered by
#        ZZS\2017赛季\控制程序\第一版20170202\Prj\IAR\FN15_Debug\Obj\peripheral.o"
#        "D:\Administrator\Documents\单片机学习\Powered by
#        ZZS\2017赛季\控制程序\第一版20170202\Prj\IAR\FN15_Debug\Obj\startup_MK60DZ10.o"
#        "D:\Administrator\Documents\单片机学习\Powered by
#        ZZS\2017赛季\控制程序\第一版20170202\Prj\IAR\FN15_Debug\Obj\system_MK60DZ10.o"
#        "D:\Administrator\Documents\单片机学习\Powered by
#        ZZS\2017赛季\控制程序\第一版20170202\Prj\IAR\FN15_Debug\Obj\USB.o"
#        "D:\Administrator\Documents\单片机学习\Powered by
#        ZZS\2017赛季\控制程序\第一版20170202\Prj\IAR\FN15_Debug\Obj\USB_CDC.o"
#        "D:\Administrator\Documents\单片机学习\Powered by
#        ZZS\2017赛季\控制程序\第一版20170202\Prj\IAR\FN15_Debug\Obj\VCAN_ASCII.o"
#        "D:\Administrator\Documents\单片机学习\Powered by
#        ZZS\2017赛季\控制程序\第一版20170202\Prj\IAR\FN15_Debug\Obj\VCAN_BMP.o"
#        "D:\Administrator\Documents\单片机学习\Powered by
#        ZZS\2017赛季\控制程序\第一版20170202\Prj\IAR\FN15_Debug\Obj\VCAN_camera.o"
#        "D:\Administrator\Documents\单片机学习\Powered by
#        ZZS\2017赛季\控制程序\第一版20170202\Prj\IAR\FN15_Debug\Obj\VCAN_computer.o"
#        "D:\Administrator\Documents\单片机学习\Powered by
#        ZZS\2017赛季\控制程序\第一版20170202\Prj\IAR\FN15_Debug\Obj\vcan_img2sd.o"
#        "D:\Administrator\Documents\单片机学习\Powered by
#        ZZS\2017赛季\控制程序\第一版20170202\Prj\IAR\FN15_Debug\Obj\VCAN_key.o"
#        "D:\Administrator\Documents\单片机学习\Powered by
#        ZZS\2017赛季\控制程序\第一版20170202\Prj\IAR\FN15_Debug\Obj\VCAN_key_event.o"
#        "D:\Administrator\Documents\单片机学习\Powered by
#        ZZS\2017赛季\控制程序\第一版20170202\Prj\IAR\FN15_Debug\Obj\VCAN_LCD.o"
#        "D:\Administrator\Documents\单片机学习\Powered by
#        ZZS\2017赛季\控制程序\第一版20170202\Prj\IAR\FN15_Debug\Obj\VCAN_LCD_CH.o"
#        "D:\Administrator\Documents\单片机学习\Powered by
#        ZZS\2017赛季\控制程序\第一版20170202\Prj\IAR\FN15_Debug\Obj\VCAN_LCD_ILI9325.o"
#        "D:\Administrator\Documents\单片机学习\Powered by
#        ZZS\2017赛季\控制程序\第一版20170202\Prj\IAR\FN15_Debug\Obj\VCAN_LCD_ILI9341.o"
#        "D:\Administrator\Documents\单片机学习\Powered by
#        ZZS\2017赛季\控制程序\第一版20170202\Prj\IAR\FN15_Debug\Obj\VCAN_LCD_ST7735R.o"
#        "D:\Administrator\Documents\单片机学习\Powered by
#        ZZS\2017赛季\控制程序\第一版20170202\Prj\IAR\FN15_Debug\Obj\VCAN_LCD_ST7735S.o"
#        "D:\Administrator\Documents\单片机学习\Powered by
#        ZZS\2017赛季\控制程序\第一版20170202\Prj\IAR\FN15_Debug\Obj\VCAN_LED.o"
#        "D:\Administrator\Documents\单片机学习\Powered by
#        ZZS\2017赛季\控制程序\第一版20170202\Prj\IAR\FN15_Debug\Obj\VCAN_MMA7455.o"
#        "D:\Administrator\Documents\单片机学习\Powered by
#        ZZS\2017赛季\控制程序\第一版20170202\Prj\IAR\FN15_Debug\Obj\VCAN_NRF24L0.o"
#        "D:\Administrator\Documents\单片机学习\Powered by
#        ZZS\2017赛季\控制程序\第一版20170202\Prj\IAR\FN15_Debug\Obj\VCAN_NRF24L0_MSG.o"
#        "D:\Administrator\Documents\单片机学习\Powered by
#        ZZS\2017赛季\控制程序\第一版20170202\Prj\IAR\FN15_Debug\Obj\VCAN_OV7725_Eagle.o"
#        "D:\Administrator\Documents\单片机学习\Powered by
#        ZZS\2017赛季\控制程序\第一版20170202\Prj\IAR\FN15_Debug\Obj\VCAN_OV7725_Wolf.o"
#        "D:\Administrator\Documents\单片机学习\Powered by
#        ZZS\2017赛季\控制程序\第一版20170202\Prj\IAR\FN15_Debug\Obj\VCAN_RTC_count.o"
#        "D:\Administrator\Documents\单片机学习\Powered by
#        ZZS\2017赛季\控制程序\第一版20170202\Prj\IAR\FN15_Debug\Obj\VCAN_SCCB.o"
#        "D:\Administrator\Documents\单片机学习\Powered by
#        ZZS\2017赛季\控制程序\第一版20170202\Prj\IAR\FN15_Debug\Obj\vcan_sd_app.o"
#        "D:\Administrator\Documents\单片机学习\Powered by
#        ZZS\2017赛季\控制程序\第一版20170202\Prj\IAR\FN15_Debug\Obj\Vcan_touch.o"
#        "D:\Administrator\Documents\单片机学习\Powered by
#        ZZS\2017赛季\控制程序\第一版20170202\Prj\IAR\FN15_Debug\Obj\VCAN_TSL1401.o"
#        "D:\Administrator\Documents\单片机学习\Powered by
#        ZZS\2017赛季\控制程序\第一版20170202\Prj\IAR\FN15_Debug\Obj\VCAN_UI_VAR.o"
#        "D:\Administrator\Documents\单片机学习\Powered by
#        ZZS\2017赛季\控制程序\第一版20170202\Prj\IAR\FN15_Debug\Obj\vectors.o"
#        -o "D:\Administrator\Documents\单片机学习\Powered by
#        ZZS\2017赛季\控制程序\第一版20170202\Prj\IAR\FN15_Debug\Exe\vcan_Kinetis.out"
#        --map "D:\Administrator\Documents\单片机学习\Powered by
#        ZZS\2017赛季\控制程序\第一版20170202\Prj\IAR\FN15_Debug\List\vcan_Kinetis.map"
#        --config "D:\Administrator\Documents\单片机学习\Powered by
#        ZZS\2017赛季\控制程序\第一版20170202\Prj\IAR\config
#        files\vcan_ROM_K60N1M.icf"
#        "D:\Administrator\Documents\单片机学习\Powered by
#        ZZS\2017赛季\控制程序\第一版20170202\Prj\IAR\..\..\Lib\CMSIS\iar_cortexM4l_math.a"
#        --entry __iar_program_start --vfe
#
###############################################################################

*******************************************************************************
*** RUNTIME MODEL ATTRIBUTES
***

CppFlavor       = *
__SystemLibrary = DLib


*******************************************************************************
*** PLACEMENT SUMMARY
***

"A0":  place at 0x00008000 { ro section .intvec };
"A1":  place at 0x00008410 { ro section .noinit };
"P1":  place in [from 0x00008000 to 0x00080000] { ro, block CodeRelocate };
"P2":  place in [from 0x1fff0410 to 0x20010000] {
          rw, block CodeRelocateRam, block CSTACK, block HEAP };
initialize manually with packing = copy, complex ranges { section .data };
initialize manually with packing = copy, complex ranges { section .textrw };

  Section              Kind        Address    Size  Object
  -------              ----        -------    ----  ------
"A0":                                        0x410
  .intvec              const    0x00008000   0x410  vectors.o [1]
                              - 0x00008410   0x410

"A1":                                          0x8
  .noinit              ro code  0x00008410     0x8  startup_MK60DZ10.o [1]
                              - 0x00008418     0x8

"P1":                                       0x3134
  .text                ro code  0x00008418   0x7a8  VCAN_LCD_ILI9325.o [1]
  .text                ro code  0x00008bc0   0x128  MK60_gpio.o [1]
  .text                ro code  0x00008ce8    0x64  MK60_SysTick.o [1]
  .text                ro code  0x00008d4c   0x114  MK60_flexbus.o [1]
  .text                ro code  0x00008e60    0x50  MK60_port.o [1]
  .text                ro code  0x00008eb0    0xe4  MK60_conf.o [1]
  .text                ro code  0x00008f94    0x70  VCAN_LED.o [1]
  .text                ro code  0x00009004   0x248  MK60_uart.o [1]
  .text                ro code  0x0000924c    0xfc  VCAN_LCD.o [1]
  .text                ro code  0x00009348   0x1d8  VCAN_LCD_CH.o [1]
  .text                ro code  0x00009520   0x5d8  MK60_ftm.o [1]
  .text                ro code  0x00009af8   0x498  inductance.o [1]
  .text                ro code  0x00009f90   0x2b8  MK60_adc.o [1]
  Veneer               ro code  0x0000a248     0x8  - Linker created -
  .text                ro code  0x0000a250   0x3d4  MK60_mcg.o [1]
  .text                ro code  0x0000a624   0x2b4  motor.o [1]
  .text                ro code  0x0000a8d8    0x2e  I32ToFlt.o [4]
  .text                ro code  0x0000a908    0xe6  FltSub.o [4]
  .text                ro code  0x0000a9f0    0xd8  FltMul.o [4]
  .text                ro code  0x0000aac8    0x84  FltAdd.o [4]
  .text                ro code  0x0000ab4c    0x44  FltToS32.o [4]
  .text                ro code  0x0000ab90   0x224  OLED.o [1]
  .text                ro code  0x0000adb4   0x13c  system_MK60DZ10.o [1]
  .text                ro code  0x0000aef0    0x40  MK60_wdog.o [1]
  .text                ro code  0x0000af30     0xc  main.o [1]
  .text                ro code  0x0000af3c    0x50  misc.o [1]
  .text                ro code  0x0000af8c    0x5c  Car_System.o [1]
  .text                ro code  0x0000afe8    0x58  peripheral.o [1]
  .text                ro code  0x0000b040    0x6c  MK60_lptmr.o [1]
  .data_init                    0x0000b0ac    0xc0  <Block>
    Initializer bytes  const    0x0000b0ac    0xc0  <for .data-1>
  .rodata              const    0x0000b16c    0x70  MK60_SysTick.o [1]
  .rodata              const    0x0000b1dc    0x6c  MK60_adc.o [1]
  .rodata              const    0x0000b248    0x6c  MK60_ftm.o [1]
  .rodata              const    0x0000b2b4    0x6c  MK60_gpio.o [1]
  .rodata              const    0x0000b320    0x6c  MK60_uart.o [1]
  .rodata              const    0x0000b38c    0x68  misc.o [1]
  CodeRelocate                  0x0000b3f4    0x50  <Block>
    Initializer bytes  const    0x0000b3f4    0x50  <for CodeRelocateRam-1>
  .text                ro code  0x0000b444    0x40  zero_init3.o [5]
  .rodata              const    0x0000b484    0x3c  MK60_conf.o [1]
  .text                ro code  0x0000b4c0    0x28  data_init.o [5]
  .iar.init_table      const    0x0000b4e8    0x10  - Linker created -
  .text                ro code  0x0000b4f8    0x1a  cmain.o [5]
  .text                ro code  0x0000b512     0x4  low_level_init.o [3]
  .text                ro code  0x0000b516     0x4  exit.o [3]
  .text                ro code  0x0000b51c     0xa  cexit.o [5]
  .text                ro code  0x0000b528     0xc  XXexit.o [5]
  .text                ro code  0x0000b534     0xc  cstartup_M.o [5]
  .rodata              const    0x0000b540     0x4  MK60_conf.o [1]
  .rodata              const    0x0000b544     0x4  VCAN_LCD.o [1]
  .rodata              const    0x0000b548     0x4  VCAN_LCD_CH.o [1]
  .rodata              const    0x0000b54c     0x0  zero_init3.o [5]
                              - 0x0000b54c  0x3134

"P2", part 1 of 2:                           0x110
  .data                         0x1fff0410    0xc0  <Block>
    .data-1                     0x1fff0410    0xbd  <Init block>
      .data            inited   0x1fff0410     0x8  MK60_adc.o [1]
      .data            inited   0x1fff0418    0x10  MK60_ftm.o [1]
      .data            inited   0x1fff0428    0x14  MK60_gpio.o [1]
      .data            inited   0x1fff043c    0x58  MK60_mcg.o [1]
      .data            inited   0x1fff0494     0x4  MK60_mcg.o [1]
      .data            inited   0x1fff0498    0x14  MK60_port.o [1]
      .data            inited   0x1fff04ac    0x18  MK60_uart.o [1]
      .data            inited   0x1fff04c4     0x4  VCAN_LED.o [1]
      .data            inited   0x1fff04c8     0x2  VCAN_LCD_ILI9325.o [1]
      .data            inited   0x1fff04ca     0x2  VCAN_LCD_ILI9325.o [1]
      .data            inited   0x1fff04cc     0x1  VCAN_LCD_ILI9325.o [1]
  CodeRelocateRam               0x1fff04d0    0x50  <Block>
    CodeRelocateRam-1           0x1fff04d0    0x50  <Init block>
      .textrw          inited   0x1fff04d0    0x50  MK60_mcg.o [1]
                              - 0x1fff0520   0x110

"P2", part 2 of 2:                            0xc0
  .bss                          0x1fff0520    0xc0  <Block>
    .bss               zero     0x1fff0520    0x24  data.o [1]
    .bss               zero     0x1fff0544    0x24  data.o [1]
    .bss               zero     0x1fff0568    0x58  data.o [1]
    .bss               zero     0x1fff05c0     0x4  data.o [1]
    .bss               zero     0x1fff05c4    0x10  MK60_ftm.o [1]
    .bss               zero     0x1fff05d4     0x4  system_MK60DZ10.o [1]
    .bss               zero     0x1fff05d8     0x4  system_MK60DZ10.o [1]
    .bss               zero     0x1fff05dc     0x4  system_MK60DZ10.o [1]
                              - 0x1fff05e0    0xc0


*******************************************************************************
*** INIT TABLE
***

          Address     Size
          -------     ----
Zero (__iar_zero_init3)
    1 destination range, total size 0xc0:
          0x1fff0520  0xc0



*******************************************************************************
*** MODULE SUMMARY
***

    Module              ro code  rw code  ro data  rw data
    ------              -------  -------  -------  -------
D:\Administrator\Documents\单片机学习\Powered by ZZS\2017赛季\控制程序\第一版20170202\Prj\IAR\FN15_Debug\Obj: [1]
    Car_System.o             92
    MK60_SysTick.o          100               112
    MK60_adc.o              696               116        8
    MK60_conf.o             228                64
    MK60_flexbus.o          276
    MK60_ftm.o            1 496               124       32
    MK60_gpio.o             296               128       20
    MK60_lptmr.o            108
    MK60_mcg.o              980       80      172       92
    MK60_port.o              80                20       20
    MK60_uart.o             584               132       24
    MK60_wdog.o              64
    OLED.o                  548
    VCAN_LCD.o              252                 4
    VCAN_LCD_CH.o           472                 4
    VCAN_LCD_ILI9325.o    1 960                 5        5
    VCAN_LED.o              112                 4        4
    data.o                                             164
    inductance.o          1 176
    main.o                   12
    misc.o                   80               104
    motor.o                 692
    peripheral.o             88
    startup_MK60DZ10.o        8
    system_MK60DZ10.o       316                         12
    vectors.o                               1 040
    ------------------------------------------------------
    Total:               10 716       80    2 029      381

command line: [2]
    ------------------------------------------------------
    Total:

dl7M_tln.a: [3]
    exit.o                    4
    low_level_init.o          4
    ------------------------------------------------------
    Total:                    8

m7M_tl.a: [4]
    FltAdd.o                132
    FltMul.o                216
    FltSub.o                230
    FltToS32.o               68
    I32ToFlt.o               46
    ------------------------------------------------------
    Total:                  692

rt7M_tl.a: [5]
    XXexit.o                 12
    cexit.o                  10
    cmain.o                  26
    cstartup_M.o             12
    data_init.o              40
    zero_init3.o             64
    ------------------------------------------------------
    Total:                  164

    Gaps                      8
    Linker created            8                19
----------------------------------------------------------
    Grand Total:         11 596       80    2 048      381


*******************************************************************************
*** ENTRY LIST
***

Entry                      Address   Size  Type      Object
-----                      -------   ----  ----      ------
.bss$$Base              0x1fff0520          --   Gb  - Linker created -
.bss$$Limit             0x1fff05e0          --   Gb  - Linker created -
.data$$Base             0x1fff0410          --   Gb  - Linker created -
.data$$Limit            0x1fff04d0          --   Gb  - Linker created -
.data_init$$Base        0x0000b0ac          --   Gb  - Linker created -
.data_init$$Limit       0x0000b16c          --   Gb  - Linker created -
.iar.init_table$$Base   0x0000b4e8          --   Gb  - Linker created -
.iar.init_table$$Limit  0x0000b4f8          --   Gb  - Linker created -
?main                   0x0000b4f9         Code  Gb  cmain.o [5]
ADCN                    0x1fff0410    0x8  Data  Gb  MK60_adc.o [1]
ADC_Init                0x00009af9   0x1c  Code  Gb  inductance.o [1]
ADC_Weight_Init         0x00009c1f   0xae  Code  Gb  inductance.o [1]
ASSERT_FAILED_STR       0x0000b484   0x3c  Data  Gb  MK60_conf.o [1]
CodeRelocate$$Base      0x0000b3f4          --   Gb  - Linker created -
CodeRelocate$$Limit     0x0000b444          --   Gb  - Linker created -
CodeRelocateRam$$Base   0x1fff04d0          --   Gb  - Linker created -
CodeRelocateRam$$Limit  0x1fff0520          --   Gb  - Linker created -
Direction               0x1fff05c0    0x4  Data  Gb  data.o [1]
Direction_Control       0x00009eef   0x90  Code  Gb  inductance.o [1]
FTMN                    0x1fff0418   0x10  Data  Gb  MK60_ftm.o [1]
FTM_port_mux            0x00009521  0x1ac  Code  Lc  MK60_ftm.o [1]
GPIOX                   0x1fff0428   0x14  Data  Gb  MK60_gpio.o [1]
Get_AD_Value            0x00009ccd  0x222  Code  Gb  inductance.o [1]
Get_MaxMin_AD_Value     0x00009b15  0x10a  Code  Gb  inductance.o [1]
Get_Motor_Speed         0x0000a8a3   0x24  Code  Gb  motor.o [1]
Get_Motor_Speed_Init    0x0000a893   0x10  Code  Gb  motor.o [1]
Get_System_Ready        0x0000afc1    0xc  Code  Gb  Car_System.o [1]
ILI9325_get_h           0x00008b9f    0x6  Code  Gb  VCAN_LCD_ILI9325.o [1]
ILI9325_get_w           0x00008ba5    0x6  Code  Gb  VCAN_LCD_ILI9325.o [1]
LCD_Char_CH             0x00009349   0xbc  Code  Gb  VCAN_LCD_CH.o [1]
LCD_ILI9325_dir         0x000088cf   0xf4  Code  Gb  VCAN_LCD_ILI9325.o [1]
LCD_ILI9325_init        0x00008419  0x4b6  Code  Gb  VCAN_LCD_ILI9325.o [1]
LCD_ILI9325_ptlon       0x000089c3  0x1dc  Code  Gb  VCAN_LCD_ILI9325.o [1]
LCD_Str_ENCH            0x00009405  0x114  Code  Gb  VCAN_LCD_CH.o [1]
LCD_char                0x00009283   0xba  Code  Gb  VCAN_LCD.o [1]
LCD_rectangle           0x0000924d   0x36  Code  Gb  VCAN_LCD.o [1]
LED_PTxn                0x1fff04c4    0x4  Data  Gb  VCAN_LED.o [1]
Left_Speed              0x1fff0520   0x24  Data  Gb  data.o [1]
Main_Control_Interrupt  0x0000afcd   0x1c  Code  Gb  Car_System.o [1]
Motor_Control           0x0000a65d   0x6c  Code  Gb  motor.o [1]
Motor_Init              0x0000a625   0x38  Code  Gb  motor.o [1]
Motor_PID               0x0000a72b  0x168  Code  Gb  motor.o [1]
Motor_PID_Init          0x0000a6c9   0x62  Code  Gb  motor.o [1]
OLED_DLY_ms             0x0000ac95   0x18  Code  Gb  OLED.o [1]
OLED_Fill               0x0000ac55   0x40  Code  Gb  OLED.o [1]
OLED_Init               0x0000acad   0xf8  Code  Gb  OLED.o [1]
OLED_Set_Pos            0x0000ac2b   0x2a  Code  Gb  OLED.o [1]
OLED_WrCmd              0x0000abe1   0x4a  Code  Gb  OLED.o [1]
OLED_WrDat              0x0000ab91   0x4e  Code  Gb  OLED.o [1]
PORTX                   0x1fff0498   0x14  Data  Gb  MK60_port.o [1]
Region$$Table$$Base     0x0000b4e8          --   Gb  - Linker created -
Region$$Table$$Limit    0x0000b4f8          --   Gb  - Linker created -
Reset_Handler           0x00008411         Code  Gb  startup_MK60DZ10.o [1]
Right_Speed             0x1fff0544   0x24  Data  Gb  data.o [1]
Road_Data               0x1fff0568   0x58  Data  Gb  data.o [1]
Stop_Car                0x0000afff   0x3a  Code  Gb  peripheral.o [1]
Stop_Car_Init           0x0000afe9   0x16  Code  Gb  peripheral.o [1]
System_Init             0x0000af8d   0x34  Code  Gb  Car_System.o [1]
UARTN                   0x1fff04ac   0x18  Data  Gb  MK60_uart.o [1]
__BOOT_STACK_ADDRESS {Abs}
                        0x2000fff8         Data  Gb  command line/config [2]
__VECTOR_RAM {Abs}      0x1fff0000         Data  Gb  command line/config [2]
__VECTOR_TABLE {Abs}    0x00008000         Data  Gb  command line/config [2]
__aeabi_f2iz            0x0000ab4d         Code  Gb  FltToS32.o [4]
__aeabi_fadd            0x0000aac9         Code  Gb  FltAdd.o [4]
__aeabi_fmul            0x0000a9f1         Code  Gb  FltMul.o [4]
__aeabi_fsub            0x0000a909         Code  Gb  FltSub.o [4]
__aeabi_i2f             0x0000a8d9         Code  Gb  I32ToFlt.o [4]
__cmain                 0x0000b4f9         Code  Gb  cmain.o [5]
__code_start__ {Abs}    0x00008410         Data  Gb  command line/config [2]
__exit                  0x0000b529         Code  Gb  XXexit.o [5]
__iar_data_init3        0x0000b4c1   0x28  Code  Gb  data_init.o [5]
__iar_fadd              0x0000aad9         Code  Gb  FltAdd.o [4]
__iar_fsub              0x0000a919         Code  Gb  FltSub.o [4]
__iar_fsubStart         0x0000a929         Code  Gb  FltSub.o [4]
__iar_program_start     0x0000b535         Code  Gb  cstartup_M.o [5]
__iar_ui2f              0x0000a8ed         Code  Gb  I32ToFlt.o [4]
__iar_zero_init3        0x0000b445   0x40  Code  Gb  zero_init3.o [5]
__low_level_init        0x0000b513    0x4  Code  Gb  low_level_init.o [3]
__vector_table          0x00008000  0x410  Data  Gb  vectors.o [1]
_call_main              0x0000b505         Code  Gb  cmain.o [5]
_exit                   0x0000b51d         Code  Gb  cexit.o [5]
_main                   0x0000b50f         Code  Gb  cmain.o [5]
adc_init                0x00009f91  0x20e  Code  Gb  MK60_adc.o [1]
adc_once                0x0000a19f   0x50  Code  Gb  MK60_adc.o [1]
adc_start               0x0000a1ef   0x44  Code  Lc  MK60_adc.o [1]
assert_failed           0x00008eb1   0x42  Code  Gb  MK60_conf.o [1]
bus_clk_khz             0x1fff05dc    0x4  Data  Gb  system_MK60DZ10.o [1]
common_startup          0x0000ae1b   0x98  Code  Gb  system_MK60DZ10.o [1]
core_clk_khz            0x1fff05d4    0x4  Data  Gb  system_MK60DZ10.o [1]
core_clk_mhz            0x1fff05d8    0x4  Data  Gb  system_MK60DZ10.o [1]
default_isr             0x00008f09   0x68  Code  Gb  MK60_conf.o [1]
enter_fputc             0x00008ef5   0x14  Code  Gb  MK60_conf.o [1]
exit                    0x0000b517    0x4  Code  Gb  exit.o [3]
flexbus_8080_init       0x00008d4d  0x114  Code  Gb  MK60_flexbus.o [1]
ftm_mod                 0x1fff05c4   0x10  Data  Lc  MK60_ftm.o [1]
ftm_pwm_duty            0x00009877  0x10e  Code  Gb  MK60_ftm.o [1]
ftm_pwm_init            0x000096cd  0x1aa  Code  Gb  MK60_ftm.o [1]
ftm_quad_clean          0x00009ab7   0x28  Code  Gb  MK60_ftm.o [1]
ftm_quad_get            0x00009a8b   0x2c  Code  Gb  MK60_ftm.o [1]
ftm_quad_init           0x00009985  0x106  Code  Gb  MK60_ftm.o [1]
gpio_get                0x00008ca7   0x3a  Code  Gb  MK60_gpio.o [1]
gpio_init               0x00008bc1   0xae  Code  Gb  MK60_gpio.o [1]
gpio_turn               0x00008c6f   0x38  Code  Gb  MK60_gpio.o [1]
hardfault_isr           0x00008f8d    0x8  Code  Gb  MK60_conf.o [1]
ili9325_dir             0x1fff04cc    0x1  Data  Gb  VCAN_LCD_ILI9325.o [1]
ili9325_h               0x1fff04c8    0x2  Data  Gb  VCAN_LCD_ILI9325.o [1]
ili9325_w               0x1fff04ca    0x2  Data  Gb  VCAN_LCD_ILI9325.o [1]
led_init                0x00008f95   0x3a  Code  Gb  VCAN_LED.o [1]
led_turn                0x00008fcf   0x32  Code  Gb  VCAN_LED.o [1]
lptmr_time_close        0x0000b095    0x8  Code  Gb  MK60_lptmr.o [1]
lptmr_time_start_ms     0x0000b06d   0x28  Code  Gb  MK60_lptmr.o [1]
lptmr_timing_ms         0x0000b041   0x2c  Code  Gb  MK60_lptmr.o [1]
main                    0x0000af31    0xc  Code  Gb  main.o [1]
mcg_cfg                 0x1fff043c   0x58  Data  Gb  MK60_mcg.o [1]
mcg_div                 0x1fff0494    0x4  Data  Gb  MK60_mcg.o [1]
mcg_div_count           0x0000a251  0x304  Code  Gb  MK60_mcg.o [1]
pll_init                0x0000a555   0xb2  Code  Gb  MK60_mcg.o [1]
port_init               0x00008e61   0x48  Code  Gb  MK60_port.o [1]
set_sys_dividers        0x1fff04d1   0x50  Code  Gb  MK60_mcg.o [1]
set_vector_handler      0x0000af5f   0x22  Code  Gb  misc.o [1]
start                   0x0000adb5   0x2a  Code  Gb  system_MK60DZ10.o [1]
sysinit                 0x0000addf   0x3c  Code  Gb  system_MK60DZ10.o [1]
systick_delay           0x00008ce9   0x36  Code  Gb  MK60_SysTick.o [1]
systick_delay_ms        0x00008d1f   0x18  Code  Gb  MK60_SysTick.o [1]
uart_init               0x00009005  0x214  Code  Gb  MK60_uart.o [1]
uart_putchar            0x00009219   0x1a  Code  Gb  MK60_uart.o [1]
wdog_disable            0x0000aef1   0x16  Code  Gb  MK60_wdog.o [1]
wdog_unlock             0x0000af07   0x20  Code  Lc  MK60_wdog.o [1]
write_vtor              0x0000af3d   0x22  Code  Gb  misc.o [1]


[1] = D:\Administrator\Documents\单片机学习\Powered by ZZS\2017赛季\控制程序\第一版20170202\Prj\IAR\FN15_Debug\Obj
[2] = command line
[3] = dl7M_tln.a
[4] = m7M_tl.a
[5] = rt7M_tl.a

  11 596 bytes of readonly  code memory
      80 bytes of readwrite code memory
   2 048 bytes of readonly  data memory
     381 bytes of readwrite data memory

Errors: none
Warnings: none
