###############################################################################
#
# IAR ELF Linker V7.80.4.12462/W32 for ARM                17/Jul/2017  15:04:39
# Copyright 2007-2017 IAR Systems AB.
#
#    Output file  =  
#        D:\m1899\Documents\项目与比赛\2017NXP智能车\控制程序\第一版20170202\Prj\IAR\FN15_Debug\Exe\vcan_Kinetis.out
#    Map file     =  
#        D:\m1899\Documents\项目与比赛\2017NXP智能车\控制程序\第一版20170202\Prj\IAR\FN15_Debug\List\vcan_Kinetis.map
#    Command line =  
#        D:\m1899\Documents\项目与比赛\2017NXP智能车\控制程序\第一版20170202\Prj\IAR\FN15_Debug\Obj\Car_System.o
#        D:\m1899\Documents\项目与比赛\2017NXP智能车\控制程序\第一版20170202\Prj\IAR\FN15_Debug\Obj\data.o
#        D:\m1899\Documents\项目与比赛\2017NXP智能车\控制程序\第一版20170202\Prj\IAR\FN15_Debug\Obj\diskio.o
#        D:\m1899\Documents\项目与比赛\2017NXP智能车\控制程序\第一版20170202\Prj\IAR\FN15_Debug\Obj\ff.o
#        D:\m1899\Documents\项目与比赛\2017NXP智能车\控制程序\第一版20170202\Prj\IAR\FN15_Debug\Obj\inductance.o
#        D:\m1899\Documents\项目与比赛\2017NXP智能车\控制程序\第一版20170202\Prj\IAR\FN15_Debug\Obj\misc.o
#        D:\m1899\Documents\项目与比赛\2017NXP智能车\控制程序\第一版20170202\Prj\IAR\FN15_Debug\Obj\MK60_adc.o
#        D:\m1899\Documents\项目与比赛\2017NXP智能车\控制程序\第一版20170202\Prj\IAR\FN15_Debug\Obj\MK60_can.o
#        D:\m1899\Documents\项目与比赛\2017NXP智能车\控制程序\第一版20170202\Prj\IAR\FN15_Debug\Obj\MK60_conf.o
#        D:\m1899\Documents\项目与比赛\2017NXP智能车\控制程序\第一版20170202\Prj\IAR\FN15_Debug\Obj\MK60_dac.o
#        D:\m1899\Documents\项目与比赛\2017NXP智能车\控制程序\第一版20170202\Prj\IAR\FN15_Debug\Obj\MK60_dma.o
#        D:\m1899\Documents\项目与比赛\2017NXP智能车\控制程序\第一版20170202\Prj\IAR\FN15_Debug\Obj\MK60_DWT.o
#        D:\m1899\Documents\项目与比赛\2017NXP智能车\控制程序\第一版20170202\Prj\IAR\FN15_Debug\Obj\MK60_flexbus.o
#        D:\m1899\Documents\项目与比赛\2017NXP智能车\控制程序\第一版20170202\Prj\IAR\FN15_Debug\Obj\MK60_ftm.o
#        D:\m1899\Documents\项目与比赛\2017NXP智能车\控制程序\第一版20170202\Prj\IAR\FN15_Debug\Obj\MK60_gpio.o
#        D:\m1899\Documents\项目与比赛\2017NXP智能车\控制程序\第一版20170202\Prj\IAR\FN15_Debug\Obj\MK60_i2c.o
#        D:\m1899\Documents\项目与比赛\2017NXP智能车\控制程序\第一版20170202\Prj\IAR\FN15_Debug\Obj\MK60_it.o
#        D:\m1899\Documents\项目与比赛\2017NXP智能车\控制程序\第一版20170202\Prj\IAR\FN15_Debug\Obj\MK60_lptmr.o
#        D:\m1899\Documents\项目与比赛\2017NXP智能车\控制程序\第一版20170202\Prj\IAR\FN15_Debug\Obj\MK60_mcg.o
#        D:\m1899\Documents\项目与比赛\2017NXP智能车\控制程序\第一版20170202\Prj\IAR\FN15_Debug\Obj\MK60_PIT.o
#        D:\m1899\Documents\项目与比赛\2017NXP智能车\控制程序\第一版20170202\Prj\IAR\FN15_Debug\Obj\MK60_port.o
#        D:\m1899\Documents\项目与比赛\2017NXP智能车\控制程序\第一版20170202\Prj\IAR\FN15_Debug\Obj\MK60_rtc.o
#        D:\m1899\Documents\项目与比赛\2017NXP智能车\控制程序\第一版20170202\Prj\IAR\FN15_Debug\Obj\MK60_sdhc.o
#        D:\m1899\Documents\项目与比赛\2017NXP智能车\控制程序\第一版20170202\Prj\IAR\FN15_Debug\Obj\MK60_spi.o
#        D:\m1899\Documents\项目与比赛\2017NXP智能车\控制程序\第一版20170202\Prj\IAR\FN15_Debug\Obj\MK60_SysTick.o
#        D:\m1899\Documents\项目与比赛\2017NXP智能车\控制程序\第一版20170202\Prj\IAR\FN15_Debug\Obj\MK60_uart.o
#        D:\m1899\Documents\项目与比赛\2017NXP智能车\控制程序\第一版20170202\Prj\IAR\FN15_Debug\Obj\MK60_usb.o
#        D:\m1899\Documents\项目与比赛\2017NXP智能车\控制程序\第一版20170202\Prj\IAR\FN15_Debug\Obj\MK60_wdog.o
#        D:\m1899\Documents\项目与比赛\2017NXP智能车\控制程序\第一版20170202\Prj\IAR\FN15_Debug\Obj\motor.o
#        D:\m1899\Documents\项目与比赛\2017NXP智能车\控制程序\第一版20170202\Prj\IAR\FN15_Debug\Obj\OLED.o
#        D:\m1899\Documents\项目与比赛\2017NXP智能车\控制程序\第一版20170202\Prj\IAR\FN15_Debug\Obj\peripheral.o
#        D:\m1899\Documents\项目与比赛\2017NXP智能车\控制程序\第一版20170202\Prj\IAR\FN15_Debug\Obj\startup_MK60DZ10.o
#        D:\m1899\Documents\项目与比赛\2017NXP智能车\控制程序\第一版20170202\Prj\IAR\FN15_Debug\Obj\system_MK60DZ10.o
#        D:\m1899\Documents\项目与比赛\2017NXP智能车\控制程序\第一版20170202\Prj\IAR\FN15_Debug\Obj\USB.o
#        D:\m1899\Documents\项目与比赛\2017NXP智能车\控制程序\第一版20170202\Prj\IAR\FN15_Debug\Obj\USB_CDC.o
#        D:\m1899\Documents\项目与比赛\2017NXP智能车\控制程序\第一版20170202\Prj\IAR\FN15_Debug\Obj\VCAN_ASCII.o
#        D:\m1899\Documents\项目与比赛\2017NXP智能车\控制程序\第一版20170202\Prj\IAR\FN15_Debug\Obj\VCAN_BMP.o
#        D:\m1899\Documents\项目与比赛\2017NXP智能车\控制程序\第一版20170202\Prj\IAR\FN15_Debug\Obj\VCAN_camera.o
#        D:\m1899\Documents\项目与比赛\2017NXP智能车\控制程序\第一版20170202\Prj\IAR\FN15_Debug\Obj\VCAN_computer.o
#        D:\m1899\Documents\项目与比赛\2017NXP智能车\控制程序\第一版20170202\Prj\IAR\FN15_Debug\Obj\vcan_img2sd.o
#        D:\m1899\Documents\项目与比赛\2017NXP智能车\控制程序\第一版20170202\Prj\IAR\FN15_Debug\Obj\VCAN_key.o
#        D:\m1899\Documents\项目与比赛\2017NXP智能车\控制程序\第一版20170202\Prj\IAR\FN15_Debug\Obj\VCAN_key_event.o
#        D:\m1899\Documents\项目与比赛\2017NXP智能车\控制程序\第一版20170202\Prj\IAR\FN15_Debug\Obj\VCAN_LCD.o
#        D:\m1899\Documents\项目与比赛\2017NXP智能车\控制程序\第一版20170202\Prj\IAR\FN15_Debug\Obj\VCAN_LCD_CH.o
#        D:\m1899\Documents\项目与比赛\2017NXP智能车\控制程序\第一版20170202\Prj\IAR\FN15_Debug\Obj\VCAN_LCD_ILI9325.o
#        D:\m1899\Documents\项目与比赛\2017NXP智能车\控制程序\第一版20170202\Prj\IAR\FN15_Debug\Obj\VCAN_LCD_ILI9341.o
#        D:\m1899\Documents\项目与比赛\2017NXP智能车\控制程序\第一版20170202\Prj\IAR\FN15_Debug\Obj\VCAN_LCD_ST7735R.o
#        D:\m1899\Documents\项目与比赛\2017NXP智能车\控制程序\第一版20170202\Prj\IAR\FN15_Debug\Obj\VCAN_LCD_ST7735S.o
#        D:\m1899\Documents\项目与比赛\2017NXP智能车\控制程序\第一版20170202\Prj\IAR\FN15_Debug\Obj\VCAN_LED.o
#        D:\m1899\Documents\项目与比赛\2017NXP智能车\控制程序\第一版20170202\Prj\IAR\FN15_Debug\Obj\VCAN_MMA7455.o
#        D:\m1899\Documents\项目与比赛\2017NXP智能车\控制程序\第一版20170202\Prj\IAR\FN15_Debug\Obj\VCAN_NRF24L0.o
#        D:\m1899\Documents\项目与比赛\2017NXP智能车\控制程序\第一版20170202\Prj\IAR\FN15_Debug\Obj\VCAN_NRF24L0_MSG.o
#        D:\m1899\Documents\项目与比赛\2017NXP智能车\控制程序\第一版20170202\Prj\IAR\FN15_Debug\Obj\VCAN_OV7725_Eagle.o
#        D:\m1899\Documents\项目与比赛\2017NXP智能车\控制程序\第一版20170202\Prj\IAR\FN15_Debug\Obj\VCAN_OV7725_Wolf.o
#        D:\m1899\Documents\项目与比赛\2017NXP智能车\控制程序\第一版20170202\Prj\IAR\FN15_Debug\Obj\VCAN_RTC_count.o
#        D:\m1899\Documents\项目与比赛\2017NXP智能车\控制程序\第一版20170202\Prj\IAR\FN15_Debug\Obj\VCAN_SCCB.o
#        D:\m1899\Documents\项目与比赛\2017NXP智能车\控制程序\第一版20170202\Prj\IAR\FN15_Debug\Obj\vcan_sd_app.o
#        D:\m1899\Documents\项目与比赛\2017NXP智能车\控制程序\第一版20170202\Prj\IAR\FN15_Debug\Obj\Vcan_touch.o
#        D:\m1899\Documents\项目与比赛\2017NXP智能车\控制程序\第一版20170202\Prj\IAR\FN15_Debug\Obj\VCAN_TSL1401.o
#        D:\m1899\Documents\项目与比赛\2017NXP智能车\控制程序\第一版20170202\Prj\IAR\FN15_Debug\Obj\VCAN_UI_VAR.o
#        D:\m1899\Documents\项目与比赛\2017NXP智能车\控制程序\第一版20170202\Prj\IAR\FN15_Debug\Obj\vectors.o
#        -o
#        D:\m1899\Documents\项目与比赛\2017NXP智能车\控制程序\第一版20170202\Prj\IAR\FN15_Debug\Exe\vcan_Kinetis.out
#        --map
#        D:\m1899\Documents\项目与比赛\2017NXP智能车\控制程序\第一版20170202\Prj\IAR\FN15_Debug\List\vcan_Kinetis.map
#        --config
#        "D:\m1899\Documents\项目与比赛\2017NXP智能车\控制程序\第一版20170202\Prj\IAR\config
#        files\vcan_ROM_K60N1M.icf"
#        D:\m1899\Documents\项目与比赛\2017NXP智能车\控制程序\第一版20170202\Prj\IAR\..\..\Lib\CMSIS\iar_cortexM4l_math.a
#        --entry __iar_program_start --vfe
#
###############################################################################

*******************************************************************************
*** RUNTIME MODEL ATTRIBUTES
***

CppFlavor       = *
__SystemLibrary = DLib


*******************************************************************************
*** PLACEMENT SUMMARY
***

"A0":  place at 0x00008000 { ro section .intvec };
"A1":  place at 0x00008410 { ro section .noinit };
"P1":  place in [from 0x00008000 to 0x00080000] { ro, block CodeRelocate };
"P2":  place in [from 0x1fff0410 to 0x20010000] {
          rw, block CodeRelocateRam, block CSTACK, block HEAP };
initialize manually with packing = copy, complex ranges { section .data };
initialize manually with packing = copy, complex ranges { section .textrw };

  Section              Kind        Address    Size  Object
  -------              ----        -------    ----  ------
"A0":                                        0x410
  .intvec              const    0x00008000   0x410  vectors.o [1]
                              - 0x00008410   0x410

"A1":                                          0x8
  .noinit              ro code  0x00008410     0x8  startup_MK60DZ10.o [1]
                              - 0x00008418     0x8

"P1":                                       0x5128
  .text                ro code  0x00008418   0x8dc  peripheral.o [1]
  .text                ro code  0x00008cf4   0x19c  MK60_gpio.o [1]
  .text                ro code  0x00008e90    0x40  VCAN_computer.o [1]
  .text                ro code  0x00008ed0   0x2f4  MK60_uart.o [1]
  .text                ro code  0x000091c4    0xac  VCAN_LED.o [1]
  .text                ro code  0x00009270    0x10  peripheral.o [1]
  .text                ro code  0x00009280    0x4e  FltToDbl.o [4]
  .rodata              const    0x000092ce     0x2  VCAN_computer.o [1]
  .text                ro code  0x000092d0    0xe8  DblAdd.o [4]
  .text                ro code  0x000093b8    0x90  DblToFlt.o [4]
  .text                ro code  0x00009448   0x4bc  OLED.o [1]
  .text                ro code  0x00009904    0x64  MK60_SysTick.o [1]
  .text                ro code  0x00009968   0x308  motor.o [1]
  .text                ro code  0x00009c70    0x50  MK60_port.o [1]
  .text                ro code  0x00009cc0   0x134  MK60_conf.o [1]
  .text                ro code  0x00009df4    0x2e  strstr.o [3]
  .rodata              const    0x00009e22     0x2  VCAN_computer.o [1]
  .text                ro code  0x00009e24   0x16c  DblSub.o [4]
  .text                ro code  0x00009f90   0x4c8  MK60_ftm.o [1]
  .text                ro code  0x0000a458    0x2c  I32ToDbl.o [4]
  .text                ro code  0x0000a484   0x1a2  DblMul.o [4]
  .text                ro code  0x0000a628    0x4c  DblToI32.o [4]
  .text                ro code  0x0000a674   0x7a8  VCAN_LCD_ILI9325.o [1]
  .text                ro code  0x0000ae1c    0xfc  VCAN_LCD.o [1]
  .text                ro code  0x0000af18   0x1d8  VCAN_LCD_CH.o [1]
  .text                ro code  0x0000b0f0    0x16  strchr.o [5]
  .text                ro code  0x0000b108   0x114  MK60_flexbus.o [1]
  .rodata              const    0x0000b21c   0x834  OLED.o [1]
  .rodata              const    0x0000ba50   0x5f0  OLED.o [1]
  .text                ro code  0x0000c040   0x434  inductance.o [1]
  .text                ro code  0x0000c474   0x2b8  MK60_adc.o [1]
  Veneer               ro code  0x0000c72c     0x8  - Linker created -
  .text                ro code  0x0000c734   0x3d4  MK60_mcg.o [1]
  .text                ro code  0x0000cb08   0x168  Car_System.o [1]
  .text                ro code  0x0000cc70    0x3c  MK60_lptmr.o [1]
  .text                ro code  0x0000ccac    0x50  misc.o [1]
  .text                ro code  0x0000ccfc   0x144  system_MK60DZ10.o [1]
  .text                ro code  0x0000ce40    0x40  MK60_wdog.o [1]
  .data_init                    0x0000ce80    0xc0  <Block>
    Initializer bytes  const    0x0000ce80    0xc0  <for .data-1>
  .rodata              const    0x0000cf40    0x98  OLED.o [1]
  .rodata              const    0x0000cfd8    0x5c  MK60_gpio.o [1]
  .rodata              const    0x0000d034    0x5c  MK60_SysTick.o [1]
  .rodata              const    0x0000d090    0x5c  MK60_uart.o [1]
  .rodata              const    0x0000d0ec    0x58  MK60_adc.o [1]
  .rodata              const    0x0000d144    0x58  MK60_ftm.o [1]
  .rodata              const    0x0000d19c    0x54  misc.o [1]
  CodeRelocate                  0x0000d1f0    0x50  <Block>
    Initializer bytes  const    0x0000d1f0    0x50  <for CodeRelocateRam-1>
  .text                ro code  0x0000d240    0x40  zero_init3.o [5]
  .rodata              const    0x0000d280    0x3c  MK60_conf.o [1]
  .text                ro code  0x0000d2bc    0x28  data_init.o [5]
  .text                ro code  0x0000d2e4    0x22  fpinit_M.o [4]
  .iar.init_table      const    0x0000d308    0x10  - Linker created -
  .text                ro code  0x0000d318    0x1a  cmain.o [5]
  .text                ro code  0x0000d332     0x4  low_level_init.o [3]
  .text                ro code  0x0000d336     0x4  exit.o [3]
  .text                ro code  0x0000d33c     0xa  cexit.o [5]
  .text                ro code  0x0000d348     0xc  XXexit.o [5]
  .rodata              const    0x0000d354    0x18  peripheral.o [1]
  .rodata              const    0x0000d36c    0x18  peripheral.o [1]
  .rodata              const    0x0000d384    0x14  peripheral.o [1]
  .rodata              const    0x0000d398    0x10  peripheral.o [1]
  .rodata              const    0x0000d3a8    0x10  peripheral.o [1]
  .rodata              const    0x0000d3b8    0x10  peripheral.o [1]
  .rodata              const    0x0000d3c8    0x10  peripheral.o [1]
  .rodata              const    0x0000d3d8    0x10  peripheral.o [1]
  .rodata              const    0x0000d3e8    0x10  peripheral.o [1]
  .rodata              const    0x0000d3f8    0x10  peripheral.o [1]
  .rodata              const    0x0000d408     0xc  peripheral.o [1]
  .rodata              const    0x0000d414     0xc  peripheral.o [1]
  .rodata              const    0x0000d420     0xc  peripheral.o [1]
  .rodata              const    0x0000d42c     0xc  peripheral.o [1]
  .rodata              const    0x0000d438     0xc  peripheral.o [1]
  .rodata              const    0x0000d444     0xc  peripheral.o [1]
  .rodata              const    0x0000d450     0xc  peripheral.o [1]
  .rodata              const    0x0000d45c     0xc  peripheral.o [1]
  .rodata              const    0x0000d468     0xc  peripheral.o [1]
  .rodata              const    0x0000d474     0xc  peripheral.o [1]
  .rodata              const    0x0000d480     0xc  peripheral.o [1]
  .rodata              const    0x0000d48c     0xc  peripheral.o [1]
  .rodata              const    0x0000d498     0xc  peripheral.o [1]
  .rodata              const    0x0000d4a4     0xc  peripheral.o [1]
  .text                ro code  0x0000d4b0     0xc  cstartup_M.o [5]
  .rodata              const    0x0000d4bc     0x8  MK60_conf.o [1]
  .rodata              const    0x0000d4c4     0x8  peripheral.o [1]
  .rodata              const    0x0000d4cc     0x8  peripheral.o [1]
  .rodata              const    0x0000d4d4     0x8  peripheral.o [1]
  .rodata              const    0x0000d4dc     0x8  peripheral.o [1]
  .rodata              const    0x0000d4e4     0x8  peripheral.o [1]
  .rodata              const    0x0000d4ec     0x8  peripheral.o [1]
  .rodata              const    0x0000d4f4     0x8  peripheral.o [1]
  .rodata              const    0x0000d4fc     0x8  peripheral.o [1]
  .rodata              const    0x0000d504     0x8  peripheral.o [1]
  .rodata              const    0x0000d50c     0x8  peripheral.o [1]
  .rodata              const    0x0000d514     0x8  peripheral.o [1]
  .rodata              const    0x0000d51c     0x8  peripheral.o [1]
  .rodata              const    0x0000d524     0x8  peripheral.o [1]
  .rodata              const    0x0000d52c     0x8  peripheral.o [1]
  .rodata              const    0x0000d534     0x4  MK60_conf.o [1]
  .rodata              const    0x0000d538     0x4  VCAN_LCD.o [1]
  .rodata              const    0x0000d53c     0x4  VCAN_LCD_CH.o [1]
  .rodata              const    0x0000d540     0x0  zero_init3.o [5]
                              - 0x0000d540  0x5128

"P2", part 1 of 2:                           0x110
  .data                         0x1fff0410    0xc0  <Block>
    .data-1                     0x1fff0410    0xbd  <Init block>
      .data            inited   0x1fff0410     0x8  MK60_adc.o [1]
      .data            inited   0x1fff0418    0x10  MK60_ftm.o [1]
      .data            inited   0x1fff0428    0x14  MK60_gpio.o [1]
      .data            inited   0x1fff043c    0x58  MK60_mcg.o [1]
      .data            inited   0x1fff0494     0x4  MK60_mcg.o [1]
      .data            inited   0x1fff0498    0x14  MK60_port.o [1]
      .data            inited   0x1fff04ac    0x18  MK60_uart.o [1]
      .data            inited   0x1fff04c4     0x4  VCAN_LED.o [1]
      .data            inited   0x1fff04c8     0x2  VCAN_LCD_ILI9325.o [1]
      .data            inited   0x1fff04ca     0x2  VCAN_LCD_ILI9325.o [1]
      .data            inited   0x1fff04cc     0x1  VCAN_LCD_ILI9325.o [1]
  CodeRelocateRam               0x1fff04d0    0x50  <Block>
    CodeRelocateRam-1           0x1fff04d0    0x50  <Init block>
      .textrw          inited   0x1fff04d0    0x50  MK60_mcg.o [1]
                              - 0x1fff0520   0x110

"P2", part 2 of 2:                           0x134
  .bss                          0x1fff0520   0x134  <Block>
    .bss               zero     0x1fff0520    0x3c  data.o [1]
    .bss               zero     0x1fff055c    0x84  data.o [1]
    .bss               zero     0x1fff05e0    0x24  data.o [1]
    .bss               zero     0x1fff0604    0x34  data.o [1]
    .bss               zero     0x1fff0638    0x10  MK60_ftm.o [1]
    .bss               zero     0x1fff0648     0x4  system_MK60DZ10.o [1]
    .bss               zero     0x1fff064c     0x4  system_MK60DZ10.o [1]
    .bss               zero     0x1fff0650     0x4  system_MK60DZ10.o [1]
                              - 0x1fff0654   0x134


*******************************************************************************
*** INIT TABLE
***

          Address     Size
          -------     ----
Zero (__iar_zero_init3)
    1 destination range, total size 0x134:
          0x1fff0520  0x134



*******************************************************************************
*** MODULE SUMMARY
***

    Module              ro code  rw code  ro data  rw data
    ------              -------  -------  -------  -------
D:\m1899\Documents\项目与比赛\2017NXP智能车\控制程序\第一版20170202\Prj\IAR\FN15_Debug\Obj: [1]
    Car_System.o            360
    MK60_SysTick.o          100                92
    MK60_adc.o              696                96        8
    MK60_conf.o             308                72
    MK60_flexbus.o          276
    MK60_ftm.o            1 224               104       32
    MK60_gpio.o             412               112       20
    MK60_lptmr.o             60
    MK60_mcg.o              980       80      172       92
    MK60_port.o              80                20       20
    MK60_uart.o             756               116       24
    MK60_wdog.o              64
    OLED.o                1 212             3 772
    VCAN_LCD.o              252                 4
    VCAN_LCD_CH.o           472                 4
    VCAN_LCD_ILI9325.o    1 960                 5        5
    VCAN_LED.o              172                 4        4
    VCAN_computer.o          64                 4
    data.o                                             280
    inductance.o          1 076
    misc.o                   80                84
    motor.o                 776
    peripheral.o          2 284               460
    startup_MK60DZ10.o        8
    system_MK60DZ10.o       324                         12
    vectors.o                               1 040
    ------------------------------------------------------
    Total:               13 996       80    6 161      497

command line: [2]
    ------------------------------------------------------
    Total:

dl7M_tln.a: [3]
    exit.o                    4
    low_level_init.o          4
    strstr.o                 46
    ------------------------------------------------------
    Total:                   54

m7M_tls.a: [4]
    DblAdd.o                232
    DblMul.o                418
    DblSub.o                364
    DblToFlt.o              144
    DblToI32.o               76
    FltToDbl.o               78
    I32ToDbl.o               44
    fpinit_M.o               34
    ------------------------------------------------------
    Total:                1 390

rt7M_tl.a: [5]
    XXexit.o                 12
    cexit.o                  10
    cmain.o                  26
    cstartup_M.o             12
    data_init.o              40
    strchr.o                 22
    zero_init3.o             64
    ------------------------------------------------------
    Total:                  186

    Gaps                      8                 2
    Linker created            8                19
----------------------------------------------------------
    Grand Total:         15 642       80    6 182      497


*******************************************************************************
*** ENTRY LIST
***

Entry                      Address   Size  Type      Object
-----                      -------   ----  ----      ------
.bss$$Base              0x1fff0520          --   Gb  - Linker created -
.bss$$Limit             0x1fff0654          --   Gb  - Linker created -
.data$$Base             0x1fff0410          --   Gb  - Linker created -
.data$$Limit            0x1fff04d0          --   Gb  - Linker created -
.data_init$$Base        0x0000ce80          --   Gb  - Linker created -
.data_init$$Limit       0x0000cf40          --   Gb  - Linker created -
.iar.init_table$$Base   0x0000d308          --   Gb  - Linker created -
.iar.init_table$$Limit  0x0000d318          --   Gb  - Linker created -
?main                   0x0000d319         Code  Gb  cmain.o [5]
ADCN                    0x1fff0410    0x8  Data  Gb  MK60_adc.o [1]
ADC_Init                0x0000c041   0x22  Code  Gb  inductance.o [1]
ASSERT_FAILED_STR       0x0000d280   0x3c  Data  Gb  MK60_conf.o [1]
CodeRelocate$$Base      0x0000d1f0          --   Gb  - Linker created -
CodeRelocate$$Limit     0x0000d240          --   Gb  - Linker created -
CodeRelocateRam$$Base   0x1fff04d0          --   Gb  - Linker created -
CodeRelocateRam$$Limit  0x1fff0520          --   Gb  - Linker created -
DeBug_Interface         0x000088ad  0x204  Code  Gb  peripheral.o [1]
Debug_Init              0x00008ab1   0x24  Code  Gb  peripheral.o [1]
Direction               0x1fff05e0   0x24  Data  Gb  data.o [1]
Direction_Calculate     0x0000c1ed  0x1da  Code  Gb  inductance.o [1]
Direction_Control       0x0000c063   0x18  Code  Gb  inductance.o [1]
Direction_PID           0x0000c3c7   0x7a  Code  Gb  inductance.o [1]
F14x16                  0x0000b21c  0x834  Data  Gb  OLED.o [1]
F14x16_Idx              0x0000cf40   0x98  Data  Gb  OLED.o [1]
F8X16                   0x0000ba50  0x5f0  Data  Gb  OLED.o [1]
FTMN                    0x1fff0418   0x10  Data  Gb  MK60_ftm.o [1]
FTM_port_mux            0x00009f91  0x1ac  Code  Lc  MK60_ftm.o [1]
GPIOX                   0x1fff0428   0x14  Data  Gb  MK60_gpio.o [1]
Get_AD_Value            0x0000c07b  0x172  Code  Gb  inductance.o [1]
Get_Motor_Speed         0x00009ba7   0x48  Code  Gb  motor.o [1]
Get_Motor_Speed_Init    0x00009b97   0x10  Code  Gb  motor.o [1]
Get_System_Ready        0x0000cbb1   0x12  Code  Gb  Car_System.o [1]
ILI9325_get_h           0x0000adfb    0x6  Code  Gb  VCAN_LCD_ILI9325.o [1]
ILI9325_get_w           0x0000ae01    0x6  Code  Gb  VCAN_LCD_ILI9325.o [1]
Init_Key                0x0000870f   0x2c  Code  Gb  peripheral.o [1]
Init_System             0x0000cb31   0x44  Code  Gb  Car_System.o [1]
LCD_Char_CH             0x0000af19   0xbc  Code  Gb  VCAN_LCD_CH.o [1]
LCD_ILI9325_dir         0x0000ab2b   0xf4  Code  Gb  VCAN_LCD_ILI9325.o [1]
LCD_ILI9325_init        0x0000a675  0x4b6  Code  Gb  VCAN_LCD_ILI9325.o [1]
LCD_ILI9325_ptlon       0x0000ac1f  0x1dc  Code  Gb  VCAN_LCD_ILI9325.o [1]
LCD_Str_ENCH            0x0000afd5  0x114  Code  Gb  VCAN_LCD_CH.o [1]
LCD_char                0x0000ae53   0xba  Code  Gb  VCAN_LCD.o [1]
LCD_rectangle           0x0000ae1d   0x36  Code  Gb  VCAN_LCD.o [1]
LED_Interface           0x00008bdd   0x46  Code  Gb  peripheral.o [1]
LED_PTxn                0x1fff04c4    0x4  Data  Gb  VCAN_LED.o [1]
LPTMR_IRQHandler        0x0000cbc5   0x18  Code  Gb  Car_System.o [1]
Motor_Control           0x000099bd   0x3c  Code  Gb  motor.o [1]
Motor_Init              0x00009981   0x3c  Code  Gb  motor.o [1]
Motor_PID               0x00009a39  0x11a  Code  Gb  motor.o [1]
Motor_PID_Init          0x000099f9   0x40  Code  Gb  motor.o [1]
NVIC_DisableIRQ         0x0000cb1d   0x14  Code  Lc  Car_System.o [1]
NVIC_DisableIRQ         0x0000842f   0x16  Code  Lc  peripheral.o [1]
NVIC_EnableIRQ          0x0000cb09   0x14  Code  Lc  Car_System.o [1]
NVIC_EnableIRQ          0x00008419   0x16  Code  Lc  peripheral.o [1]
OLED_CLS                0x0000954d   0x3c  Code  Gb  OLED.o [1]
OLED_DLY_ms             0x00009589   0x18  Code  Gb  OLED.o [1]
OLED_Fill               0x0000950d   0x40  Code  Gb  OLED.o [1]
OLED_Init               0x000095a1   0xf8  Code  Gb  OLED.o [1]
OLED_Interface          0x0000873b  0x16c  Code  Gb  peripheral.o [1]
OLED_P14x16Str          0x00009747  0x134  Code  Gb  OLED.o [1]
OLED_P8x16Str           0x00009699   0xae  Code  Gb  OLED.o [1]
OLED_Print              0x0000987b   0x6c  Code  Gb  OLED.o [1]
OLED_Set_Pos            0x000094e3   0x2a  Code  Gb  OLED.o [1]
OLED_WrCmd              0x00009499   0x4a  Code  Gb  OLED.o [1]
OLED_WrDat              0x00009449   0x4e  Code  Gb  OLED.o [1]
PORTX                   0x1fff0498   0x14  Data  Gb  MK60_port.o [1]
Receive_Data            0x000084a3  0x26c  Code  Gb  peripheral.o [1]
Region$$Table$$Base     0x0000d308          --   Gb  - Linker created -
Region$$Table$$Limit    0x0000d318          --   Gb  - Linker created -
Reset_Handler           0x00008411         Code  Gb  startup_MK60DZ10.o [1]
Road_Data               0x1fff055c   0x84  Data  Gb  data.o [1]
Send_Data               0x00008453   0x50  Code  Gb  peripheral.o [1]
Service                 0x1fff0604   0x34  Data  Gb  data.o [1]
Set_User_Information    0x0000cb75   0x3c  Code  Gb  Car_System.o [1]
Speed                   0x1fff0520   0x3c  Data  Gb  data.o [1]
Speed_Chack             0x00009bef   0x6a  Code  Gb  motor.o [1]
Speed_Comput            0x00009b53   0x44  Code  Gb  motor.o [1]
Speed_Control           0x00009969   0x18  Code  Gb  motor.o [1]
Stop_Car_Init           0x00008445    0xe  Code  Gb  peripheral.o [1]
System_Error            0x00008ad9   0xe8  Code  Gb  peripheral.o [1]
UARTN                   0x1fff04ac   0x18  Data  Gb  MK60_uart.o [1]
__BOOT_STACK_ADDRESS {Abs}
                        0x2000fff8         Data  Gb  command line/config [2]
__VECTOR_RAM {Abs}      0x1fff0000         Data  Gb  command line/config [2]
__VECTOR_TABLE {Abs}    0x00008000         Data  Gb  command line/config [2]
__aeabi_d2f             0x000093b9         Code  Gb  DblToFlt.o [4]
__aeabi_d2iz            0x0000a629         Code  Gb  DblToI32.o [4]
__aeabi_dadd            0x000092d1         Code  Gb  DblAdd.o [4]
__aeabi_dmul            0x0000a485         Code  Gb  DblMul.o [4]
__aeabi_f2d             0x00009281         Code  Gb  FltToDbl.o [4]
__aeabi_i2d             0x0000a459         Code  Gb  I32ToDbl.o [4]
__cmain                 0x0000d319         Code  Gb  cmain.o [5]
__code_start__ {Abs}    0x00008410         Data  Gb  command line/config [2]
__exit                  0x0000d349         Code  Gb  XXexit.o [5]
__iar_Strchr            0x0000b0f1         Code  Gb  strchr.o [5]
__iar_Strstr            0x00009df5   0x2e  Code  Gb  strstr.o [3]
__iar_d2uiz             0x0000a655         Code  Gb  DblToI32.o [4]
__iar_dadd              0x000092e5         Code  Gb  DblAdd.o [4]
__iar_data_init3        0x0000d2bd   0x28  Code  Gb  data_init.o [5]
__iar_dsub              0x00009e25         Code  Gb  DblSub.o [4]
__iar_dsubStart         0x00009e37         Code  Gb  DblSub.o [4]
__iar_init_vfp          0x0000d2e5         Code  Gb  fpinit_M.o [4]
__iar_program_start     0x0000d4b1         Code  Gb  cstartup_M.o [5]
__iar_ui2d              0x0000a46d         Code  Gb  I32ToDbl.o [4]
__iar_zero_init3        0x0000d241   0x40  Code  Gb  zero_init3.o [5]
__low_level_init        0x0000d333    0x4  Code  Gb  low_level_init.o [3]
__vector_table          0x00008000  0x410  Data  Gb  vectors.o [1]
_call_main              0x0000d325         Code  Gb  cmain.o [5]
_exit                   0x0000d33d         Code  Gb  cexit.o [5]
_main                   0x0000d32f         Code  Gb  cmain.o [5]
adc_init                0x0000c475  0x20e  Code  Gb  MK60_adc.o [1]
adc_once                0x0000c683   0x50  Code  Gb  MK60_adc.o [1]
adc_start               0x0000c6d3   0x44  Code  Lc  MK60_adc.o [1]
assert_failed           0x00009cc1   0x7e  Code  Gb  MK60_conf.o [1]
bus_clk_khz             0x1fff0650    0x4  Data  Gb  system_MK60DZ10.o [1]
common_startup          0x0000cd6d   0x98  Code  Gb  system_MK60DZ10.o [1]
core_clk_khz            0x1fff0648    0x4  Data  Gb  system_MK60DZ10.o [1]
core_clk_mhz            0x1fff064c    0x4  Data  Gb  system_MK60DZ10.o [1]
default_isr             0x00009d55   0x70  Code  Gb  MK60_conf.o [1]
enter_fputc             0x00009d41   0x14  Code  Gb  MK60_conf.o [1]
exit                    0x0000d337    0x4  Code  Gb  exit.o [3]
flexbus_8080_init       0x0000b109  0x114  Code  Gb  MK60_flexbus.o [1]
ftm_mod                 0x1fff0638   0x10  Data  Lc  MK60_ftm.o [1]
ftm_pwm_init            0x0000a13d  0x1aa  Code  Gb  MK60_ftm.o [1]
ftm_quad_clean          0x0000a419   0x28  Code  Gb  MK60_ftm.o [1]
ftm_quad_get            0x0000a3ed   0x2c  Code  Gb  MK60_ftm.o [1]
ftm_quad_init           0x0000a2e7  0x106  Code  Gb  MK60_ftm.o [1]
gpio_get                0x00008e4d   0x3a  Code  Gb  MK60_gpio.o [1]
gpio_init               0x00008cf5   0xae  Code  Gb  MK60_gpio.o [1]
gpio_set                0x00008da3   0x72  Code  Gb  MK60_gpio.o [1]
gpio_turn               0x00008e15   0x38  Code  Gb  MK60_gpio.o [1]
hardfault_isr           0x00009ded    0x8  Code  Gb  MK60_conf.o [1]
hasToroid               0x0000c471    0x4  Code  Gb  inductance.o [1]
ili9325_dir             0x1fff04cc    0x1  Data  Gb  VCAN_LCD_ILI9325.o [1]
ili9325_h               0x1fff04c8    0x2  Data  Gb  VCAN_LCD_ILI9325.o [1]
ili9325_w               0x1fff04ca    0x2  Data  Gb  VCAN_LCD_ILI9325.o [1]
init_LED                0x00008bc1   0x1c  Code  Gb  peripheral.o [1]
led                     0x000091ff   0x3c  Code  Gb  VCAN_LED.o [1]
led_init                0x000091c5   0x3a  Code  Gb  VCAN_LED.o [1]
led_turn                0x0000923b   0x32  Code  Gb  VCAN_LED.o [1]
lptmr_timing_ms         0x0000cc71   0x2c  Code  Gb  MK60_lptmr.o [1]
main                    0x0000ccfd    0x2  Code  Gb  system_MK60DZ10.o [1]
mcg_cfg                 0x1fff043c   0x58  Data  Gb  MK60_mcg.o [1]
mcg_div                 0x1fff0494    0x4  Data  Gb  MK60_mcg.o [1]
mcg_div_count           0x0000c735  0x304  Code  Gb  MK60_mcg.o [1]
pll_init                0x0000ca39   0xb2  Code  Gb  MK60_mcg.o [1]
port_init               0x00009c71   0x48  Code  Gb  MK60_port.o [1]
set_sys_dividers        0x1fff04d1   0x50  Code  Gb  MK60_mcg.o [1]
set_vector_handler      0x0000cccf   0x22  Code  Gb  misc.o [1]
start                   0x0000ccff   0x32  Code  Gb  system_MK60DZ10.o [1]
strchr                  0x0000b0f1         Code  Gb  strchr.o [5]
strstr                  0x00009271   0x10  Code  Gb  peripheral.o [1]
sysinit                 0x0000cd31   0x3c  Code  Gb  system_MK60DZ10.o [1]
system_RunTime_Update   0x0000cbdd   0x7a  Code  Gb  Car_System.o [1]
systick_delay           0x00009905   0x36  Code  Gb  MK60_SysTick.o [1]
systick_delay_ms        0x0000993b   0x18  Code  Gb  MK60_SysTick.o [1]
uart_init               0x00008ed1  0x214  Code  Gb  MK60_uart.o [1]
uart_putbuff            0x00009185   0x26  Code  Gb  MK60_uart.o [1]
uart_putchar            0x0000916b   0x1a  Code  Gb  MK60_uart.o [1]
uart_querychar          0x000090e5   0x2a  Code  Gb  MK60_uart.o [1]
uart_querystr           0x0000910f   0x5c  Code  Gb  MK60_uart.o [1]
vcan_sendware           0x00008e91   0x38  Code  Gb  VCAN_computer.o [1]
wdog_disable            0x0000ce41   0x16  Code  Gb  MK60_wdog.o [1]
wdog_unlock             0x0000ce57   0x20  Code  Lc  MK60_wdog.o [1]
write_vtor              0x0000ccad   0x22  Code  Gb  misc.o [1]


[1] = D:\m1899\Documents\项目与比赛\2017NXP智能车\控制程序\第一版20170202\Prj\IAR\FN15_Debug\Obj
[2] = command line
[3] = dl7M_tln.a
[4] = m7M_tls.a
[5] = rt7M_tl.a

  15 642 bytes of readonly  code memory
      80 bytes of readwrite code memory
   6 182 bytes of readonly  data memory
     497 bytes of readwrite data memory

Errors: none
Warnings: none
