###############################################################################
#
# IAR ELF Linker V7.80.4.12462/W32 for ARM                08/Apr/2017  12:10:59
# Copyright 2007-2017 IAR Systems AB.
#
#    Output file  =  
#        D:\m1899\Documents\单片机学习\Powered by
#        ZZS\2017赛季\控制程序\第一版20170202\Prj\IAR\FN15_Debug\Exe\vcan_Kinetis.out
#    Map file     =  
#        D:\m1899\Documents\单片机学习\Powered by
#        ZZS\2017赛季\控制程序\第一版20170202\Prj\IAR\FN15_Debug\List\vcan_Kinetis.map
#    Command line =  
#        "D:\m1899\Documents\单片机学习\Powered by
#        ZZS\2017赛季\控制程序\第一版20170202\Prj\IAR\FN15_Debug\Obj\Car_System.o"
#        "D:\m1899\Documents\单片机学习\Powered by
#        ZZS\2017赛季\控制程序\第一版20170202\Prj\IAR\FN15_Debug\Obj\data.o"
#        "D:\m1899\Documents\单片机学习\Powered by
#        ZZS\2017赛季\控制程序\第一版20170202\Prj\IAR\FN15_Debug\Obj\diskio.o"
#        "D:\m1899\Documents\单片机学习\Powered by
#        ZZS\2017赛季\控制程序\第一版20170202\Prj\IAR\FN15_Debug\Obj\ff.o"
#        "D:\m1899\Documents\单片机学习\Powered by
#        ZZS\2017赛季\控制程序\第一版20170202\Prj\IAR\FN15_Debug\Obj\inductance.o"
#        "D:\m1899\Documents\单片机学习\Powered by
#        ZZS\2017赛季\控制程序\第一版20170202\Prj\IAR\FN15_Debug\Obj\main.o"
#        "D:\m1899\Documents\单片机学习\Powered by
#        ZZS\2017赛季\控制程序\第一版20170202\Prj\IAR\FN15_Debug\Obj\misc.o"
#        "D:\m1899\Documents\单片机学习\Powered by
#        ZZS\2017赛季\控制程序\第一版20170202\Prj\IAR\FN15_Debug\Obj\MK60_adc.o"
#        "D:\m1899\Documents\单片机学习\Powered by
#        ZZS\2017赛季\控制程序\第一版20170202\Prj\IAR\FN15_Debug\Obj\MK60_can.o"
#        "D:\m1899\Documents\单片机学习\Powered by
#        ZZS\2017赛季\控制程序\第一版20170202\Prj\IAR\FN15_Debug\Obj\MK60_conf.o"
#        "D:\m1899\Documents\单片机学习\Powered by
#        ZZS\2017赛季\控制程序\第一版20170202\Prj\IAR\FN15_Debug\Obj\MK60_dac.o"
#        "D:\m1899\Documents\单片机学习\Powered by
#        ZZS\2017赛季\控制程序\第一版20170202\Prj\IAR\FN15_Debug\Obj\MK60_dma.o"
#        "D:\m1899\Documents\单片机学习\Powered by
#        ZZS\2017赛季\控制程序\第一版20170202\Prj\IAR\FN15_Debug\Obj\MK60_DWT.o"
#        "D:\m1899\Documents\单片机学习\Powered by
#        ZZS\2017赛季\控制程序\第一版20170202\Prj\IAR\FN15_Debug\Obj\MK60_flexbus.o"
#        "D:\m1899\Documents\单片机学习\Powered by
#        ZZS\2017赛季\控制程序\第一版20170202\Prj\IAR\FN15_Debug\Obj\MK60_ftm.o"
#        "D:\m1899\Documents\单片机学习\Powered by
#        ZZS\2017赛季\控制程序\第一版20170202\Prj\IAR\FN15_Debug\Obj\MK60_gpio.o"
#        "D:\m1899\Documents\单片机学习\Powered by
#        ZZS\2017赛季\控制程序\第一版20170202\Prj\IAR\FN15_Debug\Obj\MK60_i2c.o"
#        "D:\m1899\Documents\单片机学习\Powered by
#        ZZS\2017赛季\控制程序\第一版20170202\Prj\IAR\FN15_Debug\Obj\MK60_it.o"
#        "D:\m1899\Documents\单片机学习\Powered by
#        ZZS\2017赛季\控制程序\第一版20170202\Prj\IAR\FN15_Debug\Obj\MK60_lptmr.o"
#        "D:\m1899\Documents\单片机学习\Powered by
#        ZZS\2017赛季\控制程序\第一版20170202\Prj\IAR\FN15_Debug\Obj\MK60_mcg.o"
#        "D:\m1899\Documents\单片机学习\Powered by
#        ZZS\2017赛季\控制程序\第一版20170202\Prj\IAR\FN15_Debug\Obj\MK60_PIT.o"
#        "D:\m1899\Documents\单片机学习\Powered by
#        ZZS\2017赛季\控制程序\第一版20170202\Prj\IAR\FN15_Debug\Obj\MK60_port.o"
#        "D:\m1899\Documents\单片机学习\Powered by
#        ZZS\2017赛季\控制程序\第一版20170202\Prj\IAR\FN15_Debug\Obj\MK60_rtc.o"
#        "D:\m1899\Documents\单片机学习\Powered by
#        ZZS\2017赛季\控制程序\第一版20170202\Prj\IAR\FN15_Debug\Obj\MK60_sdhc.o"
#        "D:\m1899\Documents\单片机学习\Powered by
#        ZZS\2017赛季\控制程序\第一版20170202\Prj\IAR\FN15_Debug\Obj\MK60_spi.o"
#        "D:\m1899\Documents\单片机学习\Powered by
#        ZZS\2017赛季\控制程序\第一版20170202\Prj\IAR\FN15_Debug\Obj\MK60_SysTick.o"
#        "D:\m1899\Documents\单片机学习\Powered by
#        ZZS\2017赛季\控制程序\第一版20170202\Prj\IAR\FN15_Debug\Obj\MK60_uart.o"
#        "D:\m1899\Documents\单片机学习\Powered by
#        ZZS\2017赛季\控制程序\第一版20170202\Prj\IAR\FN15_Debug\Obj\MK60_usb.o"
#        "D:\m1899\Documents\单片机学习\Powered by
#        ZZS\2017赛季\控制程序\第一版20170202\Prj\IAR\FN15_Debug\Obj\MK60_wdog.o"
#        "D:\m1899\Documents\单片机学习\Powered by
#        ZZS\2017赛季\控制程序\第一版20170202\Prj\IAR\FN15_Debug\Obj\motor.o"
#        "D:\m1899\Documents\单片机学习\Powered by
#        ZZS\2017赛季\控制程序\第一版20170202\Prj\IAR\FN15_Debug\Obj\OLED.o"
#        "D:\m1899\Documents\单片机学习\Powered by
#        ZZS\2017赛季\控制程序\第一版20170202\Prj\IAR\FN15_Debug\Obj\peripheral.o"
#        "D:\m1899\Documents\单片机学习\Powered by
#        ZZS\2017赛季\控制程序\第一版20170202\Prj\IAR\FN15_Debug\Obj\startup_MK60DZ10.o"
#        "D:\m1899\Documents\单片机学习\Powered by
#        ZZS\2017赛季\控制程序\第一版20170202\Prj\IAR\FN15_Debug\Obj\system_MK60DZ10.o"
#        "D:\m1899\Documents\单片机学习\Powered by
#        ZZS\2017赛季\控制程序\第一版20170202\Prj\IAR\FN15_Debug\Obj\USB.o"
#        "D:\m1899\Documents\单片机学习\Powered by
#        ZZS\2017赛季\控制程序\第一版20170202\Prj\IAR\FN15_Debug\Obj\USB_CDC.o"
#        "D:\m1899\Documents\单片机学习\Powered by
#        ZZS\2017赛季\控制程序\第一版20170202\Prj\IAR\FN15_Debug\Obj\VCAN_ASCII.o"
#        "D:\m1899\Documents\单片机学习\Powered by
#        ZZS\2017赛季\控制程序\第一版20170202\Prj\IAR\FN15_Debug\Obj\VCAN_BMP.o"
#        "D:\m1899\Documents\单片机学习\Powered by
#        ZZS\2017赛季\控制程序\第一版20170202\Prj\IAR\FN15_Debug\Obj\VCAN_camera.o"
#        "D:\m1899\Documents\单片机学习\Powered by
#        ZZS\2017赛季\控制程序\第一版20170202\Prj\IAR\FN15_Debug\Obj\VCAN_computer.o"
#        "D:\m1899\Documents\单片机学习\Powered by
#        ZZS\2017赛季\控制程序\第一版20170202\Prj\IAR\FN15_Debug\Obj\vcan_img2sd.o"
#        "D:\m1899\Documents\单片机学习\Powered by
#        ZZS\2017赛季\控制程序\第一版20170202\Prj\IAR\FN15_Debug\Obj\VCAN_key.o"
#        "D:\m1899\Documents\单片机学习\Powered by
#        ZZS\2017赛季\控制程序\第一版20170202\Prj\IAR\FN15_Debug\Obj\VCAN_key_event.o"
#        "D:\m1899\Documents\单片机学习\Powered by
#        ZZS\2017赛季\控制程序\第一版20170202\Prj\IAR\FN15_Debug\Obj\VCAN_LCD.o"
#        "D:\m1899\Documents\单片机学习\Powered by
#        ZZS\2017赛季\控制程序\第一版20170202\Prj\IAR\FN15_Debug\Obj\VCAN_LCD_CH.o"
#        "D:\m1899\Documents\单片机学习\Powered by
#        ZZS\2017赛季\控制程序\第一版20170202\Prj\IAR\FN15_Debug\Obj\VCAN_LCD_ILI9325.o"
#        "D:\m1899\Documents\单片机学习\Powered by
#        ZZS\2017赛季\控制程序\第一版20170202\Prj\IAR\FN15_Debug\Obj\VCAN_LCD_ILI9341.o"
#        "D:\m1899\Documents\单片机学习\Powered by
#        ZZS\2017赛季\控制程序\第一版20170202\Prj\IAR\FN15_Debug\Obj\VCAN_LCD_ST7735R.o"
#        "D:\m1899\Documents\单片机学习\Powered by
#        ZZS\2017赛季\控制程序\第一版20170202\Prj\IAR\FN15_Debug\Obj\VCAN_LCD_ST7735S.o"
#        "D:\m1899\Documents\单片机学习\Powered by
#        ZZS\2017赛季\控制程序\第一版20170202\Prj\IAR\FN15_Debug\Obj\VCAN_LED.o"
#        "D:\m1899\Documents\单片机学习\Powered by
#        ZZS\2017赛季\控制程序\第一版20170202\Prj\IAR\FN15_Debug\Obj\VCAN_MMA7455.o"
#        "D:\m1899\Documents\单片机学习\Powered by
#        ZZS\2017赛季\控制程序\第一版20170202\Prj\IAR\FN15_Debug\Obj\VCAN_NRF24L0.o"
#        "D:\m1899\Documents\单片机学习\Powered by
#        ZZS\2017赛季\控制程序\第一版20170202\Prj\IAR\FN15_Debug\Obj\VCAN_NRF24L0_MSG.o"
#        "D:\m1899\Documents\单片机学习\Powered by
#        ZZS\2017赛季\控制程序\第一版20170202\Prj\IAR\FN15_Debug\Obj\VCAN_OV7725_Eagle.o"
#        "D:\m1899\Documents\单片机学习\Powered by
#        ZZS\2017赛季\控制程序\第一版20170202\Prj\IAR\FN15_Debug\Obj\VCAN_OV7725_Wolf.o"
#        "D:\m1899\Documents\单片机学习\Powered by
#        ZZS\2017赛季\控制程序\第一版20170202\Prj\IAR\FN15_Debug\Obj\VCAN_RTC_count.o"
#        "D:\m1899\Documents\单片机学习\Powered by
#        ZZS\2017赛季\控制程序\第一版20170202\Prj\IAR\FN15_Debug\Obj\VCAN_SCCB.o"
#        "D:\m1899\Documents\单片机学习\Powered by
#        ZZS\2017赛季\控制程序\第一版20170202\Prj\IAR\FN15_Debug\Obj\vcan_sd_app.o"
#        "D:\m1899\Documents\单片机学习\Powered by
#        ZZS\2017赛季\控制程序\第一版20170202\Prj\IAR\FN15_Debug\Obj\Vcan_touch.o"
#        "D:\m1899\Documents\单片机学习\Powered by
#        ZZS\2017赛季\控制程序\第一版20170202\Prj\IAR\FN15_Debug\Obj\VCAN_TSL1401.o"
#        "D:\m1899\Documents\单片机学习\Powered by
#        ZZS\2017赛季\控制程序\第一版20170202\Prj\IAR\FN15_Debug\Obj\VCAN_UI_VAR.o"
#        "D:\m1899\Documents\单片机学习\Powered by
#        ZZS\2017赛季\控制程序\第一版20170202\Prj\IAR\FN15_Debug\Obj\vectors.o"
#        -o "D:\m1899\Documents\单片机学习\Powered by
#        ZZS\2017赛季\控制程序\第一版20170202\Prj\IAR\FN15_Debug\Exe\vcan_Kinetis.out"
#        --map "D:\m1899\Documents\单片机学习\Powered by
#        ZZS\2017赛季\控制程序\第一版20170202\Prj\IAR\FN15_Debug\List\vcan_Kinetis.map"
#        --config "D:\m1899\Documents\单片机学习\Powered by
#        ZZS\2017赛季\控制程序\第一版20170202\Prj\IAR\config
#        files\vcan_ROM_K60N1M.icf" "D:\m1899\Documents\单片机学习\Powered by
#        ZZS\2017赛季\控制程序\第一版20170202\Prj\IAR\..\..\Lib\CMSIS\iar_cortexM4l_math.a"
#        --entry __iar_program_start --vfe
#
###############################################################################

*******************************************************************************
*** RUNTIME MODEL ATTRIBUTES
***

CppFlavor       = *
__SystemLibrary = DLib


*******************************************************************************
*** PLACEMENT SUMMARY
***

"A0":  place at 0x00008000 { ro section .intvec };
"A1":  place at 0x00008410 { ro section .noinit };
"P1":  place in [from 0x00008000 to 0x00080000] { ro, block CodeRelocate };
"P2":  place in [from 0x1fff0410 to 0x20010000] {
          rw, block CodeRelocateRam, block CSTACK, block HEAP };
initialize manually with packing = copy, complex ranges { section .data };
initialize manually with packing = copy, complex ranges { section .textrw };

  Section              Kind        Address    Size  Object
  -------              ----        -------    ----  ------
"A0":                                        0x410
  .intvec              const    0x00008000   0x410  vectors.o [1]
                              - 0x00008410   0x410

"A1":                                          0x8
  .noinit              ro code  0x00008410     0x8  startup_MK60DZ10.o [1]
                              - 0x00008418     0x8

"P1":                                       0x4e84
  .rodata              const    0x00008418   0x834  OLED.o [1]
  .text                ro code  0x00008c4c   0x7a8  VCAN_LCD_ILI9325.o [1]
  .text                ro code  0x000093f4   0x128  MK60_gpio.o [1]
  .text                ro code  0x0000951c    0x64  MK60_SysTick.o [1]
  .text                ro code  0x00009580   0x114  MK60_flexbus.o [1]
  .text                ro code  0x00009694    0x50  MK60_port.o [1]
  .text                ro code  0x000096e4   0x12c  MK60_conf.o [1]
  .text                ro code  0x00009810    0x70  VCAN_LED.o [1]
  .text                ro code  0x00009880   0x4bc  OLED.o [1]
  .text                ro code  0x00009d3c   0x26c  MK60_uart.o [1]
  .text                ro code  0x00009fa8    0xfc  VCAN_LCD.o [1]
  .text                ro code  0x0000a0a4   0x1d8  VCAN_LCD_CH.o [1]
  .text                ro code  0x0000a27c   0x778  motor.o [1]
  .text                ro code  0x0000a9f4   0x5d8  MK60_ftm.o [1]
  .text                ro code  0x0000afcc    0x4e  FltToDbl.o [4]
  .rodata              const    0x0000b01a     0x2  VCAN_computer.o [1]
  .text                ro code  0x0000b01c    0xe8  DblAdd.o [4]
  .text                ro code  0x0000b104    0x90  DblToFlt.o [4]
  .text                ro code  0x0000b194   0x16c  DblSub.o [4]
  .rodata              const    0x0000b300   0x5f0  OLED.o [1]
  .text                ro code  0x0000b8f0   0x498  peripheral.o [1]
  .text                ro code  0x0000bd88    0x40  VCAN_computer.o [1]
  Veneer               ro code  0x0000bdc8     0x8  - Linker created -
  .text                ro code  0x0000bdd0   0x3d4  MK60_mcg.o [1]
  .text                ro code  0x0000c1a4   0x384  inductance.o [1]
  .text                ro code  0x0000c528   0x2b8  MK60_adc.o [1]
  .text                ro code  0x0000c7e0   0x1a2  DblMul.o [4]
  .rodata              const    0x0000c982     0x2  VCAN_computer.o [1]
  .text                ro code  0x0000c984   0x13c  system_MK60DZ10.o [1]
  .text                ro code  0x0000cac0    0x40  MK60_wdog.o [1]
  .text                ro code  0x0000cb00    0x28  main.o [1]
  .text                ro code  0x0000cb28    0x50  misc.o [1]
  .text                ro code  0x0000cb78    0x90  Car_System.o [1]
  .text                ro code  0x0000cc08    0x3c  MK60_lptmr.o [1]
  .data_init                    0x0000cc44    0xc0  <Block>
    Initializer bytes  const    0x0000cc44    0xc0  <for .data-1>
  .rodata              const    0x0000cd04    0x98  OLED.o [1]
  .rodata              const    0x0000cd9c    0x68  MK60_SysTick.o [1]
  .rodata              const    0x0000ce04    0x64  MK60_adc.o [1]
  .rodata              const    0x0000ce68    0x64  MK60_ftm.o [1]
  .rodata              const    0x0000cecc    0x64  MK60_gpio.o [1]
  .rodata              const    0x0000cf30    0x64  MK60_uart.o [1]
  .rodata              const    0x0000cf94    0x60  misc.o [1]
  CodeRelocate                  0x0000cff4    0x50  <Block>
    Initializer bytes  const    0x0000cff4    0x50  <for CodeRelocateRam-1>
  .text                ro code  0x0000d044    0x40  zero_init3.o [5]
  .rodata              const    0x0000d084    0x3c  MK60_conf.o [1]
  .text                ro code  0x0000d0c0    0x28  data_init.o [5]
  .text                ro code  0x0000d0e8    0x22  fpinit_M.o [4]
  .iar.init_table      const    0x0000d10c    0x10  - Linker created -
  .text                ro code  0x0000d11c    0x1a  cmain.o [5]
  .text                ro code  0x0000d136     0x4  low_level_init.o [3]
  .text                ro code  0x0000d13a     0x4  exit.o [3]
  .text                ro code  0x0000d140     0xa  cexit.o [5]
  .text                ro code  0x0000d14c     0xc  XXexit.o [5]
  .rodata              const    0x0000d158    0x14  peripheral.o [1]
  .rodata              const    0x0000d16c    0x10  peripheral.o [1]
  .rodata              const    0x0000d17c    0x10  peripheral.o [1]
  .rodata              const    0x0000d18c    0x10  peripheral.o [1]
  .rodata              const    0x0000d19c    0x10  peripheral.o [1]
  .rodata              const    0x0000d1ac    0x10  peripheral.o [1]
  .rodata              const    0x0000d1bc    0x10  peripheral.o [1]
  .rodata              const    0x0000d1cc     0xc  peripheral.o [1]
  .rodata              const    0x0000d1d8     0xc  peripheral.o [1]
  .rodata              const    0x0000d1e4     0xc  peripheral.o [1]
  .rodata              const    0x0000d1f0     0xc  peripheral.o [1]
  .rodata              const    0x0000d1fc     0xc  peripheral.o [1]
  .rodata              const    0x0000d208     0xc  peripheral.o [1]
  .rodata              const    0x0000d214     0xc  peripheral.o [1]
  .rodata              const    0x0000d220     0xc  peripheral.o [1]
  .rodata              const    0x0000d22c     0xc  peripheral.o [1]
  .rodata              const    0x0000d238     0xc  peripheral.o [1]
  .rodata              const    0x0000d244     0xc  peripheral.o [1]
  .rodata              const    0x0000d250     0xc  peripheral.o [1]
  .rodata              const    0x0000d25c     0xc  peripheral.o [1]
  .rodata              const    0x0000d268     0xc  peripheral.o [1]
  .text                ro code  0x0000d274     0xc  cstartup_M.o [5]
  .rodata              const    0x0000d280     0x8  MK60_conf.o [1]
  .rodata              const    0x0000d288     0x8  peripheral.o [1]
  .rodata              const    0x0000d290     0x4  MK60_conf.o [1]
  .rodata              const    0x0000d294     0x4  VCAN_LCD.o [1]
  .rodata              const    0x0000d298     0x4  VCAN_LCD_CH.o [1]
  .rodata              const    0x0000d29c     0x0  zero_init3.o [5]
                              - 0x0000d29c  0x4e84

"P2", part 1 of 2:                           0x110
  .data                         0x1fff0410    0xc0  <Block>
    .data-1                     0x1fff0410    0xbd  <Init block>
      .data            inited   0x1fff0410     0x8  MK60_adc.o [1]
      .data            inited   0x1fff0418    0x10  MK60_ftm.o [1]
      .data            inited   0x1fff0428    0x14  MK60_gpio.o [1]
      .data            inited   0x1fff043c    0x58  MK60_mcg.o [1]
      .data            inited   0x1fff0494     0x4  MK60_mcg.o [1]
      .data            inited   0x1fff0498    0x14  MK60_port.o [1]
      .data            inited   0x1fff04ac    0x18  MK60_uart.o [1]
      .data            inited   0x1fff04c4     0x4  VCAN_LED.o [1]
      .data            inited   0x1fff04c8     0x2  VCAN_LCD_ILI9325.o [1]
      .data            inited   0x1fff04ca     0x2  VCAN_LCD_ILI9325.o [1]
      .data            inited   0x1fff04cc     0x1  VCAN_LCD_ILI9325.o [1]
  CodeRelocateRam               0x1fff04d0    0x50  <Block>
    CodeRelocateRam-1           0x1fff04d0    0x50  <Init block>
      .textrw          inited   0x1fff04d0    0x50  MK60_mcg.o [1]
                              - 0x1fff0520   0x110

"P2", part 2 of 2:                            0xdc
  .bss                          0x1fff0520    0xdc  <Block>
    .bss               zero     0x1fff0520    0x28  data.o [1]
    .bss               zero     0x1fff0548    0x28  data.o [1]
    .bss               zero     0x1fff0570    0x5c  data.o [1]
    .bss               zero     0x1fff05cc    0x10  data.o [1]
    .bss               zero     0x1fff05dc     0x4  data.o [1]
    .bss               zero     0x1fff05e0    0x10  MK60_ftm.o [1]
    .bss               zero     0x1fff05f0     0x4  system_MK60DZ10.o [1]
    .bss               zero     0x1fff05f4     0x4  system_MK60DZ10.o [1]
    .bss               zero     0x1fff05f8     0x4  system_MK60DZ10.o [1]
                              - 0x1fff05fc    0xdc


*******************************************************************************
*** INIT TABLE
***

          Address     Size
          -------     ----
Zero (__iar_zero_init3)
    1 destination range, total size 0xdc:
          0x1fff0520  0xdc



*******************************************************************************
*** MODULE SUMMARY
***

    Module              ro code  rw code  ro data  rw data
    ------              -------  -------  -------  -------
D:\m1899\Documents\单片机学习\Powered by ZZS\2017赛季\控制程序\第一版20170202\Prj\IAR\FN15_Debug\Obj: [1]
    Car_System.o            144
    MK60_SysTick.o          100               104
    MK60_adc.o              696               108        8
    MK60_conf.o             300                72
    MK60_flexbus.o          276
    MK60_ftm.o            1 496               116       32
    MK60_gpio.o             296               120       20
    MK60_lptmr.o             60
    MK60_mcg.o              980       80      172       92
    MK60_port.o              80                20       20
    MK60_uart.o             620               124       24
    MK60_wdog.o              64
    OLED.o                1 212             3 772
    VCAN_LCD.o              252                 4
    VCAN_LCD_CH.o           472                 4
    VCAN_LCD_ILI9325.o    1 960                 5        5
    VCAN_LED.o              112                 4        4
    VCAN_computer.o          64                 4
    data.o                                             192
    inductance.o            900
    main.o                   40
    misc.o                   80                96
    motor.o               1 912
    peripheral.o          1 176               292
    startup_MK60DZ10.o        8
    system_MK60DZ10.o       316                         12
    vectors.o                               1 040
    ------------------------------------------------------
    Total:               13 616       80    6 057      409

command line: [2]
    ------------------------------------------------------
    Total:

dl7M_tln.a: [3]
    exit.o                    4
    low_level_init.o          4
    ------------------------------------------------------
    Total:                    8

m7M_tls.a: [4]
    DblAdd.o                232
    DblMul.o                418
    DblSub.o                364
    DblToFlt.o              144
    FltToDbl.o               78
    fpinit_M.o               34
    ------------------------------------------------------
    Total:                1 270

rt7M_tl.a: [5]
    XXexit.o                 12
    cexit.o                  10
    cmain.o                  26
    cstartup_M.o             12
    data_init.o              40
    zero_init3.o             64
    ------------------------------------------------------
    Total:                  164

    Gaps                      4                 2
    Linker created            8                19
----------------------------------------------------------
    Grand Total:         15 070       80    6 078      409


*******************************************************************************
*** ENTRY LIST
***

Entry                      Address   Size  Type      Object
-----                      -------   ----  ----      ------
.bss$$Base              0x1fff0520          --   Gb  - Linker created -
.bss$$Limit             0x1fff05fc          --   Gb  - Linker created -
.data$$Base             0x1fff0410          --   Gb  - Linker created -
.data$$Limit            0x1fff04d0          --   Gb  - Linker created -
.data_init$$Base        0x0000cc44          --   Gb  - Linker created -
.data_init$$Limit       0x0000cd04          --   Gb  - Linker created -
.iar.init_table$$Base   0x0000d10c          --   Gb  - Linker created -
.iar.init_table$$Limit  0x0000d11c          --   Gb  - Linker created -
?main                   0x0000d11d         Code  Gb  cmain.o [5]
ADCN                    0x1fff0410    0x8  Data  Gb  MK60_adc.o [1]
ADC_Init                0x0000c1a5   0x76  Code  Gb  inductance.o [1]
ASSERT_FAILED_STR       0x0000d084   0x3c  Data  Gb  MK60_conf.o [1]
CodeRelocate$$Base      0x0000cff4          --   Gb  - Linker created -
CodeRelocate$$Limit     0x0000d044          --   Gb  - Linker created -
CodeRelocateRam$$Base   0x1fff04d0          --   Gb  - Linker created -
CodeRelocateRam$$Limit  0x1fff0520          --   Gb  - Linker created -
DeBug_Interface         0x0000bae3  0x216  Code  Gb  peripheral.o [1]
Debug                   0x0000bd7d    0xc  Code  Gb  peripheral.o [1]
Debug_Init              0x0000bcf9    0xe  Code  Gb  peripheral.o [1]
Direction               0x1fff05cc   0x10  Data  Gb  data.o [1]
Direction_Calculate     0x0000c36d  0x18c  Code  Gb  inductance.o [1]
Direction_Control       0x0000c21b    0xc  Code  Gb  inductance.o [1]
F14x16                  0x00008418  0x834  Data  Gb  OLED.o [1]
F14x16_Idx              0x0000cd04   0x98  Data  Gb  OLED.o [1]
F8X16                   0x0000b300  0x5f0  Data  Gb  OLED.o [1]
FTMN                    0x1fff0418   0x10  Data  Gb  MK60_ftm.o [1]
FTM_port_mux            0x0000a9f5  0x1ac  Code  Lc  MK60_ftm.o [1]
GPIOX                   0x1fff0428   0x14  Data  Gb  MK60_gpio.o [1]
Get_AD_Value            0x0000c227  0x146  Code  Gb  inductance.o [1]
Get_Motor_Speed         0x0000a65b   0x60  Code  Gb  motor.o [1]
Get_Motor_Speed_Init    0x0000a64b   0x10  Code  Gb  motor.o [1]
Get_System_Ready        0x0000cbd7    0xe  Code  Gb  Car_System.o [1]
ILI9325_get_h           0x000093d3    0x6  Code  Gb  VCAN_LCD_ILI9325.o [1]
ILI9325_get_w           0x000093d9    0x6  Code  Gb  VCAN_LCD_ILI9325.o [1]
Init_Key                0x0000b9d7   0x2c  Code  Gb  peripheral.o [1]
LCD_Char_CH             0x0000a0a5   0xbc  Code  Gb  VCAN_LCD_CH.o [1]
LCD_ILI9325_dir         0x00009103   0xf4  Code  Gb  VCAN_LCD_ILI9325.o [1]
LCD_ILI9325_init        0x00008c4d  0x4b6  Code  Gb  VCAN_LCD_ILI9325.o [1]
LCD_ILI9325_ptlon       0x000091f7  0x1dc  Code  Gb  VCAN_LCD_ILI9325.o [1]
LCD_Str_ENCH            0x0000a161  0x114  Code  Gb  VCAN_LCD_CH.o [1]
LCD_char                0x00009fdf   0xba  Code  Gb  VCAN_LCD.o [1]
LCD_rectangle           0x00009fa9   0x36  Code  Gb  VCAN_LCD.o [1]
LED_PTxn                0x1fff04c4    0x4  Data  Gb  VCAN_LED.o [1]
LPTMR_IRQHandler        0x0000cbe5   0x18  Code  Gb  Car_System.o [1]
Left_Speed              0x1fff0520   0x28  Data  Gb  data.o [1]
Motor_Control           0x0000a2d1   0x38  Code  Gb  motor.o [1]
Motor_Init              0x0000a295   0x3c  Code  Gb  motor.o [1]
Motor_PID               0x0000a3b3  0x298  Code  Gb  motor.o [1]
Motor_PID_Init          0x0000a309   0xaa  Code  Gb  motor.o [1]
NVIC_DisableIRQ         0x0000cb8d   0x14  Code  Lc  Car_System.o [1]
NVIC_EnableIRQ          0x0000cb79   0x14  Code  Lc  Car_System.o [1]
OLED_CLS                0x00009985   0x3c  Code  Gb  OLED.o [1]
OLED_DLY_ms             0x000099c1   0x18  Code  Gb  OLED.o [1]
OLED_Fill               0x00009945   0x40  Code  Gb  OLED.o [1]
OLED_Init               0x000099d9   0xf8  Code  Gb  OLED.o [1]
OLED_Interface          0x0000ba03   0xe0  Code  Gb  peripheral.o [1]
OLED_P14x16Str          0x00009b7f  0x134  Code  Gb  OLED.o [1]
OLED_P8x16Str           0x00009ad1   0xae  Code  Gb  OLED.o [1]
OLED_Print              0x00009cb3   0x6c  Code  Gb  OLED.o [1]
OLED_Set_Pos            0x0000991b   0x2a  Code  Gb  OLED.o [1]
OLED_WrCmd              0x000098d1   0x4a  Code  Gb  OLED.o [1]
OLED_WrDat              0x00009881   0x4e  Code  Gb  OLED.o [1]
PID_LearnSelf           0x0000a739  0x2a4  Code  Gb  motor.o [1]
PORTX                   0x1fff0498   0x14  Data  Gb  MK60_port.o [1]
Region$$Table$$Base     0x0000d10c          --   Gb  - Linker created -
Region$$Table$$Limit    0x0000d11c          --   Gb  - Linker created -
Reset_Handler           0x00008411         Code  Gb  startup_MK60DZ10.o [1]
Right_Speed             0x1fff0548   0x28  Data  Gb  data.o [1]
Road_Data               0x1fff0570   0x5c  Data  Gb  data.o [1]
Send_Data               0x0000b8f1   0xe6  Code  Gb  peripheral.o [1]
Service                 0x1fff05dc    0x4  Data  Gb  data.o [1]
Speed_Chack             0x0000a6bb   0x6c  Code  Gb  motor.o [1]
Speed_Control           0x0000a27d   0x18  Code  Gb  motor.o [1]
System_Init             0x0000cba1   0x36  Code  Gb  Car_System.o [1]
UARTN                   0x1fff04ac   0x18  Data  Gb  MK60_uart.o [1]
__BOOT_STACK_ADDRESS {Abs}
                        0x2000fff8         Data  Gb  command line/config [2]
__VECTOR_RAM {Abs}      0x1fff0000         Data  Gb  command line/config [2]
__VECTOR_TABLE {Abs}    0x00008000         Data  Gb  command line/config [2]
__aeabi_d2f             0x0000b105         Code  Gb  DblToFlt.o [4]
__aeabi_dadd            0x0000b01d         Code  Gb  DblAdd.o [4]
__aeabi_dmul            0x0000c7e1         Code  Gb  DblMul.o [4]
__aeabi_f2d             0x0000afcd         Code  Gb  FltToDbl.o [4]
__cmain                 0x0000d11d         Code  Gb  cmain.o [5]
__code_start__ {Abs}    0x00008410         Data  Gb  command line/config [2]
__exit                  0x0000d14d         Code  Gb  XXexit.o [5]
__iar_dadd              0x0000b031         Code  Gb  DblAdd.o [4]
__iar_data_init3        0x0000d0c1   0x28  Code  Gb  data_init.o [5]
__iar_dsub              0x0000b195         Code  Gb  DblSub.o [4]
__iar_dsubStart         0x0000b1a7         Code  Gb  DblSub.o [4]
__iar_init_vfp          0x0000d0e9         Code  Gb  fpinit_M.o [4]
__iar_program_start     0x0000d275         Code  Gb  cstartup_M.o [5]
__iar_zero_init3        0x0000d045   0x40  Code  Gb  zero_init3.o [5]
__low_level_init        0x0000d137    0x4  Code  Gb  low_level_init.o [3]
__vector_table          0x00008000  0x410  Data  Gb  vectors.o [1]
_call_main              0x0000d129         Code  Gb  cmain.o [5]
_exit                   0x0000d141         Code  Gb  cexit.o [5]
_main                   0x0000d133         Code  Gb  cmain.o [5]
adc_init                0x0000c529  0x20e  Code  Gb  MK60_adc.o [1]
adc_once                0x0000c737   0x50  Code  Gb  MK60_adc.o [1]
adc_start               0x0000c787   0x44  Code  Lc  MK60_adc.o [1]
assert_failed           0x000096e5   0x7e  Code  Gb  MK60_conf.o [1]
bus_clk_khz             0x1fff05f8    0x4  Data  Gb  system_MK60DZ10.o [1]
common_startup          0x0000c9eb   0x98  Code  Gb  system_MK60DZ10.o [1]
core_clk_khz            0x1fff05f0    0x4  Data  Gb  system_MK60DZ10.o [1]
core_clk_mhz            0x1fff05f4    0x4  Data  Gb  system_MK60DZ10.o [1]
default_isr             0x00009779   0x68  Code  Gb  MK60_conf.o [1]
enter_fputc             0x00009765   0x14  Code  Gb  MK60_conf.o [1]
exit                    0x0000d13b    0x4  Code  Gb  exit.o [3]
flexbus_8080_init       0x00009581  0x114  Code  Gb  MK60_flexbus.o [1]
ftm_mod                 0x1fff05e0   0x10  Data  Lc  MK60_ftm.o [1]
ftm_pwm_duty            0x0000ad4b  0x10e  Code  Gb  MK60_ftm.o [1]
ftm_pwm_init            0x0000aba1  0x1aa  Code  Gb  MK60_ftm.o [1]
ftm_quad_clean          0x0000af8b   0x28  Code  Gb  MK60_ftm.o [1]
ftm_quad_get            0x0000af5f   0x2c  Code  Gb  MK60_ftm.o [1]
ftm_quad_init           0x0000ae59  0x106  Code  Gb  MK60_ftm.o [1]
gpio_get                0x000094db   0x3a  Code  Gb  MK60_gpio.o [1]
gpio_init               0x000093f5   0xae  Code  Gb  MK60_gpio.o [1]
gpio_turn               0x000094a3   0x38  Code  Gb  MK60_gpio.o [1]
hardfault_isr           0x00009809    0x8  Code  Gb  MK60_conf.o [1]
ili9325_dir             0x1fff04cc    0x1  Data  Gb  VCAN_LCD_ILI9325.o [1]
ili9325_h               0x1fff04c8    0x2  Data  Gb  VCAN_LCD_ILI9325.o [1]
ili9325_w               0x1fff04ca    0x2  Data  Gb  VCAN_LCD_ILI9325.o [1]
led_init                0x00009811   0x3a  Code  Gb  VCAN_LED.o [1]
led_turn                0x0000984b   0x32  Code  Gb  VCAN_LED.o [1]
lptmr_timing_ms         0x0000cc09   0x2c  Code  Gb  MK60_lptmr.o [1]
main                    0x0000cb01   0x28  Code  Gb  main.o [1]
mcg_cfg                 0x1fff043c   0x58  Data  Gb  MK60_mcg.o [1]
mcg_div                 0x1fff0494    0x4  Data  Gb  MK60_mcg.o [1]
mcg_div_count           0x0000bdd1  0x304  Code  Gb  MK60_mcg.o [1]
pll_init                0x0000c0d5   0xb2  Code  Gb  MK60_mcg.o [1]
port_init               0x00009695   0x48  Code  Gb  MK60_port.o [1]
set_sys_dividers        0x1fff04d1   0x50  Code  Gb  MK60_mcg.o [1]
set_vector_handler      0x0000cb4b   0x22  Code  Gb  misc.o [1]
start                   0x0000c985   0x2a  Code  Gb  system_MK60DZ10.o [1]
sysinit                 0x0000c9af   0x3c  Code  Gb  system_MK60DZ10.o [1]
systick_delay           0x0000951d   0x36  Code  Gb  MK60_SysTick.o [1]
systick_delay_ms        0x00009553   0x18  Code  Gb  MK60_SysTick.o [1]
uart_init               0x00009d3d  0x214  Code  Gb  MK60_uart.o [1]
uart_putbuff            0x00009f6b   0x26  Code  Gb  MK60_uart.o [1]
uart_putchar            0x00009f51   0x1a  Code  Gb  MK60_uart.o [1]
vcan_sendware           0x0000bd89   0x38  Code  Gb  VCAN_computer.o [1]
wdog_disable            0x0000cac1   0x16  Code  Gb  MK60_wdog.o [1]
wdog_unlock             0x0000cad7   0x20  Code  Lc  MK60_wdog.o [1]
write_vtor              0x0000cb29   0x22  Code  Gb  misc.o [1]


[1] = D:\m1899\Documents\单片机学习\Powered by ZZS\2017赛季\控制程序\第一版20170202\Prj\IAR\FN15_Debug\Obj
[2] = command line
[3] = dl7M_tln.a
[4] = m7M_tls.a
[5] = rt7M_tl.a

  15 070 bytes of readonly  code memory
      80 bytes of readwrite code memory
   6 078 bytes of readonly  data memory
     409 bytes of readwrite data memory

Errors: none
Warnings: none
