###############################################################################
#
# IAR ELF Linker V7.80.4.12462/W32 for ARM                20/Jul/2017  03:21:38
# Copyright 2007-2017 IAR Systems AB.
#
#    Output file  =  
#        D:\m1899\Documents\项目与比赛\2017NXP智能车\控制程序\第一版20170202\Prj\IAR\FN15_Debug\Exe\vcan_Kinetis.out
#    Map file     =  
#        D:\m1899\Documents\项目与比赛\2017NXP智能车\控制程序\第一版20170202\Prj\IAR\FN15_Debug\List\vcan_Kinetis.map
#    Command line =  
#        D:\m1899\Documents\项目与比赛\2017NXP智能车\控制程序\第一版20170202\Prj\IAR\FN15_Debug\Obj\Car_System.o
#        D:\m1899\Documents\项目与比赛\2017NXP智能车\控制程序\第一版20170202\Prj\IAR\FN15_Debug\Obj\data.o
#        D:\m1899\Documents\项目与比赛\2017NXP智能车\控制程序\第一版20170202\Prj\IAR\FN15_Debug\Obj\diskio.o
#        D:\m1899\Documents\项目与比赛\2017NXP智能车\控制程序\第一版20170202\Prj\IAR\FN15_Debug\Obj\ff.o
#        D:\m1899\Documents\项目与比赛\2017NXP智能车\控制程序\第一版20170202\Prj\IAR\FN15_Debug\Obj\inductance.o
#        D:\m1899\Documents\项目与比赛\2017NXP智能车\控制程序\第一版20170202\Prj\IAR\FN15_Debug\Obj\misc.o
#        D:\m1899\Documents\项目与比赛\2017NXP智能车\控制程序\第一版20170202\Prj\IAR\FN15_Debug\Obj\MK60_adc.o
#        D:\m1899\Documents\项目与比赛\2017NXP智能车\控制程序\第一版20170202\Prj\IAR\FN15_Debug\Obj\MK60_can.o
#        D:\m1899\Documents\项目与比赛\2017NXP智能车\控制程序\第一版20170202\Prj\IAR\FN15_Debug\Obj\MK60_conf.o
#        D:\m1899\Documents\项目与比赛\2017NXP智能车\控制程序\第一版20170202\Prj\IAR\FN15_Debug\Obj\MK60_dac.o
#        D:\m1899\Documents\项目与比赛\2017NXP智能车\控制程序\第一版20170202\Prj\IAR\FN15_Debug\Obj\MK60_dma.o
#        D:\m1899\Documents\项目与比赛\2017NXP智能车\控制程序\第一版20170202\Prj\IAR\FN15_Debug\Obj\MK60_DWT.o
#        D:\m1899\Documents\项目与比赛\2017NXP智能车\控制程序\第一版20170202\Prj\IAR\FN15_Debug\Obj\MK60_flexbus.o
#        D:\m1899\Documents\项目与比赛\2017NXP智能车\控制程序\第一版20170202\Prj\IAR\FN15_Debug\Obj\MK60_ftm.o
#        D:\m1899\Documents\项目与比赛\2017NXP智能车\控制程序\第一版20170202\Prj\IAR\FN15_Debug\Obj\MK60_gpio.o
#        D:\m1899\Documents\项目与比赛\2017NXP智能车\控制程序\第一版20170202\Prj\IAR\FN15_Debug\Obj\MK60_i2c.o
#        D:\m1899\Documents\项目与比赛\2017NXP智能车\控制程序\第一版20170202\Prj\IAR\FN15_Debug\Obj\MK60_it.o
#        D:\m1899\Documents\项目与比赛\2017NXP智能车\控制程序\第一版20170202\Prj\IAR\FN15_Debug\Obj\MK60_lptmr.o
#        D:\m1899\Documents\项目与比赛\2017NXP智能车\控制程序\第一版20170202\Prj\IAR\FN15_Debug\Obj\MK60_mcg.o
#        D:\m1899\Documents\项目与比赛\2017NXP智能车\控制程序\第一版20170202\Prj\IAR\FN15_Debug\Obj\MK60_PIT.o
#        D:\m1899\Documents\项目与比赛\2017NXP智能车\控制程序\第一版20170202\Prj\IAR\FN15_Debug\Obj\MK60_port.o
#        D:\m1899\Documents\项目与比赛\2017NXP智能车\控制程序\第一版20170202\Prj\IAR\FN15_Debug\Obj\MK60_rtc.o
#        D:\m1899\Documents\项目与比赛\2017NXP智能车\控制程序\第一版20170202\Prj\IAR\FN15_Debug\Obj\MK60_sdhc.o
#        D:\m1899\Documents\项目与比赛\2017NXP智能车\控制程序\第一版20170202\Prj\IAR\FN15_Debug\Obj\MK60_spi.o
#        D:\m1899\Documents\项目与比赛\2017NXP智能车\控制程序\第一版20170202\Prj\IAR\FN15_Debug\Obj\MK60_SysTick.o
#        D:\m1899\Documents\项目与比赛\2017NXP智能车\控制程序\第一版20170202\Prj\IAR\FN15_Debug\Obj\MK60_uart.o
#        D:\m1899\Documents\项目与比赛\2017NXP智能车\控制程序\第一版20170202\Prj\IAR\FN15_Debug\Obj\MK60_usb.o
#        D:\m1899\Documents\项目与比赛\2017NXP智能车\控制程序\第一版20170202\Prj\IAR\FN15_Debug\Obj\MK60_wdog.o
#        D:\m1899\Documents\项目与比赛\2017NXP智能车\控制程序\第一版20170202\Prj\IAR\FN15_Debug\Obj\motor.o
#        D:\m1899\Documents\项目与比赛\2017NXP智能车\控制程序\第一版20170202\Prj\IAR\FN15_Debug\Obj\OLED.o
#        D:\m1899\Documents\项目与比赛\2017NXP智能车\控制程序\第一版20170202\Prj\IAR\FN15_Debug\Obj\peripheral.o
#        D:\m1899\Documents\项目与比赛\2017NXP智能车\控制程序\第一版20170202\Prj\IAR\FN15_Debug\Obj\startup_MK60DZ10.o
#        D:\m1899\Documents\项目与比赛\2017NXP智能车\控制程序\第一版20170202\Prj\IAR\FN15_Debug\Obj\system_MK60DZ10.o
#        D:\m1899\Documents\项目与比赛\2017NXP智能车\控制程序\第一版20170202\Prj\IAR\FN15_Debug\Obj\USB.o
#        D:\m1899\Documents\项目与比赛\2017NXP智能车\控制程序\第一版20170202\Prj\IAR\FN15_Debug\Obj\USB_CDC.o
#        D:\m1899\Documents\项目与比赛\2017NXP智能车\控制程序\第一版20170202\Prj\IAR\FN15_Debug\Obj\VCAN_ASCII.o
#        D:\m1899\Documents\项目与比赛\2017NXP智能车\控制程序\第一版20170202\Prj\IAR\FN15_Debug\Obj\VCAN_BMP.o
#        D:\m1899\Documents\项目与比赛\2017NXP智能车\控制程序\第一版20170202\Prj\IAR\FN15_Debug\Obj\VCAN_camera.o
#        D:\m1899\Documents\项目与比赛\2017NXP智能车\控制程序\第一版20170202\Prj\IAR\FN15_Debug\Obj\VCAN_computer.o
#        D:\m1899\Documents\项目与比赛\2017NXP智能车\控制程序\第一版20170202\Prj\IAR\FN15_Debug\Obj\vcan_img2sd.o
#        D:\m1899\Documents\项目与比赛\2017NXP智能车\控制程序\第一版20170202\Prj\IAR\FN15_Debug\Obj\VCAN_key.o
#        D:\m1899\Documents\项目与比赛\2017NXP智能车\控制程序\第一版20170202\Prj\IAR\FN15_Debug\Obj\VCAN_key_event.o
#        D:\m1899\Documents\项目与比赛\2017NXP智能车\控制程序\第一版20170202\Prj\IAR\FN15_Debug\Obj\VCAN_LCD.o
#        D:\m1899\Documents\项目与比赛\2017NXP智能车\控制程序\第一版20170202\Prj\IAR\FN15_Debug\Obj\VCAN_LCD_CH.o
#        D:\m1899\Documents\项目与比赛\2017NXP智能车\控制程序\第一版20170202\Prj\IAR\FN15_Debug\Obj\VCAN_LCD_ILI9325.o
#        D:\m1899\Documents\项目与比赛\2017NXP智能车\控制程序\第一版20170202\Prj\IAR\FN15_Debug\Obj\VCAN_LCD_ILI9341.o
#        D:\m1899\Documents\项目与比赛\2017NXP智能车\控制程序\第一版20170202\Prj\IAR\FN15_Debug\Obj\VCAN_LCD_ST7735R.o
#        D:\m1899\Documents\项目与比赛\2017NXP智能车\控制程序\第一版20170202\Prj\IAR\FN15_Debug\Obj\VCAN_LCD_ST7735S.o
#        D:\m1899\Documents\项目与比赛\2017NXP智能车\控制程序\第一版20170202\Prj\IAR\FN15_Debug\Obj\VCAN_LED.o
#        D:\m1899\Documents\项目与比赛\2017NXP智能车\控制程序\第一版20170202\Prj\IAR\FN15_Debug\Obj\VCAN_MMA7455.o
#        D:\m1899\Documents\项目与比赛\2017NXP智能车\控制程序\第一版20170202\Prj\IAR\FN15_Debug\Obj\VCAN_NRF24L0.o
#        D:\m1899\Documents\项目与比赛\2017NXP智能车\控制程序\第一版20170202\Prj\IAR\FN15_Debug\Obj\VCAN_NRF24L0_MSG.o
#        D:\m1899\Documents\项目与比赛\2017NXP智能车\控制程序\第一版20170202\Prj\IAR\FN15_Debug\Obj\VCAN_OV7725_Eagle.o
#        D:\m1899\Documents\项目与比赛\2017NXP智能车\控制程序\第一版20170202\Prj\IAR\FN15_Debug\Obj\VCAN_OV7725_Wolf.o
#        D:\m1899\Documents\项目与比赛\2017NXP智能车\控制程序\第一版20170202\Prj\IAR\FN15_Debug\Obj\VCAN_RTC_count.o
#        D:\m1899\Documents\项目与比赛\2017NXP智能车\控制程序\第一版20170202\Prj\IAR\FN15_Debug\Obj\VCAN_SCCB.o
#        D:\m1899\Documents\项目与比赛\2017NXP智能车\控制程序\第一版20170202\Prj\IAR\FN15_Debug\Obj\vcan_sd_app.o
#        D:\m1899\Documents\项目与比赛\2017NXP智能车\控制程序\第一版20170202\Prj\IAR\FN15_Debug\Obj\Vcan_touch.o
#        D:\m1899\Documents\项目与比赛\2017NXP智能车\控制程序\第一版20170202\Prj\IAR\FN15_Debug\Obj\VCAN_TSL1401.o
#        D:\m1899\Documents\项目与比赛\2017NXP智能车\控制程序\第一版20170202\Prj\IAR\FN15_Debug\Obj\VCAN_UI_VAR.o
#        D:\m1899\Documents\项目与比赛\2017NXP智能车\控制程序\第一版20170202\Prj\IAR\FN15_Debug\Obj\vectors.o
#        -o
#        D:\m1899\Documents\项目与比赛\2017NXP智能车\控制程序\第一版20170202\Prj\IAR\FN15_Debug\Exe\vcan_Kinetis.out
#        --map
#        D:\m1899\Documents\项目与比赛\2017NXP智能车\控制程序\第一版20170202\Prj\IAR\FN15_Debug\List\vcan_Kinetis.map
#        --config
#        "D:\m1899\Documents\项目与比赛\2017NXP智能车\控制程序\第一版20170202\Prj\IAR\config
#        files\vcan_ROM_K60N1M.icf"
#        D:\m1899\Documents\项目与比赛\2017NXP智能车\控制程序\第一版20170202\Prj\IAR\..\..\Lib\CMSIS\iar_cortexM4l_math.a
#        --entry __iar_program_start --vfe
#
###############################################################################

*******************************************************************************
*** RUNTIME MODEL ATTRIBUTES
***

CppFlavor       = *
__SystemLibrary = DLib


*******************************************************************************
*** PLACEMENT SUMMARY
***

"A0":  place at 0x00008000 { ro section .intvec };
"A1":  place at 0x00008410 { ro section .noinit };
"P1":  place in [from 0x00008000 to 0x00080000] { ro, block CodeRelocate };
"P2":  place in [from 0x1fff0410 to 0x20010000] {
          rw, block CodeRelocateRam, block CSTACK, block HEAP };
initialize manually with packing = copy, complex ranges { section .data };
initialize manually with packing = copy, complex ranges { section .textrw };

  Section              Kind        Address    Size  Object
  -------              ----        -------    ----  ------
"A0":                                        0x410
  .intvec              const    0x00008000   0x410  vectors.o [1]
                              - 0x00008410   0x410

"A1":                                          0x8
  .noinit              ro code  0x00008410     0x8  startup_MK60DZ10.o [1]
                              - 0x00008418     0x8

"P1":                                       0x5434
  .text                ro code  0x00008418   0x8d4  peripheral.o [1]
  .text                ro code  0x00008cec   0x19c  MK60_gpio.o [1]
  .text                ro code  0x00008e88    0x40  VCAN_computer.o [1]
  .text                ro code  0x00008ec8   0x2f4  MK60_uart.o [1]
  .text                ro code  0x000091bc    0xac  VCAN_LED.o [1]
  .text                ro code  0x00009268    0x10  peripheral.o [1]
  .text                ro code  0x00009278    0x4e  FltToDbl.o [4]
  .rodata              const    0x000092c6     0x2  VCAN_computer.o [1]
  .text                ro code  0x000092c8    0xe8  DblAdd.o [4]
  .text                ro code  0x000093b0    0x90  DblToFlt.o [4]
  .text                ro code  0x00009440   0x4bc  OLED.o [1]
  .text                ro code  0x000098fc    0x64  MK60_SysTick.o [1]
  .text                ro code  0x00009960   0x37c  motor.o [1]
  .text                ro code  0x00009cdc    0x50  MK60_port.o [1]
  .text                ro code  0x00009d2c   0x134  MK60_conf.o [1]
  .text                ro code  0x00009e60    0x2e  strstr.o [3]
  .rodata              const    0x00009e8e     0x2  VCAN_computer.o [1]
  .text                ro code  0x00009e90   0x16c  DblSub.o [4]
  .text                ro code  0x00009ffc   0x5d8  MK60_ftm.o [1]
  .text                ro code  0x0000a5d4   0x7a8  VCAN_LCD_ILI9325.o [1]
  .text                ro code  0x0000ad7c    0xfc  VCAN_LCD.o [1]
  .text                ro code  0x0000ae78   0x1d8  VCAN_LCD_CH.o [1]
  .text                ro code  0x0000b050    0x16  strchr.o [5]
  .text                ro code  0x0000b068   0x114  MK60_flexbus.o [1]
  .rodata              const    0x0000b17c   0x834  OLED.o [1]
  .rodata              const    0x0000b9b0   0x5f0  OLED.o [1]
  .text                ro code  0x0000bfa0   0x5dc  inductance.o [1]
  .text                ro code  0x0000c57c   0x2b8  MK60_adc.o [1]
  .text                ro code  0x0000c834    0x2c  I32ToDbl.o [4]
  .text                ro code  0x0000c860   0x1a2  DblMul.o [4]
  .text                ro code  0x0000ca04    0x4c  DblToI32.o [4]
  Veneer               ro code  0x0000ca50     0x8  - Linker created -
  .text                ro code  0x0000ca58   0x3d4  MK60_mcg.o [1]
  .text                ro code  0x0000ce2c   0x15c  Car_System.o [1]
  .text                ro code  0x0000cf88    0x3c  MK60_lptmr.o [1]
  .text                ro code  0x0000cfc4    0x50  misc.o [1]
  .text                ro code  0x0000d014   0x144  system_MK60DZ10.o [1]
  .text                ro code  0x0000d158    0x40  MK60_wdog.o [1]
  .data_init                    0x0000d198    0xc0  <Block>
    Initializer bytes  const    0x0000d198    0xc0  <for .data-1>
  .rodata              const    0x0000d258    0x98  OLED.o [1]
  .rodata              const    0x0000d2f0    0x5c  MK60_gpio.o [1]
  .rodata              const    0x0000d34c    0x5c  MK60_SysTick.o [1]
  .rodata              const    0x0000d3a8    0x5c  MK60_uart.o [1]
  .rodata              const    0x0000d404    0x58  MK60_adc.o [1]
  .rodata              const    0x0000d45c    0x58  MK60_ftm.o [1]
  .rodata              const    0x0000d4b4    0x54  misc.o [1]
  CodeRelocate                  0x0000d508    0x50  <Block>
    Initializer bytes  const    0x0000d508    0x50  <for CodeRelocateRam-1>
  .text                ro code  0x0000d558    0x40  zero_init3.o [5]
  .rodata              const    0x0000d598    0x3c  MK60_conf.o [1]
  .text                ro code  0x0000d5d4    0x28  data_init.o [5]
  .text                ro code  0x0000d5fc    0x22  fpinit_M.o [4]
  .iar.init_table      const    0x0000d620    0x10  - Linker created -
  .text                ro code  0x0000d630    0x1a  cmain.o [5]
  .text                ro code  0x0000d64a     0x4  low_level_init.o [3]
  .text                ro code  0x0000d64e     0x4  exit.o [3]
  .text                ro code  0x0000d654     0xa  cexit.o [5]
  .text                ro code  0x0000d660     0xc  XXexit.o [5]
  .rodata              const    0x0000d66c    0x18  peripheral.o [1]
  .rodata              const    0x0000d684    0x18  peripheral.o [1]
  .rodata              const    0x0000d69c    0x14  peripheral.o [1]
  .rodata              const    0x0000d6b0    0x10  peripheral.o [1]
  .rodata              const    0x0000d6c0    0x10  peripheral.o [1]
  .rodata              const    0x0000d6d0    0x10  peripheral.o [1]
  .rodata              const    0x0000d6e0    0x10  peripheral.o [1]
  .rodata              const    0x0000d6f0    0x10  peripheral.o [1]
  .rodata              const    0x0000d700    0x10  peripheral.o [1]
  .rodata              const    0x0000d710    0x10  peripheral.o [1]
  .rodata              const    0x0000d720     0xc  peripheral.o [1]
  .rodata              const    0x0000d72c     0xc  peripheral.o [1]
  .rodata              const    0x0000d738     0xc  peripheral.o [1]
  .rodata              const    0x0000d744     0xc  peripheral.o [1]
  .rodata              const    0x0000d750     0xc  peripheral.o [1]
  .rodata              const    0x0000d75c     0xc  peripheral.o [1]
  .rodata              const    0x0000d768     0xc  peripheral.o [1]
  .rodata              const    0x0000d774     0xc  peripheral.o [1]
  .rodata              const    0x0000d780     0xc  peripheral.o [1]
  .rodata              const    0x0000d78c     0xc  peripheral.o [1]
  .rodata              const    0x0000d798     0xc  peripheral.o [1]
  .rodata              const    0x0000d7a4     0xc  peripheral.o [1]
  .rodata              const    0x0000d7b0     0xc  peripheral.o [1]
  .text                ro code  0x0000d7bc     0xc  cstartup_M.o [5]
  .rodata              const    0x0000d7c8     0x8  MK60_conf.o [1]
  .rodata              const    0x0000d7d0     0x8  peripheral.o [1]
  .rodata              const    0x0000d7d8     0x8  peripheral.o [1]
  .rodata              const    0x0000d7e0     0x8  peripheral.o [1]
  .rodata              const    0x0000d7e8     0x8  peripheral.o [1]
  .rodata              const    0x0000d7f0     0x8  peripheral.o [1]
  .rodata              const    0x0000d7f8     0x8  peripheral.o [1]
  .rodata              const    0x0000d800     0x8  peripheral.o [1]
  .rodata              const    0x0000d808     0x8  peripheral.o [1]
  .rodata              const    0x0000d810     0x8  peripheral.o [1]
  .rodata              const    0x0000d818     0x8  peripheral.o [1]
  .rodata              const    0x0000d820     0x8  peripheral.o [1]
  .rodata              const    0x0000d828     0x8  peripheral.o [1]
  .rodata              const    0x0000d830     0x8  peripheral.o [1]
  .rodata              const    0x0000d838     0x8  peripheral.o [1]
  .rodata              const    0x0000d840     0x4  MK60_conf.o [1]
  .rodata              const    0x0000d844     0x4  VCAN_LCD.o [1]
  .rodata              const    0x0000d848     0x4  VCAN_LCD_CH.o [1]
  .rodata              const    0x0000d84c     0x0  zero_init3.o [5]
                              - 0x0000d84c  0x5434

"P2", part 1 of 2:                           0x110
  .data                         0x1fff0410    0xc0  <Block>
    .data-1                     0x1fff0410    0xbd  <Init block>
      .data            inited   0x1fff0410     0x8  MK60_adc.o [1]
      .data            inited   0x1fff0418    0x10  MK60_ftm.o [1]
      .data            inited   0x1fff0428    0x14  MK60_gpio.o [1]
      .data            inited   0x1fff043c    0x58  MK60_mcg.o [1]
      .data            inited   0x1fff0494     0x4  MK60_mcg.o [1]
      .data            inited   0x1fff0498    0x14  MK60_port.o [1]
      .data            inited   0x1fff04ac    0x18  MK60_uart.o [1]
      .data            inited   0x1fff04c4     0x4  VCAN_LED.o [1]
      .data            inited   0x1fff04c8     0x2  VCAN_LCD_ILI9325.o [1]
      .data            inited   0x1fff04ca     0x2  VCAN_LCD_ILI9325.o [1]
      .data            inited   0x1fff04cc     0x1  VCAN_LCD_ILI9325.o [1]
  CodeRelocateRam               0x1fff04d0    0x50  <Block>
    CodeRelocateRam-1           0x1fff04d0    0x50  <Init block>
      .textrw          inited   0x1fff04d0    0x50  MK60_mcg.o [1]
                              - 0x1fff0520   0x110

"P2", part 2 of 2:                           0x114
  .bss                          0x1fff0520   0x114  <Block>
    .bss               zero     0x1fff0520    0x3c  data.o [1]
    .bss               zero     0x1fff055c    0x60  data.o [1]
    .bss               zero     0x1fff05bc    0x24  data.o [1]
    .bss               zero     0x1fff05e0    0x34  data.o [1]
    .bss               zero     0x1fff0614    0x10  MK60_ftm.o [1]
    .bss               zero     0x1fff0624     0x4  system_MK60DZ10.o [1]
    .bss               zero     0x1fff0628     0x4  system_MK60DZ10.o [1]
    .bss               zero     0x1fff062c     0x4  system_MK60DZ10.o [1]
    .bss               zero     0x1fff0630     0x2  data.o [1]
                              - 0x1fff0634   0x114


*******************************************************************************
*** INIT TABLE
***

          Address     Size
          -------     ----
Zero (__iar_zero_init3)
    1 destination range, total size 0x112:
          0x1fff0520  0x112



*******************************************************************************
*** MODULE SUMMARY
***

    Module              ro code  rw code  ro data  rw data
    ------              -------  -------  -------  -------
D:\m1899\Documents\项目与比赛\2017NXP智能车\控制程序\第一版20170202\Prj\IAR\FN15_Debug\Obj: [1]
    Car_System.o            348
    MK60_SysTick.o          100                92
    MK60_adc.o              696                96        8
    MK60_conf.o             308                72
    MK60_flexbus.o          276
    MK60_ftm.o            1 496               104       32
    MK60_gpio.o             412               112       20
    MK60_lptmr.o             60
    MK60_mcg.o              980       80      172       92
    MK60_port.o              80                20       20
    MK60_uart.o             756               116       24
    MK60_wdog.o              64
    OLED.o                1 212             3 772
    VCAN_LCD.o              252                 4
    VCAN_LCD_CH.o           472                 4
    VCAN_LCD_ILI9325.o    1 960                 5        5
    VCAN_LED.o              172                 4        4
    VCAN_computer.o          64                 4
    data.o                                             246
    inductance.o          1 500
    misc.o                   80                84
    motor.o                 892
    peripheral.o          2 276               448
    startup_MK60DZ10.o        8
    system_MK60DZ10.o       324                         12
    vectors.o                               1 040
    ------------------------------------------------------
    Total:               14 788       80    6 149      463

command line: [2]
    ------------------------------------------------------
    Total:

dl7M_tln.a: [3]
    exit.o                    4
    low_level_init.o          4
    strstr.o                 46
    ------------------------------------------------------
    Total:                   54

m7M_tls.a: [4]
    DblAdd.o                232
    DblMul.o                418
    DblSub.o                364
    DblToFlt.o              144
    DblToI32.o               76
    FltToDbl.o               78
    I32ToDbl.o               44
    fpinit_M.o               34
    ------------------------------------------------------
    Total:                1 390

rt7M_tl.a: [5]
    XXexit.o                 12
    cexit.o                  10
    cmain.o                  26
    cstartup_M.o             12
    data_init.o              40
    strchr.o                 22
    zero_init3.o             64
    ------------------------------------------------------
    Total:                  186

    Gaps                      8                 2
    Linker created            8                19
----------------------------------------------------------
    Grand Total:         16 434       80    6 170      463


*******************************************************************************
*** ENTRY LIST
***

Entry                      Address   Size  Type      Object
-----                      -------   ----  ----      ------
.bss$$Base              0x1fff0520          --   Gb  - Linker created -
.bss$$Limit             0x1fff0634          --   Gb  - Linker created -
.data$$Base             0x1fff0410          --   Gb  - Linker created -
.data$$Limit            0x1fff04d0          --   Gb  - Linker created -
.data_init$$Base        0x0000d198          --   Gb  - Linker created -
.data_init$$Limit       0x0000d258          --   Gb  - Linker created -
.iar.init_table$$Base   0x0000d620          --   Gb  - Linker created -
.iar.init_table$$Limit  0x0000d630          --   Gb  - Linker created -
?main                   0x0000d631         Code  Gb  cmain.o [5]
ADCN                    0x1fff0410    0x8  Data  Gb  MK60_adc.o [1]
ADC_Init                0x0000bfa1   0x1c  Code  Gb  inductance.o [1]
ASSERT_FAILED_STR       0x0000d598   0x3c  Data  Gb  MK60_conf.o [1]
CodeRelocate$$Base      0x0000d508          --   Gb  - Linker created -
CodeRelocate$$Limit     0x0000d558          --   Gb  - Linker created -
CodeRelocateRam$$Base   0x1fff04d0          --   Gb  - Linker created -
CodeRelocateRam$$Limit  0x1fff0520          --   Gb  - Linker created -
DeBug_Interface         0x000088ad  0x1fc  Code  Gb  peripheral.o [1]
Debug_Init              0x00008aa9   0x24  Code  Gb  peripheral.o [1]
Direction               0x1fff05bc   0x24  Data  Gb  data.o [1]
Direction_Calculate     0x0000c157  0x2c4  Code  Gb  inductance.o [1]
Direction_Control       0x0000bfbd   0x18  Code  Gb  inductance.o [1]
Direction_PID           0x0000c41b   0x7a  Code  Gb  inductance.o [1]
F14x16                  0x0000b17c  0x834  Data  Gb  OLED.o [1]
F14x16_Idx              0x0000d258   0x98  Data  Gb  OLED.o [1]
F8X16                   0x0000b9b0  0x5f0  Data  Gb  OLED.o [1]
FTMN                    0x1fff0418   0x10  Data  Gb  MK60_ftm.o [1]
FTM_port_mux            0x00009ffd  0x1ac  Code  Lc  MK60_ftm.o [1]
GPIOX                   0x1fff0428   0x14  Data  Gb  MK60_gpio.o [1]
Get_AD_Value            0x0000bfd5  0x182  Code  Gb  inductance.o [1]
Get_Motor_Speed         0x00009bef   0x48  Code  Gb  motor.o [1]
Get_Motor_Speed_Init    0x00009bdf   0x10  Code  Gb  motor.o [1]
Get_System_Ready        0x0000ced5   0x12  Code  Gb  Car_System.o [1]
ILI9325_get_h           0x0000ad5b    0x6  Code  Gb  VCAN_LCD_ILI9325.o [1]
ILI9325_get_w           0x0000ad61    0x6  Code  Gb  VCAN_LCD_ILI9325.o [1]
Init_Key                0x0000870f   0x2c  Code  Gb  peripheral.o [1]
Init_System             0x0000ce55   0x44  Code  Gb  Car_System.o [1]
LCD_Char_CH             0x0000ae79   0xbc  Code  Gb  VCAN_LCD_CH.o [1]
LCD_ILI9325_dir         0x0000aa8b   0xf4  Code  Gb  VCAN_LCD_ILI9325.o [1]
LCD_ILI9325_init        0x0000a5d5  0x4b6  Code  Gb  VCAN_LCD_ILI9325.o [1]
LCD_ILI9325_ptlon       0x0000ab7f  0x1dc  Code  Gb  VCAN_LCD_ILI9325.o [1]
LCD_Str_ENCH            0x0000af35  0x114  Code  Gb  VCAN_LCD_CH.o [1]
LCD_char                0x0000adb3   0xba  Code  Gb  VCAN_LCD.o [1]
LCD_rectangle           0x0000ad7d   0x36  Code  Gb  VCAN_LCD.o [1]
LED_Interface           0x00008bd9   0x46  Code  Gb  peripheral.o [1]
LED_PTxn                0x1fff04c4    0x4  Data  Gb  VCAN_LED.o [1]
LPTMR_IRQHandler        0x0000cee9   0x18  Code  Gb  Car_System.o [1]
Motor_Control           0x000099b5   0xb0  Code  Gb  motor.o [1]
Motor_Init              0x00009979   0x3c  Code  Gb  motor.o [1]
Motor_PID               0x00009aa7  0x11a  Code  Gb  motor.o [1]
Motor_PID_Init          0x00009a65   0x42  Code  Gb  motor.o [1]
NVIC_DisableIRQ         0x0000ce41   0x14  Code  Lc  Car_System.o [1]
NVIC_DisableIRQ         0x0000842f   0x16  Code  Lc  peripheral.o [1]
NVIC_EnableIRQ          0x0000ce2d   0x14  Code  Lc  Car_System.o [1]
NVIC_EnableIRQ          0x00008419   0x16  Code  Lc  peripheral.o [1]
OLED_CLS                0x00009545   0x3c  Code  Gb  OLED.o [1]
OLED_DLY_ms             0x00009581   0x18  Code  Gb  OLED.o [1]
OLED_Fill               0x00009505   0x40  Code  Gb  OLED.o [1]
OLED_Init               0x00009599   0xf8  Code  Gb  OLED.o [1]
OLED_Interface          0x0000873b  0x16c  Code  Gb  peripheral.o [1]
OLED_P14x16Str          0x0000973f  0x134  Code  Gb  OLED.o [1]
OLED_P8x16Str           0x00009691   0xae  Code  Gb  OLED.o [1]
OLED_Print              0x00009873   0x6c  Code  Gb  OLED.o [1]
OLED_Set_Pos            0x000094db   0x2a  Code  Gb  OLED.o [1]
OLED_WrCmd              0x00009491   0x4a  Code  Gb  OLED.o [1]
OLED_WrDat              0x00009441   0x4e  Code  Gb  OLED.o [1]
PORTX                   0x1fff0498   0x14  Data  Gb  MK60_port.o [1]
Receive_Data            0x000084a3  0x26c  Code  Gb  peripheral.o [1]
Region$$Table$$Base     0x0000d620          --   Gb  - Linker created -
Region$$Table$$Limit    0x0000d630          --   Gb  - Linker created -
Reset_Handler           0x00008411         Code  Gb  startup_MK60DZ10.o [1]
Road_Data               0x1fff055c   0x60  Data  Gb  data.o [1]
Send_Data               0x00008453   0x50  Code  Gb  peripheral.o [1]
Service                 0x1fff05e0   0x34  Data  Gb  data.o [1]
Set_User_Information    0x0000ce99   0x3c  Code  Gb  Car_System.o [1]
Speed                   0x1fff0520   0x3c  Data  Gb  data.o [1]
Speed_Chack             0x00009c37   0x92  Code  Gb  motor.o [1]
Speed_Comput            0x00009bc1   0x1e  Code  Gb  motor.o [1]
Speed_Control           0x00009961   0x18  Code  Gb  motor.o [1]
Stop_Car_Init           0x00008445    0xe  Code  Gb  peripheral.o [1]
System_Error            0x00008ad5   0xe8  Code  Gb  peripheral.o [1]
TempSpeed               0x1fff0630    0x2  Data  Gb  data.o [1]
UARTN                   0x1fff04ac   0x18  Data  Gb  MK60_uart.o [1]
__BOOT_STACK_ADDRESS {Abs}
                        0x2000fff8         Data  Gb  command line/config [2]
__VECTOR_RAM {Abs}      0x1fff0000         Data  Gb  command line/config [2]
__VECTOR_TABLE {Abs}    0x00008000         Data  Gb  command line/config [2]
__aeabi_d2f             0x000093b1         Code  Gb  DblToFlt.o [4]
__aeabi_d2iz            0x0000ca05         Code  Gb  DblToI32.o [4]
__aeabi_dadd            0x000092c9         Code  Gb  DblAdd.o [4]
__aeabi_dmul            0x0000c861         Code  Gb  DblMul.o [4]
__aeabi_f2d             0x00009279         Code  Gb  FltToDbl.o [4]
__aeabi_i2d             0x0000c835         Code  Gb  I32ToDbl.o [4]
__cmain                 0x0000d631         Code  Gb  cmain.o [5]
__code_start__ {Abs}    0x00008410         Data  Gb  command line/config [2]
__exit                  0x0000d661         Code  Gb  XXexit.o [5]
__iar_Strchr            0x0000b051         Code  Gb  strchr.o [5]
__iar_Strstr            0x00009e61   0x2e  Code  Gb  strstr.o [3]
__iar_d2uiz             0x0000ca31         Code  Gb  DblToI32.o [4]
__iar_dadd              0x000092dd         Code  Gb  DblAdd.o [4]
__iar_data_init3        0x0000d5d5   0x28  Code  Gb  data_init.o [5]
__iar_dsub              0x00009e91         Code  Gb  DblSub.o [4]
__iar_dsubStart         0x00009ea3         Code  Gb  DblSub.o [4]
__iar_init_vfp          0x0000d5fd         Code  Gb  fpinit_M.o [4]
__iar_program_start     0x0000d7bd         Code  Gb  cstartup_M.o [5]
__iar_ui2d              0x0000c849         Code  Gb  I32ToDbl.o [4]
__iar_zero_init3        0x0000d559   0x40  Code  Gb  zero_init3.o [5]
__low_level_init        0x0000d64b    0x4  Code  Gb  low_level_init.o [3]
__vector_table          0x00008000  0x410  Data  Gb  vectors.o [1]
_call_main              0x0000d63d         Code  Gb  cmain.o [5]
_exit                   0x0000d655         Code  Gb  cexit.o [5]
_main                   0x0000d647         Code  Gb  cmain.o [5]
adc_init                0x0000c57d  0x20e  Code  Gb  MK60_adc.o [1]
adc_once                0x0000c78b   0x50  Code  Gb  MK60_adc.o [1]
adc_start               0x0000c7db   0x44  Code  Lc  MK60_adc.o [1]
assert_failed           0x00009d2d   0x7e  Code  Gb  MK60_conf.o [1]
bus_clk_khz             0x1fff062c    0x4  Data  Gb  system_MK60DZ10.o [1]
common_startup          0x0000d085   0x98  Code  Gb  system_MK60DZ10.o [1]
core_clk_khz            0x1fff0624    0x4  Data  Gb  system_MK60DZ10.o [1]
core_clk_mhz            0x1fff0628    0x4  Data  Gb  system_MK60DZ10.o [1]
default_isr             0x00009dc1   0x70  Code  Gb  MK60_conf.o [1]
enter_fputc             0x00009dad   0x14  Code  Gb  MK60_conf.o [1]
exit                    0x0000d64f    0x4  Code  Gb  exit.o [3]
flexbus_8080_init       0x0000b069  0x114  Code  Gb  MK60_flexbus.o [1]
ftm_mod                 0x1fff0614   0x10  Data  Lc  MK60_ftm.o [1]
ftm_pwm_duty            0x0000a353  0x10e  Code  Gb  MK60_ftm.o [1]
ftm_pwm_init            0x0000a1a9  0x1aa  Code  Gb  MK60_ftm.o [1]
ftm_quad_clean          0x0000a593   0x28  Code  Gb  MK60_ftm.o [1]
ftm_quad_get            0x0000a567   0x2c  Code  Gb  MK60_ftm.o [1]
ftm_quad_init           0x0000a461  0x106  Code  Gb  MK60_ftm.o [1]
gpio_get                0x00008e45   0x3a  Code  Gb  MK60_gpio.o [1]
gpio_init               0x00008ced   0xae  Code  Gb  MK60_gpio.o [1]
gpio_set                0x00008d9b   0x72  Code  Gb  MK60_gpio.o [1]
gpio_turn               0x00008e0d   0x38  Code  Gb  MK60_gpio.o [1]
hardfault_isr           0x00009e59    0x8  Code  Gb  MK60_conf.o [1]
hasToroid               0x0000c495   0x8a  Code  Gb  inductance.o [1]
ili9325_dir             0x1fff04cc    0x1  Data  Gb  VCAN_LCD_ILI9325.o [1]
ili9325_h               0x1fff04c8    0x2  Data  Gb  VCAN_LCD_ILI9325.o [1]
ili9325_w               0x1fff04ca    0x2  Data  Gb  VCAN_LCD_ILI9325.o [1]
init_LED                0x00008bbd   0x1c  Code  Gb  peripheral.o [1]
led                     0x000091f7   0x3c  Code  Gb  VCAN_LED.o [1]
led_init                0x000091bd   0x3a  Code  Gb  VCAN_LED.o [1]
led_turn                0x00009233   0x32  Code  Gb  VCAN_LED.o [1]
lptmr_timing_ms         0x0000cf89   0x2c  Code  Gb  MK60_lptmr.o [1]
main                    0x0000d015    0x2  Code  Gb  system_MK60DZ10.o [1]
mcg_cfg                 0x1fff043c   0x58  Data  Gb  MK60_mcg.o [1]
mcg_div                 0x1fff0494    0x4  Data  Gb  MK60_mcg.o [1]
mcg_div_count           0x0000ca59  0x304  Code  Gb  MK60_mcg.o [1]
pll_init                0x0000cd5d   0xb2  Code  Gb  MK60_mcg.o [1]
port_init               0x00009cdd   0x48  Code  Gb  MK60_port.o [1]
set_sys_dividers        0x1fff04d1   0x50  Code  Gb  MK60_mcg.o [1]
set_vector_handler      0x0000cfe7   0x22  Code  Gb  misc.o [1]
start                   0x0000d017   0x32  Code  Gb  system_MK60DZ10.o [1]
strchr                  0x0000b051         Code  Gb  strchr.o [5]
strstr                  0x00009269   0x10  Code  Gb  peripheral.o [1]
sysinit                 0x0000d049   0x3c  Code  Gb  system_MK60DZ10.o [1]
system_RunTime_Update   0x0000cf01   0x6e  Code  Gb  Car_System.o [1]
systick_delay           0x000098fd   0x36  Code  Gb  MK60_SysTick.o [1]
systick_delay_ms        0x00009933   0x18  Code  Gb  MK60_SysTick.o [1]
uart_init               0x00008ec9  0x214  Code  Gb  MK60_uart.o [1]
uart_putbuff            0x0000917d   0x26  Code  Gb  MK60_uart.o [1]
uart_putchar            0x00009163   0x1a  Code  Gb  MK60_uart.o [1]
uart_querychar          0x000090dd   0x2a  Code  Gb  MK60_uart.o [1]
uart_querystr           0x00009107   0x5c  Code  Gb  MK60_uart.o [1]
vcan_sendware           0x00008e89   0x38  Code  Gb  VCAN_computer.o [1]
wdog_disable            0x0000d159   0x16  Code  Gb  MK60_wdog.o [1]
wdog_unlock             0x0000d16f   0x20  Code  Lc  MK60_wdog.o [1]
write_vtor              0x0000cfc5   0x22  Code  Gb  misc.o [1]


[1] = D:\m1899\Documents\项目与比赛\2017NXP智能车\控制程序\第一版20170202\Prj\IAR\FN15_Debug\Obj
[2] = command line
[3] = dl7M_tln.a
[4] = m7M_tls.a
[5] = rt7M_tl.a

  16 434 bytes of readonly  code memory
      80 bytes of readwrite code memory
   6 170 bytes of readonly  data memory
     463 bytes of readwrite data memory

Errors: none
Warnings: none
