###############################################################################
#
# IAR ELF Linker V7.80.4.12462/W32 for ARM                20/Mar/2017  21:52:19
# Copyright 2007-2017 IAR Systems AB.
#
#    Output file  =  
#        D:\m1899\Documents\单片机学习\Powered by
#        ZZS\2017赛季\控制程序\第一版20170202\Prj\IAR\FN15_Debug\Exe\vcan_Kinetis.out
#    Map file     =  
#        D:\m1899\Documents\单片机学习\Powered by
#        ZZS\2017赛季\控制程序\第一版20170202\Prj\IAR\FN15_Debug\List\vcan_Kinetis.map
#    Command line =  
#        "D:\m1899\Documents\单片机学习\Powered by
#        ZZS\2017赛季\控制程序\第一版20170202\Prj\IAR\FN15_Debug\Obj\Car_System.o"
#        "D:\m1899\Documents\单片机学习\Powered by
#        ZZS\2017赛季\控制程序\第一版20170202\Prj\IAR\FN15_Debug\Obj\data.o"
#        "D:\m1899\Documents\单片机学习\Powered by
#        ZZS\2017赛季\控制程序\第一版20170202\Prj\IAR\FN15_Debug\Obj\diskio.o"
#        "D:\m1899\Documents\单片机学习\Powered by
#        ZZS\2017赛季\控制程序\第一版20170202\Prj\IAR\FN15_Debug\Obj\ff.o"
#        "D:\m1899\Documents\单片机学习\Powered by
#        ZZS\2017赛季\控制程序\第一版20170202\Prj\IAR\FN15_Debug\Obj\inductance.o"
#        "D:\m1899\Documents\单片机学习\Powered by
#        ZZS\2017赛季\控制程序\第一版20170202\Prj\IAR\FN15_Debug\Obj\main.o"
#        "D:\m1899\Documents\单片机学习\Powered by
#        ZZS\2017赛季\控制程序\第一版20170202\Prj\IAR\FN15_Debug\Obj\misc.o"
#        "D:\m1899\Documents\单片机学习\Powered by
#        ZZS\2017赛季\控制程序\第一版20170202\Prj\IAR\FN15_Debug\Obj\MK60_adc.o"
#        "D:\m1899\Documents\单片机学习\Powered by
#        ZZS\2017赛季\控制程序\第一版20170202\Prj\IAR\FN15_Debug\Obj\MK60_can.o"
#        "D:\m1899\Documents\单片机学习\Powered by
#        ZZS\2017赛季\控制程序\第一版20170202\Prj\IAR\FN15_Debug\Obj\MK60_conf.o"
#        "D:\m1899\Documents\单片机学习\Powered by
#        ZZS\2017赛季\控制程序\第一版20170202\Prj\IAR\FN15_Debug\Obj\MK60_dac.o"
#        "D:\m1899\Documents\单片机学习\Powered by
#        ZZS\2017赛季\控制程序\第一版20170202\Prj\IAR\FN15_Debug\Obj\MK60_dma.o"
#        "D:\m1899\Documents\单片机学习\Powered by
#        ZZS\2017赛季\控制程序\第一版20170202\Prj\IAR\FN15_Debug\Obj\MK60_DWT.o"
#        "D:\m1899\Documents\单片机学习\Powered by
#        ZZS\2017赛季\控制程序\第一版20170202\Prj\IAR\FN15_Debug\Obj\MK60_flexbus.o"
#        "D:\m1899\Documents\单片机学习\Powered by
#        ZZS\2017赛季\控制程序\第一版20170202\Prj\IAR\FN15_Debug\Obj\MK60_ftm.o"
#        "D:\m1899\Documents\单片机学习\Powered by
#        ZZS\2017赛季\控制程序\第一版20170202\Prj\IAR\FN15_Debug\Obj\MK60_gpio.o"
#        "D:\m1899\Documents\单片机学习\Powered by
#        ZZS\2017赛季\控制程序\第一版20170202\Prj\IAR\FN15_Debug\Obj\MK60_i2c.o"
#        "D:\m1899\Documents\单片机学习\Powered by
#        ZZS\2017赛季\控制程序\第一版20170202\Prj\IAR\FN15_Debug\Obj\MK60_it.o"
#        "D:\m1899\Documents\单片机学习\Powered by
#        ZZS\2017赛季\控制程序\第一版20170202\Prj\IAR\FN15_Debug\Obj\MK60_lptmr.o"
#        "D:\m1899\Documents\单片机学习\Powered by
#        ZZS\2017赛季\控制程序\第一版20170202\Prj\IAR\FN15_Debug\Obj\MK60_mcg.o"
#        "D:\m1899\Documents\单片机学习\Powered by
#        ZZS\2017赛季\控制程序\第一版20170202\Prj\IAR\FN15_Debug\Obj\MK60_PIT.o"
#        "D:\m1899\Documents\单片机学习\Powered by
#        ZZS\2017赛季\控制程序\第一版20170202\Prj\IAR\FN15_Debug\Obj\MK60_port.o"
#        "D:\m1899\Documents\单片机学习\Powered by
#        ZZS\2017赛季\控制程序\第一版20170202\Prj\IAR\FN15_Debug\Obj\MK60_rtc.o"
#        "D:\m1899\Documents\单片机学习\Powered by
#        ZZS\2017赛季\控制程序\第一版20170202\Prj\IAR\FN15_Debug\Obj\MK60_sdhc.o"
#        "D:\m1899\Documents\单片机学习\Powered by
#        ZZS\2017赛季\控制程序\第一版20170202\Prj\IAR\FN15_Debug\Obj\MK60_spi.o"
#        "D:\m1899\Documents\单片机学习\Powered by
#        ZZS\2017赛季\控制程序\第一版20170202\Prj\IAR\FN15_Debug\Obj\MK60_SysTick.o"
#        "D:\m1899\Documents\单片机学习\Powered by
#        ZZS\2017赛季\控制程序\第一版20170202\Prj\IAR\FN15_Debug\Obj\MK60_uart.o"
#        "D:\m1899\Documents\单片机学习\Powered by
#        ZZS\2017赛季\控制程序\第一版20170202\Prj\IAR\FN15_Debug\Obj\MK60_usb.o"
#        "D:\m1899\Documents\单片机学习\Powered by
#        ZZS\2017赛季\控制程序\第一版20170202\Prj\IAR\FN15_Debug\Obj\MK60_wdog.o"
#        "D:\m1899\Documents\单片机学习\Powered by
#        ZZS\2017赛季\控制程序\第一版20170202\Prj\IAR\FN15_Debug\Obj\motor.o"
#        "D:\m1899\Documents\单片机学习\Powered by
#        ZZS\2017赛季\控制程序\第一版20170202\Prj\IAR\FN15_Debug\Obj\OLED.o"
#        "D:\m1899\Documents\单片机学习\Powered by
#        ZZS\2017赛季\控制程序\第一版20170202\Prj\IAR\FN15_Debug\Obj\peripheral.o"
#        "D:\m1899\Documents\单片机学习\Powered by
#        ZZS\2017赛季\控制程序\第一版20170202\Prj\IAR\FN15_Debug\Obj\startup_MK60DZ10.o"
#        "D:\m1899\Documents\单片机学习\Powered by
#        ZZS\2017赛季\控制程序\第一版20170202\Prj\IAR\FN15_Debug\Obj\system_MK60DZ10.o"
#        "D:\m1899\Documents\单片机学习\Powered by
#        ZZS\2017赛季\控制程序\第一版20170202\Prj\IAR\FN15_Debug\Obj\USB.o"
#        "D:\m1899\Documents\单片机学习\Powered by
#        ZZS\2017赛季\控制程序\第一版20170202\Prj\IAR\FN15_Debug\Obj\USB_CDC.o"
#        "D:\m1899\Documents\单片机学习\Powered by
#        ZZS\2017赛季\控制程序\第一版20170202\Prj\IAR\FN15_Debug\Obj\VCAN_ASCII.o"
#        "D:\m1899\Documents\单片机学习\Powered by
#        ZZS\2017赛季\控制程序\第一版20170202\Prj\IAR\FN15_Debug\Obj\VCAN_BMP.o"
#        "D:\m1899\Documents\单片机学习\Powered by
#        ZZS\2017赛季\控制程序\第一版20170202\Prj\IAR\FN15_Debug\Obj\VCAN_camera.o"
#        "D:\m1899\Documents\单片机学习\Powered by
#        ZZS\2017赛季\控制程序\第一版20170202\Prj\IAR\FN15_Debug\Obj\VCAN_computer.o"
#        "D:\m1899\Documents\单片机学习\Powered by
#        ZZS\2017赛季\控制程序\第一版20170202\Prj\IAR\FN15_Debug\Obj\vcan_img2sd.o"
#        "D:\m1899\Documents\单片机学习\Powered by
#        ZZS\2017赛季\控制程序\第一版20170202\Prj\IAR\FN15_Debug\Obj\VCAN_key.o"
#        "D:\m1899\Documents\单片机学习\Powered by
#        ZZS\2017赛季\控制程序\第一版20170202\Prj\IAR\FN15_Debug\Obj\VCAN_key_event.o"
#        "D:\m1899\Documents\单片机学习\Powered by
#        ZZS\2017赛季\控制程序\第一版20170202\Prj\IAR\FN15_Debug\Obj\VCAN_LCD.o"
#        "D:\m1899\Documents\单片机学习\Powered by
#        ZZS\2017赛季\控制程序\第一版20170202\Prj\IAR\FN15_Debug\Obj\VCAN_LCD_CH.o"
#        "D:\m1899\Documents\单片机学习\Powered by
#        ZZS\2017赛季\控制程序\第一版20170202\Prj\IAR\FN15_Debug\Obj\VCAN_LCD_ILI9325.o"
#        "D:\m1899\Documents\单片机学习\Powered by
#        ZZS\2017赛季\控制程序\第一版20170202\Prj\IAR\FN15_Debug\Obj\VCAN_LCD_ILI9341.o"
#        "D:\m1899\Documents\单片机学习\Powered by
#        ZZS\2017赛季\控制程序\第一版20170202\Prj\IAR\FN15_Debug\Obj\VCAN_LCD_ST7735R.o"
#        "D:\m1899\Documents\单片机学习\Powered by
#        ZZS\2017赛季\控制程序\第一版20170202\Prj\IAR\FN15_Debug\Obj\VCAN_LCD_ST7735S.o"
#        "D:\m1899\Documents\单片机学习\Powered by
#        ZZS\2017赛季\控制程序\第一版20170202\Prj\IAR\FN15_Debug\Obj\VCAN_LED.o"
#        "D:\m1899\Documents\单片机学习\Powered by
#        ZZS\2017赛季\控制程序\第一版20170202\Prj\IAR\FN15_Debug\Obj\VCAN_MMA7455.o"
#        "D:\m1899\Documents\单片机学习\Powered by
#        ZZS\2017赛季\控制程序\第一版20170202\Prj\IAR\FN15_Debug\Obj\VCAN_NRF24L0.o"
#        "D:\m1899\Documents\单片机学习\Powered by
#        ZZS\2017赛季\控制程序\第一版20170202\Prj\IAR\FN15_Debug\Obj\VCAN_NRF24L0_MSG.o"
#        "D:\m1899\Documents\单片机学习\Powered by
#        ZZS\2017赛季\控制程序\第一版20170202\Prj\IAR\FN15_Debug\Obj\VCAN_OV7725_Eagle.o"
#        "D:\m1899\Documents\单片机学习\Powered by
#        ZZS\2017赛季\控制程序\第一版20170202\Prj\IAR\FN15_Debug\Obj\VCAN_OV7725_Wolf.o"
#        "D:\m1899\Documents\单片机学习\Powered by
#        ZZS\2017赛季\控制程序\第一版20170202\Prj\IAR\FN15_Debug\Obj\VCAN_RTC_count.o"
#        "D:\m1899\Documents\单片机学习\Powered by
#        ZZS\2017赛季\控制程序\第一版20170202\Prj\IAR\FN15_Debug\Obj\VCAN_SCCB.o"
#        "D:\m1899\Documents\单片机学习\Powered by
#        ZZS\2017赛季\控制程序\第一版20170202\Prj\IAR\FN15_Debug\Obj\vcan_sd_app.o"
#        "D:\m1899\Documents\单片机学习\Powered by
#        ZZS\2017赛季\控制程序\第一版20170202\Prj\IAR\FN15_Debug\Obj\Vcan_touch.o"
#        "D:\m1899\Documents\单片机学习\Powered by
#        ZZS\2017赛季\控制程序\第一版20170202\Prj\IAR\FN15_Debug\Obj\VCAN_TSL1401.o"
#        "D:\m1899\Documents\单片机学习\Powered by
#        ZZS\2017赛季\控制程序\第一版20170202\Prj\IAR\FN15_Debug\Obj\VCAN_UI_VAR.o"
#        "D:\m1899\Documents\单片机学习\Powered by
#        ZZS\2017赛季\控制程序\第一版20170202\Prj\IAR\FN15_Debug\Obj\vectors.o"
#        -o "D:\m1899\Documents\单片机学习\Powered by
#        ZZS\2017赛季\控制程序\第一版20170202\Prj\IAR\FN15_Debug\Exe\vcan_Kinetis.out"
#        --map "D:\m1899\Documents\单片机学习\Powered by
#        ZZS\2017赛季\控制程序\第一版20170202\Prj\IAR\FN15_Debug\List\vcan_Kinetis.map"
#        --config "D:\m1899\Documents\单片机学习\Powered by
#        ZZS\2017赛季\控制程序\第一版20170202\Prj\IAR\config
#        files\vcan_ROM_K60N1M.icf" "D:\m1899\Documents\单片机学习\Powered by
#        ZZS\2017赛季\控制程序\第一版20170202\Prj\IAR\..\..\Lib\CMSIS\iar_cortexM4l_math.a"
#        --entry __iar_program_start --vfe
#
###############################################################################

*******************************************************************************
*** RUNTIME MODEL ATTRIBUTES
***

CppFlavor       = *
__SystemLibrary = DLib


*******************************************************************************
*** PLACEMENT SUMMARY
***

"A0":  place at 0x00008000 { ro section .intvec };
"A1":  place at 0x00008410 { ro section .noinit };
"P1":  place in [from 0x00008000 to 0x00080000] { ro, block CodeRelocate };
"P2":  place in [from 0x1fff0410 to 0x20010000] {
          rw, block CodeRelocateRam, block CSTACK, block HEAP };
initialize manually with packing = copy, complex ranges { section .data };
initialize manually with packing = copy, complex ranges { section .textrw };

  Section              Kind        Address    Size  Object
  -------              ----        -------    ----  ------
"A0":                                        0x410
  .intvec              const    0x00008000   0x410  vectors.o [1]
                              - 0x00008410   0x410

"A1":                                          0x8
  .noinit              ro code  0x00008410     0x8  startup_MK60DZ10.o [1]
                              - 0x00008418     0x8

"P1":                                       0x47dc
  .text                ro code  0x00008418   0x7a8  VCAN_LCD_ILI9325.o [1]
  .text                ro code  0x00008bc0   0x128  MK60_gpio.o [1]
  .text                ro code  0x00008ce8    0x64  MK60_SysTick.o [1]
  .text                ro code  0x00008d4c   0x114  MK60_flexbus.o [1]
  .text                ro code  0x00008e60    0x50  MK60_port.o [1]
  .text                ro code  0x00008eb0    0xe4  MK60_conf.o [1]
  .text                ro code  0x00008f94    0x70  VCAN_LED.o [1]
  .text                ro code  0x00009004   0x26c  MK60_uart.o [1]
  .text                ro code  0x00009270    0xfc  VCAN_LCD.o [1]
  .text                ro code  0x0000936c   0x1d8  VCAN_LCD_CH.o [1]
  .rodata              const    0x00009544   0x78c  OLED.o [1]
  .rodata              const    0x00009cd0   0x5f0  OLED.o [1]
  .text                ro code  0x0000a2c0   0x5d8  MK60_ftm.o [1]
  .text                ro code  0x0000a898   0x4bc  OLED.o [1]
  .text                ro code  0x0000ad54   0x494  motor.o [1]
  .text                ro code  0x0000b1e8    0x4e  FltToDbl.o [4]
  .rodata              const    0x0000b236     0x2  VCAN_computer.o [1]
  .text                ro code  0x0000b238   0x1a2  DblMul.o [4]
  .rodata              const    0x0000b3da     0x2  VCAN_computer.o [1]
  .text                ro code  0x0000b3dc    0x30  I32ToDbl.o [4]
  .text                ro code  0x0000b40c    0xe8  DblAdd.o [4]
  .text                ro code  0x0000b4f4    0x4c  DblToI32.o [4]
  .text                ro code  0x0000b540   0x16c  DblSub.o [4]
  Veneer               ro code  0x0000b6ac     0x8  - Linker created -
  .text                ro code  0x0000b6b4   0x3d4  MK60_mcg.o [1]
  .text                ro code  0x0000ba88   0x2b8  MK60_adc.o [1]
  .text                ro code  0x0000bd40   0x256  DblDiv.o [4]
  .text                ro code  0x0000bf98   0x200  inductance.o [1]
  .text                ro code  0x0000c198   0x13c  system_MK60DZ10.o [1]
  .text                ro code  0x0000c2d4    0x40  MK60_wdog.o [1]
  .text                ro code  0x0000c314    0x98  main.o [1]
  .text                ro code  0x0000c3ac    0x50  misc.o [1]
  .text                ro code  0x0000c3fc    0xb0  Car_System.o [1]
  .text                ro code  0x0000c4ac   0x128  peripheral.o [1]
  .text                ro code  0x0000c5d4    0x3c  MK60_lptmr.o [1]
  .text                ro code  0x0000c610    0x40  VCAN_computer.o [1]
  .data_init                    0x0000c650    0xc0  <Block>
    Initializer bytes  const    0x0000c650    0xc0  <for .data-1>
  .rodata              const    0x0000c710    0x8c  OLED.o [1]
  .rodata              const    0x0000c79c    0x68  MK60_SysTick.o [1]
  .rodata              const    0x0000c804    0x64  MK60_adc.o [1]
  .rodata              const    0x0000c868    0x64  MK60_ftm.o [1]
  .rodata              const    0x0000c8cc    0x64  MK60_gpio.o [1]
  .rodata              const    0x0000c930    0x64  MK60_uart.o [1]
  .rodata              const    0x0000c994    0x60  misc.o [1]
  CodeRelocate                  0x0000c9f4    0x50  <Block>
    Initializer bytes  const    0x0000c9f4    0x50  <for CodeRelocateRam-1>
  .text                ro code  0x0000ca44    0x40  zero_init3.o [5]
  .rodata              const    0x0000ca84    0x3c  MK60_conf.o [1]
  .text                ro code  0x0000cac0    0x28  data_init.o [5]
  .text                ro code  0x0000cae8    0x22  fpinit_M.o [4]
  .iar.init_table      const    0x0000cb0c    0x10  - Linker created -
  .text                ro code  0x0000cb1c    0x1a  cmain.o [5]
  .text                ro code  0x0000cb36     0x4  low_level_init.o [3]
  .text                ro code  0x0000cb3a     0x4  exit.o [3]
  .text                ro code  0x0000cb40     0xa  cexit.o [5]
  .text                ro code  0x0000cb4c     0xc  XXexit.o [5]
  .rodata              const    0x0000cb58    0x14  peripheral.o [1]
  .rodata              const    0x0000cb6c    0x14  peripheral.o [1]
  .rodata              const    0x0000cb80    0x10  main.o [1]
  .rodata              const    0x0000cb90    0x10  peripheral.o [1]
  .rodata              const    0x0000cba0    0x10  peripheral.o [1]
  .rodata              const    0x0000cbb0     0xc  main.o [1]
  .rodata              const    0x0000cbbc     0xc  main.o [1]
  .rodata              const    0x0000cbc8     0xc  peripheral.o [1]
  .text                ro code  0x0000cbd4     0xc  cstartup_M.o [5]
  .rodata              const    0x0000cbe0     0x8  main.o [1]
  .rodata              const    0x0000cbe8     0x4  MK60_conf.o [1]
  .rodata              const    0x0000cbec     0x4  VCAN_LCD.o [1]
  .rodata              const    0x0000cbf0     0x4  VCAN_LCD_CH.o [1]
  .rodata              const    0x0000cbf4     0x0  zero_init3.o [5]
                              - 0x0000cbf4  0x47dc

"P2", part 1 of 2:                           0x110
  .data                         0x1fff0410    0xc0  <Block>
    .data-1                     0x1fff0410    0xbd  <Init block>
      .data            inited   0x1fff0410     0x8  MK60_adc.o [1]
      .data            inited   0x1fff0418    0x10  MK60_ftm.o [1]
      .data            inited   0x1fff0428    0x14  MK60_gpio.o [1]
      .data            inited   0x1fff043c    0x58  MK60_mcg.o [1]
      .data            inited   0x1fff0494     0x4  MK60_mcg.o [1]
      .data            inited   0x1fff0498    0x14  MK60_port.o [1]
      .data            inited   0x1fff04ac    0x18  MK60_uart.o [1]
      .data            inited   0x1fff04c4     0x4  VCAN_LED.o [1]
      .data            inited   0x1fff04c8     0x2  VCAN_LCD_ILI9325.o [1]
      .data            inited   0x1fff04ca     0x2  VCAN_LCD_ILI9325.o [1]
      .data            inited   0x1fff04cc     0x1  VCAN_LCD_ILI9325.o [1]
  CodeRelocateRam               0x1fff04d0    0x50  <Block>
    CodeRelocateRam-1           0x1fff04d0    0x50  <Init block>
      .textrw          inited   0x1fff04d0    0x50  MK60_mcg.o [1]
                              - 0x1fff0520   0x110

"P2", part 2 of 2:                            0xe4
  .bss                          0x1fff0520    0xe4  <Block>
    .bss               zero     0x1fff0520    0x40  data.o [1]
    .bss               zero     0x1fff0560    0x40  data.o [1]
    .bss               zero     0x1fff05a0    0x40  data.o [1]
    .bss               zero     0x1fff05e0     0x4  data.o [1]
    .bss               zero     0x1fff05e4     0x4  data.o [1]
    .bss               zero     0x1fff05e8    0x10  MK60_ftm.o [1]
    .bss               zero     0x1fff05f8     0x4  system_MK60DZ10.o [1]
    .bss               zero     0x1fff05fc     0x4  system_MK60DZ10.o [1]
    .bss               zero     0x1fff0600     0x4  system_MK60DZ10.o [1]
                              - 0x1fff0604    0xe4


*******************************************************************************
*** INIT TABLE
***

          Address     Size
          -------     ----
Zero (__iar_zero_init3)
    1 destination range, total size 0xe4:
          0x1fff0520  0xe4



*******************************************************************************
*** MODULE SUMMARY
***

    Module              ro code  rw code  ro data  rw data
    ------              -------  -------  -------  -------
D:\m1899\Documents\单片机学习\Powered by ZZS\2017赛季\控制程序\第一版20170202\Prj\IAR\FN15_Debug\Obj: [1]
    Car_System.o            176
    MK60_SysTick.o          100               104
    MK60_adc.o              696               108        8
    MK60_conf.o             228                64
    MK60_flexbus.o          276
    MK60_ftm.o            1 496               116       32
    MK60_gpio.o             296               120       20
    MK60_lptmr.o             60
    MK60_mcg.o              980       80      172       92
    MK60_port.o              80                20       20
    MK60_uart.o             620               124       24
    MK60_wdog.o              64
    OLED.o                1 212             3 592
    VCAN_LCD.o              252                 4
    VCAN_LCD_CH.o           472                 4
    VCAN_LCD_ILI9325.o    1 960                 5        5
    VCAN_LED.o              112                 4        4
    VCAN_computer.o          64                 4
    data.o                                             200
    inductance.o            512
    main.o                  152                48
    misc.o                   80                96
    motor.o               1 172
    peripheral.o            296                84
    startup_MK60DZ10.o        8
    system_MK60DZ10.o       316                         12
    vectors.o                               1 040
    ------------------------------------------------------
    Total:               11 680       80    5 709      417

command line: [2]
    ------------------------------------------------------
    Total:

dl7M_tln.a: [3]
    exit.o                    4
    low_level_init.o          4
    ------------------------------------------------------
    Total:                    8

m7M_tls.a: [4]
    DblAdd.o                232
    DblDiv.o                598
    DblMul.o                418
    DblSub.o                364
    DblToI32.o               76
    FltToDbl.o               78
    I32ToDbl.o               48
    fpinit_M.o               34
    ------------------------------------------------------
    Total:                1 848

rt7M_tl.a: [5]
    XXexit.o                 12
    cexit.o                  10
    cmain.o                  26
    cstartup_M.o             12
    data_init.o              40
    zero_init3.o             64
    ------------------------------------------------------
    Total:                  164

    Gaps                      6                 2
    Linker created            8                19
----------------------------------------------------------
    Grand Total:         13 714       80    5 730      417


*******************************************************************************
*** ENTRY LIST
***

Entry                      Address   Size  Type      Object
-----                      -------   ----  ----      ------
.bss$$Base              0x1fff0520          --   Gb  - Linker created -
.bss$$Limit             0x1fff0604          --   Gb  - Linker created -
.data$$Base             0x1fff0410          --   Gb  - Linker created -
.data$$Limit            0x1fff04d0          --   Gb  - Linker created -
.data_init$$Base        0x0000c650          --   Gb  - Linker created -
.data_init$$Limit       0x0000c710          --   Gb  - Linker created -
.iar.init_table$$Base   0x0000cb0c          --   Gb  - Linker created -
.iar.init_table$$Limit  0x0000cb1c          --   Gb  - Linker created -
?main                   0x0000cb1d         Code  Gb  cmain.o [5]
ADCN                    0x1fff0410    0x8  Data  Gb  MK60_adc.o [1]
ADC_Init                0x0000bf99   0x10  Code  Gb  inductance.o [1]
ADC_Weight_Init         0x0000bfa9   0x3e  Code  Gb  inductance.o [1]
ASSERT_FAILED_STR       0x0000ca84   0x3c  Data  Gb  MK60_conf.o [1]
CodeRelocate$$Base      0x0000c9f4          --   Gb  - Linker created -
CodeRelocate$$Limit     0x0000ca44          --   Gb  - Linker created -
CodeRelocateRam$$Base   0x1fff04d0          --   Gb  - Linker created -
CodeRelocateRam$$Limit  0x1fff0520          --   Gb  - Linker created -
Direction               0x1fff05e0    0x4  Data  Gb  data.o [1]
Direction_Control       0x0000c12d   0x56  Code  Gb  inductance.o [1]
F14x16                  0x00009544  0x78c  Data  Gb  OLED.o [1]
F14x16_Idx              0x0000c710   0x8c  Data  Gb  OLED.o [1]
F8X16                   0x00009cd0  0x5f0  Data  Gb  OLED.o [1]
FTMN                    0x1fff0418   0x10  Data  Gb  MK60_ftm.o [1]
FTM_port_mux            0x0000a2c1  0x1ac  Code  Lc  MK60_ftm.o [1]
GPIOX                   0x1fff0428   0x14  Data  Gb  MK60_gpio.o [1]
Get_AD_Value            0x0000bfe7  0x146  Code  Gb  inductance.o [1]
Get_Motor_Speed         0x0000b173   0x60  Code  Gb  motor.o [1]
Get_Motor_Speed_Init    0x0000b163   0x10  Code  Gb  motor.o [1]
Get_System_Ready        0x0000c461   0x12  Code  Gb  Car_System.o [1]
ILI9325_get_h           0x00008b9f    0x6  Code  Gb  VCAN_LCD_ILI9325.o [1]
ILI9325_get_w           0x00008ba5    0x6  Code  Gb  VCAN_LCD_ILI9325.o [1]
Init_Key                0x0000c50d   0x54  Code  Gb  peripheral.o [1]
LCD_Char_CH             0x0000936d   0xbc  Code  Gb  VCAN_LCD_CH.o [1]
LCD_ILI9325_dir         0x000088cf   0xf4  Code  Gb  VCAN_LCD_ILI9325.o [1]
LCD_ILI9325_init        0x00008419  0x4b6  Code  Gb  VCAN_LCD_ILI9325.o [1]
LCD_ILI9325_ptlon       0x000089c3  0x1dc  Code  Gb  VCAN_LCD_ILI9325.o [1]
LCD_Str_ENCH            0x00009429  0x114  Code  Gb  VCAN_LCD_CH.o [1]
LCD_char                0x000092a7   0xba  Code  Gb  VCAN_LCD.o [1]
LCD_rectangle           0x00009271   0x36  Code  Gb  VCAN_LCD.o [1]
LED_PTxn                0x1fff04c4    0x4  Data  Gb  VCAN_LED.o [1]
LPTMR_IRQHandler        0x0000c475   0x28  Code  Gb  Car_System.o [1]
Left_Speed              0x1fff0520   0x40  Data  Gb  data.o [1]
Motor_Control           0x0000ad91   0x8c  Code  Gb  motor.o [1]
Motor_Init              0x0000ad55   0x3c  Code  Gb  motor.o [1]
Motor_PID               0x0000aecf  0x294  Code  Gb  motor.o [1]
Motor_PID_Init          0x0000ae1d   0xb2  Code  Gb  motor.o [1]
NVIC_DisableIRQ         0x0000c411   0x14  Code  Lc  Car_System.o [1]
NVIC_EnableIRQ          0x0000c3fd   0x14  Code  Lc  Car_System.o [1]
OLED_CLS                0x0000a99d   0x3c  Code  Gb  OLED.o [1]
OLED_DLY_ms             0x0000a9d9   0x18  Code  Gb  OLED.o [1]
OLED_Fill               0x0000a95d   0x40  Code  Gb  OLED.o [1]
OLED_Init               0x0000a9f1   0xf8  Code  Gb  OLED.o [1]
OLED_Interface          0x0000c561   0x46  Code  Gb  peripheral.o [1]
OLED_P14x16Str          0x0000ab97  0x134  Code  Gb  OLED.o [1]
OLED_P8x16Str           0x0000aae9   0xae  Code  Gb  OLED.o [1]
OLED_Print              0x0000accb   0x6c  Code  Gb  OLED.o [1]
OLED_Set_Pos            0x0000a933   0x2a  Code  Gb  OLED.o [1]
OLED_WrCmd              0x0000a8e9   0x4a  Code  Gb  OLED.o [1]
OLED_WrDat              0x0000a899   0x4e  Code  Gb  OLED.o [1]
PORTX                   0x1fff0498   0x14  Data  Gb  MK60_port.o [1]
Region$$Table$$Base     0x0000cb0c          --   Gb  - Linker created -
Region$$Table$$Limit    0x0000cb1c          --   Gb  - Linker created -
Reset_Handler           0x00008411         Code  Gb  startup_MK60DZ10.o [1]
Right_Speed             0x1fff0560   0x40  Data  Gb  data.o [1]
Road_Data               0x1fff05a0   0x40  Data  Gb  data.o [1]
Send_Data               0x0000c4ad   0x60  Code  Gb  peripheral.o [1]
Service                 0x1fff05e4    0x4  Data  Gb  data.o [1]
System_Init             0x0000c425   0x3c  Code  Gb  Car_System.o [1]
UARTN                   0x1fff04ac   0x18  Data  Gb  MK60_uart.o [1]
__BOOT_STACK_ADDRESS {Abs}
                        0x2000fff8         Data  Gb  command line/config [2]
__VECTOR_RAM {Abs}      0x1fff0000         Data  Gb  command line/config [2]
__VECTOR_TABLE {Abs}    0x00008000         Data  Gb  command line/config [2]
__aeabi_d2iz            0x0000b4f5         Code  Gb  DblToI32.o [4]
__aeabi_dadd            0x0000b40d         Code  Gb  DblAdd.o [4]
__aeabi_ddiv            0x0000bd41         Code  Gb  DblDiv.o [4]
__aeabi_dmul            0x0000b239         Code  Gb  DblMul.o [4]
__aeabi_f2d             0x0000b1e9         Code  Gb  FltToDbl.o [4]
__aeabi_i2d             0x0000b3dd         Code  Gb  I32ToDbl.o [4]
__aeabi_ui2d            0x0000b3f1         Code  Gb  I32ToDbl.o [4]
__cmain                 0x0000cb1d         Code  Gb  cmain.o [5]
__code_start__ {Abs}    0x00008410         Data  Gb  command line/config [2]
__exit                  0x0000cb4d         Code  Gb  XXexit.o [5]
__iar_d2uiz             0x0000b521         Code  Gb  DblToI32.o [4]
__iar_dadd              0x0000b421         Code  Gb  DblAdd.o [4]
__iar_data_init3        0x0000cac1   0x28  Code  Gb  data_init.o [5]
__iar_dsub              0x0000b541         Code  Gb  DblSub.o [4]
__iar_dsubStart         0x0000b553         Code  Gb  DblSub.o [4]
__iar_init_vfp          0x0000cae9         Code  Gb  fpinit_M.o [4]
__iar_program_start     0x0000cbd5         Code  Gb  cstartup_M.o [5]
__iar_ui2d              0x0000b3f5         Code  Gb  I32ToDbl.o [4]
__iar_zero_init3        0x0000ca45   0x40  Code  Gb  zero_init3.o [5]
__low_level_init        0x0000cb37    0x4  Code  Gb  low_level_init.o [3]
__vector_table          0x00008000  0x410  Data  Gb  vectors.o [1]
_call_main              0x0000cb29         Code  Gb  cmain.o [5]
_exit                   0x0000cb41         Code  Gb  cexit.o [5]
_main                   0x0000cb33         Code  Gb  cmain.o [5]
adc_init                0x0000ba89  0x20e  Code  Gb  MK60_adc.o [1]
adc_once                0x0000bc97   0x50  Code  Gb  MK60_adc.o [1]
adc_start               0x0000bce7   0x44  Code  Lc  MK60_adc.o [1]
assert_failed           0x00008eb1   0x42  Code  Gb  MK60_conf.o [1]
bus_clk_khz             0x1fff0600    0x4  Data  Gb  system_MK60DZ10.o [1]
common_startup          0x0000c1ff   0x98  Code  Gb  system_MK60DZ10.o [1]
core_clk_khz            0x1fff05f8    0x4  Data  Gb  system_MK60DZ10.o [1]
core_clk_mhz            0x1fff05fc    0x4  Data  Gb  system_MK60DZ10.o [1]
default_isr             0x00008f09   0x68  Code  Gb  MK60_conf.o [1]
enter_fputc             0x00008ef5   0x14  Code  Gb  MK60_conf.o [1]
exit                    0x0000cb3b    0x4  Code  Gb  exit.o [3]
flexbus_8080_init       0x00008d4d  0x114  Code  Gb  MK60_flexbus.o [1]
ftm_mod                 0x1fff05e8   0x10  Data  Lc  MK60_ftm.o [1]
ftm_pwm_duty            0x0000a617  0x10e  Code  Gb  MK60_ftm.o [1]
ftm_pwm_init            0x0000a46d  0x1aa  Code  Gb  MK60_ftm.o [1]
ftm_quad_clean          0x0000a857   0x28  Code  Gb  MK60_ftm.o [1]
ftm_quad_get            0x0000a82b   0x2c  Code  Gb  MK60_ftm.o [1]
ftm_quad_init           0x0000a725  0x106  Code  Gb  MK60_ftm.o [1]
gpio_get                0x00008ca7   0x3a  Code  Gb  MK60_gpio.o [1]
gpio_init               0x00008bc1   0xae  Code  Gb  MK60_gpio.o [1]
gpio_turn               0x00008c6f   0x38  Code  Gb  MK60_gpio.o [1]
hardfault_isr           0x00008f8d    0x8  Code  Gb  MK60_conf.o [1]
ili9325_dir             0x1fff04cc    0x1  Data  Gb  VCAN_LCD_ILI9325.o [1]
ili9325_h               0x1fff04c8    0x2  Data  Gb  VCAN_LCD_ILI9325.o [1]
ili9325_w               0x1fff04ca    0x2  Data  Gb  VCAN_LCD_ILI9325.o [1]
led_init                0x00008f95   0x3a  Code  Gb  VCAN_LED.o [1]
led_turn                0x00008fcf   0x32  Code  Gb  VCAN_LED.o [1]
lptmr_timing_ms         0x0000c5d5   0x2c  Code  Gb  MK60_lptmr.o [1]
main                    0x0000c315   0x98  Code  Gb  main.o [1]
mcg_cfg                 0x1fff043c   0x58  Data  Gb  MK60_mcg.o [1]
mcg_div                 0x1fff0494    0x4  Data  Gb  MK60_mcg.o [1]
mcg_div_count           0x0000b6b5  0x304  Code  Gb  MK60_mcg.o [1]
pll_init                0x0000b9b9   0xb2  Code  Gb  MK60_mcg.o [1]
port_init               0x00008e61   0x48  Code  Gb  MK60_port.o [1]
set_sys_dividers        0x1fff04d1   0x50  Code  Gb  MK60_mcg.o [1]
set_vector_handler      0x0000c3cf   0x22  Code  Gb  misc.o [1]
start                   0x0000c199   0x2a  Code  Gb  system_MK60DZ10.o [1]
sysinit                 0x0000c1c3   0x3c  Code  Gb  system_MK60DZ10.o [1]
systick_delay           0x00008ce9   0x36  Code  Gb  MK60_SysTick.o [1]
systick_delay_ms        0x00008d1f   0x18  Code  Gb  MK60_SysTick.o [1]
uart_init               0x00009005  0x214  Code  Gb  MK60_uart.o [1]
uart_putbuff            0x00009233   0x26  Code  Gb  MK60_uart.o [1]
uart_putchar            0x00009219   0x1a  Code  Gb  MK60_uart.o [1]
vcan_sendware           0x0000c611   0x38  Code  Gb  VCAN_computer.o [1]
wdog_disable            0x0000c2d5   0x16  Code  Gb  MK60_wdog.o [1]
wdog_unlock             0x0000c2eb   0x20  Code  Lc  MK60_wdog.o [1]
write_vtor              0x0000c3ad   0x22  Code  Gb  misc.o [1]


[1] = D:\m1899\Documents\单片机学习\Powered by ZZS\2017赛季\控制程序\第一版20170202\Prj\IAR\FN15_Debug\Obj
[2] = command line
[3] = dl7M_tln.a
[4] = m7M_tls.a
[5] = rt7M_tl.a

  13 714 bytes of readonly  code memory
      80 bytes of readwrite code memory
   5 730 bytes of readonly  data memory
     417 bytes of readwrite data memory

Errors: none
Warnings: none
