###############################################################################
#
# IAR ELF Linker V7.80.4.12462/W32 for ARM                09/Jul/2017  21:23:38
# Copyright 2007-2017 IAR Systems AB.
#
#    Output file  =  
#        D:\m1899\Documents\项目与比赛\2017NXP智能车\控制程序\第一版20170202\Prj\IAR\FN15_Debug\Exe\vcan_Kinetis.out
#    Map file     =  
#        D:\m1899\Documents\项目与比赛\2017NXP智能车\控制程序\第一版20170202\Prj\IAR\FN15_Debug\List\vcan_Kinetis.map
#    Command line =  
#        D:\m1899\Documents\项目与比赛\2017NXP智能车\控制程序\第一版20170202\Prj\IAR\FN15_Debug\Obj\Car_System.o
#        D:\m1899\Documents\项目与比赛\2017NXP智能车\控制程序\第一版20170202\Prj\IAR\FN15_Debug\Obj\data.o
#        D:\m1899\Documents\项目与比赛\2017NXP智能车\控制程序\第一版20170202\Prj\IAR\FN15_Debug\Obj\diskio.o
#        D:\m1899\Documents\项目与比赛\2017NXP智能车\控制程序\第一版20170202\Prj\IAR\FN15_Debug\Obj\ff.o
#        D:\m1899\Documents\项目与比赛\2017NXP智能车\控制程序\第一版20170202\Prj\IAR\FN15_Debug\Obj\inductance.o
#        D:\m1899\Documents\项目与比赛\2017NXP智能车\控制程序\第一版20170202\Prj\IAR\FN15_Debug\Obj\misc.o
#        D:\m1899\Documents\项目与比赛\2017NXP智能车\控制程序\第一版20170202\Prj\IAR\FN15_Debug\Obj\MK60_adc.o
#        D:\m1899\Documents\项目与比赛\2017NXP智能车\控制程序\第一版20170202\Prj\IAR\FN15_Debug\Obj\MK60_can.o
#        D:\m1899\Documents\项目与比赛\2017NXP智能车\控制程序\第一版20170202\Prj\IAR\FN15_Debug\Obj\MK60_conf.o
#        D:\m1899\Documents\项目与比赛\2017NXP智能车\控制程序\第一版20170202\Prj\IAR\FN15_Debug\Obj\MK60_dac.o
#        D:\m1899\Documents\项目与比赛\2017NXP智能车\控制程序\第一版20170202\Prj\IAR\FN15_Debug\Obj\MK60_dma.o
#        D:\m1899\Documents\项目与比赛\2017NXP智能车\控制程序\第一版20170202\Prj\IAR\FN15_Debug\Obj\MK60_DWT.o
#        D:\m1899\Documents\项目与比赛\2017NXP智能车\控制程序\第一版20170202\Prj\IAR\FN15_Debug\Obj\MK60_flexbus.o
#        D:\m1899\Documents\项目与比赛\2017NXP智能车\控制程序\第一版20170202\Prj\IAR\FN15_Debug\Obj\MK60_ftm.o
#        D:\m1899\Documents\项目与比赛\2017NXP智能车\控制程序\第一版20170202\Prj\IAR\FN15_Debug\Obj\MK60_gpio.o
#        D:\m1899\Documents\项目与比赛\2017NXP智能车\控制程序\第一版20170202\Prj\IAR\FN15_Debug\Obj\MK60_i2c.o
#        D:\m1899\Documents\项目与比赛\2017NXP智能车\控制程序\第一版20170202\Prj\IAR\FN15_Debug\Obj\MK60_it.o
#        D:\m1899\Documents\项目与比赛\2017NXP智能车\控制程序\第一版20170202\Prj\IAR\FN15_Debug\Obj\MK60_lptmr.o
#        D:\m1899\Documents\项目与比赛\2017NXP智能车\控制程序\第一版20170202\Prj\IAR\FN15_Debug\Obj\MK60_mcg.o
#        D:\m1899\Documents\项目与比赛\2017NXP智能车\控制程序\第一版20170202\Prj\IAR\FN15_Debug\Obj\MK60_PIT.o
#        D:\m1899\Documents\项目与比赛\2017NXP智能车\控制程序\第一版20170202\Prj\IAR\FN15_Debug\Obj\MK60_port.o
#        D:\m1899\Documents\项目与比赛\2017NXP智能车\控制程序\第一版20170202\Prj\IAR\FN15_Debug\Obj\MK60_rtc.o
#        D:\m1899\Documents\项目与比赛\2017NXP智能车\控制程序\第一版20170202\Prj\IAR\FN15_Debug\Obj\MK60_sdhc.o
#        D:\m1899\Documents\项目与比赛\2017NXP智能车\控制程序\第一版20170202\Prj\IAR\FN15_Debug\Obj\MK60_spi.o
#        D:\m1899\Documents\项目与比赛\2017NXP智能车\控制程序\第一版20170202\Prj\IAR\FN15_Debug\Obj\MK60_SysTick.o
#        D:\m1899\Documents\项目与比赛\2017NXP智能车\控制程序\第一版20170202\Prj\IAR\FN15_Debug\Obj\MK60_uart.o
#        D:\m1899\Documents\项目与比赛\2017NXP智能车\控制程序\第一版20170202\Prj\IAR\FN15_Debug\Obj\MK60_usb.o
#        D:\m1899\Documents\项目与比赛\2017NXP智能车\控制程序\第一版20170202\Prj\IAR\FN15_Debug\Obj\MK60_wdog.o
#        D:\m1899\Documents\项目与比赛\2017NXP智能车\控制程序\第一版20170202\Prj\IAR\FN15_Debug\Obj\motor.o
#        D:\m1899\Documents\项目与比赛\2017NXP智能车\控制程序\第一版20170202\Prj\IAR\FN15_Debug\Obj\OLED.o
#        D:\m1899\Documents\项目与比赛\2017NXP智能车\控制程序\第一版20170202\Prj\IAR\FN15_Debug\Obj\peripheral.o
#        D:\m1899\Documents\项目与比赛\2017NXP智能车\控制程序\第一版20170202\Prj\IAR\FN15_Debug\Obj\startup_MK60DZ10.o
#        D:\m1899\Documents\项目与比赛\2017NXP智能车\控制程序\第一版20170202\Prj\IAR\FN15_Debug\Obj\system_MK60DZ10.o
#        D:\m1899\Documents\项目与比赛\2017NXP智能车\控制程序\第一版20170202\Prj\IAR\FN15_Debug\Obj\USB.o
#        D:\m1899\Documents\项目与比赛\2017NXP智能车\控制程序\第一版20170202\Prj\IAR\FN15_Debug\Obj\USB_CDC.o
#        D:\m1899\Documents\项目与比赛\2017NXP智能车\控制程序\第一版20170202\Prj\IAR\FN15_Debug\Obj\VCAN_ASCII.o
#        D:\m1899\Documents\项目与比赛\2017NXP智能车\控制程序\第一版20170202\Prj\IAR\FN15_Debug\Obj\VCAN_BMP.o
#        D:\m1899\Documents\项目与比赛\2017NXP智能车\控制程序\第一版20170202\Prj\IAR\FN15_Debug\Obj\VCAN_camera.o
#        D:\m1899\Documents\项目与比赛\2017NXP智能车\控制程序\第一版20170202\Prj\IAR\FN15_Debug\Obj\VCAN_computer.o
#        D:\m1899\Documents\项目与比赛\2017NXP智能车\控制程序\第一版20170202\Prj\IAR\FN15_Debug\Obj\vcan_img2sd.o
#        D:\m1899\Documents\项目与比赛\2017NXP智能车\控制程序\第一版20170202\Prj\IAR\FN15_Debug\Obj\VCAN_key.o
#        D:\m1899\Documents\项目与比赛\2017NXP智能车\控制程序\第一版20170202\Prj\IAR\FN15_Debug\Obj\VCAN_key_event.o
#        D:\m1899\Documents\项目与比赛\2017NXP智能车\控制程序\第一版20170202\Prj\IAR\FN15_Debug\Obj\VCAN_LCD.o
#        D:\m1899\Documents\项目与比赛\2017NXP智能车\控制程序\第一版20170202\Prj\IAR\FN15_Debug\Obj\VCAN_LCD_CH.o
#        D:\m1899\Documents\项目与比赛\2017NXP智能车\控制程序\第一版20170202\Prj\IAR\FN15_Debug\Obj\VCAN_LCD_ILI9325.o
#        D:\m1899\Documents\项目与比赛\2017NXP智能车\控制程序\第一版20170202\Prj\IAR\FN15_Debug\Obj\VCAN_LCD_ILI9341.o
#        D:\m1899\Documents\项目与比赛\2017NXP智能车\控制程序\第一版20170202\Prj\IAR\FN15_Debug\Obj\VCAN_LCD_ST7735R.o
#        D:\m1899\Documents\项目与比赛\2017NXP智能车\控制程序\第一版20170202\Prj\IAR\FN15_Debug\Obj\VCAN_LCD_ST7735S.o
#        D:\m1899\Documents\项目与比赛\2017NXP智能车\控制程序\第一版20170202\Prj\IAR\FN15_Debug\Obj\VCAN_LED.o
#        D:\m1899\Documents\项目与比赛\2017NXP智能车\控制程序\第一版20170202\Prj\IAR\FN15_Debug\Obj\VCAN_MMA7455.o
#        D:\m1899\Documents\项目与比赛\2017NXP智能车\控制程序\第一版20170202\Prj\IAR\FN15_Debug\Obj\VCAN_NRF24L0.o
#        D:\m1899\Documents\项目与比赛\2017NXP智能车\控制程序\第一版20170202\Prj\IAR\FN15_Debug\Obj\VCAN_NRF24L0_MSG.o
#        D:\m1899\Documents\项目与比赛\2017NXP智能车\控制程序\第一版20170202\Prj\IAR\FN15_Debug\Obj\VCAN_OV7725_Eagle.o
#        D:\m1899\Documents\项目与比赛\2017NXP智能车\控制程序\第一版20170202\Prj\IAR\FN15_Debug\Obj\VCAN_OV7725_Wolf.o
#        D:\m1899\Documents\项目与比赛\2017NXP智能车\控制程序\第一版20170202\Prj\IAR\FN15_Debug\Obj\VCAN_RTC_count.o
#        D:\m1899\Documents\项目与比赛\2017NXP智能车\控制程序\第一版20170202\Prj\IAR\FN15_Debug\Obj\VCAN_SCCB.o
#        D:\m1899\Documents\项目与比赛\2017NXP智能车\控制程序\第一版20170202\Prj\IAR\FN15_Debug\Obj\vcan_sd_app.o
#        D:\m1899\Documents\项目与比赛\2017NXP智能车\控制程序\第一版20170202\Prj\IAR\FN15_Debug\Obj\Vcan_touch.o
#        D:\m1899\Documents\项目与比赛\2017NXP智能车\控制程序\第一版20170202\Prj\IAR\FN15_Debug\Obj\VCAN_TSL1401.o
#        D:\m1899\Documents\项目与比赛\2017NXP智能车\控制程序\第一版20170202\Prj\IAR\FN15_Debug\Obj\VCAN_UI_VAR.o
#        D:\m1899\Documents\项目与比赛\2017NXP智能车\控制程序\第一版20170202\Prj\IAR\FN15_Debug\Obj\vectors.o
#        -o
#        D:\m1899\Documents\项目与比赛\2017NXP智能车\控制程序\第一版20170202\Prj\IAR\FN15_Debug\Exe\vcan_Kinetis.out
#        --map
#        D:\m1899\Documents\项目与比赛\2017NXP智能车\控制程序\第一版20170202\Prj\IAR\FN15_Debug\List\vcan_Kinetis.map
#        --config
#        "D:\m1899\Documents\项目与比赛\2017NXP智能车\控制程序\第一版20170202\Prj\IAR\config
#        files\vcan_ROM_K60N1M.icf"
#        D:\m1899\Documents\项目与比赛\2017NXP智能车\控制程序\第一版20170202\Prj\IAR\..\..\Lib\CMSIS\iar_cortexM4l_math.a
#        --entry __iar_program_start --vfe
#
###############################################################################

*******************************************************************************
*** RUNTIME MODEL ATTRIBUTES
***

CppFlavor       = *
__SystemLibrary = DLib


*******************************************************************************
*** PLACEMENT SUMMARY
***

"A0":  place at 0x00008000 { ro section .intvec };
"A1":  place at 0x00008410 { ro section .noinit };
"P1":  place in [from 0x00008000 to 0x00080000] { ro, block CodeRelocate };
"P2":  place in [from 0x1fff0410 to 0x20010000] {
          rw, block CodeRelocateRam, block CSTACK, block HEAP };
initialize manually with packing = copy, complex ranges { rw };
initialize manually with packing = copy, complex ranges { section .data };
initialize manually with packing = copy, complex ranges { section .textrw };

  Section              Kind        Address    Size  Object
  -------              ----        -------    ----  ------
"A0":                                        0x410
  .intvec              const    0x00008000   0x410  vectors.o [1]
                              - 0x00008410   0x410

"A1":                                          0x8
  .noinit              ro code  0x00008410     0x8  startup_MK60DZ10.o [1]
                              - 0x00008418     0x8

"P1":                                       0x5874
  .text                ro code  0x00008418   0x9fc  inductance.o [1]
  .text                ro code  0x00008e14   0x2b8  MK60_adc.o [1]
  .text                ro code  0x000090cc   0x6c8  peripheral.o [1]
  .text                ro code  0x00009794    0x2c  I32ToDbl.o [4]
  .text                ro code  0x000097c0   0x1a2  DblMul.o [4]
  .rodata              const    0x00009962     0x2  VCAN_computer.o [1]
  .text                ro code  0x00009964    0xe8  DblAdd.o [4]
  .text                ro code  0x00009a4c    0x4c  DblToI32.o [4]
  .text                ro code  0x00009a98    0x4e  FltToDbl.o [4]
  .rodata              const    0x00009ae6     0x2  VCAN_computer.o [1]
  .text                ro code  0x00009ae8    0x90  DblToFlt.o [4]
  .text                ro code  0x00009b78   0x100  sqrt.o [4]
  .text                ro code  0x00009c78    0xac  VCAN_LED.o [1]
  .text                ro code  0x00009d24   0x12c  MK60_conf.o [1]
  .text                ro code  0x00009e50    0x50  MK60_port.o [1]
  .text                ro code  0x00009ea0   0x19c  MK60_gpio.o [1]
  .text                ro code  0x0000a03c    0x40  VCAN_computer.o [1]
  .text                ro code  0x0000a07c   0x2f4  MK60_uart.o [1]
  .text                ro code  0x0000a370    0x10  peripheral.o [1]
  .text                ro code  0x0000a380   0x4bc  OLED.o [1]
  .text                ro code  0x0000a83c    0x64  MK60_SysTick.o [1]
  .text                ro code  0x0000a8a0   0x5a8  motor.o [1]
  .text                ro code  0x0000ae48   0x16c  DblSub.o [4]
  .text                ro code  0x0000afb4     0xc  iarEdom.o [5]
  .text                ro code  0x0000afc0   0x7a8  VCAN_LCD_ILI9325.o [1]
  .text                ro code  0x0000b768    0xfc  VCAN_LCD.o [1]
  .text                ro code  0x0000b864   0x1d8  VCAN_LCD_CH.o [1]
  .text                ro code  0x0000ba3c    0x2e  strstr.o [3]
  .text                ro code  0x0000ba6c   0x5d8  MK60_ftm.o [1]
  .text                ro code  0x0000c044     0xc  errno.o [3]
  .text                ro code  0x0000c050   0x114  MK60_flexbus.o [1]
  .text                ro code  0x0000c164    0x16  strchr.o [5]
  .text                ro code  0x0000c17a     0x2  xtls.o [3]
  .rodata              const    0x0000c17c   0x834  OLED.o [1]
  .rodata              const    0x0000c9b0   0x5f0  OLED.o [1]
  Veneer               ro code  0x0000cfa0     0x8  - Linker created -
  .text                ro code  0x0000cfa8   0x3d4  MK60_mcg.o [1]
  .text                ro code  0x0000d37c   0x144  system_MK60DZ10.o [1]
  .text                ro code  0x0000d4c0    0x40  MK60_wdog.o [1]
  .text                ro code  0x0000d500   0x118  Car_System.o [1]
  .text                ro code  0x0000d618    0x50  misc.o [1]
  .text                ro code  0x0000d668    0x3c  MK60_lptmr.o [1]
  .data_init                    0x0000d6a4    0xc0  <Block>
    Initializer bytes  const    0x0000d6a4    0xc0  <for .data-1>
  .rodata              const    0x0000d764    0x98  OLED.o [1]
  .rodata              const    0x0000d7fc    0x5c  MK60_gpio.o [1]
  .rodata              const    0x0000d858    0x5c  MK60_SysTick.o [1]
  .rodata              const    0x0000d8b4    0x5c  MK60_uart.o [1]
  .rodata              const    0x0000d910    0x58  MK60_adc.o [1]
  .rodata              const    0x0000d968    0x58  MK60_ftm.o [1]
  .rodata              const    0x0000d9c0    0x54  misc.o [1]
  CodeRelocate                  0x0000da14    0x50  <Block>
    Initializer bytes  const    0x0000da14    0x50  <for CodeRelocateRam-1>
  .text                ro code  0x0000da64    0x40  zero_init3.o [5]
  .rodata              const    0x0000daa4    0x3c  MK60_conf.o [1]
  .text                ro code  0x0000dae0    0x28  data_init.o [5]
  .text                ro code  0x0000db08    0x22  fpinit_M.o [4]
  .iar.init_table      const    0x0000db2c    0x10  - Linker created -
  .text                ro code  0x0000db3c    0x1a  cmain.o [5]
  .text                ro code  0x0000db56     0x4  low_level_init.o [3]
  .text                ro code  0x0000db5a     0x4  exit.o [3]
  .text                ro code  0x0000db60     0xa  cexit.o [5]
  .text                ro code  0x0000db6c     0xc  XXexit.o [5]
  .rodata              const    0x0000db78    0x10  peripheral.o [1]
  .rodata              const    0x0000db88    0x10  peripheral.o [1]
  .rodata              const    0x0000db98    0x10  peripheral.o [1]
  .rodata              const    0x0000dba8     0xc  peripheral.o [1]
  .rodata              const    0x0000dbb4     0xc  peripheral.o [1]
  .rodata              const    0x0000dbc0     0xc  peripheral.o [1]
  .rodata              const    0x0000dbcc     0xc  peripheral.o [1]
  .rodata              const    0x0000dbd8     0xc  peripheral.o [1]
  .rodata              const    0x0000dbe4     0xc  peripheral.o [1]
  .rodata              const    0x0000dbf0     0xc  peripheral.o [1]
  .rodata              const    0x0000dbfc     0xc  peripheral.o [1]
  .rodata              const    0x0000dc08     0xc  peripheral.o [1]
  .rodata              const    0x0000dc14     0xc  peripheral.o [1]
  .text                ro code  0x0000dc20     0xc  cstartup_M.o [5]
  .rodata              const    0x0000dc2c     0x8  MK60_conf.o [1]
  .rodata              const    0x0000dc34     0x8  peripheral.o [1]
  .rodata              const    0x0000dc3c     0x8  peripheral.o [1]
  .rodata              const    0x0000dc44     0x8  peripheral.o [1]
  .rodata              const    0x0000dc4c     0x8  peripheral.o [1]
  .rodata              const    0x0000dc54     0x8  peripheral.o [1]
  .rodata              const    0x0000dc5c     0x8  peripheral.o [1]
  .rodata              const    0x0000dc64     0x8  peripheral.o [1]
  .rodata              const    0x0000dc6c     0x8  peripheral.o [1]
  .rodata              const    0x0000dc74     0x8  peripheral.o [1]
  .rodata              const    0x0000dc7c     0x4  MK60_conf.o [1]
  .rodata              const    0x0000dc80     0x4  VCAN_LCD.o [1]
  .rodata              const    0x0000dc84     0x4  VCAN_LCD_CH.o [1]
  .rodata              const    0x0000dc88     0x0  zero_init3.o [5]
  Initializer bytes    const    0x0000dc88     0x4  <for P2 s0>
                              - 0x0000dc8c  0x5874

"P2", part 1 of 3:                           0x110
  .data                         0x1fff0410    0xc0  <Block>
    .data-1                     0x1fff0410    0xbd  <Init block>
      .data            inited   0x1fff0410     0x8  MK60_adc.o [1]
      .data            inited   0x1fff0418    0x10  MK60_ftm.o [1]
      .data            inited   0x1fff0428    0x14  MK60_gpio.o [1]
      .data            inited   0x1fff043c    0x58  MK60_mcg.o [1]
      .data            inited   0x1fff0494     0x4  MK60_mcg.o [1]
      .data            inited   0x1fff0498    0x14  MK60_port.o [1]
      .data            inited   0x1fff04ac    0x18  MK60_uart.o [1]
      .data            inited   0x1fff04c4     0x4  VCAN_LED.o [1]
      .data            inited   0x1fff04c8     0x2  VCAN_LCD_ILI9325.o [1]
      .data            inited   0x1fff04ca     0x2  VCAN_LCD_ILI9325.o [1]
      .data            inited   0x1fff04cc     0x1  VCAN_LCD_ILI9325.o [1]
  CodeRelocateRam               0x1fff04d0    0x50  <Block>
    CodeRelocateRam-1           0x1fff04d0    0x50  <Init block>
      .textrw          inited   0x1fff04d0    0x50  MK60_mcg.o [1]
                              - 0x1fff0520   0x110

"P2", part 2 of 3:                           0x188
  .bss                          0x1fff0520   0x188  <Block>
    .bss               zero     0x1fff0520    0x6c  data.o [1]
    .bss               zero     0x1fff058c    0x48  data.o [1]
    .bss               zero     0x1fff05d4    0x24  data.o [1]
    .bss               zero     0x1fff05f8    0x6c  data.o [1]
    .bss               zero     0x1fff0664    0x24  data.o [1]
    .bss               zero     0x1fff0688    0x10  MK60_ftm.o [1]
    .bss               zero     0x1fff0698     0x4  system_MK60DZ10.o [1]
    .bss               zero     0x1fff069c     0x4  system_MK60DZ10.o [1]
    .bss               zero     0x1fff06a0     0x4  system_MK60DZ10.o [1]
    .bss               zero     0x1fff06a4     0x2  inductance.o [1]
                              - 0x1fff06a8   0x188

"P2", part 3 of 3:                             0x4
  P2 s0                         0x1fff06a8     0x4  <Init block>
    __DLIB_PERTHREAD   inited   0x1fff06a8     0x4  errno.o [3]
                              - 0x1fff06ac     0x4


*******************************************************************************
*** INIT TABLE
***

          Address     Size
          -------     ----
Zero (__iar_zero_init3)
    1 destination range, total size 0x186:
          0x1fff0520  0x186



*******************************************************************************
*** MODULE SUMMARY
***

    Module              ro code  rw code  ro data  rw data
    ------              -------  -------  -------  -------
D:\m1899\Documents\项目与比赛\2017NXP智能车\控制程序\第一版20170202\Prj\IAR\FN15_Debug\Obj: [1]
    Car_System.o            280
    MK60_SysTick.o          100                92
    MK60_adc.o              696                96        8
    MK60_conf.o             300                72
    MK60_flexbus.o          276
    MK60_ftm.o            1 496               104       32
    MK60_gpio.o             412               112       20
    MK60_lptmr.o             60
    MK60_mcg.o              980       80      172       92
    MK60_port.o              80                20       20
    MK60_uart.o             756               116       24
    MK60_wdog.o              64
    OLED.o                1 212             3 772
    VCAN_LCD.o              252                 4
    VCAN_LCD_CH.o           472                 4
    VCAN_LCD_ILI9325.o    1 960                 5        5
    VCAN_LED.o              172                 4        4
    VCAN_computer.o          64                 4
    data.o                                             360
    inductance.o          2 556                          2
    misc.o                   80                84
    motor.o               1 448
    peripheral.o          1 752               240
    startup_MK60DZ10.o        8
    system_MK60DZ10.o       324                         12
    vectors.o                               1 040
    ------------------------------------------------------
    Total:               15 800       80    5 941      579

command line: [2]
    ------------------------------------------------------
    Total:

dl7M_tln.a: [3]
    errno.o                  12                 4        4
    exit.o                    4
    low_level_init.o          4
    strstr.o                 46
    xtls.o                    2
    ------------------------------------------------------
    Total:                   68                 4        4

m7M_tls.a: [4]
    DblAdd.o                232
    DblMul.o                418
    DblSub.o                364
    DblToFlt.o              144
    DblToI32.o               76
    FltToDbl.o               78
    I32ToDbl.o               44
    fpinit_M.o               34
    sqrt.o                  256
    ------------------------------------------------------
    Total:                1 646

rt7M_tl.a: [5]
    XXexit.o                 12
    cexit.o                  10
    cmain.o                  26
    cstartup_M.o             12
    data_init.o              40
    iarEdom.o                12
    strchr.o                 22
    zero_init3.o             64
    ------------------------------------------------------
    Total:                  198

    Gaps                      6                 2
    Linker created            8                19
----------------------------------------------------------
    Grand Total:         17 726       80    5 966      583


*******************************************************************************
*** ENTRY LIST
***

Entry                      Address   Size  Type      Object
-----                      -------   ----  ----      ------
.bss$$Base              0x1fff0520          --   Gb  - Linker created -
.bss$$Limit             0x1fff06a8          --   Gb  - Linker created -
.data$$Base             0x1fff0410          --   Gb  - Linker created -
.data$$Limit            0x1fff04d0          --   Gb  - Linker created -
.data_init$$Base        0x0000d6a4          --   Gb  - Linker created -
.data_init$$Limit       0x0000d764          --   Gb  - Linker created -
.iar.init_table$$Base   0x0000db2c          --   Gb  - Linker created -
.iar.init_table$$Limit  0x0000db3c          --   Gb  - Linker created -
?main                   0x0000db3d         Code  Gb  cmain.o [5]
ADCN                    0x1fff0410    0x8  Data  Gb  MK60_adc.o [1]
ADC_Init                0x00008419   0x22  Code  Gb  inductance.o [1]
ASSERT_FAILED_STR       0x0000daa4   0x3c  Data  Gb  MK60_conf.o [1]
CodeRelocate$$Base      0x0000da14          --   Gb  - Linker created -
CodeRelocate$$Limit     0x0000da64          --   Gb  - Linker created -
CodeRelocateRam$$Base   0x1fff04d0          --   Gb  - Linker created -
CodeRelocateRam$$Limit  0x1fff0520          --   Gb  - Linker created -
DeBug_Interface         0x00009365  0x246  Code  Gb  peripheral.o [1]
Debug_Init              0x000095ab   0x24  Code  Gb  peripheral.o [1]
Direction               0x1fff05d4   0x24  Data  Gb  data.o [1]
Direction_Calculate     0x000085e7  0x2fa  Code  Gb  inductance.o [1]
Direction_Control       0x0000843b   0x24  Code  Gb  inductance.o [1]
Direction_Control_Fuzzy
                        0x00008b49  0x256  Code  Gb  inductance.o [1]
Direction_Control_Fuzzy::e
                        0x1fff06a4    0x2  Data  Lc  inductance.o [1]
Direction_PID           0x000088e1   0x96  Code  Gb  inductance.o [1]
F14x16                  0x0000c17c  0x834  Data  Gb  OLED.o [1]
F14x16_Idx              0x0000d764   0x98  Data  Gb  OLED.o [1]
F8X16                   0x0000c9b0  0x5f0  Data  Gb  OLED.o [1]
FTMN                    0x1fff0418   0x10  Data  Gb  MK60_ftm.o [1]
FTM_port_mux            0x0000ba6d  0x1ac  Code  Lc  MK60_ftm.o [1]
Fuzzy_Direction         0x1fff05f8   0x6c  Data  Gb  data.o [1]
GPIOX                   0x1fff0428   0x14  Data  Gb  MK60_gpio.o [1]
Get_AD_Value            0x0000845f  0x188  Code  Gb  inductance.o [1]
Get_Motor_Speed         0x0000ad53   0x58  Code  Gb  motor.o [1]
Get_Motor_Speed_Init    0x0000ad43   0x10  Code  Gb  motor.o [1]
Get_System_Ready        0x0000d571    0xe  Code  Gb  Car_System.o [1]
ILI9325_get_h           0x0000b747    0x6  Code  Gb  VCAN_LCD_ILI9325.o [1]
ILI9325_get_w           0x0000b74d    0x6  Code  Gb  VCAN_LCD_ILI9325.o [1]
Init_Key                0x000091c1   0x2c  Code  Gb  peripheral.o [1]
Init_System             0x0000d529   0x48  Code  Gb  Car_System.o [1]
LCD_Char_CH             0x0000b865   0xbc  Code  Gb  VCAN_LCD_CH.o [1]
LCD_ILI9325_dir         0x0000b477   0xf4  Code  Gb  VCAN_LCD_ILI9325.o [1]
LCD_ILI9325_init        0x0000afc1  0x4b6  Code  Gb  VCAN_LCD_ILI9325.o [1]
LCD_ILI9325_ptlon       0x0000b56b  0x1dc  Code  Gb  VCAN_LCD_ILI9325.o [1]
LCD_Str_ENCH            0x0000b921  0x114  Code  Gb  VCAN_LCD_CH.o [1]
LCD_char                0x0000b79f   0xba  Code  Gb  VCAN_LCD.o [1]
LCD_rectangle           0x0000b769   0x36  Code  Gb  VCAN_LCD.o [1]
LED_Interface           0x000096b1   0x62  Code  Gb  peripheral.o [1]
LED_PTxn                0x1fff04c4    0x4  Data  Gb  VCAN_LED.o [1]
LPTMR_IRQHandler        0x0000d581   0x1c  Code  Gb  Car_System.o [1]
Motor_Control           0x0000a8f5   0xb0  Code  Gb  motor.o [1]
Motor_Init              0x0000a8b9   0x3c  Code  Gb  motor.o [1]
Motor_PID               0x0000aa53  0x2c4  Code  Gb  motor.o [1]
Motor_PID_Init          0x0000a9a5   0xae  Code  Gb  motor.o [1]
NVIC_DisableIRQ         0x0000d515   0x14  Code  Lc  Car_System.o [1]
NVIC_DisableIRQ         0x000090e3   0x16  Code  Lc  peripheral.o [1]
NVIC_EnableIRQ          0x0000d501   0x14  Code  Lc  Car_System.o [1]
NVIC_EnableIRQ          0x000090cd   0x16  Code  Lc  peripheral.o [1]
OLED_CLS                0x0000a485   0x3c  Code  Gb  OLED.o [1]
OLED_DLY_ms             0x0000a4c1   0x18  Code  Gb  OLED.o [1]
OLED_Fill               0x0000a445   0x40  Code  Gb  OLED.o [1]
OLED_Init               0x0000a4d9   0xf8  Code  Gb  OLED.o [1]
OLED_Interface          0x000091ed  0x16c  Code  Gb  peripheral.o [1]
OLED_P14x16Str          0x0000a67f  0x134  Code  Gb  OLED.o [1]
OLED_P8x16Str           0x0000a5d1   0xae  Code  Gb  OLED.o [1]
OLED_Print              0x0000a7b3   0x6c  Code  Gb  OLED.o [1]
OLED_Set_Pos            0x0000a41b   0x2a  Code  Gb  OLED.o [1]
OLED_WrCmd              0x0000a3d1   0x4a  Code  Gb  OLED.o [1]
OLED_WrDat              0x0000a381   0x4e  Code  Gb  OLED.o [1]
PORTX                   0x1fff0498   0x14  Data  Gb  MK60_port.o [1]
Receive_Data            0x0000916b   0x56  Code  Gb  peripheral.o [1]
Region$$Table$$Base     0x0000db2c          --   Gb  - Linker created -
Region$$Table$$Limit    0x0000db3c          --   Gb  - Linker created -
Reset_Handler           0x00008411         Code  Gb  startup_MK60DZ10.o [1]
Road_Data               0x1fff058c   0x48  Data  Gb  data.o [1]
Send_Data               0x0000911b   0x50  Code  Gb  peripheral.o [1]
Service                 0x1fff0664   0x24  Data  Gb  data.o [1]
Similarity_Count_Fuzzy  0x000089dd  0x168  Code  Gb  inductance.o [1]
Speed                   0x1fff0520   0x6c  Data  Gb  data.o [1]
Speed_Chack             0x0000adab   0x80  Code  Gb  motor.o [1]
Speed_Comput            0x0000ad17   0x2c  Code  Gb  motor.o [1]
Speed_Control           0x0000a8a1   0x18  Code  Gb  motor.o [1]
Stop_Car                0x00009107   0x14  Code  Gb  peripheral.o [1]
Stop_Car_Init           0x000090f9    0xe  Code  Gb  peripheral.o [1]
System_Error            0x000095d5   0xc0  Code  Gb  peripheral.o [1]
UARTN                   0x1fff04ac   0x18  Data  Gb  MK60_uart.o [1]
__BOOT_STACK_ADDRESS {Abs}
                        0x2000fff8         Data  Gb  command line/config [2]
__VECTOR_RAM {Abs}      0x1fff0000         Data  Gb  command line/config [2]
__VECTOR_TABLE {Abs}    0x00008000         Data  Gb  command line/config [2]
__aeabi_d2f             0x00009ae9         Code  Gb  DblToFlt.o [4]
__aeabi_d2iz            0x00009a4d         Code  Gb  DblToI32.o [4]
__aeabi_dadd            0x00009965         Code  Gb  DblAdd.o [4]
__aeabi_dmul            0x000097c1         Code  Gb  DblMul.o [4]
__aeabi_errno_addr      0x0000c045    0x6  Code  Gb  errno.o [3]
__aeabi_f2d             0x00009a99         Code  Gb  FltToDbl.o [4]
__aeabi_i2d             0x00009795         Code  Gb  I32ToDbl.o [4]
__cmain                 0x0000db3d         Code  Gb  cmain.o [5]
__code_start__ {Abs}    0x00008410         Data  Gb  command line/config [2]
__exit                  0x0000db6d         Code  Gb  XXexit.o [5]
__iar_Errno             0x1fff06a8    0x4  Data  Gb  errno.o [3]
__iar_Strchr            0x0000c165         Code  Gb  strchr.o [5]
__iar_Strstr            0x0000ba3d   0x2e  Code  Gb  strstr.o [3]
__iar_d2uiz             0x00009a79         Code  Gb  DblToI32.o [4]
__iar_dadd              0x00009979         Code  Gb  DblAdd.o [4]
__iar_data_init3        0x0000dae1   0x28  Code  Gb  data_init.o [5]
__iar_dlib_perthread_access
                        0x0000c17b    0x2  Code  Gb  xtls.o [3]
__iar_dsub              0x0000ae49         Code  Gb  DblSub.o [4]
__iar_dsubStart         0x0000ae5b         Code  Gb  DblSub.o [4]
__iar_edom              0x0000afb5         Code  Gb  iarEdom.o [5]
__iar_init_vfp          0x0000db09         Code  Gb  fpinit_M.o [4]
__iar_program_start     0x0000dc21         Code  Gb  cstartup_M.o [5]
__iar_sqrt              0x00009b89         Code  Gb  sqrt.o [4]
__iar_ui2d              0x000097a9         Code  Gb  I32ToDbl.o [4]
__iar_vfp_sqrt          0x00009b79         Code  Gb  sqrt.o [4]
__iar_vfp_sqrtl         0x00009b79         Code  Gb  sqrt.o [4]
__iar_zero_init3        0x0000da65   0x40  Code  Gb  zero_init3.o [5]
__low_level_init        0x0000db57    0x4  Code  Gb  low_level_init.o [3]
__vector_table          0x00008000  0x410  Data  Gb  vectors.o [1]
_call_main              0x0000db49         Code  Gb  cmain.o [5]
_exit                   0x0000db61         Code  Gb  cexit.o [5]
_main                   0x0000db53         Code  Gb  cmain.o [5]
adc_init                0x00008e15  0x20e  Code  Gb  MK60_adc.o [1]
adc_once                0x00009023   0x50  Code  Gb  MK60_adc.o [1]
adc_start               0x00009073   0x44  Code  Lc  MK60_adc.o [1]
assert_failed           0x00009d25   0x7e  Code  Gb  MK60_conf.o [1]
bus_clk_khz             0x1fff06a0    0x4  Data  Gb  system_MK60DZ10.o [1]
common_startup          0x0000d3ed   0x98  Code  Gb  system_MK60DZ10.o [1]
core_clk_khz            0x1fff0698    0x4  Data  Gb  system_MK60DZ10.o [1]
core_clk_mhz            0x1fff069c    0x4  Data  Gb  system_MK60DZ10.o [1]
default_isr             0x00009db9   0x68  Code  Gb  MK60_conf.o [1]
eRule_Init_Fuzzy        0x00008977   0x66  Code  Gb  inductance.o [1]
enter_fputc             0x00009da5   0x14  Code  Gb  MK60_conf.o [1]
exit                    0x0000db5b    0x4  Code  Gb  exit.o [3]
flexbus_8080_init       0x0000c051  0x114  Code  Gb  MK60_flexbus.o [1]
ftm_mod                 0x1fff0688   0x10  Data  Lc  MK60_ftm.o [1]
ftm_pwm_duty            0x0000bdc3  0x10e  Code  Gb  MK60_ftm.o [1]
ftm_pwm_init            0x0000bc19  0x1aa  Code  Gb  MK60_ftm.o [1]
ftm_quad_clean          0x0000c003   0x28  Code  Gb  MK60_ftm.o [1]
ftm_quad_get            0x0000bfd7   0x2c  Code  Gb  MK60_ftm.o [1]
ftm_quad_init           0x0000bed1  0x106  Code  Gb  MK60_ftm.o [1]
gpio_get                0x00009ff9   0x3a  Code  Gb  MK60_gpio.o [1]
gpio_init               0x00009ea1   0xae  Code  Gb  MK60_gpio.o [1]
gpio_set                0x00009f4f   0x72  Code  Gb  MK60_gpio.o [1]
gpio_turn               0x00009fc1   0x38  Code  Gb  MK60_gpio.o [1]
hardfault_isr           0x00009e49    0x8  Code  Gb  MK60_conf.o [1]
ili9325_dir             0x1fff04cc    0x1  Data  Gb  VCAN_LCD_ILI9325.o [1]
ili9325_h               0x1fff04c8    0x2  Data  Gb  VCAN_LCD_ILI9325.o [1]
ili9325_w               0x1fff04ca    0x2  Data  Gb  VCAN_LCD_ILI9325.o [1]
init_LED                0x00009695   0x1c  Code  Gb  peripheral.o [1]
led                     0x00009cb3   0x3c  Code  Gb  VCAN_LED.o [1]
led_init                0x00009c79   0x3a  Code  Gb  VCAN_LED.o [1]
led_turn                0x00009cef   0x32  Code  Gb  VCAN_LED.o [1]
lptmr_timing_ms         0x0000d669   0x2c  Code  Gb  MK60_lptmr.o [1]
main                    0x0000d37d    0x2  Code  Gb  system_MK60DZ10.o [1]
mcg_cfg                 0x1fff043c   0x58  Data  Gb  MK60_mcg.o [1]
mcg_div                 0x1fff0494    0x4  Data  Gb  MK60_mcg.o [1]
mcg_div_count           0x0000cfa9  0x304  Code  Gb  MK60_mcg.o [1]
pll_init                0x0000d2ad   0xb2  Code  Gb  MK60_mcg.o [1]
port_init               0x00009e51   0x48  Code  Gb  MK60_port.o [1]
set_sys_dividers        0x1fff04d1   0x50  Code  Gb  MK60_mcg.o [1]
set_vector_handler      0x0000d63b   0x22  Code  Gb  misc.o [1]
sqrt                    0x00009b89         Code  Gb  sqrt.o [4]
sqrtl                   0x00009b89         Code  Gb  sqrt.o [4]
start                   0x0000d37f   0x32  Code  Gb  system_MK60DZ10.o [1]
strchr                  0x0000c165         Code  Gb  strchr.o [5]
strstr                  0x0000a371   0x10  Code  Gb  peripheral.o [1]
sysinit                 0x0000d3b1   0x3c  Code  Gb  system_MK60DZ10.o [1]
system_RunTime_Update   0x0000d59d   0x6a  Code  Gb  Car_System.o [1]
systick_delay           0x0000a83d   0x36  Code  Gb  MK60_SysTick.o [1]
systick_delay_ms        0x0000a873   0x18  Code  Gb  MK60_SysTick.o [1]
uart_init               0x0000a07d  0x214  Code  Gb  MK60_uart.o [1]
uart_putbuff            0x0000a331   0x26  Code  Gb  MK60_uart.o [1]
uart_putchar            0x0000a317   0x1a  Code  Gb  MK60_uart.o [1]
uart_querychar          0x0000a291   0x2a  Code  Gb  MK60_uart.o [1]
uart_querystr           0x0000a2bb   0x5c  Code  Gb  MK60_uart.o [1]
vcan_sendware           0x0000a03d   0x38  Code  Gb  VCAN_computer.o [1]
wdog_disable            0x0000d4c1   0x16  Code  Gb  MK60_wdog.o [1]
wdog_unlock             0x0000d4d7   0x20  Code  Lc  MK60_wdog.o [1]
write_vtor              0x0000d619   0x22  Code  Gb  misc.o [1]


[1] = D:\m1899\Documents\项目与比赛\2017NXP智能车\控制程序\第一版20170202\Prj\IAR\FN15_Debug\Obj
[2] = command line
[3] = dl7M_tln.a
[4] = m7M_tls.a
[5] = rt7M_tl.a

  17 726 bytes of readonly  code memory
      80 bytes of readwrite code memory
   5 966 bytes of readonly  data memory
     583 bytes of readwrite data memory

Errors: none
Warnings: none
