###############################################################################
#
# IAR ELF Linker V7.80.4.12462/W32 for ARM                18/Apr/2017  22:05:42
# Copyright 2007-2017 IAR Systems AB.
#
#    Output file  =  
#        D:\m1899\Documents\单片机学习\Powered by
#        ZZS\2017赛季\控制程序\第一版20170202\Prj\IAR\FN15_Debug\Exe\vcan_Kinetis.out
#    Map file     =  
#        D:\m1899\Documents\单片机学习\Powered by
#        ZZS\2017赛季\控制程序\第一版20170202\Prj\IAR\FN15_Debug\List\vcan_Kinetis.map
#    Command line =  
#        "D:\m1899\Documents\单片机学习\Powered by
#        ZZS\2017赛季\控制程序\第一版20170202\Prj\IAR\FN15_Debug\Obj\Car_System.o"
#        "D:\m1899\Documents\单片机学习\Powered by
#        ZZS\2017赛季\控制程序\第一版20170202\Prj\IAR\FN15_Debug\Obj\data.o"
#        "D:\m1899\Documents\单片机学习\Powered by
#        ZZS\2017赛季\控制程序\第一版20170202\Prj\IAR\FN15_Debug\Obj\diskio.o"
#        "D:\m1899\Documents\单片机学习\Powered by
#        ZZS\2017赛季\控制程序\第一版20170202\Prj\IAR\FN15_Debug\Obj\ff.o"
#        "D:\m1899\Documents\单片机学习\Powered by
#        ZZS\2017赛季\控制程序\第一版20170202\Prj\IAR\FN15_Debug\Obj\inductance.o"
#        "D:\m1899\Documents\单片机学习\Powered by
#        ZZS\2017赛季\控制程序\第一版20170202\Prj\IAR\FN15_Debug\Obj\main.o"
#        "D:\m1899\Documents\单片机学习\Powered by
#        ZZS\2017赛季\控制程序\第一版20170202\Prj\IAR\FN15_Debug\Obj\misc.o"
#        "D:\m1899\Documents\单片机学习\Powered by
#        ZZS\2017赛季\控制程序\第一版20170202\Prj\IAR\FN15_Debug\Obj\MK60_adc.o"
#        "D:\m1899\Documents\单片机学习\Powered by
#        ZZS\2017赛季\控制程序\第一版20170202\Prj\IAR\FN15_Debug\Obj\MK60_can.o"
#        "D:\m1899\Documents\单片机学习\Powered by
#        ZZS\2017赛季\控制程序\第一版20170202\Prj\IAR\FN15_Debug\Obj\MK60_conf.o"
#        "D:\m1899\Documents\单片机学习\Powered by
#        ZZS\2017赛季\控制程序\第一版20170202\Prj\IAR\FN15_Debug\Obj\MK60_dac.o"
#        "D:\m1899\Documents\单片机学习\Powered by
#        ZZS\2017赛季\控制程序\第一版20170202\Prj\IAR\FN15_Debug\Obj\MK60_dma.o"
#        "D:\m1899\Documents\单片机学习\Powered by
#        ZZS\2017赛季\控制程序\第一版20170202\Prj\IAR\FN15_Debug\Obj\MK60_DWT.o"
#        "D:\m1899\Documents\单片机学习\Powered by
#        ZZS\2017赛季\控制程序\第一版20170202\Prj\IAR\FN15_Debug\Obj\MK60_flexbus.o"
#        "D:\m1899\Documents\单片机学习\Powered by
#        ZZS\2017赛季\控制程序\第一版20170202\Prj\IAR\FN15_Debug\Obj\MK60_ftm.o"
#        "D:\m1899\Documents\单片机学习\Powered by
#        ZZS\2017赛季\控制程序\第一版20170202\Prj\IAR\FN15_Debug\Obj\MK60_gpio.o"
#        "D:\m1899\Documents\单片机学习\Powered by
#        ZZS\2017赛季\控制程序\第一版20170202\Prj\IAR\FN15_Debug\Obj\MK60_i2c.o"
#        "D:\m1899\Documents\单片机学习\Powered by
#        ZZS\2017赛季\控制程序\第一版20170202\Prj\IAR\FN15_Debug\Obj\MK60_it.o"
#        "D:\m1899\Documents\单片机学习\Powered by
#        ZZS\2017赛季\控制程序\第一版20170202\Prj\IAR\FN15_Debug\Obj\MK60_lptmr.o"
#        "D:\m1899\Documents\单片机学习\Powered by
#        ZZS\2017赛季\控制程序\第一版20170202\Prj\IAR\FN15_Debug\Obj\MK60_mcg.o"
#        "D:\m1899\Documents\单片机学习\Powered by
#        ZZS\2017赛季\控制程序\第一版20170202\Prj\IAR\FN15_Debug\Obj\MK60_PIT.o"
#        "D:\m1899\Documents\单片机学习\Powered by
#        ZZS\2017赛季\控制程序\第一版20170202\Prj\IAR\FN15_Debug\Obj\MK60_port.o"
#        "D:\m1899\Documents\单片机学习\Powered by
#        ZZS\2017赛季\控制程序\第一版20170202\Prj\IAR\FN15_Debug\Obj\MK60_rtc.o"
#        "D:\m1899\Documents\单片机学习\Powered by
#        ZZS\2017赛季\控制程序\第一版20170202\Prj\IAR\FN15_Debug\Obj\MK60_sdhc.o"
#        "D:\m1899\Documents\单片机学习\Powered by
#        ZZS\2017赛季\控制程序\第一版20170202\Prj\IAR\FN15_Debug\Obj\MK60_spi.o"
#        "D:\m1899\Documents\单片机学习\Powered by
#        ZZS\2017赛季\控制程序\第一版20170202\Prj\IAR\FN15_Debug\Obj\MK60_SysTick.o"
#        "D:\m1899\Documents\单片机学习\Powered by
#        ZZS\2017赛季\控制程序\第一版20170202\Prj\IAR\FN15_Debug\Obj\MK60_uart.o"
#        "D:\m1899\Documents\单片机学习\Powered by
#        ZZS\2017赛季\控制程序\第一版20170202\Prj\IAR\FN15_Debug\Obj\MK60_usb.o"
#        "D:\m1899\Documents\单片机学习\Powered by
#        ZZS\2017赛季\控制程序\第一版20170202\Prj\IAR\FN15_Debug\Obj\MK60_wdog.o"
#        "D:\m1899\Documents\单片机学习\Powered by
#        ZZS\2017赛季\控制程序\第一版20170202\Prj\IAR\FN15_Debug\Obj\motor.o"
#        "D:\m1899\Documents\单片机学习\Powered by
#        ZZS\2017赛季\控制程序\第一版20170202\Prj\IAR\FN15_Debug\Obj\OLED.o"
#        "D:\m1899\Documents\单片机学习\Powered by
#        ZZS\2017赛季\控制程序\第一版20170202\Prj\IAR\FN15_Debug\Obj\peripheral.o"
#        "D:\m1899\Documents\单片机学习\Powered by
#        ZZS\2017赛季\控制程序\第一版20170202\Prj\IAR\FN15_Debug\Obj\startup_MK60DZ10.o"
#        "D:\m1899\Documents\单片机学习\Powered by
#        ZZS\2017赛季\控制程序\第一版20170202\Prj\IAR\FN15_Debug\Obj\system_MK60DZ10.o"
#        "D:\m1899\Documents\单片机学习\Powered by
#        ZZS\2017赛季\控制程序\第一版20170202\Prj\IAR\FN15_Debug\Obj\USB.o"
#        "D:\m1899\Documents\单片机学习\Powered by
#        ZZS\2017赛季\控制程序\第一版20170202\Prj\IAR\FN15_Debug\Obj\USB_CDC.o"
#        "D:\m1899\Documents\单片机学习\Powered by
#        ZZS\2017赛季\控制程序\第一版20170202\Prj\IAR\FN15_Debug\Obj\VCAN_ASCII.o"
#        "D:\m1899\Documents\单片机学习\Powered by
#        ZZS\2017赛季\控制程序\第一版20170202\Prj\IAR\FN15_Debug\Obj\VCAN_BMP.o"
#        "D:\m1899\Documents\单片机学习\Powered by
#        ZZS\2017赛季\控制程序\第一版20170202\Prj\IAR\FN15_Debug\Obj\VCAN_camera.o"
#        "D:\m1899\Documents\单片机学习\Powered by
#        ZZS\2017赛季\控制程序\第一版20170202\Prj\IAR\FN15_Debug\Obj\VCAN_computer.o"
#        "D:\m1899\Documents\单片机学习\Powered by
#        ZZS\2017赛季\控制程序\第一版20170202\Prj\IAR\FN15_Debug\Obj\vcan_img2sd.o"
#        "D:\m1899\Documents\单片机学习\Powered by
#        ZZS\2017赛季\控制程序\第一版20170202\Prj\IAR\FN15_Debug\Obj\VCAN_key.o"
#        "D:\m1899\Documents\单片机学习\Powered by
#        ZZS\2017赛季\控制程序\第一版20170202\Prj\IAR\FN15_Debug\Obj\VCAN_key_event.o"
#        "D:\m1899\Documents\单片机学习\Powered by
#        ZZS\2017赛季\控制程序\第一版20170202\Prj\IAR\FN15_Debug\Obj\VCAN_LCD.o"
#        "D:\m1899\Documents\单片机学习\Powered by
#        ZZS\2017赛季\控制程序\第一版20170202\Prj\IAR\FN15_Debug\Obj\VCAN_LCD_CH.o"
#        "D:\m1899\Documents\单片机学习\Powered by
#        ZZS\2017赛季\控制程序\第一版20170202\Prj\IAR\FN15_Debug\Obj\VCAN_LCD_ILI9325.o"
#        "D:\m1899\Documents\单片机学习\Powered by
#        ZZS\2017赛季\控制程序\第一版20170202\Prj\IAR\FN15_Debug\Obj\VCAN_LCD_ILI9341.o"
#        "D:\m1899\Documents\单片机学习\Powered by
#        ZZS\2017赛季\控制程序\第一版20170202\Prj\IAR\FN15_Debug\Obj\VCAN_LCD_ST7735R.o"
#        "D:\m1899\Documents\单片机学习\Powered by
#        ZZS\2017赛季\控制程序\第一版20170202\Prj\IAR\FN15_Debug\Obj\VCAN_LCD_ST7735S.o"
#        "D:\m1899\Documents\单片机学习\Powered by
#        ZZS\2017赛季\控制程序\第一版20170202\Prj\IAR\FN15_Debug\Obj\VCAN_LED.o"
#        "D:\m1899\Documents\单片机学习\Powered by
#        ZZS\2017赛季\控制程序\第一版20170202\Prj\IAR\FN15_Debug\Obj\VCAN_MMA7455.o"
#        "D:\m1899\Documents\单片机学习\Powered by
#        ZZS\2017赛季\控制程序\第一版20170202\Prj\IAR\FN15_Debug\Obj\VCAN_NRF24L0.o"
#        "D:\m1899\Documents\单片机学习\Powered by
#        ZZS\2017赛季\控制程序\第一版20170202\Prj\IAR\FN15_Debug\Obj\VCAN_NRF24L0_MSG.o"
#        "D:\m1899\Documents\单片机学习\Powered by
#        ZZS\2017赛季\控制程序\第一版20170202\Prj\IAR\FN15_Debug\Obj\VCAN_OV7725_Eagle.o"
#        "D:\m1899\Documents\单片机学习\Powered by
#        ZZS\2017赛季\控制程序\第一版20170202\Prj\IAR\FN15_Debug\Obj\VCAN_OV7725_Wolf.o"
#        "D:\m1899\Documents\单片机学习\Powered by
#        ZZS\2017赛季\控制程序\第一版20170202\Prj\IAR\FN15_Debug\Obj\VCAN_RTC_count.o"
#        "D:\m1899\Documents\单片机学习\Powered by
#        ZZS\2017赛季\控制程序\第一版20170202\Prj\IAR\FN15_Debug\Obj\VCAN_SCCB.o"
#        "D:\m1899\Documents\单片机学习\Powered by
#        ZZS\2017赛季\控制程序\第一版20170202\Prj\IAR\FN15_Debug\Obj\vcan_sd_app.o"
#        "D:\m1899\Documents\单片机学习\Powered by
#        ZZS\2017赛季\控制程序\第一版20170202\Prj\IAR\FN15_Debug\Obj\Vcan_touch.o"
#        "D:\m1899\Documents\单片机学习\Powered by
#        ZZS\2017赛季\控制程序\第一版20170202\Prj\IAR\FN15_Debug\Obj\VCAN_TSL1401.o"
#        "D:\m1899\Documents\单片机学习\Powered by
#        ZZS\2017赛季\控制程序\第一版20170202\Prj\IAR\FN15_Debug\Obj\VCAN_UI_VAR.o"
#        "D:\m1899\Documents\单片机学习\Powered by
#        ZZS\2017赛季\控制程序\第一版20170202\Prj\IAR\FN15_Debug\Obj\vectors.o"
#        -o "D:\m1899\Documents\单片机学习\Powered by
#        ZZS\2017赛季\控制程序\第一版20170202\Prj\IAR\FN15_Debug\Exe\vcan_Kinetis.out"
#        --map "D:\m1899\Documents\单片机学习\Powered by
#        ZZS\2017赛季\控制程序\第一版20170202\Prj\IAR\FN15_Debug\List\vcan_Kinetis.map"
#        --config "D:\m1899\Documents\单片机学习\Powered by
#        ZZS\2017赛季\控制程序\第一版20170202\Prj\IAR\config
#        files\vcan_ROM_K60N1M.icf" "D:\m1899\Documents\单片机学习\Powered by
#        ZZS\2017赛季\控制程序\第一版20170202\Prj\IAR\..\..\Lib\CMSIS\iar_cortexM4l_math.a"
#        --entry __iar_program_start --vfe
#
###############################################################################

*******************************************************************************
*** RUNTIME MODEL ATTRIBUTES
***

CppFlavor       = *
__SystemLibrary = DLib


*******************************************************************************
*** PLACEMENT SUMMARY
***

"A0":  place at 0x00008000 { ro section .intvec };
"A1":  place at 0x00008410 { ro section .noinit };
"P1":  place in [from 0x00008000 to 0x00080000] { ro, block CodeRelocate };
"P2":  place in [from 0x1fff0410 to 0x20010000] {
          rw, block CodeRelocateRam, block CSTACK, block HEAP };
initialize manually with packing = copy, complex ranges { section .data };
initialize manually with packing = copy, complex ranges { section .textrw };

  Section              Kind        Address    Size  Object
  -------              ----        -------    ----  ------
"A0":                                        0x410
  .intvec              const    0x00008000   0x410  vectors.o [1]
                              - 0x00008410   0x410

"A1":                                          0x8
  .noinit              ro code  0x00008410     0x8  startup_MK60DZ10.o [1]
                              - 0x00008418     0x8

"P1":                                       0x3b80
  .rodata              const    0x00008418   0x834  OLED.o [1]
  .text                ro code  0x00008c4c   0x7a8  VCAN_LCD_ILI9325.o [1]
  .text                ro code  0x000093f4    0xf0  MK60_gpio.o [1]
  .text                ro code  0x000094e4    0x64  MK60_SysTick.o [1]
  .text                ro code  0x00009548   0x114  MK60_flexbus.o [1]
  .text                ro code  0x0000965c    0xb8  MK60_port.o [1]
  .text                ro code  0x00009714   0x12c  MK60_conf.o [1]
  .text                ro code  0x00009840    0x70  VCAN_LED.o [1]
  .text                ro code  0x000098b0   0x480  OLED.o [1]
  .text                ro code  0x00009d30   0x248  MK60_uart.o [1]
  .text                ro code  0x00009f78    0xfc  VCAN_LCD.o [1]
  .text                ro code  0x0000a074   0x1d8  VCAN_LCD_CH.o [1]
  .text                ro code  0x0000a24c   0x67c  MK60_spi.o [1]
  .text                ro code  0x0000a8c8    0x56  ABImemcpy_unaligned.o [5]
  .text                ro code  0x0000a91e     0x8  abs.o [3]
  .rodata              const    0x0000a928   0x5f0  OLED.o [1]
  .text                ro code  0x0000af18   0x414  VCAN_NRF24L0.o [1]
  Veneer               ro code  0x0000b32c     0x8  - Linker created -
  .text                ro code  0x0000b334   0x3d4  MK60_mcg.o [1]
  .text                ro code  0x0000b708   0x13c  system_MK60DZ10.o [1]
  .text                ro code  0x0000b844    0x40  MK60_wdog.o [1]
  .text                ro code  0x0000b884    0xf4  main.o [1]
  .text                ro code  0x0000b978    0x50  misc.o [1]
  .data_init                    0x0000b9c8    0xc4  <Block>
    Initializer bytes  const    0x0000b9c8    0xc4  <for .data-1>
  .rodata              const    0x0000ba8c    0x98  OLED.o [1]
  .rodata              const    0x0000bb24    0x68  MK60_SysTick.o [1]
  .rodata              const    0x0000bb8c    0x64  MK60_gpio.o [1]
  .rodata              const    0x0000bbf0    0x64  MK60_spi.o [1]
  .rodata              const    0x0000bc54    0x64  MK60_uart.o [1]
  .rodata              const    0x0000bcb8    0x60  misc.o [1]
  CodeRelocate                  0x0000bd18    0x50  <Block>
    Initializer bytes  const    0x0000bd18    0x50  <for CodeRelocateRam-1>
  .rodata              const    0x0000bd68    0x40  MK60_spi.o [1]
  .text                ro code  0x0000bda8    0x40  zero_init3.o [5]
  .rodata              const    0x0000bde8    0x3c  MK60_conf.o [1]
  .rodata              const    0x0000be24    0x30  main.o [1]
  .rodata              const    0x0000be54    0x28  main.o [1]
  .text                ro code  0x0000be7c    0x28  data_init.o [5]
  .text                ro code  0x0000bea4    0x22  fpinit_M.o [4]
  .iar.init_table      const    0x0000bec8    0x10  - Linker created -
  .rodata              const    0x0000bed8    0x1c  main.o [1]
  .text                ro code  0x0000bef4    0x1c  peripheral.o [1]
  .text                ro code  0x0000bf10    0x1a  cmain.o [5]
  .text                ro code  0x0000bf2a     0x4  low_level_init.o [3]
  .text                ro code  0x0000bf2e     0x4  exit.o [3]
  .text                ro code  0x0000bf34     0xa  cexit.o [5]
  .text                ro code  0x0000bf40     0xc  XXexit.o [5]
  .rodata              const    0x0000bf4c    0x10  main.o [1]
  .rodata              const    0x0000bf5c    0x10  main.o [1]
  .text                ro code  0x0000bf6c     0xc  cstartup_M.o [5]
  .rodata              const    0x0000bf78     0x8  MK60_conf.o [1]
  .rodata              const    0x0000bf80     0x8  VCAN_NRF24L0.o [1]
  .rodata              const    0x0000bf88     0x4  MK60_conf.o [1]
  .rodata              const    0x0000bf8c     0x4  MK60_spi.o [1]
  .rodata              const    0x0000bf90     0x4  VCAN_LCD.o [1]
  .rodata              const    0x0000bf94     0x4  VCAN_LCD_CH.o [1]
  .rodata              const    0x0000bf98     0x0  zero_init3.o [5]
                              - 0x0000bf98  0x3b80

"P2", part 1 of 2:                           0x114
  .data                         0x1fff0410    0xc4  <Block>
    .data-1                     0x1fff0410    0xc1  <Init block>
      .data            inited   0x1fff0410    0x14  MK60_gpio.o [1]
      .data            inited   0x1fff0424    0x58  MK60_mcg.o [1]
      .data            inited   0x1fff047c     0x4  MK60_mcg.o [1]
      .data            inited   0x1fff0480    0x14  MK60_port.o [1]
      .data            inited   0x1fff0494     0xc  MK60_spi.o [1]
      .data            inited   0x1fff04a0    0x18  MK60_uart.o [1]
      .data            inited   0x1fff04b8     0x4  VCAN_LED.o [1]
      .data            inited   0x1fff04bc     0x8  VCAN_NRF24L0.o [1]
      .data            inited   0x1fff04c4     0x8  VCAN_NRF24L0.o [1]
      .data            inited   0x1fff04cc     0x2  VCAN_LCD_ILI9325.o [1]
      .data            inited   0x1fff04ce     0x2  VCAN_LCD_ILI9325.o [1]
      .data            inited   0x1fff04d0     0x1  VCAN_LCD_ILI9325.o [1]
  CodeRelocateRam               0x1fff04d4    0x50  <Block>
    CodeRelocateRam-1           0x1fff04d4    0x50  <Init block>
      .textrw          inited   0x1fff04d4    0x50  MK60_mcg.o [1]
                              - 0x1fff0524   0x114

"P2", part 2 of 2:                           0xa1c
  .bss                          0x1fff0524   0xa1c  <Block>
    .bss               zero     0x1fff0524     0x4  system_MK60DZ10.o [1]
    .bss               zero     0x1fff0528     0x4  system_MK60DZ10.o [1]
    .bss               zero     0x1fff052c     0x4  system_MK60DZ10.o [1]
    .bss               zero     0x1fff0530   0xa00  VCAN_NRF24L0.o [1]
    .bss               zero     0x1fff0f30     0x4  VCAN_NRF24L0.o [1]
    .bss               zero     0x1fff0f34     0x4  VCAN_NRF24L0.o [1]
    .bss               zero     0x1fff0f38     0x1  VCAN_NRF24L0.o [1]
    .bss               zero     0x1fff0f39     0x1  VCAN_NRF24L0.o [1]
    .bss               zero     0x1fff0f3a     0x1  VCAN_NRF24L0.o [1]
    .bss               zero     0x1fff0f3b     0x1  VCAN_NRF24L0.o [1]
    .bss               zero     0x1fff0f3c     0x1  VCAN_NRF24L0.o [1]
                              - 0x1fff0f40   0xa1c


*******************************************************************************
*** INIT TABLE
***

          Address     Size
          -------     ----
Zero (__iar_zero_init3)
    1 destination range, total size 0xa19:
          0x1fff0524  0xa19



*******************************************************************************
*** MODULE SUMMARY
***

    Module                 ro code  rw code  ro data  rw data
    ------                 -------  -------  -------  -------
D:\m1899\Documents\单片机学习\Powered by ZZS\2017赛季\控制程序\第一版20170202\Prj\IAR\FN15_Debug\Obj: [1]
    MK60_SysTick.o             100               104
    MK60_conf.o                300                72
    MK60_flexbus.o             276
    MK60_gpio.o                240               120       20
    MK60_mcg.o                 980       80      172       92
    MK60_port.o                184                20       20
    MK60_spi.o               1 660               180       12
    MK60_uart.o                584               124       24
    MK60_wdog.o                 64
    OLED.o                   1 152             3 772
    VCAN_LCD.o                 252                 4
    VCAN_LCD_CH.o              472                 4
    VCAN_LCD_ILI9325.o       1 960                 5        5
    VCAN_LED.o                 112                 4        4
    VCAN_NRF24L0.o           1 044                24    2 589
    main.o                     244               148
    misc.o                      80                96
    peripheral.o                28
    startup_MK60DZ10.o           8
    system_MK60DZ10.o          316                         12
    vectors.o                                  1 040
    ---------------------------------------------------------
    Total:                  10 056       80    5 889    2 778

command line: [2]
    ---------------------------------------------------------
    Total:

dl7M_tln.a: [3]
    abs.o                        8
    exit.o                       4
    low_level_init.o             4
    ---------------------------------------------------------
    Total:                      16

m7M_tls.a: [4]
    fpinit_M.o                  34
    ---------------------------------------------------------
    Total:                      34

rt7M_tl.a: [5]
    ABImemcpy_unaligned.o       86
    XXexit.o                    12
    cexit.o                     10
    cmain.o                     26
    cstartup_M.o                12
    data_init.o                 40
    zero_init3.o                64
    ---------------------------------------------------------
    Total:                     250

    Gaps                         4                 4
    Linker created               8                19
-------------------------------------------------------------
    Grand Total:            10 368       80    5 912    2 778


*******************************************************************************
*** ENTRY LIST
***

Entry                      Address   Size  Type      Object
-----                      -------   ----  ----      ------
.bss$$Base              0x1fff0524          --   Gb  - Linker created -
.bss$$Limit             0x1fff0f40          --   Gb  - Linker created -
.data$$Base             0x1fff0410          --   Gb  - Linker created -
.data$$Limit            0x1fff04d4          --   Gb  - Linker created -
.data_init$$Base        0x0000b9c8          --   Gb  - Linker created -
.data_init$$Limit       0x0000ba8c          --   Gb  - Linker created -
.iar.init_table$$Base   0x0000bec8          --   Gb  - Linker created -
.iar.init_table$$Limit  0x0000bed8          --   Gb  - Linker created -
?main                   0x0000bf11         Code  Gb  cmain.o [5]
ASSERT_FAILED_STR       0x0000bde8   0x3c  Data  Gb  MK60_conf.o [1]
CodeRelocate$$Base      0x0000bd18          --   Gb  - Linker created -
CodeRelocate$$Limit     0x0000bd68          --   Gb  - Linker created -
CodeRelocateRam$$Base   0x1fff04d4          --   Gb  - Linker created -
CodeRelocateRam$$Limit  0x1fff0524          --   Gb  - Linker created -
F14x16                  0x00008418  0x834  Data  Gb  OLED.o [1]
F14x16_Idx              0x0000ba8c   0x98  Data  Gb  OLED.o [1]
F8X16                   0x0000a928  0x5f0  Data  Gb  OLED.o [1]
GPIOX                   0x1fff0410   0x14  Data  Gb  MK60_gpio.o [1]
ILI9325_get_h           0x000093d3    0x6  Code  Gb  VCAN_LCD_ILI9325.o [1]
ILI9325_get_w           0x000093d9    0x6  Code  Gb  VCAN_LCD_ILI9325.o [1]
LCD_Char_CH             0x0000a075   0xbc  Code  Gb  VCAN_LCD_CH.o [1]
LCD_ILI9325_dir         0x00009103   0xf4  Code  Gb  VCAN_LCD_ILI9325.o [1]
LCD_ILI9325_init        0x00008c4d  0x4b6  Code  Gb  VCAN_LCD_ILI9325.o [1]
LCD_ILI9325_ptlon       0x000091f7  0x1dc  Code  Gb  VCAN_LCD_ILI9325.o [1]
LCD_Str_ENCH            0x0000a131  0x114  Code  Gb  VCAN_LCD_CH.o [1]
LCD_char                0x00009faf   0xba  Code  Gb  VCAN_LCD.o [1]
LCD_rectangle           0x00009f79   0x36  Code  Gb  VCAN_LCD.o [1]
LED_PTxn                0x1fff04b8    0x4  Data  Gb  VCAN_LED.o [1]
NRF_ISR_RX_FIFO         0x1fff0530  0xa00  Data  Gb  VCAN_NRF24L0.o [1]
NVIC_EnableIRQ          0x0000b885   0x14  Code  Lc  main.o [1]
OLED_DLY_ms             0x000099b5   0x18  Code  Gb  OLED.o [1]
OLED_Fill               0x00009975   0x40  Code  Gb  OLED.o [1]
OLED_Init               0x000099cd   0xf8  Code  Gb  OLED.o [1]
OLED_P14x16Str          0x00009b73  0x134  Code  Gb  OLED.o [1]
OLED_P8x16Str           0x00009ac5   0xae  Code  Gb  OLED.o [1]
OLED_Print              0x00009ca7   0x6c  Code  Gb  OLED.o [1]
OLED_Set_Pos            0x0000994b   0x2a  Code  Gb  OLED.o [1]
OLED_WrCmd              0x00009901   0x4a  Code  Gb  OLED.o [1]
OLED_WrDat              0x000098b1   0x4e  Code  Gb  OLED.o [1]
PORTE_IRQHandler        0x0000bef5   0x18  Code  Gb  peripheral.o [1]
PORTX                   0x1fff0480   0x14  Data  Gb  MK60_port.o [1]
RX_ADDRESS              0x1fff04c4    0x8  Data  Gb  VCAN_NRF24L0.o [1]
Region$$Table$$Base     0x0000bec8          --   Gb  - Linker created -
Region$$Table$$Limit    0x0000bed8          --   Gb  - Linker created -
Reset_Handler           0x00008411         Code  Gb  startup_MK60DZ10.o [1]
SPIN                    0x1fff0494    0xc  Data  Gb  MK60_spi.o [1]
TX_ADDRESS              0x1fff04bc    0x8  Data  Gb  VCAN_NRF24L0.o [1]
UARTN                   0x1fff04a0   0x18  Data  Gb  MK60_uart.o [1]
__BOOT_STACK_ADDRESS {Abs}
                        0x2000fff8         Data  Gb  command line/config [2]
__VECTOR_RAM {Abs}      0x1fff0000         Data  Gb  command line/config [2]
__VECTOR_TABLE {Abs}    0x00008000         Data  Gb  command line/config [2]
__cmain                 0x0000bf11         Code  Gb  cmain.o [5]
__code_start__ {Abs}    0x00008410         Data  Gb  command line/config [2]
__exit                  0x0000bf41         Code  Gb  XXexit.o [5]
__iar_data_init3        0x0000be7d   0x28  Code  Gb  data_init.o [5]
__iar_init_vfp          0x0000bea5         Code  Gb  fpinit_M.o [4]
__iar_program_start     0x0000bf6d         Code  Gb  cstartup_M.o [5]
__iar_unaligned___aeabi_memcpy4
                        0x0000a8c9         Code  Gb  ABImemcpy_unaligned.o [5]
__iar_unaligned___aeabi_memcpy8
                        0x0000a8c9         Code  Gb  ABImemcpy_unaligned.o [5]
__iar_zero_init3        0x0000bda9   0x40  Code  Gb  zero_init3.o [5]
__low_level_init        0x0000bf2b    0x4  Code  Gb  low_level_init.o [3]
__vector_table          0x00008000  0x410  Data  Gb  vectors.o [1]
_call_main              0x0000bf1d         Code  Gb  cmain.o [5]
_exit                   0x0000bf35         Code  Gb  cexit.o [5]
_main                   0x0000bf27         Code  Gb  cmain.o [5]
abs                     0x0000a91f    0x8  Code  Gb  abs.o [3]
assert_failed           0x00009715   0x7e  Code  Gb  MK60_conf.o [1]
bus_clk_khz             0x1fff052c    0x4  Data  Gb  system_MK60DZ10.o [1]
common_startup          0x0000b76f   0x98  Code  Gb  system_MK60DZ10.o [1]
core_clk_khz            0x1fff0524    0x4  Data  Gb  system_MK60DZ10.o [1]
core_clk_mhz            0x1fff0528    0x4  Data  Gb  system_MK60DZ10.o [1]
default_isr             0x000097a9   0x68  Code  Gb  MK60_conf.o [1]
enter_fputc             0x00009795   0x14  Code  Gb  MK60_conf.o [1]
exit                    0x0000bf2f    0x4  Code  Gb  exit.o [3]
flexbus_8080_init       0x00009549  0x114  Code  Gb  MK60_flexbus.o [1]
gpio_init               0x000093f5   0xae  Code  Gb  MK60_gpio.o [1]
gpio_turn               0x000094a3   0x38  Code  Gb  MK60_gpio.o [1]
hardfault_isr           0x00009839    0x8  Code  Gb  MK60_conf.o [1]
ili9325_dir             0x1fff04d0    0x1  Data  Gb  VCAN_LCD_ILI9325.o [1]
ili9325_h               0x1fff04cc    0x2  Data  Gb  VCAN_LCD_ILI9325.o [1]
ili9325_w               0x1fff04ce    0x2  Data  Gb  VCAN_LCD_ILI9325.o [1]
led_init                0x00009841   0x3a  Code  Gb  VCAN_LED.o [1]
led_turn                0x0000987b   0x32  Code  Gb  VCAN_LED.o [1]
main                    0x0000b899   0xb6  Code  Gb  main.o [1]
mcg_cfg                 0x1fff0424   0x58  Data  Gb  MK60_mcg.o [1]
mcg_div                 0x1fff047c    0x4  Data  Gb  MK60_mcg.o [1]
mcg_div_count           0x0000b335  0x304  Code  Gb  MK60_mcg.o [1]
nrf_handler             0x0000b1e9  0x10a  Code  Gb  VCAN_NRF24L0.o [1]
nrf_init                0x0000af19   0xa8  Code  Gb  VCAN_NRF24L0.o [1]
nrf_irq_tx_addr         0x1fff0f30    0x4  Data  Gb  VCAN_NRF24L0.o [1]
nrf_irq_tx_flag         0x1fff0f3c    0x1  Data  Gb  VCAN_NRF24L0.o [1]
nrf_irq_tx_pnum         0x1fff0f34    0x4  Data  Gb  VCAN_NRF24L0.o [1]
nrf_link_check          0x0000b05f   0x78  Code  Gb  VCAN_NRF24L0.o [1]
nrf_mode                0x1fff0f38    0x1  Data  Gb  VCAN_NRF24L0.o [1]
nrf_readbuf             0x0000b037   0x28  Code  Lc  VCAN_NRF24L0.o [1]
nrf_readreg             0x0000afe7   0x28  Code  Lc  VCAN_NRF24L0.o [1]
nrf_rx_flag             0x1fff0f3b    0x1  Data  Gb  VCAN_NRF24L0.o [1]
nrf_rx_front            0x1fff0f39    0x1  Data  Gb  VCAN_NRF24L0.o [1]
nrf_rx_mode             0x0000b0d7   0x50  Code  Lc  VCAN_NRF24L0.o [1]
nrf_rx_rear             0x1fff0f3a    0x1  Data  Gb  VCAN_NRF24L0.o [1]
nrf_tx                  0x0000b16f   0x56  Code  Gb  VCAN_NRF24L0.o [1]
nrf_tx_mode             0x0000b127   0x48  Code  Lc  VCAN_NRF24L0.o [1]
nrf_tx_state            0x0000b1c5   0x24  Code  Gb  VCAN_NRF24L0.o [1]
nrf_writebuf            0x0000b00f   0x28  Code  Lc  VCAN_NRF24L0.o [1]
nrf_writereg            0x0000afc1   0x26  Code  Lc  VCAN_NRF24L0.o [1]
pll_init                0x0000b639   0xb2  Code  Gb  MK60_mcg.o [1]
port_init               0x0000965d   0x48  Code  Gb  MK60_port.o [1]
port_init_NoALT         0x000096a5   0x66  Code  Gb  MK60_port.o [1]
set_sys_dividers        0x1fff04d5   0x50  Code  Gb  MK60_mcg.o [1]
set_vector_handler      0x0000b99b   0x22  Code  Gb  misc.o [1]
spi_init                0x0000a24d  0x33a  Code  Gb  MK60_spi.o [1]
spi_mosi                0x0000a587  0x110  Code  Gb  MK60_spi.o [1]
spi_mosi_cmd            0x0000a697  0x20c  Code  Gb  MK60_spi.o [1]
start                   0x0000b709   0x2a  Code  Gb  system_MK60DZ10.o [1]
sysinit                 0x0000b733   0x3c  Code  Gb  system_MK60DZ10.o [1]
systick_delay           0x000094e5   0x36  Code  Gb  MK60_SysTick.o [1]
systick_delay_ms        0x0000951b   0x18  Code  Gb  MK60_SysTick.o [1]
uart_init               0x00009d31  0x214  Code  Gb  MK60_uart.o [1]
uart_putchar            0x00009f45   0x1a  Code  Gb  MK60_uart.o [1]
wdog_disable            0x0000b845   0x16  Code  Gb  MK60_wdog.o [1]
wdog_unlock             0x0000b85b   0x20  Code  Lc  MK60_wdog.o [1]
write_vtor              0x0000b979   0x22  Code  Gb  misc.o [1]


[1] = D:\m1899\Documents\单片机学习\Powered by ZZS\2017赛季\控制程序\第一版20170202\Prj\IAR\FN15_Debug\Obj
[2] = command line
[3] = dl7M_tln.a
[4] = m7M_tls.a
[5] = rt7M_tl.a

  10 368 bytes of readonly  code memory
      80 bytes of readwrite code memory
   5 912 bytes of readonly  data memory
   2 778 bytes of readwrite data memory

Errors: none
Warnings: none
