###############################################################################
#
# IAR ELF Linker V7.80.4.12462/W32 for ARM                07/Mar/2017  21:12:17
# Copyright 2007-2017 IAR Systems AB.
#
#    Output file  =  
#        D:\m1899\Documents\单片机学习\Powered by
#        ZZS\2017赛季\控制程序\第一版20170202\Prj\IAR\FN15_Debug\Exe\vcan_Kinetis.out
#    Map file     =  
#        D:\m1899\Documents\单片机学习\Powered by
#        ZZS\2017赛季\控制程序\第一版20170202\Prj\IAR\FN15_Debug\List\vcan_Kinetis.map
#    Command line =  
#        "D:\m1899\Documents\单片机学习\Powered by
#        ZZS\2017赛季\控制程序\第一版20170202\Prj\IAR\FN15_Debug\Obj\Car_System.o"
#        "D:\m1899\Documents\单片机学习\Powered by
#        ZZS\2017赛季\控制程序\第一版20170202\Prj\IAR\FN15_Debug\Obj\data.o"
#        "D:\m1899\Documents\单片机学习\Powered by
#        ZZS\2017赛季\控制程序\第一版20170202\Prj\IAR\FN15_Debug\Obj\diskio.o"
#        "D:\m1899\Documents\单片机学习\Powered by
#        ZZS\2017赛季\控制程序\第一版20170202\Prj\IAR\FN15_Debug\Obj\ff.o"
#        "D:\m1899\Documents\单片机学习\Powered by
#        ZZS\2017赛季\控制程序\第一版20170202\Prj\IAR\FN15_Debug\Obj\inductance.o"
#        "D:\m1899\Documents\单片机学习\Powered by
#        ZZS\2017赛季\控制程序\第一版20170202\Prj\IAR\FN15_Debug\Obj\main.o"
#        "D:\m1899\Documents\单片机学习\Powered by
#        ZZS\2017赛季\控制程序\第一版20170202\Prj\IAR\FN15_Debug\Obj\misc.o"
#        "D:\m1899\Documents\单片机学习\Powered by
#        ZZS\2017赛季\控制程序\第一版20170202\Prj\IAR\FN15_Debug\Obj\MK60_adc.o"
#        "D:\m1899\Documents\单片机学习\Powered by
#        ZZS\2017赛季\控制程序\第一版20170202\Prj\IAR\FN15_Debug\Obj\MK60_can.o"
#        "D:\m1899\Documents\单片机学习\Powered by
#        ZZS\2017赛季\控制程序\第一版20170202\Prj\IAR\FN15_Debug\Obj\MK60_conf.o"
#        "D:\m1899\Documents\单片机学习\Powered by
#        ZZS\2017赛季\控制程序\第一版20170202\Prj\IAR\FN15_Debug\Obj\MK60_dac.o"
#        "D:\m1899\Documents\单片机学习\Powered by
#        ZZS\2017赛季\控制程序\第一版20170202\Prj\IAR\FN15_Debug\Obj\MK60_dma.o"
#        "D:\m1899\Documents\单片机学习\Powered by
#        ZZS\2017赛季\控制程序\第一版20170202\Prj\IAR\FN15_Debug\Obj\MK60_DWT.o"
#        "D:\m1899\Documents\单片机学习\Powered by
#        ZZS\2017赛季\控制程序\第一版20170202\Prj\IAR\FN15_Debug\Obj\MK60_flexbus.o"
#        "D:\m1899\Documents\单片机学习\Powered by
#        ZZS\2017赛季\控制程序\第一版20170202\Prj\IAR\FN15_Debug\Obj\MK60_ftm.o"
#        "D:\m1899\Documents\单片机学习\Powered by
#        ZZS\2017赛季\控制程序\第一版20170202\Prj\IAR\FN15_Debug\Obj\MK60_gpio.o"
#        "D:\m1899\Documents\单片机学习\Powered by
#        ZZS\2017赛季\控制程序\第一版20170202\Prj\IAR\FN15_Debug\Obj\MK60_i2c.o"
#        "D:\m1899\Documents\单片机学习\Powered by
#        ZZS\2017赛季\控制程序\第一版20170202\Prj\IAR\FN15_Debug\Obj\MK60_it.o"
#        "D:\m1899\Documents\单片机学习\Powered by
#        ZZS\2017赛季\控制程序\第一版20170202\Prj\IAR\FN15_Debug\Obj\MK60_lptmr.o"
#        "D:\m1899\Documents\单片机学习\Powered by
#        ZZS\2017赛季\控制程序\第一版20170202\Prj\IAR\FN15_Debug\Obj\MK60_mcg.o"
#        "D:\m1899\Documents\单片机学习\Powered by
#        ZZS\2017赛季\控制程序\第一版20170202\Prj\IAR\FN15_Debug\Obj\MK60_PIT.o"
#        "D:\m1899\Documents\单片机学习\Powered by
#        ZZS\2017赛季\控制程序\第一版20170202\Prj\IAR\FN15_Debug\Obj\MK60_port.o"
#        "D:\m1899\Documents\单片机学习\Powered by
#        ZZS\2017赛季\控制程序\第一版20170202\Prj\IAR\FN15_Debug\Obj\MK60_rtc.o"
#        "D:\m1899\Documents\单片机学习\Powered by
#        ZZS\2017赛季\控制程序\第一版20170202\Prj\IAR\FN15_Debug\Obj\MK60_sdhc.o"
#        "D:\m1899\Documents\单片机学习\Powered by
#        ZZS\2017赛季\控制程序\第一版20170202\Prj\IAR\FN15_Debug\Obj\MK60_spi.o"
#        "D:\m1899\Documents\单片机学习\Powered by
#        ZZS\2017赛季\控制程序\第一版20170202\Prj\IAR\FN15_Debug\Obj\MK60_SysTick.o"
#        "D:\m1899\Documents\单片机学习\Powered by
#        ZZS\2017赛季\控制程序\第一版20170202\Prj\IAR\FN15_Debug\Obj\MK60_uart.o"
#        "D:\m1899\Documents\单片机学习\Powered by
#        ZZS\2017赛季\控制程序\第一版20170202\Prj\IAR\FN15_Debug\Obj\MK60_usb.o"
#        "D:\m1899\Documents\单片机学习\Powered by
#        ZZS\2017赛季\控制程序\第一版20170202\Prj\IAR\FN15_Debug\Obj\MK60_wdog.o"
#        "D:\m1899\Documents\单片机学习\Powered by
#        ZZS\2017赛季\控制程序\第一版20170202\Prj\IAR\FN15_Debug\Obj\motor.o"
#        "D:\m1899\Documents\单片机学习\Powered by
#        ZZS\2017赛季\控制程序\第一版20170202\Prj\IAR\FN15_Debug\Obj\OLED.o"
#        "D:\m1899\Documents\单片机学习\Powered by
#        ZZS\2017赛季\控制程序\第一版20170202\Prj\IAR\FN15_Debug\Obj\peripheral.o"
#        "D:\m1899\Documents\单片机学习\Powered by
#        ZZS\2017赛季\控制程序\第一版20170202\Prj\IAR\FN15_Debug\Obj\startup_MK60DZ10.o"
#        "D:\m1899\Documents\单片机学习\Powered by
#        ZZS\2017赛季\控制程序\第一版20170202\Prj\IAR\FN15_Debug\Obj\system_MK60DZ10.o"
#        "D:\m1899\Documents\单片机学习\Powered by
#        ZZS\2017赛季\控制程序\第一版20170202\Prj\IAR\FN15_Debug\Obj\USB.o"
#        "D:\m1899\Documents\单片机学习\Powered by
#        ZZS\2017赛季\控制程序\第一版20170202\Prj\IAR\FN15_Debug\Obj\USB_CDC.o"
#        "D:\m1899\Documents\单片机学习\Powered by
#        ZZS\2017赛季\控制程序\第一版20170202\Prj\IAR\FN15_Debug\Obj\VCAN_ASCII.o"
#        "D:\m1899\Documents\单片机学习\Powered by
#        ZZS\2017赛季\控制程序\第一版20170202\Prj\IAR\FN15_Debug\Obj\VCAN_BMP.o"
#        "D:\m1899\Documents\单片机学习\Powered by
#        ZZS\2017赛季\控制程序\第一版20170202\Prj\IAR\FN15_Debug\Obj\VCAN_camera.o"
#        "D:\m1899\Documents\单片机学习\Powered by
#        ZZS\2017赛季\控制程序\第一版20170202\Prj\IAR\FN15_Debug\Obj\VCAN_computer.o"
#        "D:\m1899\Documents\单片机学习\Powered by
#        ZZS\2017赛季\控制程序\第一版20170202\Prj\IAR\FN15_Debug\Obj\vcan_img2sd.o"
#        "D:\m1899\Documents\单片机学习\Powered by
#        ZZS\2017赛季\控制程序\第一版20170202\Prj\IAR\FN15_Debug\Obj\VCAN_key.o"
#        "D:\m1899\Documents\单片机学习\Powered by
#        ZZS\2017赛季\控制程序\第一版20170202\Prj\IAR\FN15_Debug\Obj\VCAN_key_event.o"
#        "D:\m1899\Documents\单片机学习\Powered by
#        ZZS\2017赛季\控制程序\第一版20170202\Prj\IAR\FN15_Debug\Obj\VCAN_LCD.o"
#        "D:\m1899\Documents\单片机学习\Powered by
#        ZZS\2017赛季\控制程序\第一版20170202\Prj\IAR\FN15_Debug\Obj\VCAN_LCD_CH.o"
#        "D:\m1899\Documents\单片机学习\Powered by
#        ZZS\2017赛季\控制程序\第一版20170202\Prj\IAR\FN15_Debug\Obj\VCAN_LCD_ILI9325.o"
#        "D:\m1899\Documents\单片机学习\Powered by
#        ZZS\2017赛季\控制程序\第一版20170202\Prj\IAR\FN15_Debug\Obj\VCAN_LCD_ILI9341.o"
#        "D:\m1899\Documents\单片机学习\Powered by
#        ZZS\2017赛季\控制程序\第一版20170202\Prj\IAR\FN15_Debug\Obj\VCAN_LCD_ST7735R.o"
#        "D:\m1899\Documents\单片机学习\Powered by
#        ZZS\2017赛季\控制程序\第一版20170202\Prj\IAR\FN15_Debug\Obj\VCAN_LCD_ST7735S.o"
#        "D:\m1899\Documents\单片机学习\Powered by
#        ZZS\2017赛季\控制程序\第一版20170202\Prj\IAR\FN15_Debug\Obj\VCAN_LED.o"
#        "D:\m1899\Documents\单片机学习\Powered by
#        ZZS\2017赛季\控制程序\第一版20170202\Prj\IAR\FN15_Debug\Obj\VCAN_MMA7455.o"
#        "D:\m1899\Documents\单片机学习\Powered by
#        ZZS\2017赛季\控制程序\第一版20170202\Prj\IAR\FN15_Debug\Obj\VCAN_NRF24L0.o"
#        "D:\m1899\Documents\单片机学习\Powered by
#        ZZS\2017赛季\控制程序\第一版20170202\Prj\IAR\FN15_Debug\Obj\VCAN_NRF24L0_MSG.o"
#        "D:\m1899\Documents\单片机学习\Powered by
#        ZZS\2017赛季\控制程序\第一版20170202\Prj\IAR\FN15_Debug\Obj\VCAN_OV7725_Eagle.o"
#        "D:\m1899\Documents\单片机学习\Powered by
#        ZZS\2017赛季\控制程序\第一版20170202\Prj\IAR\FN15_Debug\Obj\VCAN_OV7725_Wolf.o"
#        "D:\m1899\Documents\单片机学习\Powered by
#        ZZS\2017赛季\控制程序\第一版20170202\Prj\IAR\FN15_Debug\Obj\VCAN_RTC_count.o"
#        "D:\m1899\Documents\单片机学习\Powered by
#        ZZS\2017赛季\控制程序\第一版20170202\Prj\IAR\FN15_Debug\Obj\VCAN_SCCB.o"
#        "D:\m1899\Documents\单片机学习\Powered by
#        ZZS\2017赛季\控制程序\第一版20170202\Prj\IAR\FN15_Debug\Obj\vcan_sd_app.o"
#        "D:\m1899\Documents\单片机学习\Powered by
#        ZZS\2017赛季\控制程序\第一版20170202\Prj\IAR\FN15_Debug\Obj\Vcan_touch.o"
#        "D:\m1899\Documents\单片机学习\Powered by
#        ZZS\2017赛季\控制程序\第一版20170202\Prj\IAR\FN15_Debug\Obj\VCAN_TSL1401.o"
#        "D:\m1899\Documents\单片机学习\Powered by
#        ZZS\2017赛季\控制程序\第一版20170202\Prj\IAR\FN15_Debug\Obj\VCAN_UI_VAR.o"
#        "D:\m1899\Documents\单片机学习\Powered by
#        ZZS\2017赛季\控制程序\第一版20170202\Prj\IAR\FN15_Debug\Obj\vectors.o"
#        -o "D:\m1899\Documents\单片机学习\Powered by
#        ZZS\2017赛季\控制程序\第一版20170202\Prj\IAR\FN15_Debug\Exe\vcan_Kinetis.out"
#        --map "D:\m1899\Documents\单片机学习\Powered by
#        ZZS\2017赛季\控制程序\第一版20170202\Prj\IAR\FN15_Debug\List\vcan_Kinetis.map"
#        --config "D:\m1899\Documents\单片机学习\Powered by
#        ZZS\2017赛季\控制程序\第一版20170202\Prj\IAR\config
#        files\vcan_ROM_K60N1M.icf" "D:\m1899\Documents\单片机学习\Powered by
#        ZZS\2017赛季\控制程序\第一版20170202\Prj\IAR\..\..\Lib\CMSIS\iar_cortexM4l_math.a"
#        --entry __iar_program_start --vfe
#
###############################################################################

*******************************************************************************
*** RUNTIME MODEL ATTRIBUTES
***

CppFlavor       = *
__SystemLibrary = DLib


*******************************************************************************
*** PLACEMENT SUMMARY
***

"A0":  place at 0x00008000 { ro section .intvec };
"A1":  place at 0x00008410 { ro section .noinit };
"P1":  place in [from 0x00008000 to 0x00080000] { ro, block CodeRelocate };
"P2":  place in [from 0x1fff0410 to 0x20010000] {
          rw, block CodeRelocateRam, block CSTACK, block HEAP };
initialize manually with packing = copy, complex ranges { section .data };
initialize manually with packing = copy, complex ranges { section .textrw };

  Section              Kind        Address    Size  Object
  -------              ----        -------    ----  ------
"A0":                                        0x410
  .intvec              const    0x00008000   0x410  vectors.o [1]
                              - 0x00008410   0x410

"A1":                                          0x8
  .noinit              ro code  0x00008410     0x8  startup_MK60DZ10.o [1]
                              - 0x00008418     0x8

"P1":                                       0x3148
  .text                ro code  0x00008418   0x7a8  VCAN_LCD_ILI9325.o [1]
  .text                ro code  0x00008bc0    0xf0  MK60_gpio.o [1]
  .text                ro code  0x00008cb0    0x64  MK60_SysTick.o [1]
  .text                ro code  0x00008d14   0x114  MK60_flexbus.o [1]
  .text                ro code  0x00008e28    0xb8  MK60_port.o [1]
  .text                ro code  0x00008ee0    0xe4  MK60_conf.o [1]
  .text                ro code  0x00008fc4    0x70  VCAN_LED.o [1]
  .text                ro code  0x00009034   0x248  MK60_uart.o [1]
  .text                ro code  0x0000927c    0xfc  VCAN_LCD.o [1]
  .text                ro code  0x00009378   0x1d8  VCAN_LCD_CH.o [1]
  .text                ro code  0x00009550   0x5d8  MK60_ftm.o [1]
  Veneer               ro code  0x00009b28     0x8  - Linker created -
  .text                ro code  0x00009b30   0x3d4  MK60_mcg.o [1]
  .text                ro code  0x00009f04   0x388  inductance.o [1]
  .text                ro code  0x0000a28c   0x2b8  MK60_adc.o [1]
  .text                ro code  0x0000a544   0x2f4  motor.o [1]
  .text                ro code  0x0000a838    0x2e  I32ToFlt.o [4]
  .text                ro code  0x0000a868    0xe6  FltSub.o [4]
  .text                ro code  0x0000a950    0xd8  FltMul.o [4]
  .text                ro code  0x0000aa28    0x84  FltAdd.o [4]
  .text                ro code  0x0000aaac    0x44  FltToS32.o [4]
  .text                ro code  0x0000aaf0   0x224  OLED.o [1]
  .text                ro code  0x0000ad14   0x13c  system_MK60DZ10.o [1]
  .text                ro code  0x0000ae50    0x40  MK60_wdog.o [1]
  .text                ro code  0x0000ae90    0x20  main.o [1]
  .text                ro code  0x0000aeb0    0x50  misc.o [1]
  .text                ro code  0x0000af00    0xac  Car_System.o [1]
  .text                ro code  0x0000afac    0xa8  peripheral.o [1]
  .text                ro code  0x0000b054    0x3c  MK60_lptmr.o [1]
  .text                ro code  0x0000b090    0x58  VCAN_key.o [1]
  .data_init                    0x0000b0e8    0xc8  <Block>
    Initializer bytes  const    0x0000b0e8    0xc8  <for .data-1>
  .rodata              const    0x0000b1b0    0x68  MK60_SysTick.o [1]
  .rodata              const    0x0000b218    0x64  MK60_adc.o [1]
  .rodata              const    0x0000b27c    0x64  MK60_ftm.o [1]
  .rodata              const    0x0000b2e0    0x64  MK60_gpio.o [1]
  .rodata              const    0x0000b344    0x64  MK60_uart.o [1]
  .rodata              const    0x0000b3a8    0x60  misc.o [1]
  CodeRelocate                  0x0000b408    0x50  <Block>
    Initializer bytes  const    0x0000b408    0x50  <for CodeRelocateRam-1>
  .text                ro code  0x0000b458    0x40  zero_init3.o [5]
  .rodata              const    0x0000b498    0x3c  MK60_conf.o [1]
  .text                ro code  0x0000b4d4    0x28  data_init.o [5]
  .iar.init_table      const    0x0000b4fc    0x10  - Linker created -
  .text                ro code  0x0000b50c    0x1a  cmain.o [5]
  .text                ro code  0x0000b526     0x4  low_level_init.o [3]
  .text                ro code  0x0000b52a     0x4  exit.o [3]
  .text                ro code  0x0000b530     0xa  cexit.o [5]
  .text                ro code  0x0000b53c     0xc  XXexit.o [5]
  .text                ro code  0x0000b548     0xc  cstartup_M.o [5]
  .rodata              const    0x0000b554     0x4  MK60_conf.o [1]
  .rodata              const    0x0000b558     0x4  VCAN_LCD.o [1]
  .rodata              const    0x0000b55c     0x4  VCAN_LCD_CH.o [1]
  .rodata              const    0x0000b560     0x0  zero_init3.o [5]
                              - 0x0000b560  0x3148

"P2", part 1 of 2:                           0x118
  .data                         0x1fff0410    0xc8  <Block>
    .data-1                     0x1fff0410    0xc5  <Init block>
      .data            inited   0x1fff0410     0x8  MK60_adc.o [1]
      .data            inited   0x1fff0418    0x10  MK60_ftm.o [1]
      .data            inited   0x1fff0428    0x14  MK60_gpio.o [1]
      .data            inited   0x1fff043c    0x58  MK60_mcg.o [1]
      .data            inited   0x1fff0494     0x4  MK60_mcg.o [1]
      .data            inited   0x1fff0498    0x14  MK60_port.o [1]
      .data            inited   0x1fff04ac    0x18  MK60_uart.o [1]
      .data            inited   0x1fff04c4     0x8  VCAN_key.o [1]
      .data            inited   0x1fff04cc     0x4  VCAN_LED.o [1]
      .data            inited   0x1fff04d0     0x2  VCAN_LCD_ILI9325.o [1]
      .data            inited   0x1fff04d2     0x2  VCAN_LCD_ILI9325.o [1]
      .data            inited   0x1fff04d4     0x1  VCAN_LCD_ILI9325.o [1]
  CodeRelocateRam               0x1fff04d8    0x50  <Block>
    CodeRelocateRam-1           0x1fff04d8    0x50  <Init block>
      .textrw          inited   0x1fff04d8    0x50  MK60_mcg.o [1]
                              - 0x1fff0528   0x118

"P2", part 2 of 2:                            0x9c
  .bss                          0x1fff0528    0x9c  <Block>
    .bss               zero     0x1fff0528    0x24  data.o [1]
    .bss               zero     0x1fff054c    0x24  data.o [1]
    .bss               zero     0x1fff0570    0x34  data.o [1]
    .bss               zero     0x1fff05a4     0x4  data.o [1]
    .bss               zero     0x1fff05a8    0x10  MK60_ftm.o [1]
    .bss               zero     0x1fff05b8     0x4  system_MK60DZ10.o [1]
    .bss               zero     0x1fff05bc     0x4  system_MK60DZ10.o [1]
    .bss               zero     0x1fff05c0     0x4  system_MK60DZ10.o [1]
                              - 0x1fff05c4    0x9c


*******************************************************************************
*** INIT TABLE
***

          Address     Size
          -------     ----
Zero (__iar_zero_init3)
    1 destination range, total size 0x9c:
          0x1fff0528  0x9c



*******************************************************************************
*** MODULE SUMMARY
***

    Module              ro code  rw code  ro data  rw data
    ------              -------  -------  -------  -------
D:\m1899\Documents\单片机学习\Powered by ZZS\2017赛季\控制程序\第一版20170202\Prj\IAR\FN15_Debug\Obj: [1]
    Car_System.o            172
    MK60_SysTick.o          100               104
    MK60_adc.o              696               108        8
    MK60_conf.o             228                64
    MK60_flexbus.o          276
    MK60_ftm.o            1 496               116       32
    MK60_gpio.o             240               120       20
    MK60_lptmr.o             60
    MK60_mcg.o              980       80      172       92
    MK60_port.o             184                20       20
    MK60_uart.o             584               124       24
    MK60_wdog.o              64
    OLED.o                  548
    VCAN_LCD.o              252                 4
    VCAN_LCD_CH.o           472                 4
    VCAN_LCD_ILI9325.o    1 960                 5        5
    VCAN_LED.o              112                 4        4
    VCAN_key.o               88                 8        8
    data.o                                             128
    inductance.o            904
    main.o                   32
    misc.o                   80                96
    motor.o                 756
    peripheral.o            168
    startup_MK60DZ10.o        8
    system_MK60DZ10.o       316                         12
    vectors.o                               1 040
    ------------------------------------------------------
    Total:               10 776       80    1 989      353

command line: [2]
    ------------------------------------------------------
    Total:

dl7M_tln.a: [3]
    exit.o                    4
    low_level_init.o          4
    ------------------------------------------------------
    Total:                    8

m7M_tl.a: [4]
    FltAdd.o                132
    FltMul.o                216
    FltSub.o                230
    FltToS32.o               68
    I32ToFlt.o               46
    ------------------------------------------------------
    Total:                  692

rt7M_tl.a: [5]
    XXexit.o                 12
    cexit.o                  10
    cmain.o                  26
    cstartup_M.o             12
    data_init.o              40
    zero_init3.o             64
    ------------------------------------------------------
    Total:                  164

    Gaps                      8
    Linker created            8                19
----------------------------------------------------------
    Grand Total:         11 656       80    2 008      353


*******************************************************************************
*** ENTRY LIST
***

Entry                      Address   Size  Type      Object
-----                      -------   ----  ----      ------
.bss$$Base              0x1fff0528          --   Gb  - Linker created -
.bss$$Limit             0x1fff05c4          --   Gb  - Linker created -
.data$$Base             0x1fff0410          --   Gb  - Linker created -
.data$$Limit            0x1fff04d8          --   Gb  - Linker created -
.data_init$$Base        0x0000b0e8          --   Gb  - Linker created -
.data_init$$Limit       0x0000b1b0          --   Gb  - Linker created -
.iar.init_table$$Base   0x0000b4fc          --   Gb  - Linker created -
.iar.init_table$$Limit  0x0000b50c          --   Gb  - Linker created -
?main                   0x0000b50d         Code  Gb  cmain.o [5]
ADCN                    0x1fff0410    0x8  Data  Gb  MK60_adc.o [1]
ADC_Init                0x00009f05   0x1c  Code  Gb  inductance.o [1]
ADC_Weight_Init         0x00009f21   0xac  Code  Gb  inductance.o [1]
ASSERT_FAILED_STR       0x0000b498   0x3c  Data  Gb  MK60_conf.o [1]
CodeRelocate$$Base      0x0000b408          --   Gb  - Linker created -
CodeRelocate$$Limit     0x0000b458          --   Gb  - Linker created -
CodeRelocateRam$$Base   0x1fff04d8          --   Gb  - Linker created -
CodeRelocateRam$$Limit  0x1fff0528          --   Gb  - Linker created -
Direction               0x1fff05a4    0x4  Data  Gb  data.o [1]
Direction_Control       0x0000a1e9   0x92  Code  Gb  inductance.o [1]
FTMN                    0x1fff0418   0x10  Data  Gb  MK60_ftm.o [1]
FTM_port_mux            0x00009551  0x1ac  Code  Lc  MK60_ftm.o [1]
GPIOX                   0x1fff0428   0x14  Data  Gb  MK60_gpio.o [1]
Get_AD_Value            0x00009fcd  0x21c  Code  Gb  inductance.o [1]
Get_Motor_Speed         0x0000a803   0x24  Code  Gb  motor.o [1]
Get_Motor_Speed_Init    0x0000a7f3   0x10  Code  Gb  motor.o [1]
Get_System_Ready        0x0000af65   0x12  Code  Gb  Car_System.o [1]
ILI9325_get_h           0x00008b9f    0x6  Code  Gb  VCAN_LCD_ILI9325.o [1]
ILI9325_get_w           0x00008ba5    0x6  Code  Gb  VCAN_LCD_ILI9325.o [1]
Init_Key                0x0000b027   0x28  Code  Gb  peripheral.o [1]
KEY_PTxn                0x1fff04c4    0x8  Data  Gb  VCAN_key.o [1]
LCD_Char_CH             0x00009379   0xbc  Code  Gb  VCAN_LCD_CH.o [1]
LCD_ILI9325_dir         0x000088cf   0xf4  Code  Gb  VCAN_LCD_ILI9325.o [1]
LCD_ILI9325_init        0x00008419  0x4b6  Code  Gb  VCAN_LCD_ILI9325.o [1]
LCD_ILI9325_ptlon       0x000089c3  0x1dc  Code  Gb  VCAN_LCD_ILI9325.o [1]
LCD_Str_ENCH            0x00009435  0x114  Code  Gb  VCAN_LCD_CH.o [1]
LCD_char                0x000092b3   0xba  Code  Gb  VCAN_LCD.o [1]
LCD_rectangle           0x0000927d   0x36  Code  Gb  VCAN_LCD.o [1]
LED_PTxn                0x1fff04cc    0x4  Data  Gb  VCAN_LED.o [1]
Left_Speed              0x1fff0528   0x24  Data  Gb  data.o [1]
Main_Control_Interrupt  0x0000af79   0x24  Code  Gb  Car_System.o [1]
Motor_Control           0x0000a5a9   0x80  Code  Gb  motor.o [1]
Motor_Init              0x0000a545   0x64  Code  Gb  motor.o [1]
Motor_PID               0x0000a68b  0x168  Code  Gb  motor.o [1]
Motor_PID_Init          0x0000a629   0x62  Code  Gb  motor.o [1]
NVIC_DisableIRQ         0x0000af15   0x14  Code  Lc  Car_System.o [1]
NVIC_EnableIRQ          0x0000af01   0x14  Code  Lc  Car_System.o [1]
OLED_DLY_ms             0x0000abf5   0x18  Code  Gb  OLED.o [1]
OLED_Fill               0x0000abb5   0x40  Code  Gb  OLED.o [1]
OLED_Init               0x0000ac0d   0xf8  Code  Gb  OLED.o [1]
OLED_Set_Pos            0x0000ab8b   0x2a  Code  Gb  OLED.o [1]
OLED_WrCmd              0x0000ab41   0x4a  Code  Gb  OLED.o [1]
OLED_WrDat              0x0000aaf1   0x4e  Code  Gb  OLED.o [1]
PORTX                   0x1fff0498   0x14  Data  Gb  MK60_port.o [1]
Region$$Table$$Base     0x0000b4fc          --   Gb  - Linker created -
Region$$Table$$Limit    0x0000b50c          --   Gb  - Linker created -
Reset_Handler           0x00008411         Code  Gb  startup_MK60DZ10.o [1]
Right_Speed             0x1fff054c   0x24  Data  Gb  data.o [1]
Road_Data               0x1fff0570   0x34  Data  Gb  data.o [1]
System_Init             0x0000af29   0x3c  Code  Gb  Car_System.o [1]
UARTN                   0x1fff04ac   0x18  Data  Gb  MK60_uart.o [1]
__BOOT_STACK_ADDRESS {Abs}
                        0x2000fff8         Data  Gb  command line/config [2]
__VECTOR_RAM {Abs}      0x1fff0000         Data  Gb  command line/config [2]
__VECTOR_TABLE {Abs}    0x00008000         Data  Gb  command line/config [2]
__aeabi_f2iz            0x0000aaad         Code  Gb  FltToS32.o [4]
__aeabi_fadd            0x0000aa29         Code  Gb  FltAdd.o [4]
__aeabi_fmul            0x0000a951         Code  Gb  FltMul.o [4]
__aeabi_fsub            0x0000a869         Code  Gb  FltSub.o [4]
__aeabi_i2f             0x0000a839         Code  Gb  I32ToFlt.o [4]
__cmain                 0x0000b50d         Code  Gb  cmain.o [5]
__code_start__ {Abs}    0x00008410         Data  Gb  command line/config [2]
__exit                  0x0000b53d         Code  Gb  XXexit.o [5]
__iar_data_init3        0x0000b4d5   0x28  Code  Gb  data_init.o [5]
__iar_fadd              0x0000aa39         Code  Gb  FltAdd.o [4]
__iar_fsub              0x0000a879         Code  Gb  FltSub.o [4]
__iar_fsubStart         0x0000a889         Code  Gb  FltSub.o [4]
__iar_program_start     0x0000b549         Code  Gb  cstartup_M.o [5]
__iar_ui2f              0x0000a84d         Code  Gb  I32ToFlt.o [4]
__iar_zero_init3        0x0000b459   0x40  Code  Gb  zero_init3.o [5]
__low_level_init        0x0000b527    0x4  Code  Gb  low_level_init.o [3]
__vector_table          0x00008000  0x410  Data  Gb  vectors.o [1]
_call_main              0x0000b519         Code  Gb  cmain.o [5]
_exit                   0x0000b531         Code  Gb  cexit.o [5]
_main                   0x0000b523         Code  Gb  cmain.o [5]
adc_init                0x0000a28d  0x20e  Code  Gb  MK60_adc.o [1]
adc_once                0x0000a49b   0x50  Code  Gb  MK60_adc.o [1]
adc_start               0x0000a4eb   0x44  Code  Lc  MK60_adc.o [1]
assert_failed           0x00008ee1   0x42  Code  Gb  MK60_conf.o [1]
bus_clk_khz             0x1fff05c0    0x4  Data  Gb  system_MK60DZ10.o [1]
common_startup          0x0000ad7b   0x98  Code  Gb  system_MK60DZ10.o [1]
core_clk_khz            0x1fff05b8    0x4  Data  Gb  system_MK60DZ10.o [1]
core_clk_mhz            0x1fff05bc    0x4  Data  Gb  system_MK60DZ10.o [1]
default_isr             0x00008f39   0x68  Code  Gb  MK60_conf.o [1]
enter_fputc             0x00008f25   0x14  Code  Gb  MK60_conf.o [1]
exit                    0x0000b52b    0x4  Code  Gb  exit.o [3]
flexbus_8080_init       0x00008d15  0x114  Code  Gb  MK60_flexbus.o [1]
ftm_mod                 0x1fff05a8   0x10  Data  Lc  MK60_ftm.o [1]
ftm_pwm_duty            0x000098a7  0x10e  Code  Gb  MK60_ftm.o [1]
ftm_pwm_init            0x000096fd  0x1aa  Code  Gb  MK60_ftm.o [1]
ftm_quad_clean          0x00009ae7   0x28  Code  Gb  MK60_ftm.o [1]
ftm_quad_get            0x00009abb   0x2c  Code  Gb  MK60_ftm.o [1]
ftm_quad_init           0x000099b5  0x106  Code  Gb  MK60_ftm.o [1]
gpio_init               0x00008bc1   0xae  Code  Gb  MK60_gpio.o [1]
gpio_turn               0x00008c6f   0x38  Code  Gb  MK60_gpio.o [1]
hardfault_isr           0x00008fbd    0x8  Code  Gb  MK60_conf.o [1]
ili9325_dir             0x1fff04d4    0x1  Data  Gb  VCAN_LCD_ILI9325.o [1]
ili9325_h               0x1fff04d0    0x2  Data  Gb  VCAN_LCD_ILI9325.o [1]
ili9325_w               0x1fff04d2    0x2  Data  Gb  VCAN_LCD_ILI9325.o [1]
key_init                0x0000b091   0x52  Code  Gb  VCAN_key.o [1]
led_init                0x00008fc5   0x3a  Code  Gb  VCAN_LED.o [1]
led_turn                0x00008fff   0x32  Code  Gb  VCAN_LED.o [1]
load_Inductance         0x0000afad   0x7a  Code  Gb  peripheral.o [1]
lptmr_timing_ms         0x0000b055   0x2c  Code  Gb  MK60_lptmr.o [1]
main                    0x0000ae91   0x20  Code  Gb  main.o [1]
mcg_cfg                 0x1fff043c   0x58  Data  Gb  MK60_mcg.o [1]
mcg_div                 0x1fff0494    0x4  Data  Gb  MK60_mcg.o [1]
mcg_div_count           0x00009b31  0x304  Code  Gb  MK60_mcg.o [1]
pll_init                0x00009e35   0xb2  Code  Gb  MK60_mcg.o [1]
port_init               0x00008e29   0x48  Code  Gb  MK60_port.o [1]
port_init_NoALT         0x00008e71   0x66  Code  Gb  MK60_port.o [1]
set_sys_dividers        0x1fff04d9   0x50  Code  Gb  MK60_mcg.o [1]
set_vector_handler      0x0000aed3   0x22  Code  Gb  misc.o [1]
start                   0x0000ad15   0x2a  Code  Gb  system_MK60DZ10.o [1]
sysinit                 0x0000ad3f   0x3c  Code  Gb  system_MK60DZ10.o [1]
systick_delay           0x00008cb1   0x36  Code  Gb  MK60_SysTick.o [1]
systick_delay_ms        0x00008ce7   0x18  Code  Gb  MK60_SysTick.o [1]
uart_init               0x00009035  0x214  Code  Gb  MK60_uart.o [1]
uart_putchar            0x00009249   0x1a  Code  Gb  MK60_uart.o [1]
wdog_disable            0x0000ae51   0x16  Code  Gb  MK60_wdog.o [1]
wdog_unlock             0x0000ae67   0x20  Code  Lc  MK60_wdog.o [1]
write_vtor              0x0000aeb1   0x22  Code  Gb  misc.o [1]


[1] = D:\m1899\Documents\单片机学习\Powered by ZZS\2017赛季\控制程序\第一版20170202\Prj\IAR\FN15_Debug\Obj
[2] = command line
[3] = dl7M_tln.a
[4] = m7M_tl.a
[5] = rt7M_tl.a

  11 656 bytes of readonly  code memory
      80 bytes of readwrite code memory
   2 008 bytes of readonly  data memory
     353 bytes of readwrite data memory

Errors: none
Warnings: none
