###############################################################################
#
# IAR ELF Linker V7.80.4.12462/W32 for ARM                14/Mar/2017  20:43:03
# Copyright 2007-2017 IAR Systems AB.
#
#    Output file  =  
#        D:\m1899\Documents\单片机学习\Powered by
#        ZZS\2017赛季\控制程序\第一版20170202\Prj\IAR\FN15_Debug\Exe\vcan_Kinetis.out
#    Map file     =  
#        D:\m1899\Documents\单片机学习\Powered by
#        ZZS\2017赛季\控制程序\第一版20170202\Prj\IAR\FN15_Debug\List\vcan_Kinetis.map
#    Command line =  
#        "D:\m1899\Documents\单片机学习\Powered by
#        ZZS\2017赛季\控制程序\第一版20170202\Prj\IAR\FN15_Debug\Obj\Car_System.o"
#        "D:\m1899\Documents\单片机学习\Powered by
#        ZZS\2017赛季\控制程序\第一版20170202\Prj\IAR\FN15_Debug\Obj\data.o"
#        "D:\m1899\Documents\单片机学习\Powered by
#        ZZS\2017赛季\控制程序\第一版20170202\Prj\IAR\FN15_Debug\Obj\diskio.o"
#        "D:\m1899\Documents\单片机学习\Powered by
#        ZZS\2017赛季\控制程序\第一版20170202\Prj\IAR\FN15_Debug\Obj\ff.o"
#        "D:\m1899\Documents\单片机学习\Powered by
#        ZZS\2017赛季\控制程序\第一版20170202\Prj\IAR\FN15_Debug\Obj\inductance.o"
#        "D:\m1899\Documents\单片机学习\Powered by
#        ZZS\2017赛季\控制程序\第一版20170202\Prj\IAR\FN15_Debug\Obj\main.o"
#        "D:\m1899\Documents\单片机学习\Powered by
#        ZZS\2017赛季\控制程序\第一版20170202\Prj\IAR\FN15_Debug\Obj\misc.o"
#        "D:\m1899\Documents\单片机学习\Powered by
#        ZZS\2017赛季\控制程序\第一版20170202\Prj\IAR\FN15_Debug\Obj\MK60_adc.o"
#        "D:\m1899\Documents\单片机学习\Powered by
#        ZZS\2017赛季\控制程序\第一版20170202\Prj\IAR\FN15_Debug\Obj\MK60_can.o"
#        "D:\m1899\Documents\单片机学习\Powered by
#        ZZS\2017赛季\控制程序\第一版20170202\Prj\IAR\FN15_Debug\Obj\MK60_conf.o"
#        "D:\m1899\Documents\单片机学习\Powered by
#        ZZS\2017赛季\控制程序\第一版20170202\Prj\IAR\FN15_Debug\Obj\MK60_dac.o"
#        "D:\m1899\Documents\单片机学习\Powered by
#        ZZS\2017赛季\控制程序\第一版20170202\Prj\IAR\FN15_Debug\Obj\MK60_dma.o"
#        "D:\m1899\Documents\单片机学习\Powered by
#        ZZS\2017赛季\控制程序\第一版20170202\Prj\IAR\FN15_Debug\Obj\MK60_DWT.o"
#        "D:\m1899\Documents\单片机学习\Powered by
#        ZZS\2017赛季\控制程序\第一版20170202\Prj\IAR\FN15_Debug\Obj\MK60_flexbus.o"
#        "D:\m1899\Documents\单片机学习\Powered by
#        ZZS\2017赛季\控制程序\第一版20170202\Prj\IAR\FN15_Debug\Obj\MK60_ftm.o"
#        "D:\m1899\Documents\单片机学习\Powered by
#        ZZS\2017赛季\控制程序\第一版20170202\Prj\IAR\FN15_Debug\Obj\MK60_gpio.o"
#        "D:\m1899\Documents\单片机学习\Powered by
#        ZZS\2017赛季\控制程序\第一版20170202\Prj\IAR\FN15_Debug\Obj\MK60_i2c.o"
#        "D:\m1899\Documents\单片机学习\Powered by
#        ZZS\2017赛季\控制程序\第一版20170202\Prj\IAR\FN15_Debug\Obj\MK60_it.o"
#        "D:\m1899\Documents\单片机学习\Powered by
#        ZZS\2017赛季\控制程序\第一版20170202\Prj\IAR\FN15_Debug\Obj\MK60_lptmr.o"
#        "D:\m1899\Documents\单片机学习\Powered by
#        ZZS\2017赛季\控制程序\第一版20170202\Prj\IAR\FN15_Debug\Obj\MK60_mcg.o"
#        "D:\m1899\Documents\单片机学习\Powered by
#        ZZS\2017赛季\控制程序\第一版20170202\Prj\IAR\FN15_Debug\Obj\MK60_PIT.o"
#        "D:\m1899\Documents\单片机学习\Powered by
#        ZZS\2017赛季\控制程序\第一版20170202\Prj\IAR\FN15_Debug\Obj\MK60_port.o"
#        "D:\m1899\Documents\单片机学习\Powered by
#        ZZS\2017赛季\控制程序\第一版20170202\Prj\IAR\FN15_Debug\Obj\MK60_rtc.o"
#        "D:\m1899\Documents\单片机学习\Powered by
#        ZZS\2017赛季\控制程序\第一版20170202\Prj\IAR\FN15_Debug\Obj\MK60_sdhc.o"
#        "D:\m1899\Documents\单片机学习\Powered by
#        ZZS\2017赛季\控制程序\第一版20170202\Prj\IAR\FN15_Debug\Obj\MK60_spi.o"
#        "D:\m1899\Documents\单片机学习\Powered by
#        ZZS\2017赛季\控制程序\第一版20170202\Prj\IAR\FN15_Debug\Obj\MK60_SysTick.o"
#        "D:\m1899\Documents\单片机学习\Powered by
#        ZZS\2017赛季\控制程序\第一版20170202\Prj\IAR\FN15_Debug\Obj\MK60_uart.o"
#        "D:\m1899\Documents\单片机学习\Powered by
#        ZZS\2017赛季\控制程序\第一版20170202\Prj\IAR\FN15_Debug\Obj\MK60_usb.o"
#        "D:\m1899\Documents\单片机学习\Powered by
#        ZZS\2017赛季\控制程序\第一版20170202\Prj\IAR\FN15_Debug\Obj\MK60_wdog.o"
#        "D:\m1899\Documents\单片机学习\Powered by
#        ZZS\2017赛季\控制程序\第一版20170202\Prj\IAR\FN15_Debug\Obj\motor.o"
#        "D:\m1899\Documents\单片机学习\Powered by
#        ZZS\2017赛季\控制程序\第一版20170202\Prj\IAR\FN15_Debug\Obj\OLED.o"
#        "D:\m1899\Documents\单片机学习\Powered by
#        ZZS\2017赛季\控制程序\第一版20170202\Prj\IAR\FN15_Debug\Obj\peripheral.o"
#        "D:\m1899\Documents\单片机学习\Powered by
#        ZZS\2017赛季\控制程序\第一版20170202\Prj\IAR\FN15_Debug\Obj\startup_MK60DZ10.o"
#        "D:\m1899\Documents\单片机学习\Powered by
#        ZZS\2017赛季\控制程序\第一版20170202\Prj\IAR\FN15_Debug\Obj\system_MK60DZ10.o"
#        "D:\m1899\Documents\单片机学习\Powered by
#        ZZS\2017赛季\控制程序\第一版20170202\Prj\IAR\FN15_Debug\Obj\USB.o"
#        "D:\m1899\Documents\单片机学习\Powered by
#        ZZS\2017赛季\控制程序\第一版20170202\Prj\IAR\FN15_Debug\Obj\USB_CDC.o"
#        "D:\m1899\Documents\单片机学习\Powered by
#        ZZS\2017赛季\控制程序\第一版20170202\Prj\IAR\FN15_Debug\Obj\VCAN_ASCII.o"
#        "D:\m1899\Documents\单片机学习\Powered by
#        ZZS\2017赛季\控制程序\第一版20170202\Prj\IAR\FN15_Debug\Obj\VCAN_BMP.o"
#        "D:\m1899\Documents\单片机学习\Powered by
#        ZZS\2017赛季\控制程序\第一版20170202\Prj\IAR\FN15_Debug\Obj\VCAN_camera.o"
#        "D:\m1899\Documents\单片机学习\Powered by
#        ZZS\2017赛季\控制程序\第一版20170202\Prj\IAR\FN15_Debug\Obj\VCAN_computer.o"
#        "D:\m1899\Documents\单片机学习\Powered by
#        ZZS\2017赛季\控制程序\第一版20170202\Prj\IAR\FN15_Debug\Obj\vcan_img2sd.o"
#        "D:\m1899\Documents\单片机学习\Powered by
#        ZZS\2017赛季\控制程序\第一版20170202\Prj\IAR\FN15_Debug\Obj\VCAN_key.o"
#        "D:\m1899\Documents\单片机学习\Powered by
#        ZZS\2017赛季\控制程序\第一版20170202\Prj\IAR\FN15_Debug\Obj\VCAN_key_event.o"
#        "D:\m1899\Documents\单片机学习\Powered by
#        ZZS\2017赛季\控制程序\第一版20170202\Prj\IAR\FN15_Debug\Obj\VCAN_LCD.o"
#        "D:\m1899\Documents\单片机学习\Powered by
#        ZZS\2017赛季\控制程序\第一版20170202\Prj\IAR\FN15_Debug\Obj\VCAN_LCD_CH.o"
#        "D:\m1899\Documents\单片机学习\Powered by
#        ZZS\2017赛季\控制程序\第一版20170202\Prj\IAR\FN15_Debug\Obj\VCAN_LCD_ILI9325.o"
#        "D:\m1899\Documents\单片机学习\Powered by
#        ZZS\2017赛季\控制程序\第一版20170202\Prj\IAR\FN15_Debug\Obj\VCAN_LCD_ILI9341.o"
#        "D:\m1899\Documents\单片机学习\Powered by
#        ZZS\2017赛季\控制程序\第一版20170202\Prj\IAR\FN15_Debug\Obj\VCAN_LCD_ST7735R.o"
#        "D:\m1899\Documents\单片机学习\Powered by
#        ZZS\2017赛季\控制程序\第一版20170202\Prj\IAR\FN15_Debug\Obj\VCAN_LCD_ST7735S.o"
#        "D:\m1899\Documents\单片机学习\Powered by
#        ZZS\2017赛季\控制程序\第一版20170202\Prj\IAR\FN15_Debug\Obj\VCAN_LED.o"
#        "D:\m1899\Documents\单片机学习\Powered by
#        ZZS\2017赛季\控制程序\第一版20170202\Prj\IAR\FN15_Debug\Obj\VCAN_MMA7455.o"
#        "D:\m1899\Documents\单片机学习\Powered by
#        ZZS\2017赛季\控制程序\第一版20170202\Prj\IAR\FN15_Debug\Obj\VCAN_NRF24L0.o"
#        "D:\m1899\Documents\单片机学习\Powered by
#        ZZS\2017赛季\控制程序\第一版20170202\Prj\IAR\FN15_Debug\Obj\VCAN_NRF24L0_MSG.o"
#        "D:\m1899\Documents\单片机学习\Powered by
#        ZZS\2017赛季\控制程序\第一版20170202\Prj\IAR\FN15_Debug\Obj\VCAN_OV7725_Eagle.o"
#        "D:\m1899\Documents\单片机学习\Powered by
#        ZZS\2017赛季\控制程序\第一版20170202\Prj\IAR\FN15_Debug\Obj\VCAN_OV7725_Wolf.o"
#        "D:\m1899\Documents\单片机学习\Powered by
#        ZZS\2017赛季\控制程序\第一版20170202\Prj\IAR\FN15_Debug\Obj\VCAN_RTC_count.o"
#        "D:\m1899\Documents\单片机学习\Powered by
#        ZZS\2017赛季\控制程序\第一版20170202\Prj\IAR\FN15_Debug\Obj\VCAN_SCCB.o"
#        "D:\m1899\Documents\单片机学习\Powered by
#        ZZS\2017赛季\控制程序\第一版20170202\Prj\IAR\FN15_Debug\Obj\vcan_sd_app.o"
#        "D:\m1899\Documents\单片机学习\Powered by
#        ZZS\2017赛季\控制程序\第一版20170202\Prj\IAR\FN15_Debug\Obj\Vcan_touch.o"
#        "D:\m1899\Documents\单片机学习\Powered by
#        ZZS\2017赛季\控制程序\第一版20170202\Prj\IAR\FN15_Debug\Obj\VCAN_TSL1401.o"
#        "D:\m1899\Documents\单片机学习\Powered by
#        ZZS\2017赛季\控制程序\第一版20170202\Prj\IAR\FN15_Debug\Obj\VCAN_UI_VAR.o"
#        "D:\m1899\Documents\单片机学习\Powered by
#        ZZS\2017赛季\控制程序\第一版20170202\Prj\IAR\FN15_Debug\Obj\vectors.o"
#        -o "D:\m1899\Documents\单片机学习\Powered by
#        ZZS\2017赛季\控制程序\第一版20170202\Prj\IAR\FN15_Debug\Exe\vcan_Kinetis.out"
#        --map "D:\m1899\Documents\单片机学习\Powered by
#        ZZS\2017赛季\控制程序\第一版20170202\Prj\IAR\FN15_Debug\List\vcan_Kinetis.map"
#        --config "D:\m1899\Documents\单片机学习\Powered by
#        ZZS\2017赛季\控制程序\第一版20170202\Prj\IAR\config
#        files\vcan_ROM_K60N1M.icf" "D:\m1899\Documents\单片机学习\Powered by
#        ZZS\2017赛季\控制程序\第一版20170202\Prj\IAR\..\..\Lib\CMSIS\iar_cortexM4l_math.a"
#        --entry __iar_program_start --vfe
#
###############################################################################

*******************************************************************************
*** RUNTIME MODEL ATTRIBUTES
***

CppFlavor       = *
__SystemLibrary = DLib


*******************************************************************************
*** PLACEMENT SUMMARY
***

"A0":  place at 0x00008000 { ro section .intvec };
"A1":  place at 0x00008410 { ro section .noinit };
"P1":  place in [from 0x00008000 to 0x00080000] { ro, block CodeRelocate };
"P2":  place in [from 0x1fff0410 to 0x20010000] {
          rw, block CodeRelocateRam, block CSTACK, block HEAP };
initialize manually with packing = copy, complex ranges { section .data };
initialize manually with packing = copy, complex ranges { section .textrw };

  Section              Kind        Address    Size  Object
  -------              ----        -------    ----  ------
"A0":                                        0x410
  .intvec              const    0x00008000   0x410  vectors.o [1]
                              - 0x00008410   0x410

"A1":                                          0x8
  .noinit              ro code  0x00008410     0x8  startup_MK60DZ10.o [1]
                              - 0x00008418     0x8

"P1":                                       0x40f0
  .text                ro code  0x00008418   0x7a8  VCAN_LCD_ILI9325.o [1]
  .text                ro code  0x00008bc0   0x128  MK60_gpio.o [1]
  .text                ro code  0x00008ce8    0x64  MK60_SysTick.o [1]
  .text                ro code  0x00008d4c   0x114  MK60_flexbus.o [1]
  .text                ro code  0x00008e60    0x50  MK60_port.o [1]
  .text                ro code  0x00008eb0    0xe4  MK60_conf.o [1]
  .text                ro code  0x00008f94    0x70  VCAN_LED.o [1]
  .text                ro code  0x00009004   0x26c  MK60_uart.o [1]
  .text                ro code  0x00009270    0xfc  VCAN_LCD.o [1]
  .text                ro code  0x0000936c   0x1d8  VCAN_LCD_CH.o [1]
  .rodata              const    0x00009544   0x700  OLED.o [1]
  .rodata              const    0x00009c44   0x5f0  OLED.o [1]
  .text                ro code  0x0000a234   0x5d8  MK60_ftm.o [1]
  .text                ro code  0x0000a80c   0x470  OLED.o [1]
  Veneer               ro code  0x0000ac7c     0x8  - Linker created -
  .text                ro code  0x0000ac84   0x3d4  MK60_mcg.o [1]
  .text                ro code  0x0000b058   0x314  motor.o [1]
  .text                ro code  0x0000b36c    0x32  I32ToFlt.o [4]
  .rodata              const    0x0000b39e     0x2  VCAN_computer.o [1]
  .text                ro code  0x0000b3a0    0xe6  FltSub.o [4]
  .rodata              const    0x0000b486     0x2  VCAN_computer.o [1]
  .text                ro code  0x0000b488    0xd8  FltMul.o [4]
  .text                ro code  0x0000b560    0x84  FltAdd.o [4]
  .text                ro code  0x0000b5e4    0x44  FltToS32.o [4]
  .text                ro code  0x0000b628   0x2b8  MK60_adc.o [1]
  .text                ro code  0x0000b8e0   0x214  inductance.o [1]
  .text                ro code  0x0000baf4    0xfc  FltDiv.o [4]
  .text                ro code  0x0000bbf0   0x13c  system_MK60DZ10.o [1]
  .text                ro code  0x0000bd2c    0x40  MK60_wdog.o [1]
  .text                ro code  0x0000bd6c    0xa4  main.o [1]
  .text                ro code  0x0000be10    0x50  misc.o [1]
  .text                ro code  0x0000be60    0xac  Car_System.o [1]
  .text                ro code  0x0000bf0c    0x3c  MK60_lptmr.o [1]
  .text                ro code  0x0000bf48    0xc4  peripheral.o [1]
  .text                ro code  0x0000c00c    0x40  VCAN_computer.o [1]
  .data_init                    0x0000c04c    0xc0  <Block>
    Initializer bytes  const    0x0000c04c    0xc0  <for .data-1>
  .rodata              const    0x0000c10c    0x68  MK60_SysTick.o [1]
  .rodata              const    0x0000c174    0x64  MK60_adc.o [1]
  .rodata              const    0x0000c1d8    0x64  MK60_ftm.o [1]
  .rodata              const    0x0000c23c    0x64  MK60_gpio.o [1]
  .rodata              const    0x0000c2a0    0x64  MK60_uart.o [1]
  .rodata              const    0x0000c304    0x60  misc.o [1]
  CodeRelocate                  0x0000c364    0x50  <Block>
    Initializer bytes  const    0x0000c364    0x50  <for CodeRelocateRam-1>
  .text                ro code  0x0000c3b4    0x40  zero_init3.o [5]
  .rodata              const    0x0000c3f4    0x3c  MK60_conf.o [1]
  .text                ro code  0x0000c430    0x28  data_init.o [5]
  .iar.init_table      const    0x0000c458    0x10  - Linker created -
  .text                ro code  0x0000c468    0x1a  cmain.o [5]
  .text                ro code  0x0000c482     0x4  low_level_init.o [3]
  .text                ro code  0x0000c486     0x4  exit.o [3]
  .text                ro code  0x0000c48c     0xa  cexit.o [5]
  .text                ro code  0x0000c498     0xc  XXexit.o [5]
  .rodata              const    0x0000c4a4    0x14  peripheral.o [1]
  .rodata              const    0x0000c4b8    0x14  peripheral.o [1]
  .rodata              const    0x0000c4cc    0x10  peripheral.o [1]
  .rodata              const    0x0000c4dc     0xc  peripheral.o [1]
  .text                ro code  0x0000c4e8     0xc  cstartup_M.o [5]
  .rodata              const    0x0000c4f4     0x8  peripheral.o [1]
  .rodata              const    0x0000c4fc     0x4  MK60_conf.o [1]
  .rodata              const    0x0000c500     0x4  VCAN_LCD.o [1]
  .rodata              const    0x0000c504     0x4  VCAN_LCD_CH.o [1]
  .rodata              const    0x0000c508     0x0  zero_init3.o [5]
                              - 0x0000c508  0x40f0

"P2", part 1 of 2:                           0x110
  .data                         0x1fff0410    0xc0  <Block>
    .data-1                     0x1fff0410    0xbd  <Init block>
      .data            inited   0x1fff0410     0x8  MK60_adc.o [1]
      .data            inited   0x1fff0418    0x10  MK60_ftm.o [1]
      .data            inited   0x1fff0428    0x14  MK60_gpio.o [1]
      .data            inited   0x1fff043c    0x58  MK60_mcg.o [1]
      .data            inited   0x1fff0494     0x4  MK60_mcg.o [1]
      .data            inited   0x1fff0498    0x14  MK60_port.o [1]
      .data            inited   0x1fff04ac    0x18  MK60_uart.o [1]
      .data            inited   0x1fff04c4     0x4  VCAN_LED.o [1]
      .data            inited   0x1fff04c8     0x2  VCAN_LCD_ILI9325.o [1]
      .data            inited   0x1fff04ca     0x2  VCAN_LCD_ILI9325.o [1]
      .data            inited   0x1fff04cc     0x1  VCAN_LCD_ILI9325.o [1]
  CodeRelocateRam               0x1fff04d0    0x50  <Block>
    CodeRelocateRam-1           0x1fff04d0    0x50  <Init block>
      .textrw          inited   0x1fff04d0    0x50  MK60_mcg.o [1]
                              - 0x1fff0520   0x110

"P2", part 2 of 2:                            0x94
  .bss                          0x1fff0520    0x94  <Block>
    .bss               zero     0x1fff0520    0x24  data.o [1]
    .bss               zero     0x1fff0544    0x24  data.o [1]
    .bss               zero     0x1fff0568    0x28  data.o [1]
    .bss               zero     0x1fff0590     0x4  data.o [1]
    .bss               zero     0x1fff0594     0x4  data.o [1]
    .bss               zero     0x1fff0598    0x10  MK60_ftm.o [1]
    .bss               zero     0x1fff05a8     0x4  system_MK60DZ10.o [1]
    .bss               zero     0x1fff05ac     0x4  system_MK60DZ10.o [1]
    .bss               zero     0x1fff05b0     0x4  system_MK60DZ10.o [1]
                              - 0x1fff05b4    0x94


*******************************************************************************
*** INIT TABLE
***

          Address     Size
          -------     ----
Zero (__iar_zero_init3)
    1 destination range, total size 0x94:
          0x1fff0520  0x94



*******************************************************************************
*** MODULE SUMMARY
***

    Module              ro code  rw code  ro data  rw data
    ------              -------  -------  -------  -------
D:\m1899\Documents\单片机学习\Powered by ZZS\2017赛季\控制程序\第一版20170202\Prj\IAR\FN15_Debug\Obj: [1]
    Car_System.o            172
    MK60_SysTick.o          100               104
    MK60_adc.o              696               108        8
    MK60_conf.o             228                64
    MK60_flexbus.o          276
    MK60_ftm.o            1 496               116       32
    MK60_gpio.o             296               120       20
    MK60_lptmr.o             60
    MK60_mcg.o              980       80      172       92
    MK60_port.o              80                20       20
    MK60_uart.o             620               124       24
    MK60_wdog.o              64
    OLED.o                1 136             3 312
    VCAN_LCD.o              252                 4
    VCAN_LCD_CH.o           472                 4
    VCAN_LCD_ILI9325.o    1 960                 5        5
    VCAN_LED.o              112                 4        4
    VCAN_computer.o          64                 4
    data.o                                             120
    inductance.o            532
    main.o                  164
    misc.o                   80                96
    motor.o                 788
    peripheral.o            196                76
    startup_MK60DZ10.o        8
    system_MK60DZ10.o       316                         12
    vectors.o                               1 040
    ------------------------------------------------------
    Total:               11 148       80    5 373      337

command line: [2]
    ------------------------------------------------------
    Total:

dl7M_tln.a: [3]
    exit.o                    4
    low_level_init.o          4
    ------------------------------------------------------
    Total:                    8

m7M_tl.a: [4]
    FltAdd.o                132
    FltDiv.o                252
    FltMul.o                216
    FltSub.o                230
    FltToS32.o               68
    I32ToFlt.o               50
    ------------------------------------------------------
    Total:                  948

rt7M_tl.a: [5]
    XXexit.o                 12
    cexit.o                  10
    cmain.o                  26
    cstartup_M.o             12
    data_init.o              40
    zero_init3.o             64
    ------------------------------------------------------
    Total:                  164

    Gaps                      4
    Linker created            8                19
----------------------------------------------------------
    Grand Total:         12 280       80    5 392      337


*******************************************************************************
*** ENTRY LIST
***

Entry                      Address   Size  Type      Object
-----                      -------   ----  ----      ------
.bss$$Base              0x1fff0520          --   Gb  - Linker created -
.bss$$Limit             0x1fff05b4          --   Gb  - Linker created -
.data$$Base             0x1fff0410          --   Gb  - Linker created -
.data$$Limit            0x1fff04d0          --   Gb  - Linker created -
.data_init$$Base        0x0000c04c          --   Gb  - Linker created -
.data_init$$Limit       0x0000c10c          --   Gb  - Linker created -
.iar.init_table$$Base   0x0000c458          --   Gb  - Linker created -
.iar.init_table$$Limit  0x0000c468          --   Gb  - Linker created -
?main                   0x0000c469         Code  Gb  cmain.o [5]
ADCN                    0x1fff0410    0x8  Data  Gb  MK60_adc.o [1]
ADC_Init                0x0000b8e1   0x10  Code  Gb  inductance.o [1]
ADC_Weight_Init         0x0000b8f1   0x4e  Code  Gb  inductance.o [1]
ASSERT_FAILED_STR       0x0000c3f4   0x3c  Data  Gb  MK60_conf.o [1]
CodeRelocate$$Base      0x0000c364          --   Gb  - Linker created -
CodeRelocate$$Limit     0x0000c3b4          --   Gb  - Linker created -
CodeRelocateRam$$Base   0x1fff04d0          --   Gb  - Linker created -
CodeRelocateRam$$Limit  0x1fff0520          --   Gb  - Linker created -
Direction               0x1fff0590    0x4  Data  Gb  data.o [1]
Direction_Control       0x0000ba8b   0x56  Code  Gb  inductance.o [1]
F14x16                  0x00009544  0x700  Data  Gb  OLED.o [1]
F8X16                   0x00009c44  0x5f0  Data  Gb  OLED.o [1]
FTMN                    0x1fff0418   0x10  Data  Gb  MK60_ftm.o [1]
FTM_port_mux            0x0000a235  0x1ac  Code  Lc  MK60_ftm.o [1]
GPIOX                   0x1fff0428   0x14  Data  Gb  MK60_gpio.o [1]
Get_AD_Value            0x0000b93f  0x14c  Code  Gb  inductance.o [1]
Get_Motor_Speed         0x0000b337   0x24  Code  Gb  motor.o [1]
Get_Motor_Speed_Init    0x0000b327   0x10  Code  Gb  motor.o [1]
Get_System_Ready        0x0000bec1   0x12  Code  Gb  Car_System.o [1]
ILI9325_get_h           0x00008b9f    0x6  Code  Gb  VCAN_LCD_ILI9325.o [1]
ILI9325_get_w           0x00008ba5    0x6  Code  Gb  VCAN_LCD_ILI9325.o [1]
LCD_Char_CH             0x0000936d   0xbc  Code  Gb  VCAN_LCD_CH.o [1]
LCD_ILI9325_dir         0x000088cf   0xf4  Code  Gb  VCAN_LCD_ILI9325.o [1]
LCD_ILI9325_init        0x00008419  0x4b6  Code  Gb  VCAN_LCD_ILI9325.o [1]
LCD_ILI9325_ptlon       0x000089c3  0x1dc  Code  Gb  VCAN_LCD_ILI9325.o [1]
LCD_Str_ENCH            0x00009429  0x114  Code  Gb  VCAN_LCD_CH.o [1]
LCD_char                0x000092a7   0xba  Code  Gb  VCAN_LCD.o [1]
LCD_rectangle           0x00009271   0x36  Code  Gb  VCAN_LCD.o [1]
LED_PTxn                0x1fff04c4    0x4  Data  Gb  VCAN_LED.o [1]
LPTMR_IRQHandler        0x0000bed5   0x28  Code  Gb  Car_System.o [1]
Left_Speed              0x1fff0520   0x24  Data  Gb  data.o [1]
Motor_Control           0x0000b095   0x78  Code  Gb  motor.o [1]
Motor_Init              0x0000b059   0x3c  Code  Gb  motor.o [1]
Motor_PID               0x0000b17b  0x1ac  Code  Gb  motor.o [1]
Motor_PID_Init          0x0000b10d   0x6e  Code  Gb  motor.o [1]
NVIC_DisableIRQ         0x0000be75   0x14  Code  Lc  Car_System.o [1]
NVIC_EnableIRQ          0x0000be61   0x14  Code  Lc  Car_System.o [1]
OLED_CLS                0x0000a911   0x3c  Code  Gb  OLED.o [1]
OLED_DLY_ms             0x0000a94d   0x18  Code  Gb  OLED.o [1]
OLED_Fill               0x0000a8d1   0x40  Code  Gb  OLED.o [1]
OLED_Init               0x0000a965   0xf8  Code  Gb  OLED.o [1]
OLED_Interface          0x0000bfad   0x32  Code  Gb  peripheral.o [1]
OLED_P14x16Str          0x0000ab0b   0xee  Code  Gb  OLED.o [1]
OLED_P8x16Str           0x0000aa5d   0xae  Code  Gb  OLED.o [1]
OLED_Print              0x0000abf9   0x6c  Code  Gb  OLED.o [1]
OLED_Set_Pos            0x0000a8a7   0x2a  Code  Gb  OLED.o [1]
OLED_WrCmd              0x0000a85d   0x4a  Code  Gb  OLED.o [1]
OLED_WrDat              0x0000a80d   0x4e  Code  Gb  OLED.o [1]
PORTX                   0x1fff0498   0x14  Data  Gb  MK60_port.o [1]
Region$$Table$$Base     0x0000c458          --   Gb  - Linker created -
Region$$Table$$Limit    0x0000c468          --   Gb  - Linker created -
Reset_Handler           0x00008411         Code  Gb  startup_MK60DZ10.o [1]
Right_Speed             0x1fff0544   0x24  Data  Gb  data.o [1]
Road_Data               0x1fff0568   0x28  Data  Gb  data.o [1]
Send_Data               0x0000bf49   0x64  Code  Gb  peripheral.o [1]
Service                 0x1fff0594    0x4  Data  Gb  data.o [1]
System_Init             0x0000be89   0x38  Code  Gb  Car_System.o [1]
UARTN                   0x1fff04ac   0x18  Data  Gb  MK60_uart.o [1]
__BOOT_STACK_ADDRESS {Abs}
                        0x2000fff8         Data  Gb  command line/config [2]
__VECTOR_RAM {Abs}      0x1fff0000         Data  Gb  command line/config [2]
__VECTOR_TABLE {Abs}    0x00008000         Data  Gb  command line/config [2]
__aeabi_f2iz            0x0000b5e5         Code  Gb  FltToS32.o [4]
__aeabi_fadd            0x0000b561         Code  Gb  FltAdd.o [4]
__aeabi_fdiv            0x0000baf5         Code  Gb  FltDiv.o [4]
__aeabi_fmul            0x0000b489         Code  Gb  FltMul.o [4]
__aeabi_fsub            0x0000b3a1         Code  Gb  FltSub.o [4]
__aeabi_i2f             0x0000b36d         Code  Gb  I32ToFlt.o [4]
__aeabi_ui2f            0x0000b381         Code  Gb  I32ToFlt.o [4]
__cmain                 0x0000c469         Code  Gb  cmain.o [5]
__code_start__ {Abs}    0x00008410         Data  Gb  command line/config [2]
__exit                  0x0000c499         Code  Gb  XXexit.o [5]
__iar_data_init3        0x0000c431   0x28  Code  Gb  data_init.o [5]
__iar_fadd              0x0000b571         Code  Gb  FltAdd.o [4]
__iar_fsub              0x0000b3b1         Code  Gb  FltSub.o [4]
__iar_fsubStart         0x0000b3c1         Code  Gb  FltSub.o [4]
__iar_program_start     0x0000c4e9         Code  Gb  cstartup_M.o [5]
__iar_ui2f              0x0000b385         Code  Gb  I32ToFlt.o [4]
__iar_zero_init3        0x0000c3b5   0x40  Code  Gb  zero_init3.o [5]
__low_level_init        0x0000c483    0x4  Code  Gb  low_level_init.o [3]
__vector_table          0x00008000  0x410  Data  Gb  vectors.o [1]
_call_main              0x0000c475         Code  Gb  cmain.o [5]
_exit                   0x0000c48d         Code  Gb  cexit.o [5]
_main                   0x0000c47f         Code  Gb  cmain.o [5]
adc_init                0x0000b629  0x20e  Code  Gb  MK60_adc.o [1]
adc_once                0x0000b837   0x50  Code  Gb  MK60_adc.o [1]
adc_start               0x0000b887   0x44  Code  Lc  MK60_adc.o [1]
assert_failed           0x00008eb1   0x42  Code  Gb  MK60_conf.o [1]
bus_clk_khz             0x1fff05b0    0x4  Data  Gb  system_MK60DZ10.o [1]
common_startup          0x0000bc57   0x98  Code  Gb  system_MK60DZ10.o [1]
core_clk_khz            0x1fff05a8    0x4  Data  Gb  system_MK60DZ10.o [1]
core_clk_mhz            0x1fff05ac    0x4  Data  Gb  system_MK60DZ10.o [1]
default_isr             0x00008f09   0x68  Code  Gb  MK60_conf.o [1]
enter_fputc             0x00008ef5   0x14  Code  Gb  MK60_conf.o [1]
exit                    0x0000c487    0x4  Code  Gb  exit.o [3]
flexbus_8080_init       0x00008d4d  0x114  Code  Gb  MK60_flexbus.o [1]
ftm_mod                 0x1fff0598   0x10  Data  Lc  MK60_ftm.o [1]
ftm_pwm_duty            0x0000a58b  0x10e  Code  Gb  MK60_ftm.o [1]
ftm_pwm_init            0x0000a3e1  0x1aa  Code  Gb  MK60_ftm.o [1]
ftm_quad_clean          0x0000a7cb   0x28  Code  Gb  MK60_ftm.o [1]
ftm_quad_get            0x0000a79f   0x2c  Code  Gb  MK60_ftm.o [1]
ftm_quad_init           0x0000a699  0x106  Code  Gb  MK60_ftm.o [1]
gpio_get                0x00008ca7   0x3a  Code  Gb  MK60_gpio.o [1]
gpio_init               0x00008bc1   0xae  Code  Gb  MK60_gpio.o [1]
gpio_turn               0x00008c6f   0x38  Code  Gb  MK60_gpio.o [1]
hardfault_isr           0x00008f8d    0x8  Code  Gb  MK60_conf.o [1]
ili9325_dir             0x1fff04cc    0x1  Data  Gb  VCAN_LCD_ILI9325.o [1]
ili9325_h               0x1fff04c8    0x2  Data  Gb  VCAN_LCD_ILI9325.o [1]
ili9325_w               0x1fff04ca    0x2  Data  Gb  VCAN_LCD_ILI9325.o [1]
led_init                0x00008f95   0x3a  Code  Gb  VCAN_LED.o [1]
led_turn                0x00008fcf   0x32  Code  Gb  VCAN_LED.o [1]
lptmr_timing_ms         0x0000bf0d   0x2c  Code  Gb  MK60_lptmr.o [1]
main                    0x0000bd6d   0xa4  Code  Gb  main.o [1]
mcg_cfg                 0x1fff043c   0x58  Data  Gb  MK60_mcg.o [1]
mcg_div                 0x1fff0494    0x4  Data  Gb  MK60_mcg.o [1]
mcg_div_count           0x0000ac85  0x304  Code  Gb  MK60_mcg.o [1]
pll_init                0x0000af89   0xb2  Code  Gb  MK60_mcg.o [1]
port_init               0x00008e61   0x48  Code  Gb  MK60_port.o [1]
set_sys_dividers        0x1fff04d1   0x50  Code  Gb  MK60_mcg.o [1]
set_vector_handler      0x0000be33   0x22  Code  Gb  misc.o [1]
start                   0x0000bbf1   0x2a  Code  Gb  system_MK60DZ10.o [1]
sysinit                 0x0000bc1b   0x3c  Code  Gb  system_MK60DZ10.o [1]
systick_delay           0x00008ce9   0x36  Code  Gb  MK60_SysTick.o [1]
systick_delay_ms        0x00008d1f   0x18  Code  Gb  MK60_SysTick.o [1]
uart_init               0x00009005  0x214  Code  Gb  MK60_uart.o [1]
uart_putbuff            0x00009233   0x26  Code  Gb  MK60_uart.o [1]
uart_putchar            0x00009219   0x1a  Code  Gb  MK60_uart.o [1]
vcan_sendware           0x0000c00d   0x38  Code  Gb  VCAN_computer.o [1]
wdog_disable            0x0000bd2d   0x16  Code  Gb  MK60_wdog.o [1]
wdog_unlock             0x0000bd43   0x20  Code  Lc  MK60_wdog.o [1]
write_vtor              0x0000be11   0x22  Code  Gb  misc.o [1]


[1] = D:\m1899\Documents\单片机学习\Powered by ZZS\2017赛季\控制程序\第一版20170202\Prj\IAR\FN15_Debug\Obj
[2] = command line
[3] = dl7M_tln.a
[4] = m7M_tl.a
[5] = rt7M_tl.a

  12 280 bytes of readonly  code memory
      80 bytes of readwrite code memory
   5 392 bytes of readonly  data memory
     337 bytes of readwrite data memory

Errors: none
Warnings: none
