###############################################################################
#
# IAR ELF Linker V7.80.4.12462/W32 for ARM                20/Jul/2017  22:07:17
# Copyright 2007-2017 IAR Systems AB.
#
#    Output file  =  
#        D:\m1899\Documents\项目与比赛\2017NXP智能车\控制程序\第一版20170202\Prj\IAR\FN15_Debug\Exe\vcan_Kinetis.out
#    Map file     =  
#        D:\m1899\Documents\项目与比赛\2017NXP智能车\控制程序\第一版20170202\Prj\IAR\FN15_Debug\List\vcan_Kinetis.map
#    Command line =  
#        D:\m1899\Documents\项目与比赛\2017NXP智能车\控制程序\第一版20170202\Prj\IAR\FN15_Debug\Obj\Car_System.o
#        D:\m1899\Documents\项目与比赛\2017NXP智能车\控制程序\第一版20170202\Prj\IAR\FN15_Debug\Obj\data.o
#        D:\m1899\Documents\项目与比赛\2017NXP智能车\控制程序\第一版20170202\Prj\IAR\FN15_Debug\Obj\diskio.o
#        D:\m1899\Documents\项目与比赛\2017NXP智能车\控制程序\第一版20170202\Prj\IAR\FN15_Debug\Obj\ff.o
#        D:\m1899\Documents\项目与比赛\2017NXP智能车\控制程序\第一版20170202\Prj\IAR\FN15_Debug\Obj\inductance.o
#        D:\m1899\Documents\项目与比赛\2017NXP智能车\控制程序\第一版20170202\Prj\IAR\FN15_Debug\Obj\misc.o
#        D:\m1899\Documents\项目与比赛\2017NXP智能车\控制程序\第一版20170202\Prj\IAR\FN15_Debug\Obj\MK60_adc.o
#        D:\m1899\Documents\项目与比赛\2017NXP智能车\控制程序\第一版20170202\Prj\IAR\FN15_Debug\Obj\MK60_can.o
#        D:\m1899\Documents\项目与比赛\2017NXP智能车\控制程序\第一版20170202\Prj\IAR\FN15_Debug\Obj\MK60_conf.o
#        D:\m1899\Documents\项目与比赛\2017NXP智能车\控制程序\第一版20170202\Prj\IAR\FN15_Debug\Obj\MK60_dac.o
#        D:\m1899\Documents\项目与比赛\2017NXP智能车\控制程序\第一版20170202\Prj\IAR\FN15_Debug\Obj\MK60_dma.o
#        D:\m1899\Documents\项目与比赛\2017NXP智能车\控制程序\第一版20170202\Prj\IAR\FN15_Debug\Obj\MK60_DWT.o
#        D:\m1899\Documents\项目与比赛\2017NXP智能车\控制程序\第一版20170202\Prj\IAR\FN15_Debug\Obj\MK60_flexbus.o
#        D:\m1899\Documents\项目与比赛\2017NXP智能车\控制程序\第一版20170202\Prj\IAR\FN15_Debug\Obj\MK60_ftm.o
#        D:\m1899\Documents\项目与比赛\2017NXP智能车\控制程序\第一版20170202\Prj\IAR\FN15_Debug\Obj\MK60_gpio.o
#        D:\m1899\Documents\项目与比赛\2017NXP智能车\控制程序\第一版20170202\Prj\IAR\FN15_Debug\Obj\MK60_i2c.o
#        D:\m1899\Documents\项目与比赛\2017NXP智能车\控制程序\第一版20170202\Prj\IAR\FN15_Debug\Obj\MK60_it.o
#        D:\m1899\Documents\项目与比赛\2017NXP智能车\控制程序\第一版20170202\Prj\IAR\FN15_Debug\Obj\MK60_lptmr.o
#        D:\m1899\Documents\项目与比赛\2017NXP智能车\控制程序\第一版20170202\Prj\IAR\FN15_Debug\Obj\MK60_mcg.o
#        D:\m1899\Documents\项目与比赛\2017NXP智能车\控制程序\第一版20170202\Prj\IAR\FN15_Debug\Obj\MK60_PIT.o
#        D:\m1899\Documents\项目与比赛\2017NXP智能车\控制程序\第一版20170202\Prj\IAR\FN15_Debug\Obj\MK60_port.o
#        D:\m1899\Documents\项目与比赛\2017NXP智能车\控制程序\第一版20170202\Prj\IAR\FN15_Debug\Obj\MK60_rtc.o
#        D:\m1899\Documents\项目与比赛\2017NXP智能车\控制程序\第一版20170202\Prj\IAR\FN15_Debug\Obj\MK60_sdhc.o
#        D:\m1899\Documents\项目与比赛\2017NXP智能车\控制程序\第一版20170202\Prj\IAR\FN15_Debug\Obj\MK60_spi.o
#        D:\m1899\Documents\项目与比赛\2017NXP智能车\控制程序\第一版20170202\Prj\IAR\FN15_Debug\Obj\MK60_SysTick.o
#        D:\m1899\Documents\项目与比赛\2017NXP智能车\控制程序\第一版20170202\Prj\IAR\FN15_Debug\Obj\MK60_uart.o
#        D:\m1899\Documents\项目与比赛\2017NXP智能车\控制程序\第一版20170202\Prj\IAR\FN15_Debug\Obj\MK60_usb.o
#        D:\m1899\Documents\项目与比赛\2017NXP智能车\控制程序\第一版20170202\Prj\IAR\FN15_Debug\Obj\MK60_wdog.o
#        D:\m1899\Documents\项目与比赛\2017NXP智能车\控制程序\第一版20170202\Prj\IAR\FN15_Debug\Obj\motor.o
#        D:\m1899\Documents\项目与比赛\2017NXP智能车\控制程序\第一版20170202\Prj\IAR\FN15_Debug\Obj\OLED.o
#        D:\m1899\Documents\项目与比赛\2017NXP智能车\控制程序\第一版20170202\Prj\IAR\FN15_Debug\Obj\peripheral.o
#        D:\m1899\Documents\项目与比赛\2017NXP智能车\控制程序\第一版20170202\Prj\IAR\FN15_Debug\Obj\startup_MK60DZ10.o
#        D:\m1899\Documents\项目与比赛\2017NXP智能车\控制程序\第一版20170202\Prj\IAR\FN15_Debug\Obj\system_MK60DZ10.o
#        D:\m1899\Documents\项目与比赛\2017NXP智能车\控制程序\第一版20170202\Prj\IAR\FN15_Debug\Obj\USB.o
#        D:\m1899\Documents\项目与比赛\2017NXP智能车\控制程序\第一版20170202\Prj\IAR\FN15_Debug\Obj\USB_CDC.o
#        D:\m1899\Documents\项目与比赛\2017NXP智能车\控制程序\第一版20170202\Prj\IAR\FN15_Debug\Obj\VCAN_ASCII.o
#        D:\m1899\Documents\项目与比赛\2017NXP智能车\控制程序\第一版20170202\Prj\IAR\FN15_Debug\Obj\VCAN_BMP.o
#        D:\m1899\Documents\项目与比赛\2017NXP智能车\控制程序\第一版20170202\Prj\IAR\FN15_Debug\Obj\VCAN_camera.o
#        D:\m1899\Documents\项目与比赛\2017NXP智能车\控制程序\第一版20170202\Prj\IAR\FN15_Debug\Obj\VCAN_computer.o
#        D:\m1899\Documents\项目与比赛\2017NXP智能车\控制程序\第一版20170202\Prj\IAR\FN15_Debug\Obj\vcan_img2sd.o
#        D:\m1899\Documents\项目与比赛\2017NXP智能车\控制程序\第一版20170202\Prj\IAR\FN15_Debug\Obj\VCAN_key.o
#        D:\m1899\Documents\项目与比赛\2017NXP智能车\控制程序\第一版20170202\Prj\IAR\FN15_Debug\Obj\VCAN_key_event.o
#        D:\m1899\Documents\项目与比赛\2017NXP智能车\控制程序\第一版20170202\Prj\IAR\FN15_Debug\Obj\VCAN_LCD.o
#        D:\m1899\Documents\项目与比赛\2017NXP智能车\控制程序\第一版20170202\Prj\IAR\FN15_Debug\Obj\VCAN_LCD_CH.o
#        D:\m1899\Documents\项目与比赛\2017NXP智能车\控制程序\第一版20170202\Prj\IAR\FN15_Debug\Obj\VCAN_LCD_ILI9325.o
#        D:\m1899\Documents\项目与比赛\2017NXP智能车\控制程序\第一版20170202\Prj\IAR\FN15_Debug\Obj\VCAN_LCD_ILI9341.o
#        D:\m1899\Documents\项目与比赛\2017NXP智能车\控制程序\第一版20170202\Prj\IAR\FN15_Debug\Obj\VCAN_LCD_ST7735R.o
#        D:\m1899\Documents\项目与比赛\2017NXP智能车\控制程序\第一版20170202\Prj\IAR\FN15_Debug\Obj\VCAN_LCD_ST7735S.o
#        D:\m1899\Documents\项目与比赛\2017NXP智能车\控制程序\第一版20170202\Prj\IAR\FN15_Debug\Obj\VCAN_LED.o
#        D:\m1899\Documents\项目与比赛\2017NXP智能车\控制程序\第一版20170202\Prj\IAR\FN15_Debug\Obj\VCAN_MMA7455.o
#        D:\m1899\Documents\项目与比赛\2017NXP智能车\控制程序\第一版20170202\Prj\IAR\FN15_Debug\Obj\VCAN_NRF24L0.o
#        D:\m1899\Documents\项目与比赛\2017NXP智能车\控制程序\第一版20170202\Prj\IAR\FN15_Debug\Obj\VCAN_NRF24L0_MSG.o
#        D:\m1899\Documents\项目与比赛\2017NXP智能车\控制程序\第一版20170202\Prj\IAR\FN15_Debug\Obj\VCAN_OV7725_Eagle.o
#        D:\m1899\Documents\项目与比赛\2017NXP智能车\控制程序\第一版20170202\Prj\IAR\FN15_Debug\Obj\VCAN_OV7725_Wolf.o
#        D:\m1899\Documents\项目与比赛\2017NXP智能车\控制程序\第一版20170202\Prj\IAR\FN15_Debug\Obj\VCAN_RTC_count.o
#        D:\m1899\Documents\项目与比赛\2017NXP智能车\控制程序\第一版20170202\Prj\IAR\FN15_Debug\Obj\VCAN_SCCB.o
#        D:\m1899\Documents\项目与比赛\2017NXP智能车\控制程序\第一版20170202\Prj\IAR\FN15_Debug\Obj\vcan_sd_app.o
#        D:\m1899\Documents\项目与比赛\2017NXP智能车\控制程序\第一版20170202\Prj\IAR\FN15_Debug\Obj\Vcan_touch.o
#        D:\m1899\Documents\项目与比赛\2017NXP智能车\控制程序\第一版20170202\Prj\IAR\FN15_Debug\Obj\VCAN_TSL1401.o
#        D:\m1899\Documents\项目与比赛\2017NXP智能车\控制程序\第一版20170202\Prj\IAR\FN15_Debug\Obj\VCAN_UI_VAR.o
#        D:\m1899\Documents\项目与比赛\2017NXP智能车\控制程序\第一版20170202\Prj\IAR\FN15_Debug\Obj\vectors.o
#        -o
#        D:\m1899\Documents\项目与比赛\2017NXP智能车\控制程序\第一版20170202\Prj\IAR\FN15_Debug\Exe\vcan_Kinetis.out
#        --map
#        D:\m1899\Documents\项目与比赛\2017NXP智能车\控制程序\第一版20170202\Prj\IAR\FN15_Debug\List\vcan_Kinetis.map
#        --config
#        "D:\m1899\Documents\项目与比赛\2017NXP智能车\控制程序\第一版20170202\Prj\IAR\config
#        files\vcan_ROM_K60N1M.icf"
#        D:\m1899\Documents\项目与比赛\2017NXP智能车\控制程序\第一版20170202\Prj\IAR\..\..\Lib\CMSIS\iar_cortexM4l_math.a
#        --entry __iar_program_start --vfe
#
###############################################################################

*******************************************************************************
*** RUNTIME MODEL ATTRIBUTES
***

CppFlavor       = *
__SystemLibrary = DLib


*******************************************************************************
*** PLACEMENT SUMMARY
***

"A0":  place at 0x00008000 { ro section .intvec };
"A1":  place at 0x00008410 { ro section .noinit };
"P1":  place in [from 0x00008000 to 0x00080000] { ro, block CodeRelocate };
"P2":  place in [from 0x1fff0410 to 0x20010000] {
          rw, block CodeRelocateRam, block CSTACK, block HEAP };
initialize manually with packing = copy, complex ranges { section .data };
initialize manually with packing = copy, complex ranges { section .textrw };

  Section              Kind        Address    Size  Object
  -------              ----        -------    ----  ------
"A0":                                        0x410
  .intvec              const    0x00008000   0x410  vectors.o [1]
                              - 0x00008410   0x410

"A1":                                          0x8
  .noinit              ro code  0x00008410     0x8  startup_MK60DZ10.o [1]
                              - 0x00008418     0x8

"P1":                                       0x554c
  .text                ro code  0x00008418   0x8d4  peripheral.o [1]
  .text                ro code  0x00008cec   0x19c  MK60_gpio.o [1]
  .text                ro code  0x00008e88    0x40  VCAN_computer.o [1]
  .text                ro code  0x00008ec8   0x2f4  MK60_uart.o [1]
  .text                ro code  0x000091bc    0xac  VCAN_LED.o [1]
  .text                ro code  0x00009268    0x10  peripheral.o [1]
  .text                ro code  0x00009278    0x4e  FltToDbl.o [4]
  .rodata              const    0x000092c6     0x2  VCAN_computer.o [1]
  .text                ro code  0x000092c8    0xe8  DblAdd.o [4]
  .text                ro code  0x000093b0    0x90  DblToFlt.o [4]
  .text                ro code  0x00009440   0x4bc  OLED.o [1]
  .text                ro code  0x000098fc    0x64  MK60_SysTick.o [1]
  .text                ro code  0x00009960   0x3a4  motor.o [1]
  .text                ro code  0x00009d04    0x50  MK60_port.o [1]
  .text                ro code  0x00009d54   0x134  MK60_conf.o [1]
  .text                ro code  0x00009e88    0x2e  strstr.o [3]
  .rodata              const    0x00009eb6     0x2  VCAN_computer.o [1]
  .text                ro code  0x00009eb8   0x16c  DblSub.o [4]
  .text                ro code  0x0000a024   0x5d8  MK60_ftm.o [1]
  .text                ro code  0x0000a5fc   0x7a8  VCAN_LCD_ILI9325.o [1]
  .text                ro code  0x0000ada4    0xfc  VCAN_LCD.o [1]
  .text                ro code  0x0000aea0   0x1d8  VCAN_LCD_CH.o [1]
  .text                ro code  0x0000b078    0x16  strchr.o [5]
  .text                ro code  0x0000b090   0x114  MK60_flexbus.o [1]
  .rodata              const    0x0000b1a4   0x834  OLED.o [1]
  .text                ro code  0x0000b9d8   0x680  inductance.o [1]
  .text                ro code  0x0000c058   0x2b8  MK60_adc.o [1]
  .text                ro code  0x0000c310    0x2c  I32ToDbl.o [4]
  .text                ro code  0x0000c33c   0x1a2  DblMul.o [4]
  .text                ro code  0x0000c4e0    0x4c  DblToI32.o [4]
  .rodata              const    0x0000c52c   0x5f0  OLED.o [1]
  Veneer               ro code  0x0000cb1c     0x8  - Linker created -
  .text                ro code  0x0000cb24   0x3d4  MK60_mcg.o [1]
  .text                ro code  0x0000cef8   0x1a8  Car_System.o [1]
  .text                ro code  0x0000d0a0    0x3c  MK60_lptmr.o [1]
  .text                ro code  0x0000d0dc    0x50  misc.o [1]
  .text                ro code  0x0000d12c   0x144  system_MK60DZ10.o [1]
  .text                ro code  0x0000d270    0x40  MK60_wdog.o [1]
  .data_init                    0x0000d2b0    0xc0  <Block>
    Initializer bytes  const    0x0000d2b0    0xc0  <for .data-1>
  .rodata              const    0x0000d370    0x98  OLED.o [1]
  .rodata              const    0x0000d408    0x5c  MK60_gpio.o [1]
  .rodata              const    0x0000d464    0x5c  MK60_SysTick.o [1]
  .rodata              const    0x0000d4c0    0x5c  MK60_uart.o [1]
  .rodata              const    0x0000d51c    0x58  MK60_adc.o [1]
  .rodata              const    0x0000d574    0x58  MK60_ftm.o [1]
  .rodata              const    0x0000d5cc    0x54  misc.o [1]
  CodeRelocate                  0x0000d620    0x50  <Block>
    Initializer bytes  const    0x0000d620    0x50  <for CodeRelocateRam-1>
  .text                ro code  0x0000d670    0x40  zero_init3.o [5]
  .rodata              const    0x0000d6b0    0x3c  MK60_conf.o [1]
  .text                ro code  0x0000d6ec    0x28  data_init.o [5]
  .text                ro code  0x0000d714    0x22  fpinit_M.o [4]
  .iar.init_table      const    0x0000d738    0x10  - Linker created -
  .text                ro code  0x0000d748    0x1a  cmain.o [5]
  .text                ro code  0x0000d762     0x4  low_level_init.o [3]
  .text                ro code  0x0000d766     0x4  exit.o [3]
  .text                ro code  0x0000d76c     0xa  cexit.o [5]
  .text                ro code  0x0000d778     0xc  XXexit.o [5]
  .rodata              const    0x0000d784    0x18  peripheral.o [1]
  .rodata              const    0x0000d79c    0x18  peripheral.o [1]
  .rodata              const    0x0000d7b4    0x14  peripheral.o [1]
  .rodata              const    0x0000d7c8    0x10  peripheral.o [1]
  .rodata              const    0x0000d7d8    0x10  peripheral.o [1]
  .rodata              const    0x0000d7e8    0x10  peripheral.o [1]
  .rodata              const    0x0000d7f8    0x10  peripheral.o [1]
  .rodata              const    0x0000d808    0x10  peripheral.o [1]
  .rodata              const    0x0000d818    0x10  peripheral.o [1]
  .rodata              const    0x0000d828    0x10  peripheral.o [1]
  .rodata              const    0x0000d838     0xc  peripheral.o [1]
  .rodata              const    0x0000d844     0xc  peripheral.o [1]
  .rodata              const    0x0000d850     0xc  peripheral.o [1]
  .rodata              const    0x0000d85c     0xc  peripheral.o [1]
  .rodata              const    0x0000d868     0xc  peripheral.o [1]
  .rodata              const    0x0000d874     0xc  peripheral.o [1]
  .rodata              const    0x0000d880     0xc  peripheral.o [1]
  .rodata              const    0x0000d88c     0xc  peripheral.o [1]
  .rodata              const    0x0000d898     0xc  peripheral.o [1]
  .rodata              const    0x0000d8a4     0xc  peripheral.o [1]
  .rodata              const    0x0000d8b0     0xc  peripheral.o [1]
  .rodata              const    0x0000d8bc     0xc  peripheral.o [1]
  .rodata              const    0x0000d8c8     0xc  peripheral.o [1]
  .text                ro code  0x0000d8d4     0xc  cstartup_M.o [5]
  .rodata              const    0x0000d8e0     0x8  MK60_conf.o [1]
  .rodata              const    0x0000d8e8     0x8  peripheral.o [1]
  .rodata              const    0x0000d8f0     0x8  peripheral.o [1]
  .rodata              const    0x0000d8f8     0x8  peripheral.o [1]
  .rodata              const    0x0000d900     0x8  peripheral.o [1]
  .rodata              const    0x0000d908     0x8  peripheral.o [1]
  .rodata              const    0x0000d910     0x8  peripheral.o [1]
  .rodata              const    0x0000d918     0x8  peripheral.o [1]
  .rodata              const    0x0000d920     0x8  peripheral.o [1]
  .rodata              const    0x0000d928     0x8  peripheral.o [1]
  .rodata              const    0x0000d930     0x8  peripheral.o [1]
  .rodata              const    0x0000d938     0x8  peripheral.o [1]
  .rodata              const    0x0000d940     0x8  peripheral.o [1]
  .rodata              const    0x0000d948     0x8  peripheral.o [1]
  .rodata              const    0x0000d950     0x8  peripheral.o [1]
  .rodata              const    0x0000d958     0x4  MK60_conf.o [1]
  .rodata              const    0x0000d95c     0x4  VCAN_LCD.o [1]
  .rodata              const    0x0000d960     0x4  VCAN_LCD_CH.o [1]
  .rodata              const    0x0000d964     0x0  zero_init3.o [5]
                              - 0x0000d964  0x554c

"P2", part 1 of 2:                           0x110
  .data                         0x1fff0410    0xc0  <Block>
    .data-1                     0x1fff0410    0xbd  <Init block>
      .data            inited   0x1fff0410     0x8  MK60_adc.o [1]
      .data            inited   0x1fff0418    0x10  MK60_ftm.o [1]
      .data            inited   0x1fff0428    0x14  MK60_gpio.o [1]
      .data            inited   0x1fff043c    0x58  MK60_mcg.o [1]
      .data            inited   0x1fff0494     0x4  MK60_mcg.o [1]
      .data            inited   0x1fff0498    0x14  MK60_port.o [1]
      .data            inited   0x1fff04ac    0x18  MK60_uart.o [1]
      .data            inited   0x1fff04c4     0x4  VCAN_LED.o [1]
      .data            inited   0x1fff04c8     0x2  VCAN_LCD_ILI9325.o [1]
      .data            inited   0x1fff04ca     0x2  VCAN_LCD_ILI9325.o [1]
      .data            inited   0x1fff04cc     0x1  VCAN_LCD_ILI9325.o [1]
  CodeRelocateRam               0x1fff04d0    0x50  <Block>
    CodeRelocateRam-1           0x1fff04d0    0x50  <Init block>
      .textrw          inited   0x1fff04d0    0x50  MK60_mcg.o [1]
                              - 0x1fff0520   0x110

"P2", part 2 of 2:                           0x110
  .bss                          0x1fff0520   0x110  <Block>
    .bss               zero     0x1fff0520    0x28  data.o [1]
    .bss               zero     0x1fff0548    0x68  data.o [1]
    .bss               zero     0x1fff05b0    0x24  data.o [1]
    .bss               zero     0x1fff05d4    0x3c  data.o [1]
    .bss               zero     0x1fff0610    0x10  MK60_ftm.o [1]
    .bss               zero     0x1fff0620     0x4  system_MK60DZ10.o [1]
    .bss               zero     0x1fff0624     0x4  system_MK60DZ10.o [1]
    .bss               zero     0x1fff0628     0x4  system_MK60DZ10.o [1]
    .bss               zero     0x1fff062c     0x2  data.o [1]
    .bss               zero     0x1fff062e     0x1  inductance.o [1]
                              - 0x1fff0630   0x110


*******************************************************************************
*** INIT TABLE
***

          Address     Size
          -------     ----
Zero (__iar_zero_init3)
    1 destination range, total size 0x10f:
          0x1fff0520  0x10f



*******************************************************************************
*** MODULE SUMMARY
***

    Module              ro code  rw code  ro data  rw data
    ------              -------  -------  -------  -------
D:\m1899\Documents\项目与比赛\2017NXP智能车\控制程序\第一版20170202\Prj\IAR\FN15_Debug\Obj: [1]
    Car_System.o            424
    MK60_SysTick.o          100                92
    MK60_adc.o              696                96        8
    MK60_conf.o             308                72
    MK60_flexbus.o          276
    MK60_ftm.o            1 496               104       32
    MK60_gpio.o             412               112       20
    MK60_lptmr.o             60
    MK60_mcg.o              980       80      172       92
    MK60_port.o              80                20       20
    MK60_uart.o             756               116       24
    MK60_wdog.o              64
    OLED.o                1 212             3 772
    VCAN_LCD.o              252                 4
    VCAN_LCD_CH.o           472                 4
    VCAN_LCD_ILI9325.o    1 960                 5        5
    VCAN_LED.o              172                 4        4
    VCAN_computer.o          64                 4
    data.o                                             242
    inductance.o          1 664                          1
    misc.o                   80                84
    motor.o                 932
    peripheral.o          2 276               448
    startup_MK60DZ10.o        8
    system_MK60DZ10.o       324                         12
    vectors.o                               1 040
    ------------------------------------------------------
    Total:               15 068       80    6 149      460

command line: [2]
    ------------------------------------------------------
    Total:

dl7M_tln.a: [3]
    exit.o                    4
    low_level_init.o          4
    strstr.o                 46
    ------------------------------------------------------
    Total:                   54

m7M_tls.a: [4]
    DblAdd.o                232
    DblMul.o                418
    DblSub.o                364
    DblToFlt.o              144
    DblToI32.o               76
    FltToDbl.o               78
    I32ToDbl.o               44
    fpinit_M.o               34
    ------------------------------------------------------
    Total:                1 390

rt7M_tl.a: [5]
    XXexit.o                 12
    cexit.o                  10
    cmain.o                  26
    cstartup_M.o             12
    data_init.o              40
    strchr.o                 22
    zero_init3.o             64
    ------------------------------------------------------
    Total:                  186

    Gaps                      8                 2
    Linker created            8                19
----------------------------------------------------------
    Grand Total:         16 714       80    6 170      460


*******************************************************************************
*** ENTRY LIST
***

Entry                      Address   Size  Type      Object
-----                      -------   ----  ----      ------
.bss$$Base              0x1fff0520          --   Gb  - Linker created -
.bss$$Limit             0x1fff0630          --   Gb  - Linker created -
.data$$Base             0x1fff0410          --   Gb  - Linker created -
.data$$Limit            0x1fff04d0          --   Gb  - Linker created -
.data_init$$Base        0x0000d2b0          --   Gb  - Linker created -
.data_init$$Limit       0x0000d370          --   Gb  - Linker created -
.iar.init_table$$Base   0x0000d738          --   Gb  - Linker created -
.iar.init_table$$Limit  0x0000d748          --   Gb  - Linker created -
?main                   0x0000d749         Code  Gb  cmain.o [5]
ADCN                    0x1fff0410    0x8  Data  Gb  MK60_adc.o [1]
ADC_Init                0x0000b9d9   0x1c  Code  Gb  inductance.o [1]
ASSERT_FAILED_STR       0x0000d6b0   0x3c  Data  Gb  MK60_conf.o [1]
CodeRelocate$$Base      0x0000d620          --   Gb  - Linker created -
CodeRelocate$$Limit     0x0000d670          --   Gb  - Linker created -
CodeRelocateRam$$Base   0x1fff04d0          --   Gb  - Linker created -
CodeRelocateRam$$Limit  0x1fff0520          --   Gb  - Linker created -
DeBug_Interface         0x000088ad  0x1fc  Code  Gb  peripheral.o [1]
Debug_Init              0x00008aa9   0x24  Code  Gb  peripheral.o [1]
Direction               0x1fff05b0   0x24  Data  Gb  data.o [1]
Direction_Calculate     0x0000bb95  0x2ea  Code  Gb  inductance.o [1]
Direction_Control       0x0000b9f5   0x18  Code  Gb  inductance.o [1]
Direction_PID           0x0000be7f   0x7a  Code  Gb  inductance.o [1]
F14x16                  0x0000b1a4  0x834  Data  Gb  OLED.o [1]
F14x16_Idx              0x0000d370   0x98  Data  Gb  OLED.o [1]
F8X16                   0x0000c52c  0x5f0  Data  Gb  OLED.o [1]
FTMN                    0x1fff0418   0x10  Data  Gb  MK60_ftm.o [1]
FTM_port_mux            0x0000a025  0x1ac  Code  Lc  MK60_ftm.o [1]
GPIOX                   0x1fff0428   0x14  Data  Gb  MK60_gpio.o [1]
Get_AD_Value            0x0000ba0d  0x188  Code  Gb  inductance.o [1]
Get_Motor_Speed         0x00009bf1   0x48  Code  Gb  motor.o [1]
Get_Motor_Speed_Init    0x00009be1   0x10  Code  Gb  motor.o [1]
Get_System_Ready        0x0000cfe5   0x12  Code  Gb  Car_System.o [1]
ILI9325_get_h           0x0000ad83    0x6  Code  Gb  VCAN_LCD_ILI9325.o [1]
ILI9325_get_w           0x0000ad89    0x6  Code  Gb  VCAN_LCD_ILI9325.o [1]
Init_Key                0x0000870f   0x2c  Code  Gb  peripheral.o [1]
Init_System             0x0000cf21   0x44  Code  Gb  Car_System.o [1]
LCD_Char_CH             0x0000aea1   0xbc  Code  Gb  VCAN_LCD_CH.o [1]
LCD_ILI9325_dir         0x0000aab3   0xf4  Code  Gb  VCAN_LCD_ILI9325.o [1]
LCD_ILI9325_init        0x0000a5fd  0x4b6  Code  Gb  VCAN_LCD_ILI9325.o [1]
LCD_ILI9325_ptlon       0x0000aba7  0x1dc  Code  Gb  VCAN_LCD_ILI9325.o [1]
LCD_Str_ENCH            0x0000af5d  0x114  Code  Gb  VCAN_LCD_CH.o [1]
LCD_char                0x0000addb   0xba  Code  Gb  VCAN_LCD.o [1]
LCD_rectangle           0x0000ada5   0x36  Code  Gb  VCAN_LCD.o [1]
LED_Interface           0x00008bd7   0x46  Code  Gb  peripheral.o [1]
LED_PTxn                0x1fff04c4    0x4  Data  Gb  VCAN_LED.o [1]
LPTMR_IRQHandler        0x0000cff9   0x18  Code  Gb  Car_System.o [1]
Motor_Control           0x000099b5   0xa4  Code  Gb  motor.o [1]
Motor_Init              0x00009979   0x3c  Code  Gb  motor.o [1]
Motor_PID               0x00009a95  0x12e  Code  Gb  motor.o [1]
Motor_PID_Init          0x00009a59   0x3c  Code  Gb  motor.o [1]
NVIC_DisableIRQ         0x0000cf0d   0x14  Code  Lc  Car_System.o [1]
NVIC_DisableIRQ         0x0000842f   0x16  Code  Lc  peripheral.o [1]
NVIC_EnableIRQ          0x0000cef9   0x14  Code  Lc  Car_System.o [1]
NVIC_EnableIRQ          0x00008419   0x16  Code  Lc  peripheral.o [1]
OLED_CLS                0x00009545   0x3c  Code  Gb  OLED.o [1]
OLED_DLY_ms             0x00009581   0x18  Code  Gb  OLED.o [1]
OLED_Fill               0x00009505   0x40  Code  Gb  OLED.o [1]
OLED_Init               0x00009599   0xf8  Code  Gb  OLED.o [1]
OLED_Interface          0x0000873b  0x16c  Code  Gb  peripheral.o [1]
OLED_P14x16Str          0x0000973f  0x134  Code  Gb  OLED.o [1]
OLED_P8x16Str           0x00009691   0xae  Code  Gb  OLED.o [1]
OLED_Print              0x00009873   0x6c  Code  Gb  OLED.o [1]
OLED_Set_Pos            0x000094db   0x2a  Code  Gb  OLED.o [1]
OLED_WrCmd              0x00009491   0x4a  Code  Gb  OLED.o [1]
OLED_WrDat              0x00009441   0x4e  Code  Gb  OLED.o [1]
PORTX                   0x1fff0498   0x14  Data  Gb  MK60_port.o [1]
Receive_Data            0x000084a3  0x26c  Code  Gb  peripheral.o [1]
Region$$Table$$Base     0x0000d738          --   Gb  - Linker created -
Region$$Table$$Limit    0x0000d748          --   Gb  - Linker created -
Reset_Handler           0x00008411         Code  Gb  startup_MK60DZ10.o [1]
Road_Data               0x1fff0548   0x68  Data  Gb  data.o [1]
Send_Data               0x00008453   0x50  Code  Gb  peripheral.o [1]
Service                 0x1fff05d4   0x3c  Data  Gb  data.o [1]
Set_User_Information    0x0000cf65   0x80  Code  Gb  Car_System.o [1]
Speed                   0x1fff0520   0x28  Data  Gb  data.o [1]
Speed_Chack             0x00009c39   0xba  Code  Gb  motor.o [1]
Speed_Comput            0x00009bc3   0x1e  Code  Gb  motor.o [1]
Speed_Control           0x00009961   0x18  Code  Gb  motor.o [1]
Stop_Car_Init           0x00008445    0xe  Code  Gb  peripheral.o [1]
System_Error            0x00008ad5   0xe6  Code  Gb  peripheral.o [1]
TempSpeed               0x1fff062c    0x2  Data  Gb  data.o [1]
UARTN                   0x1fff04ac   0x18  Data  Gb  MK60_uart.o [1]
__BOOT_STACK_ADDRESS {Abs}
                        0x2000fff8         Data  Gb  command line/config [2]
__VECTOR_RAM {Abs}      0x1fff0000         Data  Gb  command line/config [2]
__VECTOR_TABLE {Abs}    0x00008000         Data  Gb  command line/config [2]
__aeabi_d2f             0x000093b1         Code  Gb  DblToFlt.o [4]
__aeabi_d2iz            0x0000c4e1         Code  Gb  DblToI32.o [4]
__aeabi_dadd            0x000092c9         Code  Gb  DblAdd.o [4]
__aeabi_dmul            0x0000c33d         Code  Gb  DblMul.o [4]
__aeabi_f2d             0x00009279         Code  Gb  FltToDbl.o [4]
__aeabi_i2d             0x0000c311         Code  Gb  I32ToDbl.o [4]
__cmain                 0x0000d749         Code  Gb  cmain.o [5]
__code_start__ {Abs}    0x00008410         Data  Gb  command line/config [2]
__exit                  0x0000d779         Code  Gb  XXexit.o [5]
__iar_Strchr            0x0000b079         Code  Gb  strchr.o [5]
__iar_Strstr            0x00009e89   0x2e  Code  Gb  strstr.o [3]
__iar_d2uiz             0x0000c50d         Code  Gb  DblToI32.o [4]
__iar_dadd              0x000092dd         Code  Gb  DblAdd.o [4]
__iar_data_init3        0x0000d6ed   0x28  Code  Gb  data_init.o [5]
__iar_dsub              0x00009eb9         Code  Gb  DblSub.o [4]
__iar_dsubStart         0x00009ecb         Code  Gb  DblSub.o [4]
__iar_init_vfp          0x0000d715         Code  Gb  fpinit_M.o [4]
__iar_program_start     0x0000d8d5         Code  Gb  cstartup_M.o [5]
__iar_ui2d              0x0000c325         Code  Gb  I32ToDbl.o [4]
__iar_zero_init3        0x0000d671   0x40  Code  Gb  zero_init3.o [5]
__low_level_init        0x0000d763    0x4  Code  Gb  low_level_init.o [3]
__vector_table          0x00008000  0x410  Data  Gb  vectors.o [1]
_call_main              0x0000d755         Code  Gb  cmain.o [5]
_exit                   0x0000d76d         Code  Gb  cexit.o [5]
_main                   0x0000d75f         Code  Gb  cmain.o [5]
adc_init                0x0000c059  0x20e  Code  Gb  MK60_adc.o [1]
adc_once                0x0000c267   0x50  Code  Gb  MK60_adc.o [1]
adc_start               0x0000c2b7   0x44  Code  Lc  MK60_adc.o [1]
assert_failed           0x00009d55   0x7e  Code  Gb  MK60_conf.o [1]
bus_clk_khz             0x1fff0628    0x4  Data  Gb  system_MK60DZ10.o [1]
common_startup          0x0000d19d   0x98  Code  Gb  system_MK60DZ10.o [1]
core_clk_khz            0x1fff0620    0x4  Data  Gb  system_MK60DZ10.o [1]
core_clk_mhz            0x1fff0624    0x4  Data  Gb  system_MK60DZ10.o [1]
default_isr             0x00009de9   0x70  Code  Gb  MK60_conf.o [1]
enter_fputc             0x00009dd5   0x14  Code  Gb  MK60_conf.o [1]
exit                    0x0000d767    0x4  Code  Gb  exit.o [3]
flexbus_8080_init       0x0000b091  0x114  Code  Gb  MK60_flexbus.o [1]
ftm_mod                 0x1fff0610   0x10  Data  Lc  MK60_ftm.o [1]
ftm_pwm_duty            0x0000a37b  0x10e  Code  Gb  MK60_ftm.o [1]
ftm_pwm_init            0x0000a1d1  0x1aa  Code  Gb  MK60_ftm.o [1]
ftm_quad_clean          0x0000a5bb   0x28  Code  Gb  MK60_ftm.o [1]
ftm_quad_get            0x0000a58f   0x2c  Code  Gb  MK60_ftm.o [1]
ftm_quad_init           0x0000a489  0x106  Code  Gb  MK60_ftm.o [1]
gpio_get                0x00008e45   0x3a  Code  Gb  MK60_gpio.o [1]
gpio_init               0x00008ced   0xae  Code  Gb  MK60_gpio.o [1]
gpio_set                0x00008d9b   0x72  Code  Gb  MK60_gpio.o [1]
gpio_turn               0x00008e0d   0x38  Code  Gb  MK60_gpio.o [1]
hardfault_isr           0x00009e81    0x8  Code  Gb  MK60_conf.o [1]
hasToroid               0x0000bef9  0x100  Code  Gb  inductance.o [1]
hasToroid::flag         0x1fff062e    0x1  Data  Lc  inductance.o [1]
ili9325_dir             0x1fff04cc    0x1  Data  Gb  VCAN_LCD_ILI9325.o [1]
ili9325_h               0x1fff04c8    0x2  Data  Gb  VCAN_LCD_ILI9325.o [1]
ili9325_w               0x1fff04ca    0x2  Data  Gb  VCAN_LCD_ILI9325.o [1]
init_LED                0x00008bbb   0x1c  Code  Gb  peripheral.o [1]
led                     0x000091f7   0x3c  Code  Gb  VCAN_LED.o [1]
led_init                0x000091bd   0x3a  Code  Gb  VCAN_LED.o [1]
led_turn                0x00009233   0x32  Code  Gb  VCAN_LED.o [1]
lptmr_timing_ms         0x0000d0a1   0x2c  Code  Gb  MK60_lptmr.o [1]
main                    0x0000d12d    0x2  Code  Gb  system_MK60DZ10.o [1]
mcg_cfg                 0x1fff043c   0x58  Data  Gb  MK60_mcg.o [1]
mcg_div                 0x1fff0494    0x4  Data  Gb  MK60_mcg.o [1]
mcg_div_count           0x0000cb25  0x304  Code  Gb  MK60_mcg.o [1]
pll_init                0x0000ce29   0xb2  Code  Gb  MK60_mcg.o [1]
port_init               0x00009d05   0x48  Code  Gb  MK60_port.o [1]
set_sys_dividers        0x1fff04d1   0x50  Code  Gb  MK60_mcg.o [1]
set_vector_handler      0x0000d0ff   0x22  Code  Gb  misc.o [1]
start                   0x0000d12f   0x32  Code  Gb  system_MK60DZ10.o [1]
strchr                  0x0000b079         Code  Gb  strchr.o [5]
strstr                  0x00009269   0x10  Code  Gb  peripheral.o [1]
sysinit                 0x0000d161   0x3c  Code  Gb  system_MK60DZ10.o [1]
system_RunTime_Update   0x0000d011   0x6e  Code  Gb  Car_System.o [1]
systick_delay           0x000098fd   0x36  Code  Gb  MK60_SysTick.o [1]
systick_delay_ms        0x00009933   0x18  Code  Gb  MK60_SysTick.o [1]
uart_init               0x00008ec9  0x214  Code  Gb  MK60_uart.o [1]
uart_putbuff            0x0000917d   0x26  Code  Gb  MK60_uart.o [1]
uart_putchar            0x00009163   0x1a  Code  Gb  MK60_uart.o [1]
uart_querychar          0x000090dd   0x2a  Code  Gb  MK60_uart.o [1]
uart_querystr           0x00009107   0x5c  Code  Gb  MK60_uart.o [1]
vcan_sendware           0x00008e89   0x38  Code  Gb  VCAN_computer.o [1]
wdog_disable            0x0000d271   0x16  Code  Gb  MK60_wdog.o [1]
wdog_unlock             0x0000d287   0x20  Code  Lc  MK60_wdog.o [1]
write_vtor              0x0000d0dd   0x22  Code  Gb  misc.o [1]


[1] = D:\m1899\Documents\项目与比赛\2017NXP智能车\控制程序\第一版20170202\Prj\IAR\FN15_Debug\Obj
[2] = command line
[3] = dl7M_tln.a
[4] = m7M_tls.a
[5] = rt7M_tl.a

  16 714 bytes of readonly  code memory
      80 bytes of readwrite code memory
   6 170 bytes of readonly  data memory
     460 bytes of readwrite data memory

Errors: none
Warnings: none
