###############################################################################
#
# IAR ELF Linker V7.80.4.12462/W32 for ARM                04/Mar/2017  08:00:41
# Copyright 2007-2017 IAR Systems AB.
#
#    Output file  =  
#        D:\m1899\Documents\单片机学习\Powered by
#        ZZS\2017赛季\控制程序\第一版20170202\Prj\IAR\FN15_Debug\Exe\vcan_Kinetis.out
#    Map file     =  
#        D:\m1899\Documents\单片机学习\Powered by
#        ZZS\2017赛季\控制程序\第一版20170202\Prj\IAR\FN15_Debug\List\vcan_Kinetis.map
#    Command line =  
#        "D:\m1899\Documents\单片机学习\Powered by
#        ZZS\2017赛季\控制程序\第一版20170202\Prj\IAR\FN15_Debug\Obj\Car_System.o"
#        "D:\m1899\Documents\单片机学习\Powered by
#        ZZS\2017赛季\控制程序\第一版20170202\Prj\IAR\FN15_Debug\Obj\data.o"
#        "D:\m1899\Documents\单片机学习\Powered by
#        ZZS\2017赛季\控制程序\第一版20170202\Prj\IAR\FN15_Debug\Obj\diskio.o"
#        "D:\m1899\Documents\单片机学习\Powered by
#        ZZS\2017赛季\控制程序\第一版20170202\Prj\IAR\FN15_Debug\Obj\ff.o"
#        "D:\m1899\Documents\单片机学习\Powered by
#        ZZS\2017赛季\控制程序\第一版20170202\Prj\IAR\FN15_Debug\Obj\inductance.o"
#        "D:\m1899\Documents\单片机学习\Powered by
#        ZZS\2017赛季\控制程序\第一版20170202\Prj\IAR\FN15_Debug\Obj\main.o"
#        "D:\m1899\Documents\单片机学习\Powered by
#        ZZS\2017赛季\控制程序\第一版20170202\Prj\IAR\FN15_Debug\Obj\misc.o"
#        "D:\m1899\Documents\单片机学习\Powered by
#        ZZS\2017赛季\控制程序\第一版20170202\Prj\IAR\FN15_Debug\Obj\MK60_adc.o"
#        "D:\m1899\Documents\单片机学习\Powered by
#        ZZS\2017赛季\控制程序\第一版20170202\Prj\IAR\FN15_Debug\Obj\MK60_can.o"
#        "D:\m1899\Documents\单片机学习\Powered by
#        ZZS\2017赛季\控制程序\第一版20170202\Prj\IAR\FN15_Debug\Obj\MK60_conf.o"
#        "D:\m1899\Documents\单片机学习\Powered by
#        ZZS\2017赛季\控制程序\第一版20170202\Prj\IAR\FN15_Debug\Obj\MK60_dac.o"
#        "D:\m1899\Documents\单片机学习\Powered by
#        ZZS\2017赛季\控制程序\第一版20170202\Prj\IAR\FN15_Debug\Obj\MK60_dma.o"
#        "D:\m1899\Documents\单片机学习\Powered by
#        ZZS\2017赛季\控制程序\第一版20170202\Prj\IAR\FN15_Debug\Obj\MK60_DWT.o"
#        "D:\m1899\Documents\单片机学习\Powered by
#        ZZS\2017赛季\控制程序\第一版20170202\Prj\IAR\FN15_Debug\Obj\MK60_flexbus.o"
#        "D:\m1899\Documents\单片机学习\Powered by
#        ZZS\2017赛季\控制程序\第一版20170202\Prj\IAR\FN15_Debug\Obj\MK60_ftm.o"
#        "D:\m1899\Documents\单片机学习\Powered by
#        ZZS\2017赛季\控制程序\第一版20170202\Prj\IAR\FN15_Debug\Obj\MK60_gpio.o"
#        "D:\m1899\Documents\单片机学习\Powered by
#        ZZS\2017赛季\控制程序\第一版20170202\Prj\IAR\FN15_Debug\Obj\MK60_i2c.o"
#        "D:\m1899\Documents\单片机学习\Powered by
#        ZZS\2017赛季\控制程序\第一版20170202\Prj\IAR\FN15_Debug\Obj\MK60_it.o"
#        "D:\m1899\Documents\单片机学习\Powered by
#        ZZS\2017赛季\控制程序\第一版20170202\Prj\IAR\FN15_Debug\Obj\MK60_lptmr.o"
#        "D:\m1899\Documents\单片机学习\Powered by
#        ZZS\2017赛季\控制程序\第一版20170202\Prj\IAR\FN15_Debug\Obj\MK60_mcg.o"
#        "D:\m1899\Documents\单片机学习\Powered by
#        ZZS\2017赛季\控制程序\第一版20170202\Prj\IAR\FN15_Debug\Obj\MK60_PIT.o"
#        "D:\m1899\Documents\单片机学习\Powered by
#        ZZS\2017赛季\控制程序\第一版20170202\Prj\IAR\FN15_Debug\Obj\MK60_port.o"
#        "D:\m1899\Documents\单片机学习\Powered by
#        ZZS\2017赛季\控制程序\第一版20170202\Prj\IAR\FN15_Debug\Obj\MK60_rtc.o"
#        "D:\m1899\Documents\单片机学习\Powered by
#        ZZS\2017赛季\控制程序\第一版20170202\Prj\IAR\FN15_Debug\Obj\MK60_sdhc.o"
#        "D:\m1899\Documents\单片机学习\Powered by
#        ZZS\2017赛季\控制程序\第一版20170202\Prj\IAR\FN15_Debug\Obj\MK60_spi.o"
#        "D:\m1899\Documents\单片机学习\Powered by
#        ZZS\2017赛季\控制程序\第一版20170202\Prj\IAR\FN15_Debug\Obj\MK60_SysTick.o"
#        "D:\m1899\Documents\单片机学习\Powered by
#        ZZS\2017赛季\控制程序\第一版20170202\Prj\IAR\FN15_Debug\Obj\MK60_uart.o"
#        "D:\m1899\Documents\单片机学习\Powered by
#        ZZS\2017赛季\控制程序\第一版20170202\Prj\IAR\FN15_Debug\Obj\MK60_usb.o"
#        "D:\m1899\Documents\单片机学习\Powered by
#        ZZS\2017赛季\控制程序\第一版20170202\Prj\IAR\FN15_Debug\Obj\MK60_wdog.o"
#        "D:\m1899\Documents\单片机学习\Powered by
#        ZZS\2017赛季\控制程序\第一版20170202\Prj\IAR\FN15_Debug\Obj\motor.o"
#        "D:\m1899\Documents\单片机学习\Powered by
#        ZZS\2017赛季\控制程序\第一版20170202\Prj\IAR\FN15_Debug\Obj\OLED.o"
#        "D:\m1899\Documents\单片机学习\Powered by
#        ZZS\2017赛季\控制程序\第一版20170202\Prj\IAR\FN15_Debug\Obj\peripheral.o"
#        "D:\m1899\Documents\单片机学习\Powered by
#        ZZS\2017赛季\控制程序\第一版20170202\Prj\IAR\FN15_Debug\Obj\startup_MK60DZ10.o"
#        "D:\m1899\Documents\单片机学习\Powered by
#        ZZS\2017赛季\控制程序\第一版20170202\Prj\IAR\FN15_Debug\Obj\system_MK60DZ10.o"
#        "D:\m1899\Documents\单片机学习\Powered by
#        ZZS\2017赛季\控制程序\第一版20170202\Prj\IAR\FN15_Debug\Obj\USB.o"
#        "D:\m1899\Documents\单片机学习\Powered by
#        ZZS\2017赛季\控制程序\第一版20170202\Prj\IAR\FN15_Debug\Obj\USB_CDC.o"
#        "D:\m1899\Documents\单片机学习\Powered by
#        ZZS\2017赛季\控制程序\第一版20170202\Prj\IAR\FN15_Debug\Obj\VCAN_ASCII.o"
#        "D:\m1899\Documents\单片机学习\Powered by
#        ZZS\2017赛季\控制程序\第一版20170202\Prj\IAR\FN15_Debug\Obj\VCAN_BMP.o"
#        "D:\m1899\Documents\单片机学习\Powered by
#        ZZS\2017赛季\控制程序\第一版20170202\Prj\IAR\FN15_Debug\Obj\VCAN_camera.o"
#        "D:\m1899\Documents\单片机学习\Powered by
#        ZZS\2017赛季\控制程序\第一版20170202\Prj\IAR\FN15_Debug\Obj\VCAN_computer.o"
#        "D:\m1899\Documents\单片机学习\Powered by
#        ZZS\2017赛季\控制程序\第一版20170202\Prj\IAR\FN15_Debug\Obj\vcan_img2sd.o"
#        "D:\m1899\Documents\单片机学习\Powered by
#        ZZS\2017赛季\控制程序\第一版20170202\Prj\IAR\FN15_Debug\Obj\VCAN_key.o"
#        "D:\m1899\Documents\单片机学习\Powered by
#        ZZS\2017赛季\控制程序\第一版20170202\Prj\IAR\FN15_Debug\Obj\VCAN_key_event.o"
#        "D:\m1899\Documents\单片机学习\Powered by
#        ZZS\2017赛季\控制程序\第一版20170202\Prj\IAR\FN15_Debug\Obj\VCAN_LCD.o"
#        "D:\m1899\Documents\单片机学习\Powered by
#        ZZS\2017赛季\控制程序\第一版20170202\Prj\IAR\FN15_Debug\Obj\VCAN_LCD_CH.o"
#        "D:\m1899\Documents\单片机学习\Powered by
#        ZZS\2017赛季\控制程序\第一版20170202\Prj\IAR\FN15_Debug\Obj\VCAN_LCD_ILI9325.o"
#        "D:\m1899\Documents\单片机学习\Powered by
#        ZZS\2017赛季\控制程序\第一版20170202\Prj\IAR\FN15_Debug\Obj\VCAN_LCD_ILI9341.o"
#        "D:\m1899\Documents\单片机学习\Powered by
#        ZZS\2017赛季\控制程序\第一版20170202\Prj\IAR\FN15_Debug\Obj\VCAN_LCD_ST7735R.o"
#        "D:\m1899\Documents\单片机学习\Powered by
#        ZZS\2017赛季\控制程序\第一版20170202\Prj\IAR\FN15_Debug\Obj\VCAN_LCD_ST7735S.o"
#        "D:\m1899\Documents\单片机学习\Powered by
#        ZZS\2017赛季\控制程序\第一版20170202\Prj\IAR\FN15_Debug\Obj\VCAN_LED.o"
#        "D:\m1899\Documents\单片机学习\Powered by
#        ZZS\2017赛季\控制程序\第一版20170202\Prj\IAR\FN15_Debug\Obj\VCAN_MMA7455.o"
#        "D:\m1899\Documents\单片机学习\Powered by
#        ZZS\2017赛季\控制程序\第一版20170202\Prj\IAR\FN15_Debug\Obj\VCAN_NRF24L0.o"
#        "D:\m1899\Documents\单片机学习\Powered by
#        ZZS\2017赛季\控制程序\第一版20170202\Prj\IAR\FN15_Debug\Obj\VCAN_NRF24L0_MSG.o"
#        "D:\m1899\Documents\单片机学习\Powered by
#        ZZS\2017赛季\控制程序\第一版20170202\Prj\IAR\FN15_Debug\Obj\VCAN_OV7725_Eagle.o"
#        "D:\m1899\Documents\单片机学习\Powered by
#        ZZS\2017赛季\控制程序\第一版20170202\Prj\IAR\FN15_Debug\Obj\VCAN_OV7725_Wolf.o"
#        "D:\m1899\Documents\单片机学习\Powered by
#        ZZS\2017赛季\控制程序\第一版20170202\Prj\IAR\FN15_Debug\Obj\VCAN_RTC_count.o"
#        "D:\m1899\Documents\单片机学习\Powered by
#        ZZS\2017赛季\控制程序\第一版20170202\Prj\IAR\FN15_Debug\Obj\VCAN_SCCB.o"
#        "D:\m1899\Documents\单片机学习\Powered by
#        ZZS\2017赛季\控制程序\第一版20170202\Prj\IAR\FN15_Debug\Obj\vcan_sd_app.o"
#        "D:\m1899\Documents\单片机学习\Powered by
#        ZZS\2017赛季\控制程序\第一版20170202\Prj\IAR\FN15_Debug\Obj\Vcan_touch.o"
#        "D:\m1899\Documents\单片机学习\Powered by
#        ZZS\2017赛季\控制程序\第一版20170202\Prj\IAR\FN15_Debug\Obj\VCAN_TSL1401.o"
#        "D:\m1899\Documents\单片机学习\Powered by
#        ZZS\2017赛季\控制程序\第一版20170202\Prj\IAR\FN15_Debug\Obj\VCAN_UI_VAR.o"
#        "D:\m1899\Documents\单片机学习\Powered by
#        ZZS\2017赛季\控制程序\第一版20170202\Prj\IAR\FN15_Debug\Obj\vectors.o"
#        -o "D:\m1899\Documents\单片机学习\Powered by
#        ZZS\2017赛季\控制程序\第一版20170202\Prj\IAR\FN15_Debug\Exe\vcan_Kinetis.out"
#        --map "D:\m1899\Documents\单片机学习\Powered by
#        ZZS\2017赛季\控制程序\第一版20170202\Prj\IAR\FN15_Debug\List\vcan_Kinetis.map"
#        --config "D:\m1899\Documents\单片机学习\Powered by
#        ZZS\2017赛季\控制程序\第一版20170202\Prj\IAR\config
#        files\vcan_ROM_K60N1M.icf" "D:\m1899\Documents\单片机学习\Powered by
#        ZZS\2017赛季\控制程序\第一版20170202\Prj\IAR\..\..\Lib\CMSIS\iar_cortexM4l_math.a"
#        --entry __iar_program_start --vfe
#
###############################################################################

*******************************************************************************
*** RUNTIME MODEL ATTRIBUTES
***

CppFlavor       = *
__SystemLibrary = DLib


*******************************************************************************
*** PLACEMENT SUMMARY
***

"A0":  place at 0x00008000 { ro section .intvec };
"A1":  place at 0x00008410 { ro section .noinit };
"P1":  place in [from 0x00008000 to 0x00080000] { ro, block CodeRelocate };
"P2":  place in [from 0x1fff0410 to 0x20010000] {
          rw, block CodeRelocateRam, block CSTACK, block HEAP };
initialize manually with packing = copy, complex ranges { section .data };
initialize manually with packing = copy, complex ranges { section .textrw };

  Section              Kind        Address    Size  Object
  -------              ----        -------    ----  ------
"A0":                                        0x410
  .intvec              const    0x00008000   0x410  vectors.o [1]
                              - 0x00008410   0x410

"A1":                                          0x8
  .noinit              ro code  0x00008410     0x8  startup_MK60DZ10.o [1]
                              - 0x00008418     0x8

"P1":                                       0x4524
  .text                ro code  0x00008418   0x7a8  VCAN_LCD_ILI9325.o [1]
  .text                ro code  0x00008bc0   0x128  MK60_gpio.o [1]
  .text                ro code  0x00008ce8    0x64  MK60_SysTick.o [1]
  .text                ro code  0x00008d4c   0x114  MK60_flexbus.o [1]
  .text                ro code  0x00008e60    0xb8  MK60_port.o [1]
  .text                ro code  0x00008f18    0xe4  MK60_conf.o [1]
  .text                ro code  0x00008ffc    0x70  VCAN_LED.o [1]
  .text                ro code  0x0000906c   0x268  MK60_uart.o [1]
  .text                ro code  0x000092d4    0xfc  VCAN_LCD.o [1]
  .text                ro code  0x000093d0   0x1d8  VCAN_LCD_CH.o [1]
  .rodata              const    0x000095a8   0x700  OLED.o [1]
  .rodata              const    0x00009ca8   0x5f0  OLED.o [1]
  .text                ro code  0x0000a298   0x5d8  MK60_ftm.o [1]
  .text                ro code  0x0000a870   0x49c  inductance.o [1]
  .text                ro code  0x0000ad0c   0x2b8  MK60_adc.o [1]
  .text                ro code  0x0000afc4   0x30c  peripheral.o [1]
  .text                ro code  0x0000b2d0    0x50  misc.o [1]
  .text                ro code  0x0000b320    0x9c  VCAN_key.o [1]
  .text                ro code  0x0000b3bc   0x470  OLED.o [1]
  Veneer               ro code  0x0000b82c     0x8  - Linker created -
  .text                ro code  0x0000b834   0x3d4  MK60_mcg.o [1]
  .text                ro code  0x0000bc08   0x2b4  motor.o [1]
  .text                ro code  0x0000bebc    0x2e  I32ToFlt.o [4]
  .text                ro code  0x0000beec    0xe6  FltSub.o [4]
  .text                ro code  0x0000bfd4    0xd8  FltMul.o [4]
  .text                ro code  0x0000c0ac    0x84  FltAdd.o [4]
  .text                ro code  0x0000c130    0x44  FltToS32.o [4]
  .text                ro code  0x0000c174   0x13c  system_MK60DZ10.o [1]
  .text                ro code  0x0000c2b0    0x40  MK60_wdog.o [1]
  .text                ro code  0x0000c2f0    0x20  main.o [1]
  .text                ro code  0x0000c310    0xee  Car_System.o [1]
  .text                ro code  0x0000c400    0x3c  MK60_lptmr.o [1]
  .data_init                    0x0000c43c    0xc8  <Block>
    Initializer bytes  const    0x0000c43c    0xc8  <for .data-1>
  .rodata              const    0x0000c504    0x68  MK60_SysTick.o [1]
  .rodata              const    0x0000c56c    0x64  MK60_adc.o [1]
  .rodata              const    0x0000c5d0    0x64  MK60_ftm.o [1]
  .rodata              const    0x0000c634    0x64  MK60_gpio.o [1]
  .rodata              const    0x0000c698    0x64  MK60_uart.o [1]
  .rodata              const    0x0000c6fc    0x60  misc.o [1]
  CodeRelocate                  0x0000c75c    0x50  <Block>
    Initializer bytes  const    0x0000c75c    0x50  <for CodeRelocateRam-1>
  .text                ro code  0x0000c7ac    0x40  zero_init3.o [5]
  .rodata              const    0x0000c7ec    0x3c  MK60_conf.o [1]
  .text                ro code  0x0000c828    0x28  data_init.o [5]
  .iar.init_table      const    0x0000c850    0x10  - Linker created -
  .text                ro code  0x0000c860    0x1a  cmain.o [5]
  .text                ro code  0x0000c87a     0x4  low_level_init.o [3]
  .text                ro code  0x0000c87e     0x4  exit.o [3]
  .text                ro code  0x0000c884     0xa  cexit.o [5]
  .text                ro code  0x0000c890     0xc  XXexit.o [5]
  .rodata              const    0x0000c89c    0x14  peripheral.o [1]
  .rodata              const    0x0000c8b0    0x10  peripheral.o [1]
  .rodata              const    0x0000c8c0    0x10  peripheral.o [1]
  .rodata              const    0x0000c8d0    0x10  peripheral.o [1]
  .rodata              const    0x0000c8e0    0x10  peripheral.o [1]
  .rodata              const    0x0000c8f0    0x10  peripheral.o [1]
  .rodata              const    0x0000c900     0xc  peripheral.o [1]
  .rodata              const    0x0000c90c     0xc  peripheral.o [1]
  .rodata              const    0x0000c918     0xc  peripheral.o [1]
  .text                ro code  0x0000c924     0xc  cstartup_M.o [5]
  .rodata              const    0x0000c930     0x4  MK60_conf.o [1]
  .rodata              const    0x0000c934     0x4  VCAN_LCD.o [1]
  .rodata              const    0x0000c938     0x4  VCAN_LCD_CH.o [1]
  .rodata              const    0x0000c93c     0x0  zero_init3.o [5]
                              - 0x0000c93c  0x4524

"P2", part 1 of 2:                           0x118
  .data                         0x1fff0410    0xc8  <Block>
    .data-1                     0x1fff0410    0xc5  <Init block>
      .data            inited   0x1fff0410     0x8  MK60_adc.o [1]
      .data            inited   0x1fff0418    0x10  MK60_ftm.o [1]
      .data            inited   0x1fff0428    0x14  MK60_gpio.o [1]
      .data            inited   0x1fff043c    0x58  MK60_mcg.o [1]
      .data            inited   0x1fff0494     0x4  MK60_mcg.o [1]
      .data            inited   0x1fff0498    0x14  MK60_port.o [1]
      .data            inited   0x1fff04ac    0x18  MK60_uart.o [1]
      .data            inited   0x1fff04c4     0x8  VCAN_key.o [1]
      .data            inited   0x1fff04cc     0x4  VCAN_LED.o [1]
      .data            inited   0x1fff04d0     0x2  VCAN_LCD_ILI9325.o [1]
      .data            inited   0x1fff04d2     0x2  VCAN_LCD_ILI9325.o [1]
      .data            inited   0x1fff04d4     0x1  VCAN_LCD_ILI9325.o [1]
  CodeRelocateRam               0x1fff04d8    0x50  <Block>
    CodeRelocateRam-1           0x1fff04d8    0x50  <Init block>
      .textrw          inited   0x1fff04d8    0x50  MK60_mcg.o [1]
                              - 0x1fff0528   0x118

"P2", part 2 of 2:                            0xc4
  .bss                          0x1fff0528    0xc4  <Block>
    .bss               zero     0x1fff0528    0x24  data.o [1]
    .bss               zero     0x1fff054c    0x24  data.o [1]
    .bss               zero     0x1fff0570    0x58  data.o [1]
    .bss               zero     0x1fff05c8     0x4  data.o [1]
    .bss               zero     0x1fff05cc     0x4  data.o [1]
    .bss               zero     0x1fff05d0    0x10  MK60_ftm.o [1]
    .bss               zero     0x1fff05e0     0x4  system_MK60DZ10.o [1]
    .bss               zero     0x1fff05e4     0x4  system_MK60DZ10.o [1]
    .bss               zero     0x1fff05e8     0x4  system_MK60DZ10.o [1]
                              - 0x1fff05ec    0xc4


*******************************************************************************
*** INIT TABLE
***

          Address     Size
          -------     ----
Zero (__iar_zero_init3)
    1 destination range, total size 0xc4:
          0x1fff0528  0xc4



*******************************************************************************
*** MODULE SUMMARY
***

    Module              ro code  rw code  ro data  rw data
    ------              -------  -------  -------  -------
D:\m1899\Documents\单片机学习\Powered by ZZS\2017赛季\控制程序\第一版20170202\Prj\IAR\FN15_Debug\Obj: [1]
    Car_System.o            238
    MK60_SysTick.o          100               104
    MK60_adc.o              696               108        8
    MK60_conf.o             228                64
    MK60_flexbus.o          276
    MK60_ftm.o            1 496               116       32
    MK60_gpio.o             296               120       20
    MK60_lptmr.o             60
    MK60_mcg.o              980       80      172       92
    MK60_port.o             184                20       20
    MK60_uart.o             616               124       24
    MK60_wdog.o              64
    OLED.o                1 136             3 312
    VCAN_LCD.o              252                 4
    VCAN_LCD_CH.o           472                 4
    VCAN_LCD_ILI9325.o    1 960                 5        5
    VCAN_LED.o              112                 4        4
    VCAN_key.o              156                 8        8
    data.o                                             168
    inductance.o          1 180
    main.o                   32
    misc.o                   80                96
    motor.o                 692
    peripheral.o            780               136
    startup_MK60DZ10.o        8
    system_MK60DZ10.o       316                         12
    vectors.o                               1 040
    ------------------------------------------------------
    Total:               12 410       80    5 437      393

command line: [2]
    ------------------------------------------------------
    Total:

dl7M_tln.a: [3]
    exit.o                    4
    low_level_init.o          4
    ------------------------------------------------------
    Total:                    8

m7M_tl.a: [4]
    FltAdd.o                132
    FltMul.o                216
    FltSub.o                230
    FltToS32.o               68
    I32ToFlt.o               46
    ------------------------------------------------------
    Total:                  692

rt7M_tl.a: [5]
    XXexit.o                 12
    cexit.o                  10
    cmain.o                  26
    cstartup_M.o             12
    data_init.o              40
    zero_init3.o             64
    ------------------------------------------------------
    Total:                  164

    Gaps                     10
    Linker created            8                19
----------------------------------------------------------
    Grand Total:         13 292       80    5 456      393


*******************************************************************************
*** ENTRY LIST
***

Entry                      Address   Size  Type      Object
-----                      -------   ----  ----      ------
.bss$$Base              0x1fff0528          --   Gb  - Linker created -
.bss$$Limit             0x1fff05ec          --   Gb  - Linker created -
.data$$Base             0x1fff0410          --   Gb  - Linker created -
.data$$Limit            0x1fff04d8          --   Gb  - Linker created -
.data_init$$Base        0x0000c43c          --   Gb  - Linker created -
.data_init$$Limit       0x0000c504          --   Gb  - Linker created -
.iar.init_table$$Base   0x0000c850          --   Gb  - Linker created -
.iar.init_table$$Limit  0x0000c860          --   Gb  - Linker created -
?main                   0x0000c861         Code  Gb  cmain.o [5]
ADCN                    0x1fff0410    0x8  Data  Gb  MK60_adc.o [1]
ADC_Init                0x0000a871   0x1c  Code  Gb  inductance.o [1]
ADC_Weight_Init         0x0000a99d   0xae  Code  Gb  inductance.o [1]
ASSERT_FAILED_STR       0x0000c7ec   0x3c  Data  Gb  MK60_conf.o [1]
CodeRelocate$$Base      0x0000c75c          --   Gb  - Linker created -
CodeRelocate$$Limit     0x0000c7ac          --   Gb  - Linker created -
CodeRelocateRam$$Base   0x1fff04d8          --   Gb  - Linker created -
CodeRelocateRam$$Limit  0x1fff0528          --   Gb  - Linker created -
Debug_Init              0x0000c3fd    0x2  Code  Gb  Car_System.o [1]
Direction               0x1fff05c8    0x4  Data  Gb  data.o [1]
Direction_Control       0x0000ac6d   0x90  Code  Gb  inductance.o [1]
F14x16                  0x000095a8  0x700  Data  Gb  OLED.o [1]
F8X16                   0x00009ca8  0x5f0  Data  Gb  OLED.o [1]
FTMN                    0x1fff0418   0x10  Data  Gb  MK60_ftm.o [1]
FTM_port_mux            0x0000a299  0x1ac  Code  Lc  MK60_ftm.o [1]
GPIOX                   0x1fff0428   0x14  Data  Gb  MK60_gpio.o [1]
Get_AD_Value            0x0000aa4b  0x222  Code  Gb  inductance.o [1]
Get_MaxMin_AD_Value     0x0000a88d  0x110  Code  Gb  inductance.o [1]
Get_Motor_Speed         0x0000be87   0x24  Code  Gb  motor.o [1]
Get_Motor_Speed_Init    0x0000be77   0x10  Code  Gb  motor.o [1]
Get_System_Ready        0x0000c379   0x46  Code  Gb  Car_System.o [1]
ILI9325_get_h           0x00008b9f    0x6  Code  Gb  VCAN_LCD_ILI9325.o [1]
ILI9325_get_w           0x00008ba5    0x6  Code  Gb  VCAN_LCD_ILI9325.o [1]
Init_Key                0x0000b181   0x28  Code  Gb  peripheral.o [1]
KEY_PTxn                0x1fff04c4    0x8  Data  Gb  VCAN_key.o [1]
LCD_Char_CH             0x000093d1   0xbc  Code  Gb  VCAN_LCD_CH.o [1]
LCD_ILI9325_dir         0x000088cf   0xf4  Code  Gb  VCAN_LCD_ILI9325.o [1]
LCD_ILI9325_init        0x00008419  0x4b6  Code  Gb  VCAN_LCD_ILI9325.o [1]
LCD_ILI9325_ptlon       0x000089c3  0x1dc  Code  Gb  VCAN_LCD_ILI9325.o [1]
LCD_Str_ENCH            0x0000948d  0x114  Code  Gb  VCAN_LCD_CH.o [1]
LCD_char                0x0000930b   0xba  Code  Gb  VCAN_LCD.o [1]
LCD_rectangle           0x000092d5   0x36  Code  Gb  VCAN_LCD.o [1]
LED_PTxn                0x1fff04cc    0x4  Data  Gb  VCAN_LED.o [1]
Left_Speed              0x1fff0528   0x24  Data  Gb  data.o [1]
Main_Control_Interrupt  0x0000c3c1   0x28  Code  Gb  Car_System.o [1]
Motor_Control           0x0000bc41   0x6c  Code  Gb  motor.o [1]
Motor_Init              0x0000bc09   0x38  Code  Gb  motor.o [1]
Motor_PID               0x0000bd0f  0x168  Code  Gb  motor.o [1]
Motor_PID_Init          0x0000bcad   0x62  Code  Gb  motor.o [1]
NVIC_DisableIRQ         0x0000c325   0x14  Code  Lc  Car_System.o [1]
NVIC_DisableIRQ         0x0000afd9   0x14  Code  Lc  peripheral.o [1]
NVIC_EnableIRQ          0x0000c311   0x14  Code  Lc  Car_System.o [1]
NVIC_EnableIRQ          0x0000afc5   0x14  Code  Lc  peripheral.o [1]
OLED_CLS                0x0000b4c1   0x3c  Code  Gb  OLED.o [1]
OLED_DLY_ms             0x0000b4fd   0x18  Code  Gb  OLED.o [1]
OLED_Fill               0x0000b481   0x40  Code  Gb  OLED.o [1]
OLED_Init               0x0000b515   0xf8  Code  Gb  OLED.o [1]
OLED_Interface          0x0000b1a9   0x36  Code  Gb  peripheral.o [1]
OLED_Normalization_Interface
                        0x0000b1df   0xa6  Code  Gb  peripheral.o [1]
OLED_P14x16Str          0x0000b6bb   0xee  Code  Gb  OLED.o [1]
OLED_P8x16Str           0x0000b60d   0xae  Code  Gb  OLED.o [1]
OLED_Print              0x0000b7a9   0x6c  Code  Gb  OLED.o [1]
OLED_Set_Pos            0x0000b457   0x2a  Code  Gb  OLED.o [1]
OLED_WrCmd              0x0000b40d   0x4a  Code  Gb  OLED.o [1]
OLED_WrDat              0x0000b3bd   0x4e  Code  Gb  OLED.o [1]
PORTX                   0x1fff0498   0x14  Data  Gb  MK60_port.o [1]
Region$$Table$$Base     0x0000c850          --   Gb  - Linker created -
Region$$Table$$Limit    0x0000c860          --   Gb  - Linker created -
Reset_Handler           0x00008411         Code  Gb  startup_MK60DZ10.o [1]
Right_Speed             0x1fff054c   0x24  Data  Gb  data.o [1]
Road_Data               0x1fff0570   0x58  Data  Gb  data.o [1]
Save_Inductance         0x0000b081   0xb0  Code  Gb  peripheral.o [1]
Send_Data               0x0000b04b   0x36  Code  Gb  peripheral.o [1]
Service                 0x1fff05cc    0x4  Data  Gb  data.o [1]
Stop_Car                0x0000b009   0x42  Code  Gb  peripheral.o [1]
Stop_Car_Init           0x0000afed   0x1c  Code  Gb  peripheral.o [1]
System_Init             0x0000c339   0x40  Code  Gb  Car_System.o [1]
UARTN                   0x1fff04ac   0x18  Data  Gb  MK60_uart.o [1]
__BOOT_STACK_ADDRESS {Abs}
                        0x2000fff8         Data  Gb  command line/config [2]
__VECTOR_RAM {Abs}      0x1fff0000         Data  Gb  command line/config [2]
__VECTOR_TABLE {Abs}    0x00008000         Data  Gb  command line/config [2]
__aeabi_f2iz            0x0000c131         Code  Gb  FltToS32.o [4]
__aeabi_fadd            0x0000c0ad         Code  Gb  FltAdd.o [4]
__aeabi_fmul            0x0000bfd5         Code  Gb  FltMul.o [4]
__aeabi_fsub            0x0000beed         Code  Gb  FltSub.o [4]
__aeabi_i2f             0x0000bebd         Code  Gb  I32ToFlt.o [4]
__cmain                 0x0000c861         Code  Gb  cmain.o [5]
__code_start__ {Abs}    0x00008410         Data  Gb  command line/config [2]
__exit                  0x0000c891         Code  Gb  XXexit.o [5]
__iar_data_init3        0x0000c829   0x28  Code  Gb  data_init.o [5]
__iar_fadd              0x0000c0bd         Code  Gb  FltAdd.o [4]
__iar_fsub              0x0000befd         Code  Gb  FltSub.o [4]
__iar_fsubStart         0x0000bf0d         Code  Gb  FltSub.o [4]
__iar_program_start     0x0000c925         Code  Gb  cstartup_M.o [5]
__iar_ui2f              0x0000bed1         Code  Gb  I32ToFlt.o [4]
__iar_zero_init3        0x0000c7ad   0x40  Code  Gb  zero_init3.o [5]
__low_level_init        0x0000c87b    0x4  Code  Gb  low_level_init.o [3]
__vector_table          0x00008000  0x410  Data  Gb  vectors.o [1]
_call_main              0x0000c86d         Code  Gb  cmain.o [5]
_exit                   0x0000c885         Code  Gb  cexit.o [5]
_main                   0x0000c877         Code  Gb  cmain.o [5]
adc_init                0x0000ad0d  0x20e  Code  Gb  MK60_adc.o [1]
adc_once                0x0000af1b   0x50  Code  Gb  MK60_adc.o [1]
adc_start               0x0000af6b   0x44  Code  Lc  MK60_adc.o [1]
assert_failed           0x00008f19   0x42  Code  Gb  MK60_conf.o [1]
bus_clk_khz             0x1fff05e8    0x4  Data  Gb  system_MK60DZ10.o [1]
common_startup          0x0000c1db   0x98  Code  Gb  system_MK60DZ10.o [1]
core_clk_khz            0x1fff05e0    0x4  Data  Gb  system_MK60DZ10.o [1]
core_clk_mhz            0x1fff05e4    0x4  Data  Gb  system_MK60DZ10.o [1]
default_isr             0x00008f71   0x68  Code  Gb  MK60_conf.o [1]
enter_fputc             0x00008f5d   0x14  Code  Gb  MK60_conf.o [1]
exit                    0x0000c87f    0x4  Code  Gb  exit.o [3]
flexbus_8080_init       0x00008d4d  0x114  Code  Gb  MK60_flexbus.o [1]
ftm_mod                 0x1fff05d0   0x10  Data  Lc  MK60_ftm.o [1]
ftm_pwm_duty            0x0000a5ef  0x10e  Code  Gb  MK60_ftm.o [1]
ftm_pwm_init            0x0000a445  0x1aa  Code  Gb  MK60_ftm.o [1]
ftm_quad_clean          0x0000a82f   0x28  Code  Gb  MK60_ftm.o [1]
ftm_quad_get            0x0000a803   0x2c  Code  Gb  MK60_ftm.o [1]
ftm_quad_init           0x0000a6fd  0x106  Code  Gb  MK60_ftm.o [1]
gpio_get                0x00008ca7   0x3a  Code  Gb  MK60_gpio.o [1]
gpio_init               0x00008bc1   0xae  Code  Gb  MK60_gpio.o [1]
gpio_turn               0x00008c6f   0x38  Code  Gb  MK60_gpio.o [1]
hardfault_isr           0x00008ff5    0x8  Code  Gb  MK60_conf.o [1]
ili9325_dir             0x1fff04d4    0x1  Data  Gb  VCAN_LCD_ILI9325.o [1]
ili9325_h               0x1fff04d0    0x2  Data  Gb  VCAN_LCD_ILI9325.o [1]
ili9325_w               0x1fff04d2    0x2  Data  Gb  VCAN_LCD_ILI9325.o [1]
key_check               0x0000b38d   0x2a  Code  Gb  VCAN_key.o [1]
key_get                 0x0000b373   0x1a  Code  Gb  VCAN_key.o [1]
key_init                0x0000b321   0x52  Code  Gb  VCAN_key.o [1]
led_init                0x00008ffd   0x3a  Code  Gb  VCAN_LED.o [1]
led_turn                0x00009037   0x32  Code  Gb  VCAN_LED.o [1]
load_Inductance         0x0000b131   0x50  Code  Gb  peripheral.o [1]
lptmr_timing_ms         0x0000c401   0x2c  Code  Gb  MK60_lptmr.o [1]
main                    0x0000c2f1   0x20  Code  Gb  main.o [1]
mcg_cfg                 0x1fff043c   0x58  Data  Gb  MK60_mcg.o [1]
mcg_div                 0x1fff0494    0x4  Data  Gb  MK60_mcg.o [1]
mcg_div_count           0x0000b835  0x304  Code  Gb  MK60_mcg.o [1]
pll_init                0x0000bb39   0xb2  Code  Gb  MK60_mcg.o [1]
port_init               0x00008e61   0x48  Code  Gb  MK60_port.o [1]
port_init_NoALT         0x00008ea9   0x66  Code  Gb  MK60_port.o [1]
set_sys_dividers        0x1fff04d9   0x50  Code  Gb  MK60_mcg.o [1]
set_vector_handler      0x0000b2f3   0x22  Code  Gb  misc.o [1]
start                   0x0000c175   0x2a  Code  Gb  system_MK60DZ10.o [1]
sysinit                 0x0000c19f   0x3c  Code  Gb  system_MK60DZ10.o [1]
systick_delay           0x00008ce9   0x36  Code  Gb  MK60_SysTick.o [1]
systick_delay_ms        0x00008d1f   0x18  Code  Gb  MK60_SysTick.o [1]
uart_init               0x0000906d  0x214  Code  Gb  MK60_uart.o [1]
uart_putchar            0x00009281   0x1a  Code  Gb  MK60_uart.o [1]
uart_putstr             0x0000929b   0x22  Code  Gb  MK60_uart.o [1]
wdog_disable            0x0000c2b1   0x16  Code  Gb  MK60_wdog.o [1]
wdog_unlock             0x0000c2c7   0x20  Code  Lc  MK60_wdog.o [1]
write_vtor              0x0000b2d1   0x22  Code  Gb  misc.o [1]


[1] = D:\m1899\Documents\单片机学习\Powered by ZZS\2017赛季\控制程序\第一版20170202\Prj\IAR\FN15_Debug\Obj
[2] = command line
[3] = dl7M_tln.a
[4] = m7M_tl.a
[5] = rt7M_tl.a

  13 292 bytes of readonly  code memory
      80 bytes of readwrite code memory
   5 456 bytes of readonly  data memory
     393 bytes of readwrite data memory

Errors: none
Warnings: none
