###############################################################################
#
# IAR ELF Linker V7.80.4.12462/W32 for ARM                19/Mar/2017  21:58:50
# Copyright 2007-2017 IAR Systems AB.
#
#    Output file  =  
#        D:\m1899\Documents\µ¥Æ¬»úÑ§Ï°\Powered by
#        ZZS\2017Èü¼¾\¿ØÖÆ³ÌÐò\µÚÒ»°æ20170202\Prj\IAR\FN15_Debug\Exe\vcan_Kinetis.out
#    Map file     =  
#        D:\m1899\Documents\µ¥Æ¬»úÑ§Ï°\Powered by
#        ZZS\2017Èü¼¾\¿ØÖÆ³ÌÐò\µÚÒ»°æ20170202\Prj\IAR\FN15_Debug\List\vcan_Kinetis.map
#    Command line =  
#        "D:\m1899\Documents\µ¥Æ¬»úÑ§Ï°\Powered by
#        ZZS\2017Èü¼¾\¿ØÖÆ³ÌÐò\µÚÒ»°æ20170202\Prj\IAR\FN15_Debug\Obj\Car_System.o"
#        "D:\m1899\Documents\µ¥Æ¬»úÑ§Ï°\Powered by
#        ZZS\2017Èü¼¾\¿ØÖÆ³ÌÐò\µÚÒ»°æ20170202\Prj\IAR\FN15_Debug\Obj\data.o"
#        "D:\m1899\Documents\µ¥Æ¬»úÑ§Ï°\Powered by
#        ZZS\2017Èü¼¾\¿ØÖÆ³ÌÐò\µÚÒ»°æ20170202\Prj\IAR\FN15_Debug\Obj\diskio.o"
#        "D:\m1899\Documents\µ¥Æ¬»úÑ§Ï°\Powered by
#        ZZS\2017Èü¼¾\¿ØÖÆ³ÌÐò\µÚÒ»°æ20170202\Prj\IAR\FN15_Debug\Obj\ff.o"
#        "D:\m1899\Documents\µ¥Æ¬»úÑ§Ï°\Powered by
#        ZZS\2017Èü¼¾\¿ØÖÆ³ÌÐò\µÚÒ»°æ20170202\Prj\IAR\FN15_Debug\Obj\inductance.o"
#        "D:\m1899\Documents\µ¥Æ¬»úÑ§Ï°\Powered by
#        ZZS\2017Èü¼¾\¿ØÖÆ³ÌÐò\µÚÒ»°æ20170202\Prj\IAR\FN15_Debug\Obj\main.o"
#        "D:\m1899\Documents\µ¥Æ¬»úÑ§Ï°\Powered by
#        ZZS\2017Èü¼¾\¿ØÖÆ³ÌÐò\µÚÒ»°æ20170202\Prj\IAR\FN15_Debug\Obj\misc.o"
#        "D:\m1899\Documents\µ¥Æ¬»úÑ§Ï°\Powered by
#        ZZS\2017Èü¼¾\¿ØÖÆ³ÌÐò\µÚÒ»°æ20170202\Prj\IAR\FN15_Debug\Obj\MK60_adc.o"
#        "D:\m1899\Documents\µ¥Æ¬»úÑ§Ï°\Powered by
#        ZZS\2017Èü¼¾\¿ØÖÆ³ÌÐò\µÚÒ»°æ20170202\Prj\IAR\FN15_Debug\Obj\MK60_can.o"
#        "D:\m1899\Documents\µ¥Æ¬»úÑ§Ï°\Powered by
#        ZZS\2017Èü¼¾\¿ØÖÆ³ÌÐò\µÚÒ»°æ20170202\Prj\IAR\FN15_Debug\Obj\MK60_conf.o"
#        "D:\m1899\Documents\µ¥Æ¬»úÑ§Ï°\Powered by
#        ZZS\2017Èü¼¾\¿ØÖÆ³ÌÐò\µÚÒ»°æ20170202\Prj\IAR\FN15_Debug\Obj\MK60_dac.o"
#        "D:\m1899\Documents\µ¥Æ¬»úÑ§Ï°\Powered by
#        ZZS\2017Èü¼¾\¿ØÖÆ³ÌÐò\µÚÒ»°æ20170202\Prj\IAR\FN15_Debug\Obj\MK60_dma.o"
#        "D:\m1899\Documents\µ¥Æ¬»úÑ§Ï°\Powered by
#        ZZS\2017Èü¼¾\¿ØÖÆ³ÌÐò\µÚÒ»°æ20170202\Prj\IAR\FN15_Debug\Obj\MK60_DWT.o"
#        "D:\m1899\Documents\µ¥Æ¬»úÑ§Ï°\Powered by
#        ZZS\2017Èü¼¾\¿ØÖÆ³ÌÐò\µÚÒ»°æ20170202\Prj\IAR\FN15_Debug\Obj\MK60_flexbus.o"
#        "D:\m1899\Documents\µ¥Æ¬»úÑ§Ï°\Powered by
#        ZZS\2017Èü¼¾\¿ØÖÆ³ÌÐò\µÚÒ»°æ20170202\Prj\IAR\FN15_Debug\Obj\MK60_ftm.o"
#        "D:\m1899\Documents\µ¥Æ¬»úÑ§Ï°\Powered by
#        ZZS\2017Èü¼¾\¿ØÖÆ³ÌÐò\µÚÒ»°æ20170202\Prj\IAR\FN15_Debug\Obj\MK60_gpio.o"
#        "D:\m1899\Documents\µ¥Æ¬»úÑ§Ï°\Powered by
#        ZZS\2017Èü¼¾\¿ØÖÆ³ÌÐò\µÚÒ»°æ20170202\Prj\IAR\FN15_Debug\Obj\MK60_i2c.o"
#        "D:\m1899\Documents\µ¥Æ¬»úÑ§Ï°\Powered by
#        ZZS\2017Èü¼¾\¿ØÖÆ³ÌÐò\µÚÒ»°æ20170202\Prj\IAR\FN15_Debug\Obj\MK60_it.o"
#        "D:\m1899\Documents\µ¥Æ¬»úÑ§Ï°\Powered by
#        ZZS\2017Èü¼¾\¿ØÖÆ³ÌÐò\µÚÒ»°æ20170202\Prj\IAR\FN15_Debug\Obj\MK60_lptmr.o"
#        "D:\m1899\Documents\µ¥Æ¬»úÑ§Ï°\Powered by
#        ZZS\2017Èü¼¾\¿ØÖÆ³ÌÐò\µÚÒ»°æ20170202\Prj\IAR\FN15_Debug\Obj\MK60_mcg.o"
#        "D:\m1899\Documents\µ¥Æ¬»úÑ§Ï°\Powered by
#        ZZS\2017Èü¼¾\¿ØÖÆ³ÌÐò\µÚÒ»°æ20170202\Prj\IAR\FN15_Debug\Obj\MK60_PIT.o"
#        "D:\m1899\Documents\µ¥Æ¬»úÑ§Ï°\Powered by
#        ZZS\2017Èü¼¾\¿ØÖÆ³ÌÐò\µÚÒ»°æ20170202\Prj\IAR\FN15_Debug\Obj\MK60_port.o"
#        "D:\m1899\Documents\µ¥Æ¬»úÑ§Ï°\Powered by
#        ZZS\2017Èü¼¾\¿ØÖÆ³ÌÐò\µÚÒ»°æ20170202\Prj\IAR\FN15_Debug\Obj\MK60_rtc.o"
#        "D:\m1899\Documents\µ¥Æ¬»úÑ§Ï°\Powered by
#        ZZS\2017Èü¼¾\¿ØÖÆ³ÌÐò\µÚÒ»°æ20170202\Prj\IAR\FN15_Debug\Obj\MK60_sdhc.o"
#        "D:\m1899\Documents\µ¥Æ¬»úÑ§Ï°\Powered by
#        ZZS\2017Èü¼¾\¿ØÖÆ³ÌÐò\µÚÒ»°æ20170202\Prj\IAR\FN15_Debug\Obj\MK60_spi.o"
#        "D:\m1899\Documents\µ¥Æ¬»úÑ§Ï°\Powered by
#        ZZS\2017Èü¼¾\¿ØÖÆ³ÌÐò\µÚÒ»°æ20170202\Prj\IAR\FN15_Debug\Obj\MK60_SysTick.o"
#        "D:\m1899\Documents\µ¥Æ¬»úÑ§Ï°\Powered by
#        ZZS\2017Èü¼¾\¿ØÖÆ³ÌÐò\µÚÒ»°æ20170202\Prj\IAR\FN15_Debug\Obj\MK60_uart.o"
#        "D:\m1899\Documents\µ¥Æ¬»úÑ§Ï°\Powered by
#        ZZS\2017Èü¼¾\¿ØÖÆ³ÌÐò\µÚÒ»°æ20170202\Prj\IAR\FN15_Debug\Obj\MK60_usb.o"
#        "D:\m1899\Documents\µ¥Æ¬»úÑ§Ï°\Powered by
#        ZZS\2017Èü¼¾\¿ØÖÆ³ÌÐò\µÚÒ»°æ20170202\Prj\IAR\FN15_Debug\Obj\MK60_wdog.o"
#        "D:\m1899\Documents\µ¥Æ¬»úÑ§Ï°\Powered by
#        ZZS\2017Èü¼¾\¿ØÖÆ³ÌÐò\µÚÒ»°æ20170202\Prj\IAR\FN15_Debug\Obj\motor.o"
#        "D:\m1899\Documents\µ¥Æ¬»úÑ§Ï°\Powered by
#        ZZS\2017Èü¼¾\¿ØÖÆ³ÌÐò\µÚÒ»°æ20170202\Prj\IAR\FN15_Debug\Obj\OLED.o"
#        "D:\m1899\Documents\µ¥Æ¬»úÑ§Ï°\Powered by
#        ZZS\2017Èü¼¾\¿ØÖÆ³ÌÐò\µÚÒ»°æ20170202\Prj\IAR\FN15_Debug\Obj\peripheral.o"
#        "D:\m1899\Documents\µ¥Æ¬»úÑ§Ï°\Powered by
#        ZZS\2017Èü¼¾\¿ØÖÆ³ÌÐò\µÚÒ»°æ20170202\Prj\IAR\FN15_Debug\Obj\startup_MK60DZ10.o"
#        "D:\m1899\Documents\µ¥Æ¬»úÑ§Ï°\Powered by
#        ZZS\2017Èü¼¾\¿ØÖÆ³ÌÐò\µÚÒ»°æ20170202\Prj\IAR\FN15_Debug\Obj\system_MK60DZ10.o"
#        "D:\m1899\Documents\µ¥Æ¬»úÑ§Ï°\Powered by
#        ZZS\2017Èü¼¾\¿ØÖÆ³ÌÐò\µÚÒ»°æ20170202\Prj\IAR\FN15_Debug\Obj\USB.o"
#        "D:\m1899\Documents\µ¥Æ¬»úÑ§Ï°\Powered by
#        ZZS\2017Èü¼¾\¿ØÖÆ³ÌÐò\µÚÒ»°æ20170202\Prj\IAR\FN15_Debug\Obj\USB_CDC.o"
#        "D:\m1899\Documents\µ¥Æ¬»úÑ§Ï°\Powered by
#        ZZS\2017Èü¼¾\¿ØÖÆ³ÌÐò\µÚÒ»°æ20170202\Prj\IAR\FN15_Debug\Obj\VCAN_ASCII.o"
#        "D:\m1899\Documents\µ¥Æ¬»úÑ§Ï°\Powered by
#        ZZS\2017Èü¼¾\¿ØÖÆ³ÌÐò\µÚÒ»°æ20170202\Prj\IAR\FN15_Debug\Obj\VCAN_BMP.o"
#        "D:\m1899\Documents\µ¥Æ¬»úÑ§Ï°\Powered by
#        ZZS\2017Èü¼¾\¿ØÖÆ³ÌÐò\µÚÒ»°æ20170202\Prj\IAR\FN15_Debug\Obj\VCAN_camera.o"
#        "D:\m1899\Documents\µ¥Æ¬»úÑ§Ï°\Powered by
#        ZZS\2017Èü¼¾\¿ØÖÆ³ÌÐò\µÚÒ»°æ20170202\Prj\IAR\FN15_Debug\Obj\VCAN_computer.o"
#        "D:\m1899\Documents\µ¥Æ¬»úÑ§Ï°\Powered by
#        ZZS\2017Èü¼¾\¿ØÖÆ³ÌÐò\µÚÒ»°æ20170202\Prj\IAR\FN15_Debug\Obj\vcan_img2sd.o"
#        "D:\m1899\Documents\µ¥Æ¬»úÑ§Ï°\Powered by
#        ZZS\2017Èü¼¾\¿ØÖÆ³ÌÐò\µÚÒ»°æ20170202\Prj\IAR\FN15_Debug\Obj\VCAN_key.o"
#        "D:\m1899\Documents\µ¥Æ¬»úÑ§Ï°\Powered by
#        ZZS\2017Èü¼¾\¿ØÖÆ³ÌÐò\µÚÒ»°æ20170202\Prj\IAR\FN15_Debug\Obj\VCAN_key_event.o"
#        "D:\m1899\Documents\µ¥Æ¬»úÑ§Ï°\Powered by
#        ZZS\2017Èü¼¾\¿ØÖÆ³ÌÐò\µÚÒ»°æ20170202\Prj\IAR\FN15_Debug\Obj\VCAN_LCD.o"
#        "D:\m1899\Documents\µ¥Æ¬»úÑ§Ï°\Powered by
#        ZZS\2017Èü¼¾\¿ØÖÆ³ÌÐò\µÚÒ»°æ20170202\Prj\IAR\FN15_Debug\Obj\VCAN_LCD_CH.o"
#        "D:\m1899\Documents\µ¥Æ¬»úÑ§Ï°\Powered by
#        ZZS\2017Èü¼¾\¿ØÖÆ³ÌÐò\µÚÒ»°æ20170202\Prj\IAR\FN15_Debug\Obj\VCAN_LCD_ILI9325.o"
#        "D:\m1899\Documents\µ¥Æ¬»úÑ§Ï°\Powered by
#        ZZS\2017Èü¼¾\¿ØÖÆ³ÌÐò\µÚÒ»°æ20170202\Prj\IAR\FN15_Debug\Obj\VCAN_LCD_ILI9341.o"
#        "D:\m1899\Documents\µ¥Æ¬»úÑ§Ï°\Powered by
#        ZZS\2017Èü¼¾\¿ØÖÆ³ÌÐò\µÚÒ»°æ20170202\Prj\IAR\FN15_Debug\Obj\VCAN_LCD_ST7735R.o"
#        "D:\m1899\Documents\µ¥Æ¬»úÑ§Ï°\Powered by
#        ZZS\2017Èü¼¾\¿ØÖÆ³ÌÐò\µÚÒ»°æ20170202\Prj\IAR\FN15_Debug\Obj\VCAN_LCD_ST7735S.o"
#        "D:\m1899\Documents\µ¥Æ¬»úÑ§Ï°\Powered by
#        ZZS\2017Èü¼¾\¿ØÖÆ³ÌÐò\µÚÒ»°æ20170202\Prj\IAR\FN15_Debug\Obj\VCAN_LED.o"
#        "D:\m1899\Documents\µ¥Æ¬»úÑ§Ï°\Powered by
#        ZZS\2017Èü¼¾\¿ØÖÆ³ÌÐò\µÚÒ»°æ20170202\Prj\IAR\FN15_Debug\Obj\VCAN_MMA7455.o"
#        "D:\m1899\Documents\µ¥Æ¬»úÑ§Ï°\Powered by
#        ZZS\2017Èü¼¾\¿ØÖÆ³ÌÐò\µÚÒ»°æ20170202\Prj\IAR\FN15_Debug\Obj\VCAN_NRF24L0.o"
#        "D:\m1899\Documents\µ¥Æ¬»úÑ§Ï°\Powered by
#        ZZS\2017Èü¼¾\¿ØÖÆ³ÌÐò\µÚÒ»°æ20170202\Prj\IAR\FN15_Debug\Obj\VCAN_NRF24L0_MSG.o"
#        "D:\m1899\Documents\µ¥Æ¬»úÑ§Ï°\Powered by
#        ZZS\2017Èü¼¾\¿ØÖÆ³ÌÐò\µÚÒ»°æ20170202\Prj\IAR\FN15_Debug\Obj\VCAN_OV7725_Eagle.o"
#        "D:\m1899\Documents\µ¥Æ¬»úÑ§Ï°\Powered by
#        ZZS\2017Èü¼¾\¿ØÖÆ³ÌÐò\µÚÒ»°æ20170202\Prj\IAR\FN15_Debug\Obj\VCAN_OV7725_Wolf.o"
#        "D:\m1899\Documents\µ¥Æ¬»úÑ§Ï°\Powered by
#        ZZS\2017Èü¼¾\¿ØÖÆ³ÌÐò\µÚÒ»°æ20170202\Prj\IAR\FN15_Debug\Obj\VCAN_RTC_count.o"
#        "D:\m1899\Documents\µ¥Æ¬»úÑ§Ï°\Powered by
#        ZZS\2017Èü¼¾\¿ØÖÆ³ÌÐò\µÚÒ»°æ20170202\Prj\IAR\FN15_Debug\Obj\VCAN_SCCB.o"
#        "D:\m1899\Documents\µ¥Æ¬»úÑ§Ï°\Powered by
#        ZZS\2017Èü¼¾\¿ØÖÆ³ÌÐò\µÚÒ»°æ20170202\Prj\IAR\FN15_Debug\Obj\vcan_sd_app.o"
#        "D:\m1899\Documents\µ¥Æ¬»úÑ§Ï°\Powered by
#        ZZS\2017Èü¼¾\¿ØÖÆ³ÌÐò\µÚÒ»°æ20170202\Prj\IAR\FN15_Debug\Obj\Vcan_touch.o"
#        "D:\m1899\Documents\µ¥Æ¬»úÑ§Ï°\Powered by
#        ZZS\2017Èü¼¾\¿ØÖÆ³ÌÐò\µÚÒ»°æ20170202\Prj\IAR\FN15_Debug\Obj\VCAN_TSL1401.o"
#        "D:\m1899\Documents\µ¥Æ¬»úÑ§Ï°\Powered by
#        ZZS\2017Èü¼¾\¿ØÖÆ³ÌÐò\µÚÒ»°æ20170202\Prj\IAR\FN15_Debug\Obj\VCAN_UI_VAR.o"
#        "D:\m1899\Documents\µ¥Æ¬»úÑ§Ï°\Powered by
#        ZZS\2017Èü¼¾\¿ØÖÆ³ÌÐò\µÚÒ»°æ20170202\Prj\IAR\FN15_Debug\Obj\vectors.o"
#        -o "D:\m1899\Documents\µ¥Æ¬»úÑ§Ï°\Powered by
#        ZZS\2017Èü¼¾\¿ØÖÆ³ÌÐò\µÚÒ»°æ20170202\Prj\IAR\FN15_Debug\Exe\vcan_Kinetis.out"
#        --map "D:\m1899\Documents\µ¥Æ¬»úÑ§Ï°\Powered by
#        ZZS\2017Èü¼¾\¿ØÖÆ³ÌÐò\µÚÒ»°æ20170202\Prj\IAR\FN15_Debug\List\vcan_Kinetis.map"
#        --config "D:\m1899\Documents\µ¥Æ¬»úÑ§Ï°\Powered by
#        ZZS\2017Èü¼¾\¿ØÖÆ³ÌÐò\µÚÒ»°æ20170202\Prj\IAR\config
#        files\vcan_ROM_K60N1M.icf" "D:\m1899\Documents\µ¥Æ¬»úÑ§Ï°\Powered by
#        ZZS\2017Èü¼¾\¿ØÖÆ³ÌÐò\µÚÒ»°æ20170202\Prj\IAR\..\..\Lib\CMSIS\iar_cortexM4l_math.a"
#        --entry __iar_program_start --vfe
#
###############################################################################

*******************************************************************************
*** MESSAGES
***

Error[Li006]: duplicate definitions for "F14x16"; in "D:\m1899\Documents\µ¥Æ¬»ú
          Ñ§Ï°\Powered by ZZS\2017Èü¼¾\¿ØÖÆ³ÌÐò\µÚÒ»°æ20170202\Prj\IAR\FN15_Deb
          ug\Obj\Car_System.o"
          , and "D:\m1899\Documents\µ¥Æ¬»úÑ§Ï°\Powered by ZZS\2017Èü¼¾\¿ØÖÆ³ÌÐò
          \µÚÒ»°æ20170202\Prj\IAR\FN15_Debug\Obj\inductance.o"
Error[Li006]: duplicate definitions for "F14x16_Idx"; in "D:\m1899\Documents\µ¥
          Æ¬»úÑ§Ï°\Powered by ZZS\2017Èü¼¾\¿ØÖÆ³ÌÐò\µÚÒ»°æ20170202\Prj\IAR\FN15
          _Debug\Obj\Car_System.o"
          , and "D:\m1899\Documents\µ¥Æ¬»úÑ§Ï°\Powered by ZZS\2017Èü¼¾\¿ØÖÆ³ÌÐò
          \µÚÒ»°æ20170202\Prj\IAR\FN15_Debug\Obj\inductance.o"
Error[Li006]: duplicate definitions for "F8X16"; in "D:\m1899\Documents\µ¥Æ¬»úÑ
          §Ï°\Powered by ZZS\2017Èü¼¾\¿ØÖÆ³ÌÐò\µÚÒ»°æ20170202\Prj\IAR\FN15_Debu
          g\Obj\Car_System.o"
          , and "D:\m1899\Documents\µ¥Æ¬»úÑ§Ï°\Powered by ZZS\2017Èü¼¾\¿ØÖÆ³ÌÐò
          \µÚÒ»°æ20170202\Prj\IAR\FN15_Debug\Obj\inductance.o"
Error[Li006]: duplicate definitions for "F14x16"; in "D:\m1899\Documents\µ¥Æ¬»ú
          Ñ§Ï°\Powered by ZZS\2017Èü¼¾\¿ØÖÆ³ÌÐò\µÚÒ»°æ20170202\Prj\IAR\FN15_Deb
          ug\Obj\Car_System.o"
          , and "D:\m1899\Documents\µ¥Æ¬»úÑ§Ï°\Powered by ZZS\2017Èü¼¾\¿ØÖÆ³ÌÐò
          \µÚÒ»°æ20170202\Prj\IAR\FN15_Debug\Obj\main.o"
Error[Li006]: duplicate definitions for "F14x16_Idx"; in "D:\m1899\Documents\µ¥
          Æ¬»úÑ§Ï°\Powered by ZZS\2017Èü¼¾\¿ØÖÆ³ÌÐò\µÚÒ»°æ20170202\Prj\IAR\FN15
          _Debug\Obj\Car_System.o"
          , and "D:\m1899\Documents\µ¥Æ¬»úÑ§Ï°\Powered by ZZS\2017Èü¼¾\¿ØÖÆ³ÌÐò
          \µÚÒ»°æ20170202\Prj\IAR\FN15_Debug\Obj\main.o"
Error[Li006]: duplicate definitions for "F8X16"; in "D:\m1899\Documents\µ¥Æ¬»úÑ
          §Ï°\Powered by ZZS\2017Èü¼¾\¿ØÖÆ³ÌÐò\µÚÒ»°æ20170202\Prj\IAR\FN15_Debu
          g\Obj\Car_System.o"
          , and "D:\m1899\Documents\µ¥Æ¬»úÑ§Ï°\Powered by ZZS\2017Èü¼¾\¿ØÖÆ³ÌÐò
          \µÚÒ»°æ20170202\Prj\IAR\FN15_Debug\Obj\main.o"
Error[Li006]: duplicate definitions for "F14x16"; in "D:\m1899\Documents\µ¥Æ¬»ú
          Ñ§Ï°\Powered by ZZS\2017Èü¼¾\¿ØÖÆ³ÌÐò\µÚÒ»°æ20170202\Prj\IAR\FN15_Deb
          ug\Obj\Car_System.o"
          , and "D:\m1899\Documents\µ¥Æ¬»úÑ§Ï°\Powered by ZZS\2017Èü¼¾\¿ØÖÆ³ÌÐò
          \µÚÒ»°æ20170202\Prj\IAR\FN15_Debug\Obj\motor.o"
Error[Li006]: duplicate definitions for "F14x16_Idx"; in "D:\m1899\Documents\µ¥
          Æ¬»úÑ§Ï°\Powered by ZZS\2017Èü¼¾\¿ØÖÆ³ÌÐò\µÚÒ»°æ20170202\Prj\IAR\FN15
          _Debug\Obj\Car_System.o"
          , and "D:\m1899\Documents\µ¥Æ¬»úÑ§Ï°\Powered by ZZS\2017Èü¼¾\¿ØÖÆ³ÌÐò
          \µÚÒ»°æ20170202\Prj\IAR\FN15_Debug\Obj\motor.o"
Error[Li006]: duplicate definitions for "F8X16"; in "D:\m1899\Documents\µ¥Æ¬»úÑ
          §Ï°\Powered by ZZS\2017Èü¼¾\¿ØÖÆ³ÌÐò\µÚÒ»°æ20170202\Prj\IAR\FN15_Debu
          g\Obj\Car_System.o"
          , and "D:\m1899\Documents\µ¥Æ¬»úÑ§Ï°\Powered by ZZS\2017Èü¼¾\¿ØÖÆ³ÌÐò
          \µÚÒ»°æ20170202\Prj\IAR\FN15_Debug\Obj\motor.o"
Error[Li006]: duplicate definitions for "F14x16"; in "D:\m1899\Documents\µ¥Æ¬»ú
          Ñ§Ï°\Powered by ZZS\2017Èü¼¾\¿ØÖÆ³ÌÐò\µÚÒ»°æ20170202\Prj\IAR\FN15_Deb
          ug\Obj\Car_System.o"
          , and "D:\m1899\Documents\µ¥Æ¬»úÑ§Ï°\Powered by ZZS\2017Èü¼¾\¿ØÖÆ³ÌÐò
          \µÚÒ»°æ20170202\Prj\IAR\FN15_Debug\Obj\OLED.o"
Error[Li006]: duplicate definitions for "F14x16_Idx"; in "D:\m1899\Documents\µ¥
          Æ¬»úÑ§Ï°\Powered by ZZS\2017Èü¼¾\¿ØÖÆ³ÌÐò\µÚÒ»°æ20170202\Prj\IAR\FN15
          _Debug\Obj\Car_System.o"
          , and "D:\m1899\Documents\µ¥Æ¬»úÑ§Ï°\Powered by ZZS\2017Èü¼¾\¿ØÖÆ³ÌÐò
          \µÚÒ»°æ20170202\Prj\IAR\FN15_Debug\Obj\OLED.o"
Error[Li006]: duplicate definitions for "F8X16"; in "D:\m1899\Documents\µ¥Æ¬»úÑ
          §Ï°\Powered by ZZS\2017Èü¼¾\¿ØÖÆ³ÌÐò\µÚÒ»°æ20170202\Prj\IAR\FN15_Debu
          g\Obj\Car_System.o"
          , and "D:\m1899\Documents\µ¥Æ¬»úÑ§Ï°\Powered by ZZS\2017Èü¼¾\¿ØÖÆ³ÌÐò
          \µÚÒ»°æ20170202\Prj\IAR\FN15_Debug\Obj\OLED.o"
Error[Li006]: duplicate definitions for "F14x16"; in "D:\m1899\Documents\µ¥Æ¬»ú
          Ñ§Ï°\Powered by ZZS\2017Èü¼¾\¿ØÖÆ³ÌÐò\µÚÒ»°æ20170202\Prj\IAR\FN15_Deb
          ug\Obj\Car_System.o"
          , and "D:\m1899\Documents\µ¥Æ¬»úÑ§Ï°\Powered by ZZS\2017Èü¼¾\¿ØÖÆ³ÌÐò
          \µÚÒ»°æ20170202\Prj\IAR\FN15_Debug\Obj\peripheral.o"
Error[Li006]: duplicate definitions for "F14x16_Idx"; in "D:\m1899\Documents\µ¥
          Æ¬»úÑ§Ï°\Powered by ZZS\2017Èü¼¾\¿ØÖÆ³ÌÐò\µÚÒ»°æ20170202\Prj\IAR\FN15
          _Debug\Obj\Car_System.o"
          , and "D:\m1899\Documents\µ¥Æ¬»úÑ§Ï°\Powered by ZZS\2017Èü¼¾\¿ØÖÆ³ÌÐò
          \µÚÒ»°æ20170202\Prj\IAR\FN15_Debug\Obj\peripheral.o"
Error[Li006]: duplicate definitions for "F8X16"; in "D:\m1899\Documents\µ¥Æ¬»úÑ
          §Ï°\Powered by ZZS\2017Èü¼¾\¿ØÖÆ³ÌÐò\µÚÒ»°æ20170202\Prj\IAR\FN15_Debu
          g\Obj\Car_System.o"
          , and "D:\m1899\Documents\µ¥Æ¬»úÑ§Ï°\Powered by ZZS\2017Èü¼¾\¿ØÖÆ³ÌÐò
          \µÚÒ»°æ20170202\Prj\IAR\FN15_Debug\Obj\peripheral.o"


*******************************************************************************
*** RUNTIME MODEL ATTRIBUTES
***

CppFlavor       = *
__SystemLibrary = DLib


*******************************************************************************
*** PLACEMENT SUMMARY
***

"A0":  place at 0x00008000 { ro section .intvec };
"A1":  place at 0x00008410 { ro section .noinit };
"P1":  place in [from 0x00008000 to 0x00080000] { ro, block CodeRelocate };
"P2":  place in [from 0x1fff0410 to 0x20010000] {
          rw, block CodeRelocateRam, block CSTACK, block HEAP };
initialize manually with packing = copy, complex ranges { section .data };
initialize manually with packing = copy, complex ranges { section .textrw };

  Section              Kind        Address    Size  Object
  -------              ----        -------    ----  ------
"A0":                                        0x410
  .intvec              const    0x00008000   0x410  vectors.o [1]
                              - 0x00008410   0x410

"A1":                                          0x8
  .noinit              ro code  0x00008410     0x8  startup_MK60DZ10.o [1]
                              - 0x00008418     0x8

"P1":                                       0x4a78
  .text                ro code  0x00008418   0x7a8  VCAN_LCD_ILI9325.o [1]
  .text                ro code  0x00008bc0   0x128  MK60_gpio.o [1]
  .text                ro code  0x00008ce8    0x64  MK60_SysTick.o [1]
  .text                ro code  0x00008d4c   0x114  MK60_flexbus.o [1]
  .text                ro code  0x00008e60    0x50  MK60_port.o [1]
  .text                ro code  0x00008eb0    0xe4  MK60_conf.o [1]
  .text                ro code  0x00008f94    0x70  VCAN_LED.o [1]
  .text                ro code  0x00009004   0x26c  MK60_uart.o [1]
  .text                ro code  0x00009270    0xfc  VCAN_LCD.o [1]
  .text                ro code  0x0000936c   0x1d8  VCAN_LCD_CH.o [1]
  .rodata              const    0x00009544   0x78c  OLED.o [1]
  .rodata              const    0x00009cd0   0x5f0  OLED.o [1]
  .text                ro code  0x0000a2c0   0x5d8  MK60_ftm.o [1]
  .text                ro code  0x0000a898   0x55c  OLED.o [1]
  .text                ro code  0x0000adf4   0x438  motor.o [1]
  .text                ro code  0x0000b22c    0x2e  I32ToFlt.o [4]
  .rodata              const    0x0000b25a     0x2  VCAN_computer.o [1]
  .text                ro code  0x0000b25c    0xe6  FltSub.o [4]
  .rodata              const    0x0000b342     0x2  VCAN_computer.o [1]
  .text                ro code  0x0000b344    0x4e  FltToDbl.o [4]
  .text                ro code  0x0000b394   0x1a2  DblMul.o [4]
  .text                ro code  0x0000b538    0x30  I32ToDbl.o [4]
  .text                ro code  0x0000b568    0xe8  DblAdd.o [4]
  .text                ro code  0x0000b650    0xd8  FltMul.o [4]
  .text                ro code  0x0000b728    0x84  FltAdd.o [4]
  .text                ro code  0x0000b7ac    0x4c  DblToI32.o [4]
  .text                ro code  0x0000b7f8   0x16c  DblSub.o [4]
  Veneer               ro code  0x0000b964     0x8  - Linker created -
  .text                ro code  0x0000b96c   0x3d4  MK60_mcg.o [1]
  .text                ro code  0x0000bd40   0x2b8  MK60_adc.o [1]
  .text                ro code  0x0000bff8   0x256  DblDiv.o [4]
  .text                ro code  0x0000c250   0x1f8  inductance.o [1]
  .text                ro code  0x0000c448   0x13c  system_MK60DZ10.o [1]
  .text                ro code  0x0000c584    0x40  MK60_wdog.o [1]
  .text                ro code  0x0000c5c4    0x98  main.o [1]
  .text                ro code  0x0000c65c    0x50  misc.o [1]
  .text                ro code  0x0000c6ac    0xb0  Car_System.o [1]
  .text                ro code  0x0000c75c   0x138  peripheral.o [1]
  .text                ro code  0x0000c894    0x3c  MK60_lptmr.o [1]
  .text                ro code  0x0000c8d0    0x40  VCAN_computer.o [1]
  .data_init                    0x0000c910    0xc0  <Block>
    Initializer bytes  const    0x0000c910    0xc0  <for .data-1> (used: 0x0)
  .rodata              const    0x0000c9d0    0x8c  OLED.o [1]
  .rodata              const    0x0000ca5c    0x68  MK60_SysTick.o [1]
  .rodata              const    0x0000cac4    0x64  MK60_adc.o [1]
  .rodata              const    0x0000cb28    0x64  MK60_ftm.o [1]
  .rodata              const    0x0000cb8c    0x64  MK60_gpio.o [1]
  .rodata              const    0x0000cbf0    0x64  MK60_uart.o [1]
  .rodata              const    0x0000cc54    0x60  misc.o [1]
  CodeRelocate                  0x0000ccb4    0x50  <Block>
    Initializer bytes  const    0x0000ccb4    0x50  <for CodeRelocateRam-1> (used: 0x0)
  .text                ro code  0x0000cd04    0x40  zero_init3.o [5]
  .rodata              const    0x0000cd44    0x3c  MK60_conf.o [1]
  .text                ro code  0x0000cd80    0x28  data_init.o [5]
  .iar.init_table      const    0x0000cda8    0x10  - Linker created -
  .text                ro code  0x0000cdb8    0x1a  cmain.o [5]
  .text                ro code  0x0000cdd2     0x4  low_level_init.o [3]
  .text                ro code  0x0000cdd6     0x4  exit.o [3]
  .text                ro code  0x0000cddc     0xa  cexit.o [5]
  .text                ro code  0x0000cde8     0xc  XXexit.o [5]
  .rodata              const    0x0000cdf4    0x14  peripheral.o [1]
  .rodata              const    0x0000ce08    0x14  peripheral.o [1]
  .rodata              const    0x0000ce1c    0x10  main.o [1]
  .rodata              const    0x0000ce2c    0x10  peripheral.o [1]
  .rodata              const    0x0000ce3c    0x10  peripheral.o [1]
  .rodata              const    0x0000ce4c     0xc  main.o [1]
  .rodata              const    0x0000ce58     0xc  main.o [1]
  .rodata              const    0x0000ce64     0xc  peripheral.o [1]
  .text                ro code  0x0000ce70     0xc  cstartup_M.o [5]
  .rodata              const    0x0000ce7c     0x8  main.o [1]
  .rodata              const    0x0000ce84     0x4  MK60_conf.o [1]
  .rodata              const    0x0000ce88     0x4  VCAN_LCD.o [1]
  .rodata              const    0x0000ce8c     0x4  VCAN_LCD_CH.o [1]
  .rodata              const    0x0000ce90     0x0  zero_init3.o [5]
                              - 0x0000ce90  0x4a78

"P2", part 1 of 2:                           0x110
  .data                         0x1fff0410    0xc0  <Block>
    .data-1                     0x1fff0410    0xbd  <Init block>
      .data            inited   0x1fff0410     0x8  MK60_adc.o [1]
      .data            inited   0x1fff0418    0x10  MK60_ftm.o [1]
      .data            inited   0x1fff0428    0x14  MK60_gpio.o [1]
      .data            inited   0x1fff043c    0x58  MK60_mcg.o [1]
      .data            inited   0x1fff0494     0x4  MK60_mcg.o [1]
      .data            inited   0x1fff0498    0x14  MK60_port.o [1]
      .data            inited   0x1fff04ac    0x18  MK60_uart.o [1]
      .data            inited   0x1fff04c4     0x4  VCAN_LED.o [1]
      .data            inited   0x1fff04c8     0x2  VCAN_LCD_ILI9325.o [1]
      .data            inited   0x1fff04ca     0x2  VCAN_LCD_ILI9325.o [1]
      .data            inited   0x1fff04cc     0x1  VCAN_LCD_ILI9325.o [1]
  CodeRelocateRam               0x1fff04d0    0x50  <Block>
    CodeRelocateRam-1           0x1fff04d0    0x50  <Init block>
      .textrw          inited   0x1fff04d0    0x50  MK60_mcg.o [1]
                              - 0x1fff0520   0x110

"P2", part 2 of 2:                            0xe4
  .bss                          0x1fff0520    0xe4  <Block>
    .bss               zero     0x1fff0520    0x40  data.o [1]
    .bss               zero     0x1fff0560    0x40  data.o [1]
    .bss               zero     0x1fff05a0    0x40  data.o [1]
    .bss               zero     0x1fff05e0     0x4  data.o [1]
    .bss               zero     0x1fff05e4     0x4  data.o [1]
    .bss               zero     0x1fff05e8    0x10  MK60_ftm.o [1]
    .bss               zero     0x1fff05f8     0x4  system_MK60DZ10.o [1]
    .bss               zero     0x1fff05fc     0x4  system_MK60DZ10.o [1]
    .bss               zero     0x1fff0600     0x4  system_MK60DZ10.o [1]
                              - 0x1fff0604    0xe4


*******************************************************************************
*** INIT TABLE
***

          Address     Size
          -------     ----
Zero (__iar_zero_init3)
    1 destination range, total size 0xe4:
          0x1fff0520  0xe4



*******************************************************************************
*** MODULE SUMMARY
***

    Module              ro code  rw code  ro data  rw data
    ------              -------  -------  -------  -------
D:\m1899\Documents\µ¥Æ¬»úÑ§Ï°\Powered by ZZS\2017Èü¼¾\¿ØÖÆ³ÌÐò\µÚÒ»°æ20170202\Prj\IAR\FN15_Debug\Obj: [1]
    Car_System.o            176
    MK60_SysTick.o          100               104
    MK60_adc.o              696               108        8
    MK60_conf.o             228                64
    MK60_flexbus.o          276
    MK60_ftm.o            1 496               116       32
    MK60_gpio.o             296               120       20
    MK60_lptmr.o             60
    MK60_mcg.o              980       80      172       92
    MK60_port.o              80                20       20
    MK60_uart.o             620               124       24
    MK60_wdog.o              64
    OLED.o                1 372             3 592
    VCAN_LCD.o              252                 4
    VCAN_LCD_CH.o           472                 4
    VCAN_LCD_ILI9325.o    1 960                 5        5
    VCAN_LED.o              112                 4        4
    VCAN_computer.o          64                 4
    data.o                                             200
    inductance.o            504
    main.o                  152                48
    misc.o                   80                96
    motor.o               1 080
    peripheral.o            312                84
    startup_MK60DZ10.o        8
    system_MK60DZ10.o       316                         12
    vectors.o                               1 040
    ------------------------------------------------------
    Total:               11 756       80    5 709      417

command line: [2]
    ------------------------------------------------------
    Total:

dl7M_tln.a: [3]
    exit.o                    4
    low_level_init.o          4
    ------------------------------------------------------
    Total:                    8

m7M_tl.a: [4]
    DblAdd.o                232
    DblDiv.o                598
    DblMul.o                418
    DblSub.o                364
    DblToI32.o               76
    FltAdd.o                132
    FltMul.o                216
    FltSub.o                230
    FltToDbl.o               78
    I32ToDbl.o               48
    I32ToFlt.o               46
    ------------------------------------------------------
    Total:                2 438

rt7M_tl.a: [5]
    XXexit.o                 12
    cexit.o                  10
    cmain.o                  26
    cstartup_M.o             12
    data_init.o              40
    zero_init3.o             64
    ------------------------------------------------------
    Total:                  164

    Gaps                     10
    Linker created            8                19
----------------------------------------------------------
    Grand Total:         14 384       80    5 728      417


*******************************************************************************
*** ENTRY LIST
***

Entry                      Address   Size  Type      Object
-----                      -------   ----  ----      ------
.bss$$Base              0x1fff0520          --   Gb  - Linker created -
.bss$$Limit             0x1fff0604          --   Gb  - Linker created -
.data$$Base             0x1fff0410          --   Gb  - Linker created -
.data$$Limit            0x1fff04d0          --   Gb  - Linker created -
.data_init$$Base        0x0000c910          --   Gb  - Linker created -
.data_init$$Limit       0x0000c9d0          --   Gb  - Linker created -
.iar.init_table$$Base   0x0000cda8          --   Gb  - Linker created -
.iar.init_table$$Limit  0x0000cdb8          --   Gb  - Linker created -
?main                   0x0000cdb9         Code  Gb  cmain.o [5]
ADCN                    0x1fff0410    0x8  Data  Gb  MK60_adc.o [1]
ADC_Init                0x0000c251   0x10  Code  Gb  inductance.o [1]
ADC_Weight_Init         0x0000c261   0x3e  Code  Gb  inductance.o [1]
ASSERT_FAILED_STR       0x0000cd44   0x3c  Data  Gb  MK60_conf.o [1]
CodeRelocate$$Base      0x0000ccb4          --   Gb  - Linker created -
CodeRelocate$$Limit     0x0000cd04          --   Gb  - Linker created -
CodeRelocateRam$$Base   0x1fff04d0          --   Gb  - Linker created -
CodeRelocateRam$$Limit  0x1fff0520          --   Gb  - Linker created -
Direction               0x1fff05e0    0x4  Data  Gb  data.o [1]
Direction_Control       0x0000c3dd   0x56  Code  Gb  inductance.o [1]
F14x16                  0x00009544  0x78c  Data  Gb  OLED.o [1]
F14x16_Idx              0x0000c9d0   0x8c  Data  Gb  OLED.o [1]
F8X16                   0x00009cd0  0x5f0  Data  Gb  OLED.o [1]
FTMN                    0x1fff0418   0x10  Data  Gb  MK60_ftm.o [1]
FTM_port_mux            0x0000a2c1  0x1ac  Code  Lc  MK60_ftm.o [1]
GPIOX                   0x1fff0428   0x14  Data  Gb  MK60_gpio.o [1]
Get_AD_Value            0x0000c29f  0x13e  Code  Gb  inductance.o [1]
Get_Motor_Speed         0x0000b1ef   0x28  Code  Gb  motor.o [1]
Get_Motor_Speed_Init    0x0000b1df   0x10  Code  Gb  motor.o [1]
Get_System_Ready        0x0000c711   0x12  Code  Gb  Car_System.o [1]
ILI9325_get_h           0x00008b9f    0x6  Code  Gb  VCAN_LCD_ILI9325.o [1]
ILI9325_get_w           0x00008ba5    0x6  Code  Gb  VCAN_LCD_ILI9325.o [1]
Init_Key                0x0000c7bd   0x54  Code  Gb  peripheral.o [1]
LCD_Char_CH             0x0000936d   0xbc  Code  Gb  VCAN_LCD_CH.o [1]
LCD_ILI9325_dir         0x000088cf   0xf4  Code  Gb  VCAN_LCD_ILI9325.o [1]
LCD_ILI9325_init        0x00008419  0x4b6  Code  Gb  VCAN_LCD_ILI9325.o [1]
LCD_ILI9325_ptlon       0x000089c3  0x1dc  Code  Gb  VCAN_LCD_ILI9325.o [1]
LCD_Str_ENCH            0x00009429  0x114  Code  Gb  VCAN_LCD_CH.o [1]
LCD_char                0x000092a7   0xba  Code  Gb  VCAN_LCD.o [1]
LCD_rectangle           0x00009271   0x36  Code  Gb  VCAN_LCD.o [1]
LED_PTxn                0x1fff04c4    0x4  Data  Gb  VCAN_LED.o [1]
LPTMR_IRQHandler        0x0000c725   0x28  Code  Gb  Car_System.o [1]
Left_Speed              0x1fff0520   0x40  Data  Gb  data.o [1]
Motor_Control           0x0000ae31   0x8c  Code  Gb  motor.o [1]
Motor_Init              0x0000adf5   0x3c  Code  Gb  motor.o [1]
Motor_PID               0x0000af6f  0x270  Code  Gb  motor.o [1]
Motor_PID_Init          0x0000aebd   0xb2  Code  Gb  motor.o [1]
NVIC_DisableIRQ         0x0000c6c1   0x14  Code  Lc  Car_System.o [1]
NVIC_EnableIRQ          0x0000c6ad   0x14  Code  Lc  Car_System.o [1]
OLED_CLS                0x0000a99d   0x3c  Code  Gb  OLED.o [1]
OLED_DLY_ms             0x0000a9d9   0x18  Code  Gb  OLED.o [1]
OLED_Fill               0x0000a95d   0x40  Code  Gb  OLED.o [1]
OLED_Init               0x0000a9f1   0xf8  Code  Gb  OLED.o [1]
OLED_Interface          0x0000c811   0x56  Code  Gb  peripheral.o [1]
OLED_P14x16Str          0x0000ac37  0x134  Code  Gb  OLED.o [1]
OLED_P8x16Str           0x0000ab89   0xae  Code  Gb  OLED.o [1]
OLED_Print              0x0000ad6b   0x6c  Code  Gb  OLED.o [1]
OLED_Rectangle          0x0000aae9   0xa0  Code  Gb  OLED.o [1]
OLED_Set_Pos            0x0000a933   0x2a  Code  Gb  OLED.o [1]
OLED_WrCmd              0x0000a8e9   0x4a  Code  Gb  OLED.o [1]
OLED_WrDat              0x0000a899   0x4e  Code  Gb  OLED.o [1]
PORTX                   0x1fff0498   0x14  Data  Gb  MK60_port.o [1]
Region$$Table$$Base     0x0000cda8          --   Gb  - Linker created -
Region$$Table$$Limit    0x0000cdb8          --   Gb  - Linker created -
Reset_Handler           0x00008411         Code  Gb  startup_MK60DZ10.o [1]
Right_Speed             0x1fff0560   0x40  Data  Gb  data.o [1]
Road_Data               0x1fff05a0   0x40  Data  Gb  data.o [1]
Send_Data               0x0000c75d   0x60  Code  Gb  peripheral.o [1]
Service                 0x1fff05e4    0x4  Data  Gb  data.o [1]
System_Init             0x0000c6d5   0x3c  Code  Gb  Car_System.o [1]
UARTN                   0x1fff04ac   0x18  Data  Gb  MK60_uart.o [1]
__BOOT_STACK_ADDRESS {Abs}
                        0x2000fff8         Data  Gb  command line/config [2]
__VECTOR_RAM {Abs}      0x1fff0000         Data  Gb  command line/config [2]
__VECTOR_TABLE {Abs}    0x00008000         Data  Gb  command line/config [2]
__aeabi_d2iz            0x0000b7ad         Code  Gb  DblToI32.o [4]
__aeabi_dadd            0x0000b569         Code  Gb  DblAdd.o [4]
__aeabi_ddiv            0x0000bff9         Code  Gb  DblDiv.o [4]
__aeabi_dmul            0x0000b395         Code  Gb  DblMul.o [4]
__aeabi_f2d             0x0000b345         Code  Gb  FltToDbl.o [4]
__aeabi_fadd            0x0000b729         Code  Gb  FltAdd.o [4]
__aeabi_fmul            0x0000b651         Code  Gb  FltMul.o [4]
__aeabi_fsub            0x0000b25d         Code  Gb  FltSub.o [4]
__aeabi_i2d             0x0000b539         Code  Gb  I32ToDbl.o [4]
__aeabi_i2f             0x0000b22d         Code  Gb  I32ToFlt.o [4]
__aeabi_ui2d            0x0000b54d         Code  Gb  I32ToDbl.o [4]
__cmain                 0x0000cdb9         Code  Gb  cmain.o [5]
__code_start__ {Abs}    0x00008410         Data  Gb  command line/config [2]
__exit                  0x0000cde9         Code  Gb  XXexit.o [5]
__iar_d2uiz             0x0000b7d9         Code  Gb  DblToI32.o [4]
__iar_dadd              0x0000b57d         Code  Gb  DblAdd.o [4]
__iar_data_init3        0x0000cd81   0x28  Code  Gb  data_init.o [5]
__iar_dsub              0x0000b7f9         Code  Gb  DblSub.o [4]
__iar_dsubStart         0x0000b80b         Code  Gb  DblSub.o [4]
__iar_fadd              0x0000b739         Code  Gb  FltAdd.o [4]
__iar_fsub              0x0000b26d         Code  Gb  FltSub.o [4]
__iar_fsubStart         0x0000b27d         Code  Gb  FltSub.o [4]
__iar_program_start     0x0000ce71         Code  Gb  cstartup_M.o [5]
__iar_ui2d              0x0000b551         Code  Gb  I32ToDbl.o [4]
__iar_ui2f              0x0000b241         Code  Gb  I32ToFlt.o [4]
__iar_zero_init3        0x0000cd05   0x40  Code  Gb  zero_init3.o [5]
__low_level_init        0x0000cdd3    0x4  Code  Gb  low_level_init.o [3]
__vector_table          0x00008000  0x410  Data  Gb  vectors.o [1]
_call_main              0x0000cdc5         Code  Gb  cmain.o [5]
_exit                   0x0000cddd         Code  Gb  cexit.o [5]
_main                   0x0000cdcf         Code  Gb  cmain.o [5]
adc_init                0x0000bd41  0x20e  Code  Gb  MK60_adc.o [1]
adc_once                0x0000bf4f   0x50  Code  Gb  MK60_adc.o [1]
adc_start               0x0000bf9f   0x44  Code  Lc  MK60_adc.o [1]
assert_failed           0x00008eb1   0x42  Code  Gb  MK60_conf.o [1]
bus_clk_khz             0x1fff0600    0x4  Data  Gb  system_MK60DZ10.o [1]
common_startup          0x0000c4af   0x98  Code  Gb  system_MK60DZ10.o [1]
core_clk_khz            0x1fff05f8    0x4  Data  Gb  system_MK60DZ10.o [1]
core_clk_mhz            0x1fff05fc    0x4  Data  Gb  system_MK60DZ10.o [1]
default_isr             0x00008f09   0x68  Code  Gb  MK60_conf.o [1]
enter_fputc             0x00008ef5   0x14  Code  Gb  MK60_conf.o [1]
exit                    0x0000cdd7    0x4  Code  Gb  exit.o [3]
flexbus_8080_init       0x00008d4d  0x114  Code  Gb  MK60_flexbus.o [1]
ftm_mod                 0x1fff05e8   0x10  Data  Lc  MK60_ftm.o [1]
ftm_pwm_duty            0x0000a617  0x10e  Code  Gb  MK60_ftm.o [1]
ftm_pwm_init            0x0000a46d  0x1aa  Code  Gb  MK60_ftm.o [1]
ftm_quad_clean          0x0000a857   0x28  Code  Gb  MK60_ftm.o [1]
ftm_quad_get            0x0000a82b   0x2c  Code  Gb  MK60_ftm.o [1]
ftm_quad_init           0x0000a725  0x106  Code  Gb  MK60_ftm.o [1]
gpio_get                0x00008ca7   0x3a  Code  Gb  MK60_gpio.o [1]
gpio_init               0x00008bc1   0xae  Code  Gb  MK60_gpio.o [1]
gpio_turn               0x00008c6f   0x38  Code  Gb  MK60_gpio.o [1]
hardfault_isr           0x00008f8d    0x8  Code  Gb  MK60_conf.o [1]
ili9325_dir             0x1fff04cc    0x1  Data  Gb  VCAN_LCD_ILI9325.o [1]
ili9325_h               0x1fff04c8    0x2  Data  Gb  VCAN_LCD_ILI9325.o [1]
ili9325_w               0x1fff04ca    0x2  Data  Gb  VCAN_LCD_ILI9325.o [1]
led_init                0x00008f95   0x3a  Code  Gb  VCAN_LED.o [1]
led_turn                0x00008fcf   0x32  Code  Gb  VCAN_LED.o [1]
lptmr_timing_ms         0x0000c895   0x2c  Code  Gb  MK60_lptmr.o [1]
main                    0x0000c5c5   0x98  Code  Gb  main.o [1]
mcg_cfg                 0x1fff043c   0x58  Data  Gb  MK60_mcg.o [1]
mcg_div                 0x1fff0494    0x4  Data  Gb  MK60_mcg.o [1]
mcg_div_count           0x0000b96d  0x304  Code  Gb  MK60_mcg.o [1]
pll_init                0x0000bc71   0xb2  Code  Gb  MK60_mcg.o [1]
port_init               0x00008e61   0x48  Code  Gb  MK60_port.o [1]
set_sys_dividers        0x1fff04d1   0x50  Code  Gb  MK60_mcg.o [1]
set_vector_handler      0x0000c67f   0x22  Code  Gb  misc.o [1]
start                   0x0000c449   0x2a  Code  Gb  system_MK60DZ10.o [1]
sysinit                 0x0000c473   0x3c  Code  Gb  system_MK60DZ10.o [1]
systick_delay           0x00008ce9   0x36  Code  Gb  MK60_SysTick.o [1]
systick_delay_ms        0x00008d1f   0x18  Code  Gb  MK60_SysTick.o [1]
uart_init               0x00009005  0x214  Code  Gb  MK60_uart.o [1]
uart_putbuff            0x00009233   0x26  Code  Gb  MK60_uart.o [1]
uart_putchar            0x00009219   0x1a  Code  Gb  MK60_uart.o [1]
vcan_sendware           0x0000c8d1   0x38  Code  Gb  VCAN_computer.o [1]
wdog_disable            0x0000c585   0x16  Code  Gb  MK60_wdog.o [1]
wdog_unlock             0x0000c59b   0x20  Code  Lc  MK60_wdog.o [1]
write_vtor              0x0000c65d   0x22  Code  Gb  misc.o [1]


[1] = D:\m1899\Documents\µ¥Æ¬»úÑ§Ï°\Powered by ZZS\2017Èü¼¾\¿ØÖÆ³ÌÐò\µÚÒ»°æ20170202\Prj\IAR\FN15_Debug\Obj
[2] = command line
[3] = dl7M_tln.a
[4] = m7M_tl.a
[5] = rt7M_tl.a

  14 384 bytes of readonly  code memory
      80 bytes of readwrite code memory
   5 728 bytes of readonly  data memory
     417 bytes of readwrite data memory

Errors: 15
Warnings: none
