###############################################################################
#
# IAR ELF Linker V7.80.4.12462/W32 for ARM                03/Apr/2017  22:36:32
# Copyright 2007-2017 IAR Systems AB.
#
#    Output file  =  
#        D:\m1899\Documents\单片机学习\Powered by
#        ZZS\2017赛季\控制程序\第一版20170202\Prj\IAR\FN15_Debug\Exe\vcan_Kinetis.out
#    Map file     =  
#        D:\m1899\Documents\单片机学习\Powered by
#        ZZS\2017赛季\控制程序\第一版20170202\Prj\IAR\FN15_Debug\List\vcan_Kinetis.map
#    Command line =  
#        "D:\m1899\Documents\单片机学习\Powered by
#        ZZS\2017赛季\控制程序\第一版20170202\Prj\IAR\FN15_Debug\Obj\Car_System.o"
#        "D:\m1899\Documents\单片机学习\Powered by
#        ZZS\2017赛季\控制程序\第一版20170202\Prj\IAR\FN15_Debug\Obj\data.o"
#        "D:\m1899\Documents\单片机学习\Powered by
#        ZZS\2017赛季\控制程序\第一版20170202\Prj\IAR\FN15_Debug\Obj\diskio.o"
#        "D:\m1899\Documents\单片机学习\Powered by
#        ZZS\2017赛季\控制程序\第一版20170202\Prj\IAR\FN15_Debug\Obj\ff.o"
#        "D:\m1899\Documents\单片机学习\Powered by
#        ZZS\2017赛季\控制程序\第一版20170202\Prj\IAR\FN15_Debug\Obj\inductance.o"
#        "D:\m1899\Documents\单片机学习\Powered by
#        ZZS\2017赛季\控制程序\第一版20170202\Prj\IAR\FN15_Debug\Obj\main.o"
#        "D:\m1899\Documents\单片机学习\Powered by
#        ZZS\2017赛季\控制程序\第一版20170202\Prj\IAR\FN15_Debug\Obj\misc.o"
#        "D:\m1899\Documents\单片机学习\Powered by
#        ZZS\2017赛季\控制程序\第一版20170202\Prj\IAR\FN15_Debug\Obj\MK60_adc.o"
#        "D:\m1899\Documents\单片机学习\Powered by
#        ZZS\2017赛季\控制程序\第一版20170202\Prj\IAR\FN15_Debug\Obj\MK60_can.o"
#        "D:\m1899\Documents\单片机学习\Powered by
#        ZZS\2017赛季\控制程序\第一版20170202\Prj\IAR\FN15_Debug\Obj\MK60_conf.o"
#        "D:\m1899\Documents\单片机学习\Powered by
#        ZZS\2017赛季\控制程序\第一版20170202\Prj\IAR\FN15_Debug\Obj\MK60_dac.o"
#        "D:\m1899\Documents\单片机学习\Powered by
#        ZZS\2017赛季\控制程序\第一版20170202\Prj\IAR\FN15_Debug\Obj\MK60_dma.o"
#        "D:\m1899\Documents\单片机学习\Powered by
#        ZZS\2017赛季\控制程序\第一版20170202\Prj\IAR\FN15_Debug\Obj\MK60_DWT.o"
#        "D:\m1899\Documents\单片机学习\Powered by
#        ZZS\2017赛季\控制程序\第一版20170202\Prj\IAR\FN15_Debug\Obj\MK60_flexbus.o"
#        "D:\m1899\Documents\单片机学习\Powered by
#        ZZS\2017赛季\控制程序\第一版20170202\Prj\IAR\FN15_Debug\Obj\MK60_ftm.o"
#        "D:\m1899\Documents\单片机学习\Powered by
#        ZZS\2017赛季\控制程序\第一版20170202\Prj\IAR\FN15_Debug\Obj\MK60_gpio.o"
#        "D:\m1899\Documents\单片机学习\Powered by
#        ZZS\2017赛季\控制程序\第一版20170202\Prj\IAR\FN15_Debug\Obj\MK60_i2c.o"
#        "D:\m1899\Documents\单片机学习\Powered by
#        ZZS\2017赛季\控制程序\第一版20170202\Prj\IAR\FN15_Debug\Obj\MK60_it.o"
#        "D:\m1899\Documents\单片机学习\Powered by
#        ZZS\2017赛季\控制程序\第一版20170202\Prj\IAR\FN15_Debug\Obj\MK60_lptmr.o"
#        "D:\m1899\Documents\单片机学习\Powered by
#        ZZS\2017赛季\控制程序\第一版20170202\Prj\IAR\FN15_Debug\Obj\MK60_mcg.o"
#        "D:\m1899\Documents\单片机学习\Powered by
#        ZZS\2017赛季\控制程序\第一版20170202\Prj\IAR\FN15_Debug\Obj\MK60_PIT.o"
#        "D:\m1899\Documents\单片机学习\Powered by
#        ZZS\2017赛季\控制程序\第一版20170202\Prj\IAR\FN15_Debug\Obj\MK60_port.o"
#        "D:\m1899\Documents\单片机学习\Powered by
#        ZZS\2017赛季\控制程序\第一版20170202\Prj\IAR\FN15_Debug\Obj\MK60_rtc.o"
#        "D:\m1899\Documents\单片机学习\Powered by
#        ZZS\2017赛季\控制程序\第一版20170202\Prj\IAR\FN15_Debug\Obj\MK60_sdhc.o"
#        "D:\m1899\Documents\单片机学习\Powered by
#        ZZS\2017赛季\控制程序\第一版20170202\Prj\IAR\FN15_Debug\Obj\MK60_spi.o"
#        "D:\m1899\Documents\单片机学习\Powered by
#        ZZS\2017赛季\控制程序\第一版20170202\Prj\IAR\FN15_Debug\Obj\MK60_SysTick.o"
#        "D:\m1899\Documents\单片机学习\Powered by
#        ZZS\2017赛季\控制程序\第一版20170202\Prj\IAR\FN15_Debug\Obj\MK60_uart.o"
#        "D:\m1899\Documents\单片机学习\Powered by
#        ZZS\2017赛季\控制程序\第一版20170202\Prj\IAR\FN15_Debug\Obj\MK60_usb.o"
#        "D:\m1899\Documents\单片机学习\Powered by
#        ZZS\2017赛季\控制程序\第一版20170202\Prj\IAR\FN15_Debug\Obj\MK60_wdog.o"
#        "D:\m1899\Documents\单片机学习\Powered by
#        ZZS\2017赛季\控制程序\第一版20170202\Prj\IAR\FN15_Debug\Obj\motor.o"
#        "D:\m1899\Documents\单片机学习\Powered by
#        ZZS\2017赛季\控制程序\第一版20170202\Prj\IAR\FN15_Debug\Obj\OLED.o"
#        "D:\m1899\Documents\单片机学习\Powered by
#        ZZS\2017赛季\控制程序\第一版20170202\Prj\IAR\FN15_Debug\Obj\peripheral.o"
#        "D:\m1899\Documents\单片机学习\Powered by
#        ZZS\2017赛季\控制程序\第一版20170202\Prj\IAR\FN15_Debug\Obj\startup_MK60DZ10.o"
#        "D:\m1899\Documents\单片机学习\Powered by
#        ZZS\2017赛季\控制程序\第一版20170202\Prj\IAR\FN15_Debug\Obj\system_MK60DZ10.o"
#        "D:\m1899\Documents\单片机学习\Powered by
#        ZZS\2017赛季\控制程序\第一版20170202\Prj\IAR\FN15_Debug\Obj\USB.o"
#        "D:\m1899\Documents\单片机学习\Powered by
#        ZZS\2017赛季\控制程序\第一版20170202\Prj\IAR\FN15_Debug\Obj\USB_CDC.o"
#        "D:\m1899\Documents\单片机学习\Powered by
#        ZZS\2017赛季\控制程序\第一版20170202\Prj\IAR\FN15_Debug\Obj\VCAN_ASCII.o"
#        "D:\m1899\Documents\单片机学习\Powered by
#        ZZS\2017赛季\控制程序\第一版20170202\Prj\IAR\FN15_Debug\Obj\VCAN_BMP.o"
#        "D:\m1899\Documents\单片机学习\Powered by
#        ZZS\2017赛季\控制程序\第一版20170202\Prj\IAR\FN15_Debug\Obj\VCAN_camera.o"
#        "D:\m1899\Documents\单片机学习\Powered by
#        ZZS\2017赛季\控制程序\第一版20170202\Prj\IAR\FN15_Debug\Obj\VCAN_computer.o"
#        "D:\m1899\Documents\单片机学习\Powered by
#        ZZS\2017赛季\控制程序\第一版20170202\Prj\IAR\FN15_Debug\Obj\vcan_img2sd.o"
#        "D:\m1899\Documents\单片机学习\Powered by
#        ZZS\2017赛季\控制程序\第一版20170202\Prj\IAR\FN15_Debug\Obj\VCAN_key.o"
#        "D:\m1899\Documents\单片机学习\Powered by
#        ZZS\2017赛季\控制程序\第一版20170202\Prj\IAR\FN15_Debug\Obj\VCAN_key_event.o"
#        "D:\m1899\Documents\单片机学习\Powered by
#        ZZS\2017赛季\控制程序\第一版20170202\Prj\IAR\FN15_Debug\Obj\VCAN_LCD.o"
#        "D:\m1899\Documents\单片机学习\Powered by
#        ZZS\2017赛季\控制程序\第一版20170202\Prj\IAR\FN15_Debug\Obj\VCAN_LCD_CH.o"
#        "D:\m1899\Documents\单片机学习\Powered by
#        ZZS\2017赛季\控制程序\第一版20170202\Prj\IAR\FN15_Debug\Obj\VCAN_LCD_ILI9325.o"
#        "D:\m1899\Documents\单片机学习\Powered by
#        ZZS\2017赛季\控制程序\第一版20170202\Prj\IAR\FN15_Debug\Obj\VCAN_LCD_ILI9341.o"
#        "D:\m1899\Documents\单片机学习\Powered by
#        ZZS\2017赛季\控制程序\第一版20170202\Prj\IAR\FN15_Debug\Obj\VCAN_LCD_ST7735R.o"
#        "D:\m1899\Documents\单片机学习\Powered by
#        ZZS\2017赛季\控制程序\第一版20170202\Prj\IAR\FN15_Debug\Obj\VCAN_LCD_ST7735S.o"
#        "D:\m1899\Documents\单片机学习\Powered by
#        ZZS\2017赛季\控制程序\第一版20170202\Prj\IAR\FN15_Debug\Obj\VCAN_LED.o"
#        "D:\m1899\Documents\单片机学习\Powered by
#        ZZS\2017赛季\控制程序\第一版20170202\Prj\IAR\FN15_Debug\Obj\VCAN_MMA7455.o"
#        "D:\m1899\Documents\单片机学习\Powered by
#        ZZS\2017赛季\控制程序\第一版20170202\Prj\IAR\FN15_Debug\Obj\VCAN_NRF24L0.o"
#        "D:\m1899\Documents\单片机学习\Powered by
#        ZZS\2017赛季\控制程序\第一版20170202\Prj\IAR\FN15_Debug\Obj\VCAN_NRF24L0_MSG.o"
#        "D:\m1899\Documents\单片机学习\Powered by
#        ZZS\2017赛季\控制程序\第一版20170202\Prj\IAR\FN15_Debug\Obj\VCAN_OV7725_Eagle.o"
#        "D:\m1899\Documents\单片机学习\Powered by
#        ZZS\2017赛季\控制程序\第一版20170202\Prj\IAR\FN15_Debug\Obj\VCAN_OV7725_Wolf.o"
#        "D:\m1899\Documents\单片机学习\Powered by
#        ZZS\2017赛季\控制程序\第一版20170202\Prj\IAR\FN15_Debug\Obj\VCAN_RTC_count.o"
#        "D:\m1899\Documents\单片机学习\Powered by
#        ZZS\2017赛季\控制程序\第一版20170202\Prj\IAR\FN15_Debug\Obj\VCAN_SCCB.o"
#        "D:\m1899\Documents\单片机学习\Powered by
#        ZZS\2017赛季\控制程序\第一版20170202\Prj\IAR\FN15_Debug\Obj\vcan_sd_app.o"
#        "D:\m1899\Documents\单片机学习\Powered by
#        ZZS\2017赛季\控制程序\第一版20170202\Prj\IAR\FN15_Debug\Obj\Vcan_touch.o"
#        "D:\m1899\Documents\单片机学习\Powered by
#        ZZS\2017赛季\控制程序\第一版20170202\Prj\IAR\FN15_Debug\Obj\VCAN_TSL1401.o"
#        "D:\m1899\Documents\单片机学习\Powered by
#        ZZS\2017赛季\控制程序\第一版20170202\Prj\IAR\FN15_Debug\Obj\VCAN_UI_VAR.o"
#        "D:\m1899\Documents\单片机学习\Powered by
#        ZZS\2017赛季\控制程序\第一版20170202\Prj\IAR\FN15_Debug\Obj\vectors.o"
#        -o "D:\m1899\Documents\单片机学习\Powered by
#        ZZS\2017赛季\控制程序\第一版20170202\Prj\IAR\FN15_Debug\Exe\vcan_Kinetis.out"
#        --map "D:\m1899\Documents\单片机学习\Powered by
#        ZZS\2017赛季\控制程序\第一版20170202\Prj\IAR\FN15_Debug\List\vcan_Kinetis.map"
#        --config "D:\m1899\Documents\单片机学习\Powered by
#        ZZS\2017赛季\控制程序\第一版20170202\Prj\IAR\config
#        files\vcan_ROM_K60N1M.icf" "D:\m1899\Documents\单片机学习\Powered by
#        ZZS\2017赛季\控制程序\第一版20170202\Prj\IAR\..\..\Lib\CMSIS\iar_cortexM4l_math.a"
#        --entry __iar_program_start --vfe
#
###############################################################################

*******************************************************************************
*** RUNTIME MODEL ATTRIBUTES
***

CppFlavor       = *
__SystemLibrary = DLib


*******************************************************************************
*** PLACEMENT SUMMARY
***

"A0":  place at 0x00008000 { ro section .intvec };
"A1":  place at 0x00008410 { ro section .noinit };
"P1":  place in [from 0x00008000 to 0x00080000] { ro, block CodeRelocate };
"P2":  place in [from 0x1fff0410 to 0x20010000] {
          rw, block CodeRelocateRam, block CSTACK, block HEAP };
initialize manually with packing = copy, complex ranges { section .data };
initialize manually with packing = copy, complex ranges { section .textrw };

  Section              Kind        Address    Size  Object
  -------              ----        -------    ----  ------
"A0":                                        0x410
  .intvec              const    0x00008000   0x410  vectors.o [1]
                              - 0x00008410   0x410

"A1":                                          0x8
  .noinit              ro code  0x00008410     0x8  startup_MK60DZ10.o [1]
                              - 0x00008418     0x8

"P1":                                       0x2db8
  .rodata              const    0x00008418   0x834  OLED.o [1]
  .text                ro code  0x00008c4c   0x7a8  VCAN_LCD_ILI9325.o [1]
  .text                ro code  0x000093f4    0xf0  MK60_gpio.o [1]
  .text                ro code  0x000094e4    0x64  MK60_SysTick.o [1]
  .text                ro code  0x00009548   0x114  MK60_flexbus.o [1]
  .text                ro code  0x0000965c    0x50  MK60_port.o [1]
  .text                ro code  0x000096ac   0x12c  MK60_conf.o [1]
  .text                ro code  0x000097d8    0x70  VCAN_LED.o [1]
  .text                ro code  0x00009848   0x480  OLED.o [1]
  .text                ro code  0x00009cc8   0x248  MK60_uart.o [1]
  .text                ro code  0x00009f10    0xfc  VCAN_LCD.o [1]
  .text                ro code  0x0000a00c   0x1d8  VCAN_LCD_CH.o [1]
  .rodata              const    0x0000a1e4   0x5f0  OLED.o [1]
  Veneer               ro code  0x0000a7d4     0x8  - Linker created -
  .text                ro code  0x0000a7dc   0x3d4  MK60_mcg.o [1]
  .text                ro code  0x0000abb0   0x13c  system_MK60DZ10.o [1]
  .text                ro code  0x0000acec    0x40  MK60_wdog.o [1]
  .text                ro code  0x0000ad2c    0x1c  main.o [1]
  .text                ro code  0x0000ad48    0x2c  misc.o [1]
  .data_init                    0x0000ad74    0xa8  <Block>
    Initializer bytes  const    0x0000ad74    0xa8  <for .data-1>
  .rodata              const    0x0000ae1c    0x98  OLED.o [1]
  .rodata              const    0x0000aeb4    0x68  MK60_SysTick.o [1]
  .rodata              const    0x0000af1c    0x64  MK60_gpio.o [1]
  .rodata              const    0x0000af80    0x64  MK60_uart.o [1]
  .rodata              const    0x0000afe4    0x60  misc.o [1]
  CodeRelocate                  0x0000b044    0x50  <Block>
    Initializer bytes  const    0x0000b044    0x50  <for CodeRelocateRam-1>
  .text                ro code  0x0000b094    0x40  zero_init3.o [5]
  .rodata              const    0x0000b0d4    0x3c  MK60_conf.o [1]
  .text                ro code  0x0000b110    0x28  data_init.o [5]
  .text                ro code  0x0000b138    0x22  fpinit_M.o [4]
  .iar.init_table      const    0x0000b15c    0x10  - Linker created -
  .text                ro code  0x0000b16c    0x1a  cmain.o [5]
  .text                ro code  0x0000b186     0x4  low_level_init.o [3]
  .text                ro code  0x0000b18a     0x4  exit.o [3]
  .text                ro code  0x0000b190     0xa  cexit.o [5]
  .text                ro code  0x0000b19c     0xc  XXexit.o [5]
  .text                ro code  0x0000b1a8     0xc  cstartup_M.o [5]
  .rodata              const    0x0000b1b4     0x8  main.o [1]
  .rodata              const    0x0000b1bc     0x8  MK60_conf.o [1]
  .rodata              const    0x0000b1c4     0x4  MK60_conf.o [1]
  .rodata              const    0x0000b1c8     0x4  VCAN_LCD.o [1]
  .rodata              const    0x0000b1cc     0x4  VCAN_LCD_CH.o [1]
  .rodata              const    0x0000b1d0     0x0  zero_init3.o [5]
                              - 0x0000b1d0  0x2db8

"P2", part 1 of 2:                            0xf8
  .data                         0x1fff0410    0xa8  <Block>
    .data-1                     0x1fff0410    0xa5  <Init block>
      .data            inited   0x1fff0410    0x14  MK60_gpio.o [1]
      .data            inited   0x1fff0424    0x58  MK60_mcg.o [1]
      .data            inited   0x1fff047c     0x4  MK60_mcg.o [1]
      .data            inited   0x1fff0480    0x14  MK60_port.o [1]
      .data            inited   0x1fff0494    0x18  MK60_uart.o [1]
      .data            inited   0x1fff04ac     0x4  VCAN_LED.o [1]
      .data            inited   0x1fff04b0     0x2  VCAN_LCD_ILI9325.o [1]
      .data            inited   0x1fff04b2     0x2  VCAN_LCD_ILI9325.o [1]
      .data            inited   0x1fff04b4     0x1  VCAN_LCD_ILI9325.o [1]
  CodeRelocateRam               0x1fff04b8    0x50  <Block>
    CodeRelocateRam-1           0x1fff04b8    0x50  <Init block>
      .textrw          inited   0x1fff04b8    0x50  MK60_mcg.o [1]
                              - 0x1fff0508    0xf8

"P2", part 2 of 2:                             0xc
  .bss                          0x1fff0508     0xc  <Block>
    .bss               zero     0x1fff0508     0x4  system_MK60DZ10.o [1]
    .bss               zero     0x1fff050c     0x4  system_MK60DZ10.o [1]
    .bss               zero     0x1fff0510     0x4  system_MK60DZ10.o [1]
                              - 0x1fff0514     0xc


*******************************************************************************
*** INIT TABLE
***

          Address     Size
          -------     ----
Zero (__iar_zero_init3)
    1 destination range, total size 0xc:
          0x1fff0508   0xc



*******************************************************************************
*** MODULE SUMMARY
***

    Module              ro code  rw code  ro data  rw data
    ------              -------  -------  -------  -------
D:\m1899\Documents\单片机学习\Powered by ZZS\2017赛季\控制程序\第一版20170202\Prj\IAR\FN15_Debug\Obj: [1]
    MK60_SysTick.o          100               104
    MK60_conf.o             300                72
    MK60_flexbus.o          276
    MK60_gpio.o             240               120       20
    MK60_mcg.o              980       80      172       92
    MK60_port.o              80                20       20
    MK60_uart.o             584               124       24
    MK60_wdog.o              64
    OLED.o                1 152             3 772
    VCAN_LCD.o              252                 4
    VCAN_LCD_CH.o           472                 4
    VCAN_LCD_ILI9325.o    1 960                 5        5
    VCAN_LED.o              112                 4        4
    main.o                   28                 8
    misc.o                   44                96
    startup_MK60DZ10.o        8
    system_MK60DZ10.o       316                         12
    vectors.o                               1 040
    ------------------------------------------------------
    Total:                6 968       80    5 545      177

command line: [2]
    ------------------------------------------------------
    Total:

dl7M_tln.a: [3]
    exit.o                    4
    low_level_init.o          4
    ------------------------------------------------------
    Total:                    8

m7M_tls.a: [4]
    fpinit_M.o               34
    ------------------------------------------------------
    Total:                   34

rt7M_tl.a: [5]
    XXexit.o                 12
    cexit.o                  10
    cmain.o                  26
    cstartup_M.o             12
    data_init.o              40
    zero_init3.o             64
    ------------------------------------------------------
    Total:                  164

    Gaps                      4                 2
    Linker created            8                19
----------------------------------------------------------
    Grand Total:          7 186       80    5 566      177


*******************************************************************************
*** ENTRY LIST
***

Entry                      Address   Size  Type      Object
-----                      -------   ----  ----      ------
.bss$$Base              0x1fff0508          --   Gb  - Linker created -
.bss$$Limit             0x1fff0514          --   Gb  - Linker created -
.data$$Base             0x1fff0410          --   Gb  - Linker created -
.data$$Limit            0x1fff04b8          --   Gb  - Linker created -
.data_init$$Base        0x0000ad74          --   Gb  - Linker created -
.data_init$$Limit       0x0000ae1c          --   Gb  - Linker created -
.iar.init_table$$Base   0x0000b15c          --   Gb  - Linker created -
.iar.init_table$$Limit  0x0000b16c          --   Gb  - Linker created -
?main                   0x0000b16d         Code  Gb  cmain.o [5]
ASSERT_FAILED_STR       0x0000b0d4   0x3c  Data  Gb  MK60_conf.o [1]
CodeRelocate$$Base      0x0000b044          --   Gb  - Linker created -
CodeRelocate$$Limit     0x0000b094          --   Gb  - Linker created -
CodeRelocateRam$$Base   0x1fff04b8          --   Gb  - Linker created -
CodeRelocateRam$$Limit  0x1fff0508          --   Gb  - Linker created -
F14x16                  0x00008418  0x834  Data  Gb  OLED.o [1]
F14x16_Idx              0x0000ae1c   0x98  Data  Gb  OLED.o [1]
F8X16                   0x0000a1e4  0x5f0  Data  Gb  OLED.o [1]
GPIOX                   0x1fff0410   0x14  Data  Gb  MK60_gpio.o [1]
ILI9325_get_h           0x000093d3    0x6  Code  Gb  VCAN_LCD_ILI9325.o [1]
ILI9325_get_w           0x000093d9    0x6  Code  Gb  VCAN_LCD_ILI9325.o [1]
LCD_Char_CH             0x0000a00d   0xbc  Code  Gb  VCAN_LCD_CH.o [1]
LCD_ILI9325_dir         0x00009103   0xf4  Code  Gb  VCAN_LCD_ILI9325.o [1]
LCD_ILI9325_init        0x00008c4d  0x4b6  Code  Gb  VCAN_LCD_ILI9325.o [1]
LCD_ILI9325_ptlon       0x000091f7  0x1dc  Code  Gb  VCAN_LCD_ILI9325.o [1]
LCD_Str_ENCH            0x0000a0c9  0x114  Code  Gb  VCAN_LCD_CH.o [1]
LCD_char                0x00009f47   0xba  Code  Gb  VCAN_LCD.o [1]
LCD_rectangle           0x00009f11   0x36  Code  Gb  VCAN_LCD.o [1]
LED_PTxn                0x1fff04ac    0x4  Data  Gb  VCAN_LED.o [1]
OLED_DLY_ms             0x0000994d   0x18  Code  Gb  OLED.o [1]
OLED_Fill               0x0000990d   0x40  Code  Gb  OLED.o [1]
OLED_Init               0x00009965   0xf8  Code  Gb  OLED.o [1]
OLED_P14x16Str          0x00009b0b  0x134  Code  Gb  OLED.o [1]
OLED_P8x16Str           0x00009a5d   0xae  Code  Gb  OLED.o [1]
OLED_Print              0x00009c3f   0x6c  Code  Gb  OLED.o [1]
OLED_Set_Pos            0x000098e3   0x2a  Code  Gb  OLED.o [1]
OLED_WrCmd              0x00009899   0x4a  Code  Gb  OLED.o [1]
OLED_WrDat              0x00009849   0x4e  Code  Gb  OLED.o [1]
PORTX                   0x1fff0480   0x14  Data  Gb  MK60_port.o [1]
Region$$Table$$Base     0x0000b15c          --   Gb  - Linker created -
Region$$Table$$Limit    0x0000b16c          --   Gb  - Linker created -
Reset_Handler           0x00008411         Code  Gb  startup_MK60DZ10.o [1]
UARTN                   0x1fff0494   0x18  Data  Gb  MK60_uart.o [1]
__BOOT_STACK_ADDRESS {Abs}
                        0x2000fff8         Data  Gb  command line/config [2]
__VECTOR_RAM {Abs}      0x1fff0000         Data  Gb  command line/config [2]
__VECTOR_TABLE {Abs}    0x00008000         Data  Gb  command line/config [2]
__cmain                 0x0000b16d         Code  Gb  cmain.o [5]
__code_start__ {Abs}    0x00008410         Data  Gb  command line/config [2]
__exit                  0x0000b19d         Code  Gb  XXexit.o [5]
__iar_data_init3        0x0000b111   0x28  Code  Gb  data_init.o [5]
__iar_init_vfp          0x0000b139         Code  Gb  fpinit_M.o [4]
__iar_program_start     0x0000b1a9         Code  Gb  cstartup_M.o [5]
__iar_zero_init3        0x0000b095   0x40  Code  Gb  zero_init3.o [5]
__low_level_init        0x0000b187    0x4  Code  Gb  low_level_init.o [3]
__vector_table          0x00008000  0x410  Data  Gb  vectors.o [1]
_call_main              0x0000b179         Code  Gb  cmain.o [5]
_exit                   0x0000b191         Code  Gb  cexit.o [5]
_main                   0x0000b183         Code  Gb  cmain.o [5]
assert_failed           0x000096ad   0x7e  Code  Gb  MK60_conf.o [1]
bus_clk_khz             0x1fff0510    0x4  Data  Gb  system_MK60DZ10.o [1]
common_startup          0x0000ac17   0x98  Code  Gb  system_MK60DZ10.o [1]
core_clk_khz            0x1fff0508    0x4  Data  Gb  system_MK60DZ10.o [1]
core_clk_mhz            0x1fff050c    0x4  Data  Gb  system_MK60DZ10.o [1]
default_isr             0x00009741   0x68  Code  Gb  MK60_conf.o [1]
enter_fputc             0x0000972d   0x14  Code  Gb  MK60_conf.o [1]
exit                    0x0000b18b    0x4  Code  Gb  exit.o [3]
flexbus_8080_init       0x00009549  0x114  Code  Gb  MK60_flexbus.o [1]
gpio_init               0x000093f5   0xae  Code  Gb  MK60_gpio.o [1]
gpio_turn               0x000094a3   0x38  Code  Gb  MK60_gpio.o [1]
hardfault_isr           0x000097d1    0x8  Code  Gb  MK60_conf.o [1]
ili9325_dir             0x1fff04b4    0x1  Data  Gb  VCAN_LCD_ILI9325.o [1]
ili9325_h               0x1fff04b0    0x2  Data  Gb  VCAN_LCD_ILI9325.o [1]
ili9325_w               0x1fff04b2    0x2  Data  Gb  VCAN_LCD_ILI9325.o [1]
led_init                0x000097d9   0x3a  Code  Gb  VCAN_LED.o [1]
led_turn                0x00009813   0x32  Code  Gb  VCAN_LED.o [1]
main                    0x0000ad2d   0x1c  Code  Gb  main.o [1]
mcg_cfg                 0x1fff0424   0x58  Data  Gb  MK60_mcg.o [1]
mcg_div                 0x1fff047c    0x4  Data  Gb  MK60_mcg.o [1]
mcg_div_count           0x0000a7dd  0x304  Code  Gb  MK60_mcg.o [1]
pll_init                0x0000aae1   0xb2  Code  Gb  MK60_mcg.o [1]
port_init               0x0000965d   0x48  Code  Gb  MK60_port.o [1]
set_sys_dividers        0x1fff04b9   0x50  Code  Gb  MK60_mcg.o [1]
start                   0x0000abb1   0x2a  Code  Gb  system_MK60DZ10.o [1]
sysinit                 0x0000abdb   0x3c  Code  Gb  system_MK60DZ10.o [1]
systick_delay           0x000094e5   0x36  Code  Gb  MK60_SysTick.o [1]
systick_delay_ms        0x0000951b   0x18  Code  Gb  MK60_SysTick.o [1]
uart_init               0x00009cc9  0x214  Code  Gb  MK60_uart.o [1]
uart_putchar            0x00009edd   0x1a  Code  Gb  MK60_uart.o [1]
wdog_disable            0x0000aced   0x16  Code  Gb  MK60_wdog.o [1]
wdog_unlock             0x0000ad03   0x20  Code  Lc  MK60_wdog.o [1]
write_vtor              0x0000ad49   0x22  Code  Gb  misc.o [1]


[1] = D:\m1899\Documents\单片机学习\Powered by ZZS\2017赛季\控制程序\第一版20170202\Prj\IAR\FN15_Debug\Obj
[2] = command line
[3] = dl7M_tln.a
[4] = m7M_tls.a
[5] = rt7M_tl.a

  7 186 bytes of readonly  code memory
     80 bytes of readwrite code memory
  5 566 bytes of readonly  data memory
    177 bytes of readwrite data memory

Errors: none
Warnings: none
